[2023-10-30T22:40:21.433+0000][0.084s][info][gc,heap] Heap region size: 1M
[2023-10-30T22:40:21.437+0000][0.087s][info][gc     ] Using G1
[2023-10-30T22:40:21.437+0000][0.088s][info][gc,heap,coops] Heap address: 0x0000000085a00000, size: 1958 MB, Compressed Oops mode: 32-bit
[2023-10-30T22:40:21.438+0000][0.088s][info][gc,cds       ] Mark closed archive regions in map: [0x00000000ffc00000, 0x00000000ffc6aff8]
[2023-10-30T22:40:21.439+0000][0.089s][info][gc,cds       ] Mark open archive regions in map: [0x00000000ff800000, 0x00000000ff847ff8]
[2023-10-30T22:40:21.514+0000][0.164s][debug][safepoint    ] Safepoint synchronization initiated. (9 threads)
[2023-10-30T22:40:21.516+0000][0.167s][info ][safepoint    ] Application time: 0.0372595 seconds
[2023-10-30T22:40:21.517+0000][0.167s][info ][safepoint    ] Entering safepoint region: Deoptimize
[2023-10-30T22:40:21.517+0000][0.168s][info ][safepoint    ] Leaving safepoint region
[2023-10-30T22:40:21.518+0000][0.168s][info ][safepoint    ] Total time for which application threads were stopped: 0.0010850 seconds, Stopping threads took: 0.0004881 seconds
[2023-10-30T22:40:21.916+0000][0.567s][debug][safepoint    ] Safepoint synchronization initiated. (11 threads)
[2023-10-30T22:40:21.917+0000][0.567s][info ][safepoint    ] Application time: 0.3983850 seconds
[2023-10-30T22:40:21.917+0000][0.567s][info ][safepoint    ] Entering safepoint region: G1CollectForAllocation
[2023-10-30T22:40:21.917+0000][0.568s][info ][gc,start     ] GC(0) Pause Young (Normal) (G1 Evacuation Pause)
[2023-10-30T22:40:21.919+0000][0.569s][info ][gc,task      ] GC(0) Using 3 workers of 8 for evacuation
[2023-10-30T22:40:21.926+0000][0.577s][info ][gc,phases    ] GC(0)   Pre Evacuate Collection Set: 0.0ms
[2023-10-30T22:40:21.927+0000][0.577s][info ][gc,phases    ] GC(0)   Evacuate Collection Set: 6.1ms
[2023-10-30T22:40:21.927+0000][0.577s][info ][gc,phases    ] GC(0)   Post Evacuate Collection Set: 0.8ms
[2023-10-30T22:40:21.927+0000][0.578s][info ][gc,phases    ] GC(0)   Other: 1.8ms
[2023-10-30T22:40:21.928+0000][0.578s][info ][gc,heap      ] GC(0) Eden regions: 59->0(66)
[2023-10-30T22:40:21.928+0000][0.578s][info ][gc,heap      ] GC(0) Survivor regions: 0->8(8)
[2023-10-30T22:40:21.928+0000][0.579s][info ][gc,heap      ] GC(0) Old regions: 2->2
[2023-10-30T22:40:21.929+0000][0.579s][info ][gc,heap      ] GC(0) Humongous regions: 2->0
[2023-10-30T22:40:21.929+0000][0.579s][info ][gc,metaspace ] GC(0) Metaspace: 2411K(5760K)->2411K(5760K) NonClass: 2208K(5120K)->2208K(5120K) Class: 203K(640K)->203K(640K)
[2023-10-30T22:40:21.929+0000][0.580s][info ][gc           ] GC(0) Pause Young (Normal) (G1 Evacuation Pause) 61M->8M(126M) 11.776ms
[2023-10-30T22:40:21.930+0000][0.580s][info ][gc,cpu       ] GC(0) User=0.01s Sys=0.03s Real=0.02s
[2023-10-30T22:40:21.930+0000][0.580s][info ][safepoint    ] Leaving safepoint region
[2023-10-30T22:40:21.930+0000][0.581s][info ][safepoint    ] Total time for which application threads were stopped: 0.0133422 seconds, Stopping threads took: 0.0003089 seconds
[2023-10-30T22:40:21.995+0000][0.646s][debug][safepoint    ] Safepoint synchronization initiated. (11 threads)
[2023-10-30T22:40:21.996+0000][0.646s][info ][safepoint    ] Application time: 0.0650680 seconds
[2023-10-30T22:40:21.996+0000][0.646s][info ][safepoint    ] Entering safepoint region: Deoptimize
[2023-10-30T22:40:21.997+0000][0.647s][info ][safepoint    ] Leaving safepoint region
[2023-10-30T22:40:21.997+0000][0.647s][info ][safepoint    ] Total time for which application threads were stopped: 0.0010015 seconds, Stopping threads took: 0.0003983 seconds
[2023-10-30T22:40:22.003+0000][0.653s][debug][safepoint    ] Safepoint synchronization initiated. (11 threads)
[2023-10-30T22:40:22.003+0000][0.653s][info ][safepoint    ] Application time: 0.0055027 seconds
[2023-10-30T22:40:22.003+0000][0.654s][info ][safepoint    ] Entering safepoint region: Deoptimize
[2023-10-30T22:40:22.004+0000][0.654s][info ][safepoint    ] Leaving safepoint region
[2023-10-30T22:40:22.004+0000][0.654s][info ][safepoint    ] Total time for which application threads were stopped: 0.0007653 seconds, Stopping threads took: 0.0002851 seconds
[2023-10-30T22:40:22.070+0000][0.720s][debug][safepoint    ] Safepoint synchronization initiated. (11 threads)
[2023-10-30T22:40:22.071+0000][0.721s][info ][safepoint    ] Application time: 0.0661722 seconds
[2023-10-30T22:40:22.071+0000][0.721s][info ][safepoint    ] Entering safepoint region: Deoptimize
[2023-10-30T22:40:22.071+0000][0.722s][info ][safepoint    ] Leaving safepoint region
[2023-10-30T22:40:22.072+0000][0.722s][info ][safepoint    ] Total time for which application threads were stopped: 0.0011688 seconds, Stopping threads took: 0.0003516 seconds
[2023-10-30T22:40:22.080+0000][0.730s][debug][safepoint    ] Safepoint synchronization initiated. (11 threads)
[2023-10-30T22:40:22.080+0000][0.731s][info ][safepoint    ] Application time: 0.0080604 seconds
[2023-10-30T22:40:22.081+0000][0.731s][info ][safepoint    ] Entering safepoint region: Deoptimize
[2023-10-30T22:40:22.082+0000][0.732s][info ][safepoint    ] Leaving safepoint region
[2023-10-30T22:40:22.082+0000][0.732s][info ][safepoint    ] Total time for which application threads were stopped: 0.0009669 seconds, Stopping threads took: 0.0003447 seconds
[2023-10-30T22:40:22.256+0000][0.906s][debug][safepoint    ] Safepoint synchronization initiated. (12 threads)
[2023-10-30T22:40:22.256+0000][0.907s][info ][safepoint    ] Application time: 0.1739918 seconds
[2023-10-30T22:40:22.257+0000][0.907s][info ][safepoint    ] Entering safepoint region: G1CollectForAllocation
[2023-10-30T22:40:22.257+0000][0.907s][info ][gc,start     ] GC(1) Pause Young (Normal) (G1 Evacuation Pause)
[2023-10-30T22:40:22.257+0000][0.908s][info ][gc,task      ] GC(1) Using 3 workers of 8 for evacuation
[2023-10-30T22:40:22.266+0000][0.916s][info ][gc,phases    ] GC(1)   Pre Evacuate Collection Set: 0.0ms
[2023-10-30T22:40:22.266+0000][0.916s][info ][gc,phases    ] GC(1)   Evacuate Collection Set: 7.3ms
[2023-10-30T22:40:22.266+0000][0.917s][info ][gc,phases    ] GC(1)   Post Evacuate Collection Set: 0.7ms
[2023-10-30T22:40:22.267+0000][0.917s][info ][gc,phases    ] GC(1)   Other: 0.7ms
[2023-10-30T22:40:22.267+0000][0.917s][info ][gc,heap      ] GC(1) Eden regions: 66->0(69)
[2023-10-30T22:40:22.267+0000][0.918s][info ][gc,heap      ] GC(1) Survivor regions: 8->2(10)
[2023-10-30T22:40:22.268+0000][0.918s][info ][gc,heap      ] GC(1) Old regions: 2->10
[2023-10-30T22:40:22.268+0000][0.918s][info ][gc,heap      ] GC(1) Humongous regions: 0->0
[2023-10-30T22:40:22.268+0000][0.918s][info ][gc,metaspace ] GC(1) Metaspace: 5174K(7424K)->5174K(7424K) NonClass: 4618K(6656K)->4618K(6656K) Class: 555K(768K)->555K(768K)
[2023-10-30T22:40:22.269+0000][0.919s][info ][gc           ] GC(1) Pause Young (Normal) (G1 Evacuation Pause) 74M->9M(126M) 11.522ms
[2023-10-30T22:40:22.269+0000][0.919s][info ][gc,cpu       ] GC(1) User=0.05s Sys=0.01s Real=0.02s
[2023-10-30T22:40:22.269+0000][0.920s][info ][safepoint    ] Leaving safepoint region
[2023-10-30T22:40:22.270+0000][0.920s][info ][safepoint    ] Total time for which application threads were stopped: 0.0130614 seconds, Stopping threads took: 0.0003601 seconds
[2023-10-30T22:40:22.270+0000][0.920s][info ][gc,stringdedup] Concurrent String Deduplication (0.920s)
[2023-10-30T22:40:22.281+0000][0.931s][info ][gc,stringdedup] Concurrent String Deduplication 2183.5K->2008.8K(174.7K) avg 7.1% (0.920s, 0.931s) 10.801ms
[2023-10-30T22:40:22.559+0000][1.209s][debug][safepoint     ] Safepoint synchronization initiated. (12 threads)
[2023-10-30T22:40:22.559+0000][1.209s][info ][safepoint     ] Application time: 0.2891570 seconds
[2023-10-30T22:40:22.559+0000][1.210s][info ][safepoint     ] Entering safepoint region: G1CollectForAllocation
[2023-10-30T22:40:22.560+0000][1.210s][info ][gc,start      ] GC(2) Pause Young (Normal) (G1 Evacuation Pause)
[2023-10-30T22:40:22.560+0000][1.211s][info ][gc,task       ] GC(2) Using 3 workers of 8 for evacuation
[2023-10-30T22:40:22.564+0000][1.215s][info ][gc,phases     ] GC(2)   Pre Evacuate Collection Set: 0.0ms
[2023-10-30T22:40:22.565+0000][1.215s][info ][gc,phases     ] GC(2)   Evacuate Collection Set: 2.6ms
[2023-10-30T22:40:22.565+0000][1.215s][info ][gc,phases     ] GC(2)   Post Evacuate Collection Set: 1.0ms
[2023-10-30T22:40:22.565+0000][1.216s][info ][gc,phases     ] GC(2)   Other: 0.7ms
[2023-10-30T22:40:22.566+0000][1.216s][info ][gc,heap       ] GC(2) Eden regions: 69->0(72)
[2023-10-30T22:40:22.566+0000][1.216s][info ][gc,heap       ] GC(2) Survivor regions: 2->2(9)
[2023-10-30T22:40:22.566+0000][1.216s][info ][gc,heap       ] GC(2) Old regions: 10->10
[2023-10-30T22:40:22.566+0000][1.217s][info ][gc,heap       ] GC(2) Humongous regions: 0->0
[2023-10-30T22:40:22.567+0000][1.217s][info ][gc,metaspace  ] GC(2) Metaspace: 7279K(9088K)->7279K(9088K) NonClass: 6446K(7936K)->6446K(7936K) Class: 833K(1152K)->833K(1152K)
[2023-10-30T22:40:22.567+0000][1.217s][info ][gc            ] GC(2) Pause Young (Normal) (G1 Evacuation Pause) 78M->10M(126M) 6.970ms
[2023-10-30T22:40:22.567+0000][1.218s][info ][gc,cpu        ] GC(2) User=0.01s Sys=0.00s Real=0.00s
[2023-10-30T22:40:22.568+0000][1.218s][info ][safepoint     ] Leaving safepoint region
[2023-10-30T22:40:22.568+0000][1.218s][info ][safepoint     ] Total time for which application threads were stopped: 0.0085980 seconds, Stopping threads took: 0.0003768 seconds
[2023-10-30T22:40:22.850+0000][1.501s][debug][safepoint     ] Safepoint synchronization initiated. (12 threads)
[2023-10-30T22:40:22.851+0000][1.501s][info ][safepoint     ] Application time: 0.2823218 seconds
[2023-10-30T22:40:22.851+0000][1.501s][info ][safepoint     ] Entering safepoint region: G1CollectForAllocation
[2023-10-30T22:40:22.852+0000][1.502s][info ][gc,start      ] GC(3) Pause Young (Normal) (G1 Evacuation Pause)
[2023-10-30T22:40:22.852+0000][1.502s][info ][gc,task       ] GC(3) Using 3 workers of 8 for evacuation
[2023-10-30T22:40:22.856+0000][1.507s][info ][gc,phases     ] GC(3)   Pre Evacuate Collection Set: 0.0ms
[2023-10-30T22:40:22.857+0000][1.507s][info ][gc,phases     ] GC(3)   Evacuate Collection Set: 2.7ms
[2023-10-30T22:40:22.857+0000][1.508s][info ][gc,phases     ] GC(3)   Post Evacuate Collection Set: 1.0ms
[2023-10-30T22:40:22.858+0000][1.508s][info ][gc,phases     ] GC(3)   Other: 0.9ms
[2023-10-30T22:40:22.858+0000][1.509s][info ][gc,heap       ] GC(3) Eden regions: 72->0(71)
[2023-10-30T22:40:22.859+0000][1.509s][info ][gc,heap       ] GC(3) Survivor regions: 2->3(10)
[2023-10-30T22:40:22.859+0000][1.509s][info ][gc,heap       ] GC(3) Old regions: 10->10
[2023-10-30T22:40:22.860+0000][1.510s][info ][gc,heap       ] GC(3) Humongous regions: 0->0
[2023-10-30T22:40:22.860+0000][1.510s][info ][gc,metaspace  ] GC(3) Metaspace: 10451K(11776K)->10451K(11776K) NonClass: 9168K(10240K)->9168K(10240K) Class: 1282K(1536K)->1282K(1536K)
[2023-10-30T22:40:22.860+0000][1.511s][info ][gc            ] GC(3) Pause Young (Normal) (G1 Evacuation Pause) 82M->11M(126M) 8.734ms
[2023-10-30T22:40:22.861+0000][1.511s][info ][gc,cpu        ] GC(3) User=0.00s Sys=0.01s Real=0.01s
[2023-10-30T22:40:22.861+0000][1.512s][info ][safepoint     ] Leaving safepoint region
[2023-10-30T22:40:22.862+0000][1.512s][info ][safepoint     ] Total time for which application threads were stopped: 0.0106293 seconds, Stopping threads took: 0.0003881 seconds
[2023-10-30T22:40:22.862+0000][1.512s][info ][gc,stringdedup] Concurrent String Deduplication (1.512s)
[2023-10-30T22:40:22.863+0000][1.513s][info ][gc,stringdedup] Concurrent String Deduplication 54728.0B->21904.0B(32824.0B) avg 8.2% (1.512s, 1.513s) 0.881ms
[2023-10-30T22:40:22.985+0000][1.635s][debug][safepoint     ] Safepoint synchronization initiated. (12 threads)
[2023-10-30T22:40:22.985+0000][1.635s][info ][safepoint     ] Application time: 0.1229550 seconds
[2023-10-30T22:40:22.985+0000][1.636s][info ][safepoint     ] Entering safepoint region: Deoptimize
[2023-10-30T22:40:22.986+0000][1.636s][info ][safepoint     ] Leaving safepoint region
[2023-10-30T22:40:22.987+0000][1.637s][info ][safepoint     ] Total time for which application threads were stopped: 0.0011613 seconds, Stopping threads took: 0.0004184 seconds
[2023-10-30T22:40:23.047+0000][1.697s][debug][safepoint     ] Safepoint synchronization initiated. (12 threads)
[2023-10-30T22:40:23.047+0000][1.698s][info ][safepoint     ] Application time: 0.0605516 seconds
[2023-10-30T22:40:23.048+0000][1.698s][info ][safepoint     ] Entering safepoint region: ICBufferFull
[2023-10-30T22:40:23.048+0000][1.698s][info ][safepoint     ] Leaving safepoint region
[2023-10-30T22:40:23.048+0000][1.699s][info ][safepoint     ] Total time for which application threads were stopped: 0.0007402 seconds, Stopping threads took: 0.0002628 seconds
[2023-10-30T22:40:23.119+0000][1.769s][debug][safepoint     ] Safepoint synchronization initiated. (13 threads)
[2023-10-30T22:40:23.119+0000][1.770s][info ][safepoint     ] Application time: 0.0705030 seconds
[2023-10-30T22:40:23.120+0000][1.770s][info ][safepoint     ] Entering safepoint region: G1CollectForAllocation
[2023-10-30T22:40:23.121+0000][1.771s][info ][gc,start      ] GC(4) Pause Young (Normal) (G1 Evacuation Pause)
[2023-10-30T22:40:23.121+0000][1.772s][info ][gc,task       ] GC(4) Using 4 workers of 8 for evacuation
[2023-10-30T22:40:23.128+0000][1.778s][info ][gc,phases     ] GC(4)   Pre Evacuate Collection Set: 0.0ms
[2023-10-30T22:40:23.129+0000][1.779s][info ][gc,phases     ] GC(4)   Evacuate Collection Set: 4.8ms
[2023-10-30T22:40:23.129+0000][1.779s][info ][gc,phases     ] GC(4)   Post Evacuate Collection Set: 1.5ms
[2023-10-30T22:40:23.130+0000][1.780s][info ][gc,phases     ] GC(4)   Other: 1.2ms
[2023-10-30T22:40:23.130+0000][1.781s][info ][gc,heap       ] GC(4) Eden regions: 71->0(82)
[2023-10-30T22:40:23.131+0000][1.781s][info ][gc,heap       ] GC(4) Survivor regions: 3->5(10)
[2023-10-30T22:40:23.131+0000][1.781s][info ][gc,heap       ] GC(4) Old regions: 10->10
[2023-10-30T22:40:23.131+0000][1.782s][info ][gc,heap       ] GC(4) Humongous regions: 0->0
[2023-10-30T22:40:23.132+0000][1.782s][info ][gc,metaspace  ] GC(4) Metaspace: 12263K(13056K)->12263K(13056K) NonClass: 10750K(11264K)->10750K(11264K) Class: 1513K(1792K)->1513K(1792K)
[2023-10-30T22:40:23.132+0000][1.782s][info ][gc            ] GC(4) Pause Young (Normal) (G1 Evacuation Pause) 82M->13M(152M) 11.596ms
[2023-10-30T22:40:23.133+0000][1.783s][info ][gc,cpu        ] GC(4) User=0.03s Sys=0.01s Real=0.01s
[2023-10-30T22:40:23.133+0000][1.783s][info ][safepoint     ] Leaving safepoint region
[2023-10-30T22:40:23.134+0000][1.784s][info ][safepoint     ] Total time for which application threads were stopped: 0.0137045 seconds, Stopping threads took: 0.0004377 seconds
[2023-10-30T22:40:23.134+0000][1.784s][info ][gc,stringdedup] Concurrent String Deduplication (1.784s)
[2023-10-30T22:40:23.137+0000][1.787s][info ][gc,stringdedup] Concurrent String Deduplication 114.7K->35768.0B(81640.0B) avg 10.9% (1.784s, 1.787s) 2.484ms
[2023-10-30T22:40:23.274+0000][1.924s][debug][safepoint     ] Safepoint synchronization initiated. (13 threads)
[2023-10-30T22:40:23.274+0000][1.924s][info ][safepoint     ] Application time: 0.1400196 seconds
[2023-10-30T22:40:23.274+0000][1.925s][info ][safepoint     ] Entering safepoint region: G1CollectForAllocation
[2023-10-30T22:40:23.275+0000][1.925s][info ][gc,start      ] GC(5) Pause Young (Normal) (G1 Evacuation Pause)
[2023-10-30T22:40:23.276+0000][1.926s][info ][gc,task       ] GC(5) Using 4 workers of 8 for evacuation
[2023-10-30T22:40:23.280+0000][1.931s][info ][gc,phases     ] GC(5)   Pre Evacuate Collection Set: 0.0ms
[2023-10-30T22:40:23.281+0000][1.931s][info ][gc,phases     ] GC(5)   Evacuate Collection Set: 3.3ms
[2023-10-30T22:40:23.281+0000][1.932s][info ][gc,phases     ] GC(5)   Post Evacuate Collection Set: 1.1ms
[2023-10-30T22:40:23.282+0000][1.932s][info ][gc,phases     ] GC(5)   Other: 0.7ms
[2023-10-30T22:40:23.282+0000][1.932s][info ][gc,heap       ] GC(5) Eden regions: 82->0(85)
[2023-10-30T22:40:23.282+0000][1.933s][info ][gc,heap       ] GC(5) Survivor regions: 5->6(11)
[2023-10-30T22:40:23.283+0000][1.933s][info ][gc,heap       ] GC(5) Old regions: 10->10
[2023-10-30T22:40:23.283+0000][1.933s][info ][gc,heap       ] GC(5) Humongous regions: 0->0
[2023-10-30T22:40:23.283+0000][1.934s][info ][gc,metaspace  ] GC(5) Metaspace: 15165K(16000K)->15165K(16000K) NonClass: 13271K(13824K)->13271K(13824K) Class: 1893K(2176K)->1893K(2176K)
[2023-10-30T22:40:23.284+0000][1.934s][info ][gc            ] GC(5) Pause Young (Normal) (G1 Evacuation Pause) 95M->14M(152M) 8.511ms
[2023-10-30T22:40:23.284+0000][1.934s][info ][gc,cpu        ] GC(5) User=0.02s Sys=0.00s Real=0.01s
[2023-10-30T22:40:23.284+0000][1.935s][info ][safepoint     ] Leaving safepoint region
[2023-10-30T22:40:23.285+0000][1.935s][info ][safepoint     ] Total time for which application threads were stopped: 0.0101632 seconds, Stopping threads took: 0.0006484 seconds
[2023-10-30T22:40:23.285+0000][1.935s][info ][gc,stringdedup] Concurrent String Deduplication (1.935s)
[2023-10-30T22:40:23.286+0000][1.936s][info ][gc,stringdedup] Concurrent String Deduplication 97968.0B->33448.0B(64520.0B) avg 12.9% (1.935s, 1.936s) 1.075ms
[2023-10-30T22:40:23.392+0000][2.042s][debug][safepoint     ] Safepoint synchronization initiated. (13 threads)
[2023-10-30T22:40:23.392+0000][2.043s][info ][safepoint     ] Application time: 0.1077174 seconds
[2023-10-30T22:40:23.392+0000][2.043s][info ][safepoint     ] Entering safepoint region: G1CollectForAllocation
[2023-10-30T22:40:23.393+0000][2.044s][info ][gc,start      ] GC(6) Pause Young (Normal) (G1 Evacuation Pause)
[2023-10-30T22:40:23.393+0000][2.044s][info ][gc,task       ] GC(6) Using 4 workers of 8 for evacuation
[2023-10-30T22:40:23.399+0000][2.050s][info ][gc,phases     ] GC(6)   Pre Evacuate Collection Set: 0.0ms
[2023-10-30T22:40:23.399+0000][2.050s][info ][gc,phases     ] GC(6)   Evacuate Collection Set: 4.3ms
[2023-10-30T22:40:23.400+0000][2.050s][info ][gc,phases     ] GC(6)   Post Evacuate Collection Set: 1.0ms
[2023-10-30T22:40:23.400+0000][2.051s][info ][gc,phases     ] GC(6)   Other: 0.8ms
[2023-10-30T22:40:23.400+0000][2.051s][info ][gc,heap       ] GC(6) Eden regions: 85->0(84)
[2023-10-30T22:40:23.401+0000][2.052s][info ][gc,heap       ] GC(6) Survivor regions: 6->7(12)
[2023-10-30T22:40:23.401+0000][2.052s][info ][gc,heap       ] GC(6) Old regions: 10->10
[2023-10-30T22:40:23.402+0000][2.052s][info ][gc,heap       ] GC(6) Humongous regions: 0->0
[2023-10-30T22:40:23.402+0000][2.053s][info ][gc,metaspace  ] GC(6) Metaspace: 17093K(17920K)->17093K(17920K) NonClass: 14860K(15360K)->14860K(15360K) Class: 2233K(2560K)->2233K(2560K)
[2023-10-30T22:40:23.402+0000][2.053s][info ][gc            ] GC(6) Pause Young (Normal) (G1 Evacuation Pause) 99M->14M(152M) 9.410ms
[2023-10-30T22:40:23.403+0000][2.053s][info ][gc,cpu        ] GC(6) User=0.02s Sys=0.00s Real=0.01s
[2023-10-30T22:40:23.403+0000][2.054s][info ][safepoint     ] Leaving safepoint region
[2023-10-30T22:40:23.403+0000][2.054s][info ][safepoint     ] Total time for which application threads were stopped: 0.0109792 seconds, Stopping threads took: 0.0002999 seconds
[2023-10-30T22:40:23.404+0000][2.055s][info ][gc,stringdedup] Concurrent String Deduplication (2.055s)
[2023-10-30T22:40:23.406+0000][2.056s][info ][gc,stringdedup] Concurrent String Deduplication 128.6K->100776.0B(30872.0B) avg 13.3% (2.055s, 2.056s) 1.774ms
[2023-10-30T22:40:23.407+0000][2.058s][debug][safepoint     ] Safepoint synchronization initiated. (13 threads)
[2023-10-30T22:40:23.407+0000][2.058s][info ][safepoint     ] Application time: 0.0034335 seconds
[2023-10-30T22:40:23.408+0000][2.058s][info ][safepoint     ] Entering safepoint region: Deoptimize
[2023-10-30T22:40:23.409+0000][2.059s][info ][safepoint     ] Leaving safepoint region
[2023-10-30T22:40:23.409+0000][2.060s][info ][safepoint     ] Total time for which application threads were stopped: 0.0013242 seconds, Stopping threads took: 0.0005105 seconds
[2023-10-30T22:40:23.522+0000][2.173s][debug][safepoint     ] Safepoint synchronization initiated. (13 threads)
[2023-10-30T22:40:23.523+0000][2.174s][info ][safepoint     ] Application time: 0.1135181 seconds
[2023-10-30T22:40:23.523+0000][2.174s][info ][safepoint     ] Entering safepoint region: Deoptimize
[2023-10-30T22:40:23.524+0000][2.175s][info ][safepoint     ] Leaving safepoint region
[2023-10-30T22:40:23.524+0000][2.175s][info ][safepoint     ] Total time for which application threads were stopped: 0.0011455 seconds, Stopping threads took: 0.0003475 seconds
[2023-10-30T22:40:23.604+0000][2.255s][debug][safepoint     ] Safepoint synchronization initiated. (13 threads)
[2023-10-30T22:40:23.605+0000][2.255s][info ][safepoint     ] Application time: 0.0795633 seconds
[2023-10-30T22:40:23.605+0000][2.256s][info ][safepoint     ] Entering safepoint region: G1CollectForAllocation
[2023-10-30T22:40:23.606+0000][2.256s][info ][gc,start      ] GC(7) Pause Young (Normal) (G1 Evacuation Pause)
[2023-10-30T22:40:23.606+0000][2.257s][info ][gc,task       ] GC(7) Using 4 workers of 8 for evacuation
[2023-10-30T22:40:23.616+0000][2.266s][info ][gc,phases     ] GC(7)   Pre Evacuate Collection Set: 0.0ms
[2023-10-30T22:40:23.616+0000][2.267s][info ][gc,phases     ] GC(7)   Evacuate Collection Set: 7.9ms
[2023-10-30T22:40:23.617+0000][2.267s][info ][gc,phases     ] GC(7)   Post Evacuate Collection Set: 1.4ms
[2023-10-30T22:40:23.617+0000][2.268s][info ][gc,phases     ] GC(7)   Other: 0.8ms
[2023-10-30T22:40:23.617+0000][2.268s][info ][gc,heap       ] GC(7) Eden regions: 84->0(82)
[2023-10-30T22:40:23.618+0000][2.269s][info ][gc,heap       ] GC(7) Survivor regions: 7->9(12)
[2023-10-30T22:40:23.618+0000][2.269s][info ][gc,heap       ] GC(7) Old regions: 10->10
[2023-10-30T22:40:23.619+0000][2.269s][info ][gc,heap       ] GC(7) Humongous regions: 0->0
[2023-10-30T22:40:23.619+0000][2.270s][info ][gc,metaspace  ] GC(7) Metaspace: 19551K(20480K)->19551K(20480K) NonClass: 17047K(17664K)->17047K(17664K) Class: 2503K(2816K)->2503K(2816K)
[2023-10-30T22:40:23.620+0000][2.270s][info ][gc            ] GC(7) Pause Young (Normal) (G1 Evacuation Pause) 98M->16M(152M) 14.106ms
[2023-10-30T22:40:23.620+0000][2.271s][info ][gc,cpu        ] GC(7) User=0.09s Sys=0.00s Real=0.02s
[2023-10-30T22:40:23.620+0000][2.271s][info ][safepoint     ] Leaving safepoint region
[2023-10-30T22:40:23.621+0000][2.271s][info ][safepoint     ] Total time for which application threads were stopped: 0.0156600 seconds, Stopping threads took: 0.0003499 seconds
[2023-10-30T22:40:23.621+0000][2.272s][info ][gc,stringdedup] Concurrent String Deduplication (2.272s)
[2023-10-30T22:40:23.622+0000][2.273s][info ][gc,stringdedup] Concurrent String Deduplication 66664.0B->20848.0B(45816.0B) avg 14.6% (2.272s, 2.273s) 1.301ms
[2023-10-30T22:40:23.681+0000][2.331s][debug][safepoint     ] Safepoint synchronization initiated. (13 threads)
[2023-10-30T22:40:23.681+0000][2.332s][info ][safepoint     ] Application time: 0.0600192 seconds
[2023-10-30T22:40:23.681+0000][2.332s][info ][safepoint     ] Entering safepoint region: CollectForMetadataAllocation
[2023-10-30T22:40:23.682+0000][2.333s][info ][gc,start      ] GC(8) Pause Young (Concurrent Start) (Metadata GC Threshold)
[2023-10-30T22:40:23.682+0000][2.333s][info ][gc,task       ] GC(8) Using 4 workers of 8 for evacuation
[2023-10-30T22:40:23.693+0000][2.344s][info ][gc,phases     ] GC(8)   Pre Evacuate Collection Set: 0.1ms
[2023-10-30T22:40:23.694+0000][2.344s][info ][gc,phases     ] GC(8)   Evacuate Collection Set: 8.6ms
[2023-10-30T22:40:23.694+0000][2.345s][info ][gc,phases     ] GC(8)   Post Evacuate Collection Set: 1.8ms
[2023-10-30T22:40:23.694+0000][2.345s][info ][gc,phases     ] GC(8)   Other: 0.8ms
[2023-10-30T22:40:23.695+0000][2.346s][info ][gc,heap       ] GC(8) Eden regions: 18->0(103)
[2023-10-30T22:40:23.695+0000][2.346s][info ][gc,heap       ] GC(8) Survivor regions: 9->6(12)
[2023-10-30T22:40:23.695+0000][2.346s][info ][gc,heap       ] GC(8) Old regions: 10->13
[2023-10-30T22:40:23.696+0000][2.346s][info ][gc,heap       ] GC(8) Humongous regions: 0->0
[2023-10-30T22:40:23.696+0000][2.347s][info ][gc,metaspace  ] GC(8) Metaspace: 20520K(21248K)->20520K(21248K) NonClass: 17939K(18432K)->17939K(18432K) Class: 2581K(2816K)->2581K(2816K)
[2023-10-30T22:40:23.696+0000][2.347s][info ][gc            ] GC(8) Pause Young (Concurrent Start) (Metadata GC Threshold) 34M->16M(183M) 14.415ms
[2023-10-30T22:40:23.697+0000][2.347s][info ][gc,cpu        ] GC(8) User=0.06s Sys=0.00s Real=0.01s
[2023-10-30T22:40:23.697+0000][2.348s][info ][safepoint     ] Leaving safepoint region
[2023-10-30T22:40:23.697+0000][2.348s][info ][safepoint     ] Total time for which application threads were stopped: 0.0159881 seconds, Stopping threads took: 0.0003258 seconds
[2023-10-30T22:40:23.697+0000][2.348s][info ][gc            ] GC(9) Concurrent Cycle
[2023-10-30T22:40:23.698+0000][2.349s][info ][gc,stringdedup] Concurrent String Deduplication (2.349s)
[2023-10-30T22:40:23.698+0000][2.349s][info ][gc,marking    ] GC(9) Concurrent Clear Claimed Marks
[2023-10-30T22:40:23.699+0000][2.349s][debug][safepoint     ] Safepoint synchronization initiated. (13 threads)
[2023-10-30T22:40:23.699+0000][2.350s][info ][gc,marking    ] GC(9) Concurrent Clear Claimed Marks 1.107ms
[2023-10-30T22:40:23.701+0000][2.352s][info ][safepoint     ] Application time: 0.0031159 seconds
[2023-10-30T22:40:23.701+0000][2.352s][info ][gc,marking    ] GC(9) Concurrent Scan Root Regions
[2023-10-30T22:40:23.702+0000][2.353s][debug][safepoint     ] ... found polling page return exception at pc = 0x00007f9340f0a6c8, stub =0x00007f9340840600
[2023-10-30T22:40:23.704+0000][2.354s][debug][safepoint     ] Waiting for 1 thread(s) to block
[2023-10-30T22:40:23.704+0000][2.355s][info ][safepoint     ] Entering safepoint region: CollectForMetadataAllocation
[2023-10-30T22:40:23.705+0000][2.355s][info ][safepoint     ] Leaving safepoint region
[2023-10-30T22:40:23.705+0000][2.356s][info ][safepoint     ] Total time for which application threads were stopped: 0.0033172 seconds, Stopping threads took: 0.0026087 seconds
[2023-10-30T22:40:23.705+0000][2.356s][info ][gc,marking    ] GC(9) Concurrent Scan Root Regions 4.118ms
[2023-10-30T22:40:23.707+0000][2.358s][info ][gc,marking    ] GC(9) Concurrent Mark (2.358s)
[2023-10-30T22:40:23.708+0000][2.359s][info ][gc,marking    ] GC(9) Concurrent Mark From Roots
[2023-10-30T22:40:23.707+0000][2.357s][info ][gc,stringdedup] Concurrent String Deduplication 102.9K->15272.0B(90096.0B) avg 17.0% (2.349s, 2.357s) 1.861ms
[2023-10-30T22:40:23.710+0000][2.360s][info ][gc,task       ] GC(9) Using 2 workers of 2 for marking
[2023-10-30T22:40:23.731+0000][2.382s][debug][safepoint     ] Safepoint synchronization initiated. (13 threads)
[2023-10-30T22:40:23.732+0000][2.383s][info ][safepoint     ] Application time: 0.0264053 seconds
[2023-10-30T22:40:23.732+0000][2.383s][info ][safepoint     ] Entering safepoint region: CollectForMetadataAllocation
[2023-10-30T22:40:23.733+0000][2.384s][info ][safepoint     ] Leaving safepoint region
[2023-10-30T22:40:23.733+0000][2.384s][info ][safepoint     ] Total time for which application threads were stopped: 0.0010532 seconds, Stopping threads took: 0.0004485 seconds
[2023-10-30T22:40:23.735+0000][2.385s][info ][gc,marking    ] GC(9) Concurrent Mark From Roots 26.812ms
[2023-10-30T22:40:23.735+0000][2.386s][info ][gc,marking    ] GC(9) Concurrent Preclean
[2023-10-30T22:40:23.736+0000][2.386s][info ][gc,marking    ] GC(9) Concurrent Preclean 0.548ms
[2023-10-30T22:40:23.736+0000][2.387s][info ][gc,marking    ] GC(9) Concurrent Mark (2.358s, 2.387s) 28.724ms
[2023-10-30T22:40:23.737+0000][2.387s][debug][safepoint     ] Safepoint synchronization initiated. (13 threads)
[2023-10-30T22:40:23.737+0000][2.388s][info ][safepoint     ] Application time: 0.0033662 seconds
[2023-10-30T22:40:23.737+0000][2.388s][debug][safepoint     ] ... found polling page loop exception at pc = 0x00007f9348457227, stub =0x00007f9340843680
[2023-10-30T22:40:23.737+0000][2.388s][debug][safepoint     ] ... found polling page loop exception at pc = 0x00007f9348457227, stub =0x00007f9340843680
[2023-10-30T22:40:23.739+0000][2.390s][debug][safepoint     ] Waiting for 2 thread(s) to block
[2023-10-30T22:40:23.740+0000][2.390s][info ][safepoint     ] Entering safepoint region: CGC_Operation
[2023-10-30T22:40:23.740+0000][2.391s][info ][gc,start      ] GC(9) Pause Remark
[2023-10-30T22:40:23.744+0000][2.394s][info ][gc,stringtable] GC(9) Cleaned string and symbol table, strings: 8338 processed, 6 removed, symbols: 55660 processed, 116 removed
[2023-10-30T22:40:23.745+0000][2.395s][info ][gc            ] GC(9) Pause Remark 21M->21M(183M) 4.505ms
[2023-10-30T22:40:23.745+0000][2.396s][info ][gc,cpu        ] GC(9) User=0.01s Sys=0.00s Real=0.00s
[2023-10-30T22:40:23.745+0000][2.396s][info ][safepoint     ] Leaving safepoint region
[2023-10-30T22:40:23.746+0000][2.397s][info ][safepoint     ] Total time for which application threads were stopped: 0.0083428 seconds, Stopping threads took: 0.0025167 seconds
[2023-10-30T22:40:23.746+0000][2.397s][info ][gc,marking    ] GC(9) Concurrent Rebuild Remembered Sets
[2023-10-30T22:40:23.758+0000][2.409s][info ][gc,marking    ] GC(9) Concurrent Rebuild Remembered Sets 11.744ms
[2023-10-30T22:40:23.760+0000][2.411s][debug][safepoint     ] Safepoint synchronization initiated. (13 threads)
[2023-10-30T22:40:23.760+0000][2.411s][info ][safepoint     ] Application time: 0.0141147 seconds
[2023-10-30T22:40:23.761+0000][2.411s][debug][safepoint     ] Waiting for 2 thread(s) to block
[2023-10-30T22:40:23.761+0000][2.412s][info ][safepoint     ] Entering safepoint region: CGC_Operation
[2023-10-30T22:40:23.762+0000][2.413s][info ][gc,start      ] GC(9) Pause Cleanup
[2023-10-30T22:40:23.762+0000][2.413s][info ][gc            ] GC(9) Pause Cleanup 25M->25M(183M) 0.531ms
[2023-10-30T22:40:23.763+0000][2.413s][info ][gc,cpu        ] GC(9) User=0.01s Sys=0.00s Real=0.00s
[2023-10-30T22:40:23.763+0000][2.414s][info ][safepoint     ] Leaving safepoint region
[2023-10-30T22:40:23.764+0000][2.414s][info ][safepoint     ] Total time for which application threads were stopped: 0.0027777 seconds, Stopping threads took: 0.0009949 seconds
[2023-10-30T22:40:23.764+0000][2.415s][info ][gc,marking    ] GC(9) Concurrent Cleanup for Next Mark
[2023-10-30T22:40:23.766+0000][2.416s][info ][gc,marking    ] GC(9) Concurrent Cleanup for Next Mark 1.762ms
[2023-10-30T22:40:23.766+0000][2.417s][info ][gc            ] GC(9) Concurrent Cycle 69.195ms
[2023-10-30T22:40:23.952+0000][2.603s][debug][safepoint     ] Safepoint synchronization initiated. (13 threads)
[2023-10-30T22:40:23.953+0000][2.603s][info ][safepoint     ] Application time: 0.1887843 seconds
[2023-10-30T22:40:23.953+0000][2.604s][info ][safepoint     ] Entering safepoint region: Deoptimize
[2023-10-30T22:40:23.954+0000][2.605s][info ][safepoint     ] Leaving safepoint region
[2023-10-30T22:40:23.954+0000][2.605s][info ][safepoint     ] Total time for which application threads were stopped: 0.0011837 seconds, Stopping threads took: 0.0003101 seconds
[2023-10-30T22:40:24.015+0000][2.665s][debug][safepoint     ] Safepoint synchronization initiated. (12 threads)
[2023-10-30T22:40:24.015+0000][2.666s][info ][safepoint     ] Application time: 0.0609555 seconds
[2023-10-30T22:40:24.016+0000][2.667s][info ][safepoint     ] Entering safepoint region: G1CollectForAllocation
[2023-10-30T22:40:24.016+0000][2.667s][info ][gc,start      ] GC(10) Pause Young (Concurrent Start) (G1 Evacuation Pause)
[2023-10-30T22:40:24.017+0000][2.667s][info ][gc,task       ] GC(10) Using 4 workers of 8 for evacuation
[2023-10-30T22:40:24.028+0000][2.679s][info ][gc,phases     ] GC(10)   Pre Evacuate Collection Set: 0.1ms
[2023-10-30T22:40:24.028+0000][2.679s][info ][gc,phases     ] GC(10)   Evacuate Collection Set: 9.6ms
[2023-10-30T22:40:24.029+0000][2.679s][info ][gc,phases     ] GC(10)   Post Evacuate Collection Set: 1.0ms
[2023-10-30T22:40:24.029+0000][2.680s][info ][gc,phases     ] GC(10)   Other: 0.8ms
[2023-10-30T22:40:24.029+0000][2.680s][info ][gc,heap       ] GC(10) Eden regions: 103->0(100)
[2023-10-30T22:40:24.030+0000][2.680s][info ][gc,heap       ] GC(10) Survivor regions: 6->9(14)
[2023-10-30T22:40:24.030+0000][2.681s][info ][gc,heap       ] GC(10) Old regions: 13->13
[2023-10-30T22:40:24.030+0000][2.681s][info ][gc,heap       ] GC(10) Humongous regions: 0->0
[2023-10-30T22:40:24.030+0000][2.681s][info ][gc,metaspace  ] GC(10) Metaspace: 23939K(24828K)->23939K(24828K) NonClass: 20919K(21500K)->20919K(21500K) Class: 3019K(3328K)->3019K(3328K)
[2023-10-30T22:40:24.031+0000][2.682s][info ][gc            ] GC(10) Pause Young (Concurrent Start) (G1 Evacuation Pause) 119M->19M(183M) 14.430ms
[2023-10-30T22:40:24.031+0000][2.682s][info ][gc,cpu        ] GC(10) User=0.07s Sys=0.00s Real=0.02s
[2023-10-30T22:40:24.031+0000][2.682s][info ][safepoint     ] Leaving safepoint region
[2023-10-30T22:40:24.031+0000][2.682s][info ][gc            ] GC(11) Concurrent Cycle
[2023-10-30T22:40:24.032+0000][2.682s][info ][safepoint     ] Total time for which application threads were stopped: 0.0157917 seconds, Stopping threads took: 0.0003269 seconds
[2023-10-30T22:40:24.032+0000][2.683s][info ][gc,marking    ] GC(11) Concurrent Clear Claimed Marks
[2023-10-30T22:40:24.032+0000][2.683s][info ][gc,stringdedup] Concurrent String Deduplication (2.683s)
[2023-10-30T22:40:24.033+0000][2.683s][info ][gc,marking    ] GC(11) Concurrent Clear Claimed Marks 0.799ms
[2023-10-30T22:40:24.033+0000][2.684s][info ][gc,marking    ] GC(11) Concurrent Scan Root Regions
[2023-10-30T22:40:24.037+0000][2.687s][info ][gc,marking    ] GC(11) Concurrent Scan Root Regions 3.097ms
[2023-10-30T22:40:24.037+0000][2.688s][info ][gc,stringdedup] Concurrent String Deduplication 795.6K->754.1K(42496.0B) avg 14.5% (2.683s, 2.688s) 4.672ms
[2023-10-30T22:40:24.037+0000][2.688s][info ][gc,marking    ] GC(11) Concurrent Mark (2.688s)
[2023-10-30T22:40:24.038+0000][2.689s][info ][gc,marking    ] GC(11) Concurrent Mark From Roots
[2023-10-30T22:40:24.038+0000][2.689s][info ][gc,task       ] GC(11) Using 2 workers of 2 for marking
[2023-10-30T22:40:24.047+0000][2.698s][info ][gc,marking    ] GC(11) Concurrent Mark From Roots 9.469ms
[2023-10-30T22:40:24.048+0000][2.699s][info ][gc,marking    ] GC(11) Concurrent Preclean
[2023-10-30T22:40:24.048+0000][2.699s][info ][gc,marking    ] GC(11) Concurrent Preclean 0.451ms
[2023-10-30T22:40:24.049+0000][2.700s][info ][gc,marking    ] GC(11) Concurrent Mark (2.688s, 2.700s) 11.668ms
[2023-10-30T22:40:24.049+0000][2.700s][debug][safepoint     ] Safepoint synchronization initiated. (12 threads)
[2023-10-30T22:40:24.050+0000][2.700s][info ][safepoint     ] Application time: 0.0173465 seconds
[2023-10-30T22:40:24.050+0000][2.701s][debug][safepoint     ] Waiting for 1 thread(s) to block
[2023-10-30T22:40:24.050+0000][2.701s][info ][safepoint     ] Entering safepoint region: CGC_Operation
[2023-10-30T22:40:24.051+0000][2.701s][info ][gc,start      ] GC(11) Pause Remark
[2023-10-30T22:40:24.054+0000][2.705s][info ][gc,stringtable] GC(11) Cleaned string and symbol table, strings: 9222 processed, 13 removed, symbols: 62400 processed, 9 removed
[2023-10-30T22:40:24.055+0000][2.705s][info ][gc            ] GC(11) Pause Remark 24M->24M(183M) 3.990ms
[2023-10-30T22:40:24.055+0000][2.706s][info ][gc,cpu        ] GC(11) User=0.01s Sys=0.00s Real=0.00s
[2023-10-30T22:40:24.055+0000][2.706s][info ][safepoint     ] Leaving safepoint region
[2023-10-30T22:40:24.056+0000][2.706s][info ][safepoint     ] Total time for which application threads were stopped: 0.0057121 seconds, Stopping threads took: 0.0006887 seconds
[2023-10-30T22:40:24.056+0000][2.707s][info ][gc,marking    ] GC(11) Concurrent Rebuild Remembered Sets
[2023-10-30T22:40:24.061+0000][2.712s][info ][gc,marking    ] GC(11) Concurrent Rebuild Remembered Sets 4.833ms
[2023-10-30T22:40:24.061+0000][2.712s][debug][safepoint     ] Safepoint synchronization initiated. (12 threads)
[2023-10-30T22:40:24.062+0000][2.712s][info ][safepoint     ] Application time: 0.0057725 seconds
[2023-10-30T22:40:24.062+0000][2.713s][info ][safepoint     ] Entering safepoint region: CGC_Operation
[2023-10-30T22:40:24.063+0000][2.713s][info ][gc,start      ] GC(11) Pause Cleanup
[2023-10-30T22:40:24.063+0000][2.714s][info ][gc            ] GC(11) Pause Cleanup 25M->25M(183M) 0.415ms
[2023-10-30T22:40:24.063+0000][2.714s][info ][gc,cpu        ] GC(11) User=0.00s Sys=0.00s Real=0.00s
[2023-10-30T22:40:24.064+0000][2.714s][info ][safepoint     ] Leaving safepoint region
[2023-10-30T22:40:24.064+0000][2.715s][info ][safepoint     ] Total time for which application threads were stopped: 0.0017778 seconds, Stopping threads took: 0.0003278 seconds
[2023-10-30T22:40:24.064+0000][2.715s][info ][gc,marking    ] GC(11) Concurrent Cleanup for Next Mark
[2023-10-30T22:40:24.068+0000][2.718s][info ][gc,marking    ] GC(11) Concurrent Cleanup for Next Mark 3.445ms
[2023-10-30T22:40:24.068+0000][2.719s][info ][gc            ] GC(11) Concurrent Cycle 36.838ms
[2023-10-30T22:40:24.300+0000][2.951s][debug][safepoint     ] Safepoint synchronization initiated. (12 threads)
[2023-10-30T22:40:24.301+0000][2.951s][info ][safepoint     ] Application time: 0.2362833 seconds
[2023-10-30T22:40:24.301+0000][2.952s][info ][safepoint     ] Entering safepoint region: G1CollectForAllocation
[2023-10-30T22:40:24.301+0000][2.952s][info ][gc,start      ] GC(12) Pause Young (Normal) (G1 Evacuation Pause)
[2023-10-30T22:40:24.302+0000][2.952s][info ][gc,task       ] GC(12) Using 4 workers of 8 for evacuation
[2023-10-30T22:40:24.309+0000][2.960s][info ][gc,phases     ] GC(12)   Pre Evacuate Collection Set: 0.0ms
[2023-10-30T22:40:24.310+0000][2.960s][info ][gc,phases     ] GC(12)   Evacuate Collection Set: 6.1ms
[2023-10-30T22:40:24.310+0000][2.961s][info ][gc,phases     ] GC(12)   Post Evacuate Collection Set: 1.1ms
[2023-10-30T22:40:24.311+0000][2.961s][info ][gc,phases     ] GC(12)   Other: 0.7ms
[2023-10-30T22:40:24.311+0000][2.962s][info ][gc,heap       ] GC(12) Eden regions: 100->0(100)
[2023-10-30T22:40:24.311+0000][2.962s][info ][gc,heap       ] GC(12) Survivor regions: 9->9(14)
[2023-10-30T22:40:24.311+0000][2.962s][info ][gc,heap       ] GC(12) Old regions: 13->15
[2023-10-30T22:40:24.312+0000][2.962s][info ][gc,heap       ] GC(12) Humongous regions: 0->0
[2023-10-30T22:40:24.312+0000][2.963s][info ][gc,metaspace  ] GC(12) Metaspace: 24224K(25212K)->24224K(25212K) NonClass: 21160K(21756K)->21160K(21756K) Class: 3063K(3456K)->3063K(3456K)
[2023-10-30T22:40:24.312+0000][2.963s][info ][gc            ] GC(12) Pause Young (Normal) (G1 Evacuation Pause) 119M->21M(183M) 10.912ms
[2023-10-30T22:40:24.312+0000][2.963s][info ][gc,cpu        ] GC(12) User=0.04s Sys=0.00s Real=0.01s
[2023-10-30T22:40:24.313+0000][2.963s][info ][safepoint     ] Leaving safepoint region
[2023-10-30T22:40:24.313+0000][2.964s][info ][safepoint     ] Total time for which application threads were stopped: 0.0121913 seconds, Stopping threads took: 0.0003228 seconds
[2023-10-30T22:40:24.313+0000][2.964s][info ][gc,stringdedup] Concurrent String Deduplication (2.964s)
[2023-10-30T22:40:24.314+0000][2.965s][info ][gc,stringdedup] Concurrent String Deduplication 83344.0B->58192.0B(25152.0B) avg 14.9% (2.964s, 2.965s) 0.944ms
[2023-10-30T22:40:24.582+0000][3.232s][debug][safepoint     ] Safepoint synchronization initiated. (12 threads)
[2023-10-30T22:40:24.582+0000][3.233s][info ][safepoint     ] Application time: 0.2687463 seconds
[2023-10-30T22:40:24.582+0000][3.233s][info ][safepoint     ] Entering safepoint region: G1CollectForAllocation
[2023-10-30T22:40:24.583+0000][3.234s][info ][gc,start      ] GC(13) Pause Young (Normal) (G1 Evacuation Pause)
[2023-10-30T22:40:24.583+0000][3.234s][info ][gc,task       ] GC(13) Using 4 workers of 8 for evacuation
[2023-10-30T22:40:24.591+0000][3.242s][info ][gc,phases     ] GC(13)   Pre Evacuate Collection Set: 0.0ms
[2023-10-30T22:40:24.592+0000][3.243s][info ][gc,phases     ] GC(13)   Evacuate Collection Set: 6.2ms
[2023-10-30T22:40:24.592+0000][3.243s][info ][gc,phases     ] GC(13)   Post Evacuate Collection Set: 1.6ms
[2023-10-30T22:40:24.593+0000][3.243s][info ][gc,phases     ] GC(13)   Other: 0.7ms
[2023-10-30T22:40:24.593+0000][3.244s][info ][gc,heap       ] GC(13) Eden regions: 100->0(100)
[2023-10-30T22:40:24.593+0000][3.244s][info ][gc,heap       ] GC(13) Survivor regions: 9->9(14)
[2023-10-30T22:40:24.593+0000][3.244s][info ][gc,heap       ] GC(13) Old regions: 15->17
[2023-10-30T22:40:24.594+0000][3.245s][info ][gc,heap       ] GC(13) Humongous regions: 0->0
[2023-10-30T22:40:24.595+0000][3.245s][info ][gc,metaspace  ] GC(13) Metaspace: 24608K(25724K)->24608K(25724K) NonClass: 21523K(22268K)->21523K(22268K) Class: 3084K(3456K)->3084K(3456K)
[2023-10-30T22:40:24.595+0000][3.246s][info ][gc            ] GC(13) Pause Young (Normal) (G1 Evacuation Pause) 121M->24M(183M) 12.047ms
[2023-10-30T22:40:24.595+0000][3.246s][info ][gc,cpu        ] GC(13) User=0.05s Sys=0.00s Real=0.01s
[2023-10-30T22:40:24.596+0000][3.246s][info ][safepoint     ] Leaving safepoint region
[2023-10-30T22:40:24.596+0000][3.247s][info ][safepoint     ] Total time for which application threads were stopped: 0.0135312 seconds, Stopping threads took: 0.0003408 seconds
[2023-10-30T22:40:24.596+0000][3.247s][info ][gc,stringdedup] Concurrent String Deduplication (3.247s)
[2023-10-30T22:40:24.602+0000][3.253s][info ][gc,stringdedup] Concurrent String Deduplication 759.7K->459.1K(300.5K) avg 18.9% (3.247s, 3.253s) 5.682ms
[2023-10-30T22:40:24.850+0000][3.500s][debug][safepoint     ] Safepoint synchronization initiated. (12 threads)
[2023-10-30T22:40:24.850+0000][3.501s][info ][safepoint     ] Application time: 0.2538604 seconds
[2023-10-30T22:40:24.850+0000][3.501s][debug][safepoint     ] Waiting for 1 thread(s) to block
[2023-10-30T22:40:24.851+0000][3.502s][info ][safepoint     ] Entering safepoint region: G1CollectForAllocation
[2023-10-30T22:40:24.851+0000][3.502s][info ][gc,start      ] GC(14) Pause Young (Normal) (G1 Evacuation Pause)
[2023-10-30T22:40:24.852+0000][3.502s][info ][gc,task       ] GC(14) Using 4 workers of 8 for evacuation
[2023-10-30T22:40:24.859+0000][3.509s][info ][gc,phases     ] GC(14)   Pre Evacuate Collection Set: 0.0ms
[2023-10-30T22:40:24.859+0000][3.510s][info ][gc,phases     ] GC(14)   Evacuate Collection Set: 4.9ms
[2023-10-30T22:40:24.859+0000][3.510s][info ][gc,phases     ] GC(14)   Post Evacuate Collection Set: 1.5ms
[2023-10-30T22:40:24.860+0000][3.510s][info ][gc,phases     ] GC(14)   Other: 0.8ms
[2023-10-30T22:40:24.860+0000][3.511s][info ][gc,heap       ] GC(14) Eden regions: 100->0(136)
[2023-10-30T22:40:24.860+0000][3.511s][info ][gc,heap       ] GC(14) Survivor regions: 9->8(14)
[2023-10-30T22:40:24.861+0000][3.511s][info ][gc,heap       ] GC(14) Old regions: 17->20
[2023-10-30T22:40:24.861+0000][3.512s][info ][gc,heap       ] GC(14) Humongous regions: 0->0
[2023-10-30T22:40:24.862+0000][3.512s][info ][gc,metaspace  ] GC(14) Metaspace: 24734K(25724K)->24734K(25724K) NonClass: 21633K(22268K)->21633K(22268K) Class: 3100K(3456K)->3100K(3456K)
[2023-10-30T22:40:24.862+0000][3.513s][info ][gc            ] GC(14) Pause Young (Normal) (G1 Evacuation Pause) 124M->26M(240M) 10.710ms
[2023-10-30T22:40:24.862+0000][3.513s][info ][gc,cpu        ] GC(14) User=0.03s Sys=0.00s Real=0.01s
[2023-10-30T22:40:24.863+0000][3.513s][info ][safepoint     ] Leaving safepoint region
[2023-10-30T22:40:24.863+0000][3.514s][info ][safepoint     ] Total time for which application threads were stopped: 0.0126385 seconds, Stopping threads took: 0.0007459 seconds
[2023-10-30T22:40:24.863+0000][3.514s][info ][gc,stringdedup] Concurrent String Deduplication (3.514s)
[2023-10-30T22:40:24.868+0000][3.519s][info ][gc,stringdedup] Concurrent String Deduplication 856.9K->375.7K(481.2K) avg 24.7% (3.514s, 3.519s) 4.729ms
[2023-10-30T22:40:25.054+0000][3.705s][debug][safepoint     ] Safepoint synchronization initiated. (12 threads)
[2023-10-30T22:40:25.054+0000][3.705s][info ][safepoint     ] Application time: 0.1910160 seconds
[2023-10-30T22:40:25.055+0000][3.706s][info ][safepoint     ] Entering safepoint region: G1CollectForAllocation
[2023-10-30T22:40:25.055+0000][3.706s][info ][gc,start      ] GC(15) Pause Young (Normal) (G1 Evacuation Pause)
[2023-10-30T22:40:25.056+0000][3.707s][info ][gc,task       ] GC(15) Using 5 workers of 8 for evacuation
[2023-10-30T22:40:25.062+0000][3.713s][info ][gc,phases     ] GC(15)   Pre Evacuate Collection Set: 0.0ms
[2023-10-30T22:40:25.063+0000][3.714s][info ][gc,phases     ] GC(15)   Evacuate Collection Set: 3.5ms
[2023-10-30T22:40:25.063+0000][3.714s][info ][gc,phases     ] GC(15)   Post Evacuate Collection Set: 1.2ms
[2023-10-30T22:40:25.064+0000][3.714s][info ][gc,phases     ] GC(15)   Other: 2.2ms
[2023-10-30T22:40:25.064+0000][3.715s][info ][gc,heap       ] GC(15) Eden regions: 136->0(136)
[2023-10-30T22:40:25.064+0000][3.715s][info ][gc,heap       ] GC(15) Survivor regions: 8->8(18)
[2023-10-30T22:40:25.065+0000][3.715s][info ][gc,heap       ] GC(15) Old regions: 20->20
[2023-10-30T22:40:25.065+0000][3.716s][info ][gc,heap       ] GC(15) Humongous regions: 0->0
[2023-10-30T22:40:25.066+0000][3.716s][info ][gc,metaspace  ] GC(15) Metaspace: 26264K(27388K)->26264K(27388K) NonClass: 23045K(23804K)->23045K(23804K) Class: 3219K(3584K)->3219K(3584K)
[2023-10-30T22:40:25.066+0000][3.717s][info ][gc            ] GC(15) Pause Young (Normal) (G1 Evacuation Pause) 162M->26M(240M) 10.525ms
[2023-10-30T22:40:25.066+0000][3.717s][info ][gc,cpu        ] GC(15) User=0.03s Sys=0.00s Real=0.01s
[2023-10-30T22:40:25.067+0000][3.717s][info ][safepoint     ] Leaving safepoint region
[2023-10-30T22:40:25.067+0000][3.718s][info ][safepoint     ] Total time for which application threads were stopped: 0.0122698 seconds, Stopping threads took: 0.0003630 seconds
[2023-10-30T22:40:25.067+0000][3.718s][info ][gc,stringdedup] Concurrent String Deduplication (3.718s)
[2023-10-30T22:40:25.070+0000][3.721s][info ][gc,stringdedup] Concurrent String Deduplication 682.6K->131.4K(551.2K) avg 30.9% (3.718s, 3.721s) 2.978ms
[2023-10-30T22:40:25.163+0000][3.814s][debug][safepoint     ] Safepoint synchronization initiated. (13 threads)
[2023-10-30T22:40:25.164+0000][3.815s][info ][safepoint     ] Application time: 0.0965289 seconds
[2023-10-30T22:40:25.164+0000][3.815s][info ][safepoint     ] Entering safepoint region: G1CollectForAllocation
[2023-10-30T22:40:25.165+0000][3.816s][info ][gc,start      ] GC(16) Pause Young (Normal) (G1 Evacuation Pause)
[2023-10-30T22:40:25.165+0000][3.816s][info ][gc,task       ] GC(16) Using 5 workers of 8 for evacuation
[2023-10-30T22:40:25.170+0000][3.820s][info ][gc,phases     ] GC(16)   Pre Evacuate Collection Set: 0.0ms
[2023-10-30T22:40:25.170+0000][3.821s][info ][gc,phases     ] GC(16)   Evacuate Collection Set: 2.7ms
[2023-10-30T22:40:25.171+0000][3.821s][info ][gc,phases     ] GC(16)   Post Evacuate Collection Set: 1.1ms
[2023-10-30T22:40:25.171+0000][3.822s][info ][gc,phases     ] GC(16)   Other: 0.9ms
[2023-10-30T22:40:25.172+0000][3.822s][info ][gc,heap       ] GC(16) Eden regions: 136->0(136)
[2023-10-30T22:40:25.172+0000][3.823s][info ][gc,heap       ] GC(16) Survivor regions: 8->8(18)
[2023-10-30T22:40:25.173+0000][3.823s][info ][gc,heap       ] GC(16) Old regions: 20->20
[2023-10-30T22:40:25.173+0000][3.824s][info ][gc,heap       ] GC(16) Humongous regions: 0->0
[2023-10-30T22:40:25.174+0000][3.824s][info ][gc,metaspace  ] GC(16) Metaspace: 26271K(27388K)->26271K(27388K) NonClass: 23052K(23804K)->23052K(23804K) Class: 3219K(3584K)->3219K(3584K)
[2023-10-30T22:40:25.174+0000][3.825s][info ][gc            ] GC(16) Pause Young (Normal) (G1 Evacuation Pause) 162M->26M(240M) 9.126ms
[2023-10-30T22:40:25.175+0000][3.825s][info ][gc,cpu        ] GC(16) User=0.02s Sys=0.00s Real=0.01s
[2023-10-30T22:40:25.175+0000][3.826s][info ][safepoint     ] Leaving safepoint region
[2023-10-30T22:40:25.175+0000][3.826s][info ][safepoint     ] Total time for which application threads were stopped: 0.0110203 seconds, Stopping threads took: 0.0004918 seconds
[2023-10-30T22:40:25.176+0000][3.826s][info ][gc,stringdedup] Concurrent String Deduplication (3.826s)
[2023-10-30T22:40:25.178+0000][3.829s][info ][gc,stringdedup] Concurrent String Deduplication 1204.5K->247.5K(957.0K) avg 38.8% (3.826s, 3.829s) 2.698ms
[2023-10-30T22:40:25.420+0000][4.070s][debug][safepoint     ] Safepoint synchronization initiated. (12 threads)
[2023-10-30T22:40:25.420+0000][4.071s][info ][safepoint     ] Application time: 0.2444966 seconds
[2023-10-30T22:40:25.421+0000][4.071s][info ][safepoint     ] Entering safepoint region: G1CollectForAllocation
[2023-10-30T22:40:25.421+0000][4.072s][info ][gc,start      ] GC(17) Pause Young (Normal) (G1 Evacuation Pause)
[2023-10-30T22:40:25.422+0000][4.072s][info ][gc,task       ] GC(17) Using 5 workers of 8 for evacuation
[2023-10-30T22:40:25.428+0000][4.079s][info ][gc,phases     ] GC(17)   Pre Evacuate Collection Set: 0.0ms
[2023-10-30T22:40:25.429+0000][4.080s][info ][gc,phases     ] GC(17)   Evacuate Collection Set: 4.3ms
[2023-10-30T22:40:25.429+0000][4.080s][info ][gc,phases     ] GC(17)   Post Evacuate Collection Set: 1.7ms
[2023-10-30T22:40:25.430+0000][4.081s][info ][gc,phases     ] GC(17)   Other: 1.0ms
[2023-10-30T22:40:25.430+0000][4.081s][info ][gc,heap       ] GC(17) Eden regions: 136->0(136)
[2023-10-30T22:40:25.431+0000][4.081s][info ][gc,heap       ] GC(17) Survivor regions: 8->8(18)
[2023-10-30T22:40:25.431+0000][4.082s][info ][gc,heap       ] GC(17) Old regions: 20->20
[2023-10-30T22:40:25.432+0000][4.082s][info ][gc,heap       ] GC(17) Humongous regions: 0->0
[2023-10-30T22:40:25.432+0000][4.083s][info ][gc,metaspace  ] GC(17) Metaspace: 29527K(30588K)->29527K(30588K) NonClass: 25972K(26620K)->25972K(26620K) Class: 3554K(3968K)->3554K(3968K)
[2023-10-30T22:40:25.433+0000][4.083s][info ][gc            ] GC(17) Pause Young (Normal) (G1 Evacuation Pause) 162M->25M(240M) 11.401ms
[2023-10-30T22:40:25.433+0000][4.084s][info ][gc,cpu        ] GC(17) User=0.05s Sys=0.00s Real=0.01s
[2023-10-30T22:40:25.433+0000][4.084s][info ][safepoint     ] Leaving safepoint region
[2023-10-30T22:40:25.434+0000][4.084s][info ][safepoint     ] Total time for which application threads were stopped: 0.0131418 seconds, Stopping threads took: 0.0003762 seconds
[2023-10-30T22:40:25.434+0000][4.085s][info ][gc,stringdedup] Concurrent String Deduplication (4.085s)
[2023-10-30T22:40:25.436+0000][4.086s][info ][gc,stringdedup] Concurrent String Deduplication 143.2K->39672.0B(104.4K) avg 39.4% (4.085s, 4.086s) 1.554ms
[2023-10-30T22:40:25.712+0000][4.363s][debug][safepoint     ] Safepoint synchronization initiated. (12 threads)
[2023-10-30T22:40:25.713+0000][4.363s][info ][safepoint     ] Application time: 0.2784152 seconds
[2023-10-30T22:40:25.713+0000][4.364s][info ][safepoint     ] Entering safepoint region: Deoptimize
[2023-10-30T22:40:25.715+0000][4.365s][info ][safepoint     ] Leaving safepoint region
[2023-10-30T22:40:25.715+0000][4.366s][info ][safepoint     ] Total time for which application threads were stopped: 0.0018744 seconds, Stopping threads took: 0.0009153 seconds
[2023-10-30T22:40:25.848+0000][4.499s][debug][safepoint     ] Safepoint synchronization initiated. (12 threads)
[2023-10-30T22:40:25.848+0000][4.499s][info ][safepoint     ] Application time: 0.1331495 seconds
[2023-10-30T22:40:25.849+0000][4.500s][info ][safepoint     ] Entering safepoint region: G1CollectForAllocation
[2023-10-30T22:40:25.849+0000][4.500s][info ][gc,start      ] GC(18) Pause Young (Normal) (G1 Evacuation Pause)
[2023-10-30T22:40:25.850+0000][4.500s][info ][gc,task       ] GC(18) Using 5 workers of 8 for evacuation
[2023-10-30T22:40:25.857+0000][4.508s][info ][gc,phases     ] GC(18)   Pre Evacuate Collection Set: 0.0ms
[2023-10-30T22:40:25.858+0000][4.509s][info ][gc,phases     ] GC(18)   Evacuate Collection Set: 5.4ms
[2023-10-30T22:40:25.858+0000][4.509s][info ][gc,phases     ] GC(18)   Post Evacuate Collection Set: 1.8ms
[2023-10-30T22:40:25.859+0000][4.509s][info ][gc,phases     ] GC(18)   Other: 0.8ms
[2023-10-30T22:40:25.859+0000][4.510s][info ][gc,heap       ] GC(18) Eden regions: 136->0(163)
[2023-10-30T22:40:25.859+0000][4.510s][info ][gc,heap       ] GC(18) Survivor regions: 8->9(18)
[2023-10-30T22:40:25.860+0000][4.510s][info ][gc,heap       ] GC(18) Old regions: 20->20
[2023-10-30T22:40:25.860+0000][4.511s][info ][gc,heap       ] GC(18) Humongous regions: 0->0
[2023-10-30T22:40:25.860+0000][4.511s][info ][gc,metaspace  ] GC(18) Metaspace: 32360K(33404K)->32360K(33404K) NonClass: 28473K(29180K)->28473K(29180K) Class: 3887K(4224K)->3887K(4224K)
[2023-10-30T22:40:25.861+0000][4.511s][info ][gc            ] GC(18) Pause Young (Normal) (G1 Evacuation Pause) 161M->27M(288M) 11.391ms
[2023-10-30T22:40:25.861+0000][4.512s][info ][gc,cpu        ] GC(18) User=0.06s Sys=0.01s Real=0.01s
[2023-10-30T22:40:25.861+0000][4.512s][info ][safepoint     ] Leaving safepoint region
[2023-10-30T22:40:25.862+0000][4.512s][info ][safepoint     ] Total time for which application threads were stopped: 0.0129746 seconds, Stopping threads took: 0.0003639 seconds
[2023-10-30T22:40:25.862+0000][4.513s][info ][gc,stringdedup] Concurrent String Deduplication (4.513s)
[2023-10-30T22:40:25.863+0000][4.513s][info ][gc,stringdedup] Concurrent String Deduplication 11552.0B->0.0B(11552.0B) avg 39.5% (4.513s, 4.513s) 0.483ms
[2023-10-30T22:40:26.002+0000][4.653s][debug][safepoint     ] Safepoint synchronization initiated. (12 threads)
[2023-10-30T22:40:26.003+0000][4.654s][info ][safepoint     ] Application time: 0.1407682 seconds
[2023-10-30T22:40:26.003+0000][4.654s][info ][safepoint     ] Entering safepoint region: Deoptimize
[2023-10-30T22:40:26.004+0000][4.655s][info ][safepoint     ] Leaving safepoint region
[2023-10-30T22:40:26.005+0000][4.655s][info ][safepoint     ] Total time for which application threads were stopped: 0.0013130 seconds, Stopping threads took: 0.0003823 seconds
[2023-10-30T22:40:26.238+0000][4.889s][debug][safepoint     ] Safepoint synchronization initiated. (12 threads)
[2023-10-30T22:40:26.239+0000][4.889s][info ][safepoint     ] Application time: 0.2336105 seconds
[2023-10-30T22:40:26.239+0000][4.890s][info ][safepoint     ] Entering safepoint region: G1CollectForAllocation
[2023-10-30T22:40:26.240+0000][4.890s][info ][gc,start      ] GC(19) Pause Young (Normal) (G1 Evacuation Pause)
[2023-10-30T22:40:26.240+0000][4.891s][info ][gc,task       ] GC(19) Using 6 workers of 8 for evacuation
[2023-10-30T22:40:26.247+0000][4.898s][info ][gc,phases     ] GC(19)   Pre Evacuate Collection Set: 0.0ms
[2023-10-30T22:40:26.248+0000][4.898s][info ][gc,phases     ] GC(19)   Evacuate Collection Set: 4.7ms
[2023-10-30T22:40:26.248+0000][4.899s][info ][gc,phases     ] GC(19)   Post Evacuate Collection Set: 1.4ms
[2023-10-30T22:40:26.249+0000][4.900s][info ][gc,phases     ] GC(19)   Other: 1.1ms
[2023-10-30T22:40:26.249+0000][4.900s][info ][gc,heap       ] GC(19) Eden regions: 163->0(162)
[2023-10-30T22:40:26.250+0000][4.900s][info ][gc,heap       ] GC(19) Survivor regions: 9->10(22)
[2023-10-30T22:40:26.250+0000][4.901s][info ][gc,heap       ] GC(19) Old regions: 20->20
[2023-10-30T22:40:26.250+0000][4.901s][info ][gc,heap       ] GC(19) Humongous regions: 0->0
[2023-10-30T22:40:26.251+0000][4.901s][info ][gc,metaspace  ] GC(19) Metaspace: 32813K(33788K)->32813K(33788K) NonClass: 28858K(29436K)->28858K(29436K) Class: 3954K(4352K)->3954K(4352K)
[2023-10-30T22:40:26.251+0000][4.902s][info ][gc            ] GC(19) Pause Young (Normal) (G1 Evacuation Pause) 190M->28M(288M) 11.195ms
[2023-10-30T22:40:26.251+0000][4.902s][info ][gc,cpu        ] GC(19) User=0.05s Sys=0.00s Real=0.01s
[2023-10-30T22:40:26.252+0000][4.902s][info ][safepoint     ] Leaving safepoint region
[2023-10-30T22:40:26.252+0000][4.903s][info ][safepoint     ] Total time for which application threads were stopped: 0.0130146 seconds, Stopping threads took: 0.0004355 seconds
[2023-10-30T22:40:26.253+0000][4.903s][info ][gc,stringdedup] Concurrent String Deduplication (4.903s)
[2023-10-30T22:40:26.254+0000][4.905s][info ][gc,stringdedup] Concurrent String Deduplication 345.6K->16512.0B(329.5K) avg 42.0% (4.903s, 4.905s) 1.653ms
[2023-10-30T22:40:26.330+0000][4.980s][debug][safepoint     ] Safepoint synchronization initiated. (12 threads)
[2023-10-30T22:40:26.330+0000][4.981s][info ][safepoint     ] Application time: 0.0778297 seconds
[2023-10-30T22:40:26.331+0000][4.981s][info ][safepoint     ] Entering safepoint region: Deoptimize
[2023-10-30T22:40:26.332+0000][4.983s][info ][safepoint     ] Leaving safepoint region
[2023-10-30T22:40:26.332+0000][4.983s][info ][safepoint     ] Total time for which application threads were stopped: 0.0017223 seconds, Stopping threads took: 0.0007271 seconds
[2023-10-30T22:40:26.614+0000][5.264s][debug][safepoint     ] Safepoint synchronization initiated. (12 threads)
[2023-10-30T22:40:26.614+0000][5.265s][info ][safepoint     ] Application time: 0.2811874 seconds
[2023-10-30T22:40:26.614+0000][5.265s][info ][safepoint     ] Entering safepoint region: Deoptimize
[2023-10-30T22:40:26.615+0000][5.266s][info ][safepoint     ] Leaving safepoint region
[2023-10-30T22:40:26.616+0000][5.267s][info ][safepoint     ] Total time for which application threads were stopped: 0.0016899 seconds, Stopping threads took: 0.0002856 seconds
[2023-10-30T22:40:26.624+0000][5.275s][debug][safepoint     ] Safepoint synchronization initiated. (12 threads)
[2023-10-30T22:40:26.625+0000][5.275s][info ][safepoint     ] Application time: 0.0082488 seconds
[2023-10-30T22:40:26.625+0000][5.276s][info ][safepoint     ] Entering safepoint region: Deoptimize
[2023-10-30T22:40:26.627+0000][5.277s][info ][safepoint     ] Leaving safepoint region
[2023-10-30T22:40:26.627+0000][5.278s][info ][safepoint     ] Total time for which application threads were stopped: 0.0019745 seconds, Stopping threads took: 0.0006014 seconds
[2023-10-30T22:40:26.653+0000][5.304s][debug][safepoint     ] Safepoint synchronization initiated. (12 threads)
[2023-10-30T22:40:26.654+0000][5.304s][info ][safepoint     ] Application time: 0.0261557 seconds
[2023-10-30T22:40:26.654+0000][5.305s][info ][safepoint     ] Entering safepoint region: Deoptimize
[2023-10-30T22:40:26.656+0000][5.307s][info ][safepoint     ] Leaving safepoint region
[2023-10-30T22:40:26.656+0000][5.307s][info ][safepoint     ] Total time for which application threads were stopped: 0.0020305 seconds, Stopping threads took: 0.0005183 seconds
[2023-10-30T22:40:26.707+0000][5.357s][debug][safepoint     ] Safepoint synchronization initiated. (12 threads)
[2023-10-30T22:40:26.707+0000][5.358s][info ][safepoint     ] Application time: 0.0503326 seconds
[2023-10-30T22:40:26.708+0000][5.358s][info ][safepoint     ] Entering safepoint region: Deoptimize
[2023-10-30T22:40:26.709+0000][5.360s][info ][safepoint     ] Leaving safepoint region
[2023-10-30T22:40:26.709+0000][5.360s][info ][safepoint     ] Total time for which application threads were stopped: 0.0015564 seconds, Stopping threads took: 0.0004020 seconds
[2023-10-30T22:40:26.764+0000][5.414s][debug][safepoint     ] Safepoint synchronization initiated. (12 threads)
[2023-10-30T22:40:26.764+0000][5.415s][info ][safepoint     ] Application time: 0.0546087 seconds
[2023-10-30T22:40:26.765+0000][5.415s][info ][safepoint     ] Entering safepoint region: G1CollectForAllocation
[2023-10-30T22:40:26.765+0000][5.416s][info ][gc,start      ] GC(20) Pause Young (Normal) (G1 Evacuation Pause)
[2023-10-30T22:40:26.766+0000][5.417s][info ][gc,task       ] GC(20) Using 6 workers of 8 for evacuation
[2023-10-30T22:40:26.774+0000][5.425s][info ][gc,phases     ] GC(20)   Pre Evacuate Collection Set: 0.0ms
[2023-10-30T22:40:26.774+0000][5.425s][info ][gc,phases     ] GC(20)   Evacuate Collection Set: 5.8ms
[2023-10-30T22:40:26.775+0000][5.425s][info ][gc,phases     ] GC(20)   Post Evacuate Collection Set: 1.6ms
[2023-10-30T22:40:26.775+0000][5.426s][info ][gc,phases     ] GC(20)   Other: 1.2ms
[2023-10-30T22:40:26.775+0000][5.426s][info ][gc,heap       ] GC(20) Eden regions: 162->0(161)
[2023-10-30T22:40:26.776+0000][5.426s][info ][gc,heap       ] GC(20) Survivor regions: 10->11(22)
[2023-10-30T22:40:26.776+0000][5.427s][info ][gc,heap       ] GC(20) Old regions: 20->20
[2023-10-30T22:40:26.776+0000][5.427s][info ][gc,heap       ] GC(20) Humongous regions: 0->0
[2023-10-30T22:40:26.777+0000][5.427s][info ][gc,metaspace  ] GC(20) Metaspace: 35114K(36092K)->35114K(36092K) NonClass: 30871K(31484K)->30871K(31484K) Class: 4242K(4608K)->4242K(4608K)
[2023-10-30T22:40:26.777+0000][5.428s][info ][gc            ] GC(20) Pause Young (Normal) (G1 Evacuation Pause) 190M->29M(288M) 11.905ms
[2023-10-30T22:40:26.778+0000][5.428s][info ][gc,cpu        ] GC(20) User=0.06s Sys=0.00s Real=0.01s
[2023-10-30T22:40:26.778+0000][5.429s][info ][safepoint     ] Leaving safepoint region
[2023-10-30T22:40:26.778+0000][5.429s][info ][safepoint     ] Total time for which application threads were stopped: 0.0135936 seconds, Stopping threads took: 0.0003583 seconds
[2023-10-30T22:40:26.779+0000][5.429s][info ][gc,stringdedup] Concurrent String Deduplication (5.429s)
[2023-10-30T22:40:26.780+0000][5.431s][info ][gc,stringdedup] Concurrent String Deduplication 185.2K->68984.0B(117.8K) avg 42.5% (5.429s, 5.431s) 1.357ms
[2023-10-30T22:40:26.937+0000][5.588s][debug][safepoint     ] Safepoint synchronization initiated. (11 threads)
[2023-10-30T22:40:26.938+0000][5.588s][info ][safepoint     ] Application time: 0.1588730 seconds
[2023-10-30T22:40:26.938+0000][5.589s][info ][safepoint     ] Entering safepoint region: Deoptimize
[2023-10-30T22:40:26.939+0000][5.590s][info ][safepoint     ] Leaving safepoint region
[2023-10-30T22:40:26.940+0000][5.590s][info ][safepoint     ] Total time for which application threads were stopped: 0.0015818 seconds, Stopping threads took: 0.0004113 seconds
[2023-10-30T22:40:27.130+0000][5.781s][debug][safepoint     ] Safepoint synchronization initiated. (11 threads)
[2023-10-30T22:40:27.131+0000][5.781s][info ][safepoint     ] Application time: 0.1903944 seconds
[2023-10-30T22:40:27.132+0000][5.782s][info ][safepoint     ] Entering safepoint region: G1CollectForAllocation
[2023-10-30T22:40:27.133+0000][5.784s][info ][gc,start      ] GC(21) Pause Young (Normal) (G1 Evacuation Pause)
[2023-10-30T22:40:27.134+0000][5.785s][info ][gc,task       ] GC(21) Using 6 workers of 8 for evacuation
[2023-10-30T22:40:27.144+0000][5.794s][info ][gc,phases     ] GC(21)   Pre Evacuate Collection Set: 0.1ms
[2023-10-30T22:40:27.145+0000][5.795s][info ][gc,phases     ] GC(21)   Evacuate Collection Set: 6.1ms
[2023-10-30T22:40:27.145+0000][5.796s][info ][gc,phases     ] GC(21)   Post Evacuate Collection Set: 2.1ms
[2023-10-30T22:40:27.146+0000][5.797s][info ][gc,phases     ] GC(21)   Other: 2.2ms
[2023-10-30T22:40:27.147+0000][5.798s][info ][gc,heap       ] GC(21) Eden regions: 161->0(161)
[2023-10-30T22:40:27.148+0000][5.799s][info ][gc,heap       ] GC(21) Survivor regions: 11->11(22)
[2023-10-30T22:40:27.149+0000][5.799s][info ][gc,heap       ] GC(21) Old regions: 20->20
[2023-10-30T22:40:27.149+0000][5.800s][info ][gc,heap       ] GC(21) Humongous regions: 0->0
[2023-10-30T22:40:27.150+0000][5.800s][info ][gc,metaspace  ] GC(21) Metaspace: 37508K(38780K)->37508K(38780K) NonClass: 32912K(33788K)->32912K(33788K) Class: 4596K(4992K)->4596K(4992K)
[2023-10-30T22:40:27.150+0000][5.801s][info ][gc            ] GC(21) Pause Young (Normal) (G1 Evacuation Pause) 190M->29M(288M) 17.047ms
[2023-10-30T22:40:27.151+0000][5.801s][info ][gc,cpu        ] GC(21) User=0.05s Sys=0.00s Real=0.02s
[2023-10-30T22:40:27.151+0000][5.802s][info ][safepoint     ] Leaving safepoint region
[2023-10-30T22:40:27.152+0000][5.802s][info ][safepoint     ] Total time for which application threads were stopped: 0.0199484 seconds, Stopping threads took: 0.0011920 seconds
[2023-10-30T22:40:27.152+0000][5.803s][info ][gc,stringdedup] Concurrent String Deduplication (5.803s)
[2023-10-30T22:40:27.155+0000][5.806s][info ][gc,stringdedup] Concurrent String Deduplication 370.5K->175.1K(195.4K) avg 42.9% (5.803s, 5.806s) 2.685ms
[2023-10-30T22:40:27.232+0000][5.882s][debug][safepoint     ] Safepoint synchronization initiated. (11 threads)
[2023-10-30T22:40:27.232+0000][5.883s][info ][safepoint     ] Application time: 0.0803600 seconds
[2023-10-30T22:40:27.233+0000][5.884s][info ][safepoint     ] Entering safepoint region: Deoptimize
[2023-10-30T22:40:27.234+0000][5.885s][info ][safepoint     ] Leaving safepoint region
[2023-10-30T22:40:27.235+0000][5.885s][info ][safepoint     ] Total time for which application threads were stopped: 0.0016569 seconds, Stopping threads took: 0.0004561 seconds
[2023-10-30T22:40:27.609+0000][6.260s][debug][safepoint     ] Safepoint synchronization initiated. (12 threads)
[2023-10-30T22:40:27.610+0000][6.261s][info ][safepoint     ] Application time: 0.3747878 seconds
[2023-10-30T22:40:27.610+0000][6.261s][info ][safepoint     ] Entering safepoint region: ICBufferFull
[2023-10-30T22:40:27.611+0000][6.261s][info ][safepoint     ] Leaving safepoint region
[2023-10-30T22:40:27.611+0000][6.262s][info ][safepoint     ] Total time for which application threads were stopped: 0.0010228 seconds, Stopping threads took: 0.0003554 seconds
[2023-10-30T22:40:27.745+0000][6.396s][debug][safepoint     ] Safepoint synchronization initiated. (12 threads)
[2023-10-30T22:40:27.746+0000][6.396s][info ][safepoint     ] Application time: 0.1342274 seconds
[2023-10-30T22:40:27.746+0000][6.397s][info ][safepoint     ] Entering safepoint region: G1CollectForAllocation
[2023-10-30T22:40:27.747+0000][6.397s][info ][gc,start      ] GC(22) Pause Young (Normal) (G1 Evacuation Pause)
[2023-10-30T22:40:27.747+0000][6.398s][info ][gc,task       ] GC(22) Using 6 workers of 8 for evacuation
[2023-10-30T22:40:27.757+0000][6.408s][info ][gc,phases     ] GC(22)   Pre Evacuate Collection Set: 0.0ms
[2023-10-30T22:40:27.757+0000][6.408s][info ][gc,phases     ] GC(22)   Evacuate Collection Set: 7.7ms
[2023-10-30T22:40:27.758+0000][6.408s][info ][gc,phases     ] GC(22)   Post Evacuate Collection Set: 1.9ms
[2023-10-30T22:40:27.758+0000][6.409s][info ][gc,phases     ] GC(22)   Other: 0.8ms
[2023-10-30T22:40:27.758+0000][6.409s][info ][gc,heap       ] GC(22) Eden regions: 161->0(195)
[2023-10-30T22:40:27.759+0000][6.410s][info ][gc,heap       ] GC(22) Survivor regions: 11->12(22)
[2023-10-30T22:40:27.759+0000][6.410s][info ][gc,heap       ] GC(22) Old regions: 20->22
[2023-10-30T22:40:27.759+0000][6.410s][info ][gc,heap       ] GC(22) Humongous regions: 0->0
[2023-10-30T22:40:27.760+0000][6.410s][info ][gc,metaspace  ] GC(22) Metaspace: 39825K(41084K)->39825K(41084K) NonClass: 34941K(35836K)->34941K(35836K) Class: 4884K(5248K)->4884K(5248K)
[2023-10-30T22:40:27.760+0000][6.411s][info ][gc            ] GC(22) Pause Young (Normal) (G1 Evacuation Pause) 190M->32M(346M) 13.457ms
[2023-10-30T22:40:27.760+0000][6.411s][info ][gc,cpu        ] GC(22) User=0.03s Sys=0.05s Real=0.02s
[2023-10-30T22:40:27.761+0000][6.411s][info ][safepoint     ] Leaving safepoint region
[2023-10-30T22:40:27.761+0000][6.412s][info ][safepoint     ] Total time for which application threads were stopped: 0.0149450 seconds, Stopping threads took: 0.0003497 seconds
[2023-10-30T22:40:27.762+0000][6.412s][info ][gc,stringdedup] Concurrent String Deduplication (6.412s)
[2023-10-30T22:40:27.764+0000][6.414s][info ][gc,stringdedup] Concurrent String Deduplication 161.4K->60496.0B(102.3K) avg 43.3% (6.412s, 6.414s) 1.876ms
[2023-10-30T22:40:28.073+0000][6.724s][debug][safepoint     ] Safepoint synchronization initiated. (12 threads)
[2023-10-30T22:40:28.074+0000][6.725s][info ][safepoint     ] Application time: 0.3124308 seconds
[2023-10-30T22:40:28.075+0000][6.725s][info ][safepoint     ] Entering safepoint region: CollectForMetadataAllocation
[2023-10-30T22:40:28.075+0000][6.726s][info ][gc,start      ] GC(23) Pause Young (Concurrent Start) (Metadata GC Threshold)
[2023-10-30T22:40:28.076+0000][6.727s][info ][gc,task       ] GC(23) Using 8 workers of 8 for evacuation
[2023-10-30T22:40:28.093+0000][6.744s][info ][gc,phases     ] GC(23)   Pre Evacuate Collection Set: 0.2ms
[2023-10-30T22:40:28.094+0000][6.745s][info ][gc,phases     ] GC(23)   Evacuate Collection Set: 14.2ms
[2023-10-30T22:40:28.094+0000][6.745s][info ][gc,phases     ] GC(23)   Post Evacuate Collection Set: 2.1ms
[2023-10-30T22:40:28.095+0000][6.745s][info ][gc,phases     ] GC(23)   Other: 1.5ms
[2023-10-30T22:40:28.095+0000][6.746s][info ][gc,heap       ] GC(23) Eden regions: 44->0(196)
[2023-10-30T22:40:28.096+0000][6.746s][info ][gc,heap       ] GC(23) Survivor regions: 12->11(26)
[2023-10-30T22:40:28.096+0000][6.747s][info ][gc,heap       ] GC(23) Old regions: 22->24
[2023-10-30T22:40:28.096+0000][6.747s][info ][gc,heap       ] GC(23) Humongous regions: 0->0
[2023-10-30T22:40:28.097+0000][6.747s][info ][gc,metaspace  ] GC(23) Metaspace: 40316K(41380K)->40316K(41380K) NonClass: 35355K(36004K)->35355K(36004K) Class: 4960K(5376K)->4960K(5376K)
[2023-10-30T22:40:28.097+0000][6.748s][info ][gc            ] GC(23) Pause Young (Concurrent Start) (Metadata GC Threshold) 76M->32M(346M) 21.735ms
[2023-10-30T22:40:28.097+0000][6.748s][info ][gc,cpu        ] GC(23) User=0.07s Sys=0.04s Real=0.02s
[2023-10-30T22:40:28.098+0000][6.749s][info ][gc            ] GC(24) Concurrent Cycle
[2023-10-30T22:40:28.098+0000][6.749s][info ][safepoint     ] Leaving safepoint region
[2023-10-30T22:40:28.098+0000][6.749s][info ][gc,marking    ] GC(24) Concurrent Clear Claimed Marks
[2023-10-30T22:40:28.099+0000][6.749s][info ][safepoint     ] Total time for which application threads were stopped: 0.0241693 seconds, Stopping threads took: 0.0006407 seconds
[2023-10-30T22:40:28.099+0000][6.750s][info ][gc,marking    ] GC(24) Concurrent Clear Claimed Marks 0.899ms
[2023-10-30T22:40:28.100+0000][6.751s][info ][gc,marking    ] GC(24) Concurrent Scan Root Regions
[2023-10-30T22:40:28.099+0000][6.750s][info ][gc,stringdedup] Concurrent String Deduplication (6.750s)
[2023-10-30T22:40:28.102+0000][6.752s][info ][gc,stringdedup] Concurrent String Deduplication 94216.0B->28536.0B(65680.0B) avg 43.6% (6.750s, 6.752s) 2.063ms
[2023-10-30T22:40:28.105+0000][6.756s][info ][gc,marking    ] GC(24) Concurrent Scan Root Regions 5.299ms
[2023-10-30T22:40:28.106+0000][6.757s][info ][gc,marking    ] GC(24) Concurrent Mark (6.757s)
[2023-10-30T22:40:28.107+0000][6.758s][info ][gc,marking    ] GC(24) Concurrent Mark From Roots
[2023-10-30T22:40:28.108+0000][6.758s][info ][gc,task       ] GC(24) Using 2 workers of 2 for marking
[2023-10-30T22:40:28.139+0000][6.789s][info ][gc,marking    ] GC(24) Concurrent Mark From Roots 31.888ms
[2023-10-30T22:40:28.139+0000][6.790s][info ][gc,marking    ] GC(24) Concurrent Preclean
[2023-10-30T22:40:28.140+0000][6.791s][info ][gc,marking    ] GC(24) Concurrent Preclean 0.609ms
[2023-10-30T22:40:28.141+0000][6.791s][info ][gc,marking    ] GC(24) Concurrent Mark (6.757s, 6.791s) 34.055ms
[2023-10-30T22:40:28.142+0000][6.792s][debug][safepoint     ] Safepoint synchronization initiated. (12 threads)
[2023-10-30T22:40:28.142+0000][6.793s][info ][safepoint     ] Application time: 0.0429820 seconds
[2023-10-30T22:40:28.143+0000][6.794s][debug][safepoint     ] ... found polling page return exception at pc = 0x00007f93417f06de, stub =0x00007f9340840600
[2023-10-30T22:40:28.143+0000][6.794s][debug][safepoint     ] Waiting for 1 thread(s) to block
[2023-10-30T22:40:28.144+0000][6.794s][info ][safepoint     ] Entering safepoint region: CGC_Operation
[2023-10-30T22:40:28.144+0000][6.795s][info ][gc,start      ] GC(24) Pause Remark
[2023-10-30T22:40:28.159+0000][6.810s][info ][gc,stringtable] GC(24) Cleaned string and symbol table, strings: 14615 processed, 17 removed, symbols: 140379 processed, 332 removed
[2023-10-30T22:40:28.160+0000][6.811s][info ][gc            ] GC(24) Pause Remark 37M->37M(346M) 15.965ms
[2023-10-30T22:40:28.161+0000][6.811s][info ][gc,cpu        ] GC(24) User=0.10s Sys=0.00s Real=0.02s
[2023-10-30T22:40:28.161+0000][6.812s][info ][safepoint     ] Leaving safepoint region
[2023-10-30T22:40:28.161+0000][6.812s][info ][safepoint     ] Total time for which application threads were stopped: 0.0185870 seconds, Stopping threads took: 0.0012260 seconds
[2023-10-30T22:40:28.162+0000][6.813s][info ][gc,marking    ] GC(24) Concurrent Rebuild Remembered Sets
[2023-10-30T22:40:28.177+0000][6.828s][info ][gc,marking    ] GC(24) Concurrent Rebuild Remembered Sets 14.871ms
[2023-10-30T22:40:28.178+0000][6.828s][debug][safepoint     ] Safepoint synchronization initiated. (12 threads)
[2023-10-30T22:40:28.178+0000][6.829s][info ][safepoint     ] Application time: 0.0161462 seconds
[2023-10-30T22:40:28.179+0000][6.829s][debug][safepoint     ] ... found polling page return exception at pc = 0x00007f9348683913, stub =0x00007f9340840600
[2023-10-30T22:40:28.179+0000][6.830s][debug][safepoint     ] Waiting for 1 thread(s) to block
[2023-10-30T22:40:28.180+0000][6.830s][info ][safepoint     ] Entering safepoint region: CGC_Operation
[2023-10-30T22:40:28.180+0000][6.831s][info ][gc,start      ] GC(24) Pause Cleanup
[2023-10-30T22:40:28.181+0000][6.832s][info ][gc            ] GC(24) Pause Cleanup 40M->40M(346M) 0.792ms
[2023-10-30T22:40:28.182+0000][6.832s][info ][gc,cpu        ] GC(24) User=0.00s Sys=0.00s Real=0.00s
[2023-10-30T22:40:28.182+0000][6.833s][info ][safepoint     ] Leaving safepoint region
[2023-10-30T22:40:28.183+0000][6.833s][info ][safepoint     ] Total time for which application threads were stopped: 0.0039210 seconds, Stopping threads took: 0.0015388 seconds
[2023-10-30T22:40:28.183+0000][6.834s][info ][gc,marking    ] GC(24) Concurrent Cleanup for Next Mark
[2023-10-30T22:40:28.184+0000][6.835s][info ][gc,marking    ] GC(24) Concurrent Cleanup for Next Mark 1.604ms
[2023-10-30T22:40:28.185+0000][6.836s][info ][gc            ] GC(24) Concurrent Cycle 87.051ms
[2023-10-30T22:40:28.407+0000][7.058s][debug][safepoint     ] Safepoint synchronization initiated. (12 threads)
[2023-10-30T22:40:28.408+0000][7.059s][info ][safepoint     ] Application time: 0.2250572 seconds
[2023-10-30T22:40:28.408+0000][7.059s][info ][safepoint     ] Entering safepoint region: Deoptimize
[2023-10-30T22:40:28.410+0000][7.060s][info ][safepoint     ] Leaving safepoint region
[2023-10-30T22:40:28.410+0000][7.061s][info ][safepoint     ] Total time for which application threads were stopped: 0.0015075 seconds, Stopping threads took: 0.0003601 seconds
[2023-10-30T22:40:28.422+0000][7.073s][debug][safepoint     ] Safepoint synchronization initiated. (12 threads)
[2023-10-30T22:40:28.423+0000][7.074s][info ][safepoint     ] Application time: 0.0127870 seconds
[2023-10-30T22:40:28.423+0000][7.074s][info ][safepoint     ] Entering safepoint region: Deoptimize
[2023-10-30T22:40:28.424+0000][7.075s][info ][safepoint     ] Leaving safepoint region
[2023-10-30T22:40:28.425+0000][7.075s][info ][safepoint     ] Total time for which application threads were stopped: 0.0013791 seconds, Stopping threads took: 0.0003331 seconds
[2023-10-30T22:40:28.446+0000][7.096s][debug][safepoint     ] Safepoint synchronization initiated. (12 threads)
[2023-10-30T22:40:28.446+0000][7.097s][info ][safepoint     ] Application time: 0.0212374 seconds
[2023-10-30T22:40:28.447+0000][7.098s][info ][safepoint     ] Entering safepoint region: Deoptimize
[2023-10-30T22:40:28.448+0000][7.099s][info ][safepoint     ] Leaving safepoint region
[2023-10-30T22:40:28.449+0000][7.099s][info ][safepoint     ] Total time for which application threads were stopped: 0.0017393 seconds, Stopping threads took: 0.0005154 seconds
[2023-10-30T22:40:28.691+0000][7.342s][debug][safepoint     ] Safepoint synchronization initiated. (12 threads)
[2023-10-30T22:40:28.692+0000][7.342s][info ][safepoint     ] Application time: 0.2426426 seconds
[2023-10-30T22:40:28.692+0000][7.343s][info ][safepoint     ] Entering safepoint region: Deoptimize
[2023-10-30T22:40:28.693+0000][7.344s][info ][safepoint     ] Leaving safepoint region
[2023-10-30T22:40:28.694+0000][7.344s][info ][safepoint     ] Total time for which application threads were stopped: 0.0016850 seconds, Stopping threads took: 0.0003739 seconds
[2023-10-30T22:40:28.696+0000][7.346s][debug][safepoint     ] Safepoint synchronization initiated. (12 threads)
[2023-10-30T22:40:28.696+0000][7.347s][info ][safepoint     ] Application time: 0.0017961 seconds
[2023-10-30T22:40:28.696+0000][7.347s][info ][safepoint     ] Entering safepoint region: Deoptimize
[2023-10-30T22:40:28.698+0000][7.349s][info ][safepoint     ] Leaving safepoint region
[2023-10-30T22:40:28.698+0000][7.349s][info ][safepoint     ] Total time for which application threads were stopped: 0.0019599 seconds, Stopping threads took: 0.0003843 seconds
[2023-10-30T22:40:28.789+0000][7.440s][debug][safepoint     ] Safepoint synchronization initiated. (12 threads)
[2023-10-30T22:40:28.790+0000][7.441s][info ][safepoint     ] Application time: 0.0913579 seconds
[2023-10-30T22:40:28.791+0000][7.442s][info ][safepoint     ] Entering safepoint region: Deoptimize
[2023-10-30T22:40:28.792+0000][7.443s][info ][safepoint     ] Leaving safepoint region
[2023-10-30T22:40:28.793+0000][7.443s][info ][safepoint     ] Total time for which application threads were stopped: 0.0017400 seconds, Stopping threads took: 0.0004394 seconds
[2023-10-30T22:40:29.193+0000][7.844s][debug][safepoint     ] Safepoint synchronization initiated. (12 threads)
[2023-10-30T22:40:29.194+0000][7.844s][info ][safepoint     ] Application time: 0.4005730 seconds
[2023-10-30T22:40:29.194+0000][7.845s][info ][safepoint     ] Entering safepoint region: G1CollectForAllocation
[2023-10-30T22:40:29.195+0000][7.846s][info ][gc,start      ] GC(25) Pause Young (Normal) (G1 Evacuation Pause)
[2023-10-30T22:40:29.195+0000][7.846s][info ][gc,task       ] GC(25) Using 8 workers of 8 for evacuation
[2023-10-30T22:40:29.212+0000][7.863s][info ][gc,phases     ] GC(25)   Pre Evacuate Collection Set: 0.0ms
[2023-10-30T22:40:29.212+0000][7.863s][info ][gc,phases     ] GC(25)   Evacuate Collection Set: 13.2ms
[2023-10-30T22:40:29.213+0000][7.864s][info ][gc,phases     ] GC(25)   Post Evacuate Collection Set: 2.4ms
[2023-10-30T22:40:29.213+0000][7.864s][info ][gc,phases     ] GC(25)   Other: 1.5ms
[2023-10-30T22:40:29.214+0000][7.864s][info ][gc,heap       ] GC(25) Eden regions: 196->0(196)
[2023-10-30T22:40:29.214+0000][7.865s][info ][gc,heap       ] GC(25) Survivor regions: 11->11(26)
[2023-10-30T22:40:29.214+0000][7.865s][info ][gc,heap       ] GC(25) Old regions: 24->25
[2023-10-30T22:40:29.215+0000][7.866s][info ][gc,heap       ] GC(25) Humongous regions: 0->0
[2023-10-30T22:40:29.215+0000][7.866s][info ][gc,metaspace  ] GC(25) Metaspace: 45392K(46756K)->45392K(46756K) NonClass: 39751K(40612K)->39751K(40612K) Class: 5641K(6144K)->5641K(6144K)
[2023-10-30T22:40:29.216+0000][7.866s][info ][gc            ] GC(25) Pause Young (Normal) (G1 Evacuation Pause) 228M->34M(346M) 20.832ms
[2023-10-30T22:40:29.216+0000][7.867s][info ][gc,cpu        ] GC(25) User=0.12s Sys=0.00s Real=0.02s
[2023-10-30T22:40:29.217+0000][7.867s][info ][safepoint     ] Leaving safepoint region
[2023-10-30T22:40:29.217+0000][7.868s][info ][safepoint     ] Total time for which application threads were stopped: 0.0228506 seconds, Stopping threads took: 0.0004885 seconds
[2023-10-30T22:40:29.218+0000][7.868s][info ][gc,stringdedup] Concurrent String Deduplication (7.868s)
[2023-10-30T22:40:29.221+0000][7.871s][info ][gc,stringdedup] Concurrent String Deduplication 281.8K->82360.0B(201.4K) avg 44.5% (7.868s, 7.871s) 3.036ms
[2023-10-30T22:40:29.248+0000][7.899s][debug][safepoint     ] Safepoint synchronization initiated. (12 threads)
[2023-10-30T22:40:29.249+0000][7.900s][info ][safepoint     ] Application time: 0.0313565 seconds
[2023-10-30T22:40:29.250+0000][7.900s][info ][safepoint     ] Entering safepoint region: Deoptimize
[2023-10-30T22:40:29.251+0000][7.902s][info ][safepoint     ] Leaving safepoint region
[2023-10-30T22:40:29.251+0000][7.902s][info ][safepoint     ] Total time for which application threads were stopped: 0.0018724 seconds, Stopping threads took: 0.0004802 seconds
[2023-10-30T22:40:29.253+0000][7.904s][debug][safepoint     ] Safepoint synchronization initiated. (12 threads)
[2023-10-30T22:40:29.253+0000][7.904s][info ][safepoint     ] Application time: 0.0014296 seconds
[2023-10-30T22:40:29.254+0000][7.904s][info ][safepoint     ] Entering safepoint region: Deoptimize
[2023-10-30T22:40:29.256+0000][7.906s][info ][safepoint     ] Leaving safepoint region
[2023-10-30T22:40:29.256+0000][7.907s][info ][safepoint     ] Total time for which application threads were stopped: 0.0024258 seconds, Stopping threads took: 0.0003622 seconds
[2023-10-30T22:40:29.475+0000][8.125s][debug][safepoint     ] Safepoint synchronization initiated. (12 threads)
[2023-10-30T22:40:29.475+0000][8.126s][info ][safepoint     ] Application time: 0.2185582 seconds
[2023-10-30T22:40:29.476+0000][8.126s][info ][safepoint     ] Entering safepoint region: Deoptimize
[2023-10-30T22:40:29.477+0000][8.128s][info ][safepoint     ] Leaving safepoint region
[2023-10-30T22:40:29.477+0000][8.128s][info ][safepoint     ] Total time for which application threads were stopped: 0.0016496 seconds, Stopping threads took: 0.0003741 seconds
[2023-10-30T22:40:29.622+0000][8.273s][debug][safepoint     ] Safepoint synchronization initiated. (12 threads)
[2023-10-30T22:40:29.623+0000][8.274s][info ][safepoint     ] Application time: 0.1454645 seconds
[2023-10-30T22:40:29.624+0000][8.274s][info ][safepoint     ] Entering safepoint region: Deoptimize
[2023-10-30T22:40:29.625+0000][8.276s][info ][safepoint     ] Leaving safepoint region
[2023-10-30T22:40:29.626+0000][8.277s][info ][safepoint     ] Total time for which application threads were stopped: 0.0021651 seconds, Stopping threads took: 0.0004762 seconds
[2023-10-30T22:40:30.055+0000][8.705s][debug][safepoint     ] Safepoint synchronization initiated. (12 threads)
[2023-10-30T22:40:30.055+0000][8.706s][info ][safepoint     ] Application time: 0.4288328 seconds
[2023-10-30T22:40:30.056+0000][8.706s][info ][safepoint     ] Entering safepoint region: Deoptimize
[2023-10-30T22:40:30.059+0000][8.710s][info ][safepoint     ] Leaving safepoint region
[2023-10-30T22:40:30.059+0000][8.710s][info ][safepoint     ] Total time for which application threads were stopped: 0.0036812 seconds, Stopping threads took: 0.0004376 seconds
[2023-10-30T22:40:31.060+0000][9.711s][debug][safepoint     ] Safepoint synchronization initiated. (14 threads)
[2023-10-30T22:40:31.060+0000][9.711s][info ][safepoint     ] Application time: 1.0006720 seconds
[2023-10-30T22:40:31.061+0000][9.712s][info ][safepoint     ] Entering safepoint region: Cleanup
[2023-10-30T22:40:31.062+0000][9.712s][info ][safepoint     ] Leaving safepoint region
[2023-10-30T22:40:31.062+0000][9.713s][info ][safepoint     ] Total time for which application threads were stopped: 0.0008948 seconds, Stopping threads took: 0.0003592 seconds
[2023-10-30T22:40:31.149+0000][9.800s][debug][safepoint     ] Safepoint synchronization initiated. (14 threads)
[2023-10-30T22:40:31.174+0000][9.825s][info ][safepoint     ] Application time: 0.1116374 seconds
[2023-10-30T22:40:31.190+0000][9.840s][info ][safepoint     ] Entering safepoint region: Deoptimize
[2023-10-30T22:40:31.191+0000][9.842s][info ][safepoint     ] Leaving safepoint region
[2023-10-30T22:40:31.192+0000][9.843s][info ][safepoint     ] Total time for which application threads were stopped: 0.0022340 seconds, Stopping threads took: 0.0006565 seconds
[2023-10-30T22:40:31.292+0000][9.942s][debug][safepoint     ] Safepoint synchronization initiated. (14 threads)
[2023-10-30T22:40:31.292+0000][9.943s][info ][safepoint     ] Application time: 0.0993422 seconds
[2023-10-30T22:40:31.293+0000][9.944s][info ][safepoint     ] Entering safepoint region: Deoptimize
[2023-10-30T22:40:31.295+0000][9.946s][info ][safepoint     ] Leaving safepoint region
[2023-10-30T22:40:31.296+0000][9.946s][info ][safepoint     ] Total time for which application threads were stopped: 0.0021196 seconds, Stopping threads took: 0.0004903 seconds
[2023-10-30T22:40:31.562+0000][10.213s][debug][safepoint     ] Safepoint synchronization initiated. (14 threads)
[2023-10-30T22:40:31.562+0000][10.213s][info ][safepoint     ] Application time: 0.2665537 seconds
[2023-10-30T22:40:31.563+0000][10.214s][info ][safepoint     ] Entering safepoint region: ICBufferFull
[2023-10-30T22:40:31.564+0000][10.214s][info ][safepoint     ] Leaving safepoint region
[2023-10-30T22:40:31.564+0000][10.215s][info ][safepoint     ] Total time for which application threads were stopped: 0.0009576 seconds, Stopping threads took: 0.0003792 seconds
[2023-10-30T22:40:31.567+0000][10.218s][debug][safepoint     ] Safepoint synchronization initiated. (14 threads)
[2023-10-30T22:40:31.568+0000][10.219s][info ][safepoint     ] Application time: 0.0038649 seconds
[2023-10-30T22:40:31.569+0000][10.219s][debug][safepoint     ] Waiting for 1 thread(s) to block
[2023-10-30T22:40:31.569+0000][10.220s][info ][safepoint     ] Entering safepoint region: G1CollectForAllocation
[2023-10-30T22:40:31.570+0000][10.220s][info ][gc,start      ] GC(26) Pause Young (Normal) (G1 Evacuation Pause)
[2023-10-30T22:40:31.570+0000][10.221s][info ][gc,task       ] GC(26) Using 8 workers of 8 for evacuation
[2023-10-30T22:40:31.585+0000][10.235s][info ][gc,phases     ] GC(26)   Pre Evacuate Collection Set: 0.3ms
[2023-10-30T22:40:31.585+0000][10.236s][info ][gc,phases     ] GC(26)   Evacuate Collection Set: 12.1ms
[2023-10-30T22:40:31.586+0000][10.236s][info ][gc,phases     ] GC(26)   Post Evacuate Collection Set: 1.7ms
[2023-10-30T22:40:31.586+0000][10.237s][info ][gc,phases     ] GC(26)   Other: 1.0ms
[2023-10-30T22:40:31.586+0000][10.237s][info ][gc,heap       ] GC(26) Eden regions: 196->0(192)
[2023-10-30T22:40:31.587+0000][10.237s][info ][gc,heap       ] GC(26) Survivor regions: 11->15(26)
[2023-10-30T22:40:31.587+0000][10.238s][info ][gc,heap       ] GC(26) Old regions: 25->26
[2023-10-30T22:40:31.587+0000][10.238s][info ][gc,heap       ] GC(26) Humongous regions: 0->0
[2023-10-30T22:40:31.587+0000][10.238s][info ][gc,metaspace  ] GC(26) Metaspace: 52718K(54052K)->52718K(54052K) NonClass: 46223K(47012K)->46223K(47012K) Class: 6495K(7040K)->6495K(7040K)
[2023-10-30T22:40:31.588+0000][10.239s][info ][gc            ] GC(26) Pause Young (Normal) (G1 Evacuation Pause) 230M->38M(346M) 18.192ms
[2023-10-30T22:40:31.588+0000][10.239s][info ][gc,cpu        ] GC(26) User=0.08s Sys=0.03s Real=0.02s
[2023-10-30T22:40:31.589+0000][10.239s][info ][safepoint     ] Leaving safepoint region
[2023-10-30T22:40:31.589+0000][10.240s][info ][safepoint     ] Total time for which application threads were stopped: 0.0204348 seconds, Stopping threads took: 0.0009748 seconds
[2023-10-30T22:40:31.589+0000][10.240s][info ][gc,stringdedup] Concurrent String Deduplication (10.240s)
[2023-10-30T22:40:31.590+0000][10.241s][info ][gc,stringdedup] Concurrent String Deduplication 51000.0B->27120.0B(23880.0B) avg 44.5% (10.240s, 10.241s) 0.941ms
[2023-10-30T22:40:32.207+0000][10.858s][debug][safepoint     ] Safepoint synchronization initiated. (14 threads)
[2023-10-30T22:40:32.208+0000][10.858s][info ][safepoint     ] Application time: 0.6185162 seconds
[2023-10-30T22:40:32.208+0000][10.859s][info ][safepoint     ] Entering safepoint region: G1CollectForAllocation
[2023-10-30T22:40:32.209+0000][10.859s][info ][gc,start      ] GC(27) Pause Young (Normal) (G1 Evacuation Pause)
[2023-10-30T22:40:32.210+0000][10.860s][info ][gc,task       ] GC(27) Using 8 workers of 8 for evacuation
[2023-10-30T22:40:32.221+0000][10.872s][info ][gc,phases     ] GC(27)   Pre Evacuate Collection Set: 0.0ms
[2023-10-30T22:40:32.222+0000][10.873s][info ][gc,phases     ] GC(27)   Evacuate Collection Set: 9.2ms
[2023-10-30T22:40:32.222+0000][10.873s][info ][gc,phases     ] GC(27)   Post Evacuate Collection Set: 1.9ms
[2023-10-30T22:40:32.223+0000][10.873s][info ][gc,phases     ] GC(27)   Other: 1.4ms
[2023-10-30T22:40:32.223+0000][10.874s][info ][gc,heap       ] GC(27) Eden regions: 192->0(192)
[2023-10-30T22:40:32.224+0000][10.874s][info ][gc,heap       ] GC(27) Survivor regions: 15->15(26)
[2023-10-30T22:40:32.224+0000][10.875s][info ][gc,heap       ] GC(27) Old regions: 26->26
[2023-10-30T22:40:32.224+0000][10.875s][info ][gc,heap       ] GC(27) Humongous regions: 0->0
[2023-10-30T22:40:32.225+0000][10.875s][info ][gc,metaspace  ] GC(27) Metaspace: 55791K(57380K)->55791K(57380K) NonClass: 48854K(49828K)->48854K(49828K) Class: 6936K(7552K)->6936K(7552K)
[2023-10-30T22:40:32.225+0000][10.876s][info ][gc            ] GC(27) Pause Young (Normal) (G1 Evacuation Pause) 230M->38M(346M) 16.204ms
[2023-10-30T22:40:32.225+0000][10.876s][info ][gc,cpu        ] GC(27) User=0.08s Sys=0.00s Real=0.01s
[2023-10-30T22:40:32.226+0000][10.876s][info ][safepoint     ] Leaving safepoint region
[2023-10-30T22:40:32.226+0000][10.877s][info ][safepoint     ] Total time for which application threads were stopped: 0.0178165 seconds, Stopping threads took: 0.0004074 seconds
[2023-10-30T22:40:32.226+0000][10.877s][info ][gc,stringdedup] Concurrent String Deduplication (10.877s)
[2023-10-30T22:40:32.230+0000][10.880s][info ][gc,stringdedup] Concurrent String Deduplication 211.0K->83112.0B(129.9K) avg 44.9% (10.877s, 10.880s) 3.357ms
[2023-10-30T22:40:33.149+0000][11.800s][debug][safepoint     ] Safepoint synchronization initiated. (16 threads)
[2023-10-30T22:40:33.150+0000][11.801s][info ][safepoint     ] Application time: 0.9235669 seconds
[2023-10-30T22:40:33.150+0000][11.801s][info ][safepoint     ] Entering safepoint region: G1CollectForAllocation
[2023-10-30T22:40:33.151+0000][11.802s][info ][gc,start      ] GC(28) Pause Young (Normal) (G1 Evacuation Pause)
[2023-10-30T22:40:33.152+0000][11.802s][info ][gc,task       ] GC(28) Using 8 workers of 8 for evacuation
[2023-10-30T22:40:33.169+0000][11.820s][info ][gc,phases     ] GC(28)   Pre Evacuate Collection Set: 0.0ms
[2023-10-30T22:40:33.170+0000][11.820s][info ][gc,phases     ] GC(28)   Evacuate Collection Set: 14.0ms
[2023-10-30T22:40:33.170+0000][11.821s][info ][gc,phases     ] GC(28)   Post Evacuate Collection Set: 2.5ms
[2023-10-30T22:40:33.171+0000][11.821s][info ][gc,phases     ] GC(28)   Other: 1.6ms
[2023-10-30T22:40:33.171+0000][11.822s][info ][gc,heap       ] GC(28) Eden regions: 192->0(192)
[2023-10-30T22:40:33.171+0000][11.822s][info ][gc,heap       ] GC(28) Survivor regions: 15->15(26)
[2023-10-30T22:40:33.172+0000][11.823s][info ][gc,heap       ] GC(28) Old regions: 26->28
[2023-10-30T22:40:33.173+0000][11.823s][info ][gc,heap       ] GC(28) Humongous regions: 0->0
[2023-10-30T22:40:33.173+0000][11.824s][info ][gc,metaspace  ] GC(28) Metaspace: 61934K(63652K)->61934K(63652K) NonClass: 54061K(55204K)->54061K(55204K) Class: 7872K(8448K)->7872K(8448K)
[2023-10-30T22:40:33.174+0000][11.824s][info ][gc            ] GC(28) Pause Young (Normal) (G1 Evacuation Pause) 230M->40M(346M) 22.486ms
[2023-10-30T22:40:33.174+0000][11.825s][info ][gc,cpu        ] GC(28) User=0.11s Sys=0.01s Real=0.02s
[2023-10-30T22:40:33.175+0000][11.825s][info ][safepoint     ] Leaving safepoint region
[2023-10-30T22:40:33.175+0000][11.826s][info ][safepoint     ] Total time for which application threads were stopped: 0.0248104 seconds, Stopping threads took: 0.0004116 seconds
[2023-10-30T22:40:33.176+0000][11.826s][info ][gc,stringdedup] Concurrent String Deduplication (11.826s)
[2023-10-30T22:40:33.180+0000][11.831s][info ][gc,stringdedup] Concurrent String Deduplication 351.2K->157.2K(194.0K) avg 45.2% (11.826s, 11.831s) 4.338ms
[2023-10-30T22:40:33.505+0000][12.156s][debug][safepoint     ] Safepoint synchronization initiated. (17 threads)
[2023-10-30T22:40:33.506+0000][12.156s][info ][safepoint     ] Application time: 0.3301935 seconds
[2023-10-30T22:40:33.506+0000][12.157s][info ][safepoint     ] Entering safepoint region: ICBufferFull
[2023-10-30T22:40:33.507+0000][12.158s][info ][safepoint     ] Leaving safepoint region
[2023-10-30T22:40:33.507+0000][12.158s][info ][safepoint     ] Total time for which application threads were stopped: 0.0011596 seconds, Stopping threads took: 0.0004431 seconds
[2023-10-30T22:40:33.617+0000][12.267s][debug][safepoint     ] Safepoint synchronization initiated. (17 threads)
[2023-10-30T22:40:33.617+0000][12.268s][info ][safepoint     ] Application time: 0.1094005 seconds
[2023-10-30T22:40:33.618+0000][12.268s][info ][safepoint     ] Entering safepoint region: Deoptimize
[2023-10-30T22:40:33.623+0000][12.273s][info ][safepoint     ] Leaving safepoint region
[2023-10-30T22:40:33.623+0000][12.274s][info ][safepoint     ] Total time for which application threads were stopped: 0.0053581 seconds, Stopping threads took: 0.0004936 seconds
[2023-10-30T22:40:33.689+0000][12.340s][debug][safepoint     ] Safepoint synchronization initiated. (17 threads)
[2023-10-30T22:40:33.690+0000][12.340s][info ][safepoint     ] Application time: 0.0662137 seconds
[2023-10-30T22:40:33.690+0000][12.341s][info ][safepoint     ] Entering safepoint region: Deoptimize
[2023-10-30T22:40:33.692+0000][12.343s][info ][safepoint     ] Leaving safepoint region
[2023-10-30T22:40:33.692+0000][12.343s][info ][safepoint     ] Total time for which application threads were stopped: 0.0021609 seconds, Stopping threads took: 0.0003746 seconds
[2023-10-30T22:40:34.230+0000][12.880s][debug][safepoint     ] Safepoint synchronization initiated. (17 threads)
[2023-10-30T22:40:34.230+0000][12.881s][info ][safepoint     ] Application time: 0.5376663 seconds
[2023-10-30T22:40:34.231+0000][12.882s][info ][safepoint     ] Entering safepoint region: ICBufferFull
[2023-10-30T22:40:34.232+0000][12.883s][info ][safepoint     ] Leaving safepoint region
[2023-10-30T22:40:34.232+0000][12.883s][info ][safepoint     ] Total time for which application threads were stopped: 0.0014454 seconds, Stopping threads took: 0.0005671 seconds
[2023-10-30T22:40:34.514+0000][13.165s][debug][safepoint     ] Safepoint synchronization initiated. (17 threads)
[2023-10-30T22:40:34.514+0000][13.165s][info ][safepoint     ] Application time: 0.2812018 seconds
[2023-10-30T22:40:34.515+0000][13.166s][info ][safepoint     ] Entering safepoint region: G1CollectForAllocation
[2023-10-30T22:40:34.516+0000][13.166s][info ][gc,start      ] GC(29) Pause Young (Normal) (G1 Evacuation Pause)
[2023-10-30T22:40:34.516+0000][13.167s][info ][gc,task       ] GC(29) Using 8 workers of 8 for evacuation
[2023-10-30T22:40:34.538+0000][13.189s][info ][gc,phases     ] GC(29)   Pre Evacuate Collection Set: 0.0ms
[2023-10-30T22:40:34.539+0000][13.190s][info ][gc,phases     ] GC(29)   Evacuate Collection Set: 19.1ms
[2023-10-30T22:40:34.540+0000][13.190s][info ][gc,phases     ] GC(29)   Post Evacuate Collection Set: 2.4ms
[2023-10-30T22:40:34.540+0000][13.191s][info ][gc,phases     ] GC(29)   Other: 1.2ms
[2023-10-30T22:40:34.541+0000][13.191s][info ][gc,heap       ] GC(29) Eden regions: 192->0(189)
[2023-10-30T22:40:34.541+0000][13.192s][info ][gc,heap       ] GC(29) Survivor regions: 15->18(26)
[2023-10-30T22:40:34.541+0000][13.192s][info ][gc,heap       ] GC(29) Old regions: 28->28
[2023-10-30T22:40:34.542+0000][13.193s][info ][gc,heap       ] GC(29) Humongous regions: 0->0
[2023-10-30T22:40:34.542+0000][13.193s][info ][gc,metaspace  ] GC(29) Metaspace: 66947K(68644K)->66947K(68644K) NonClass: 58490K(59556K)->58490K(59556K) Class: 8457K(9088K)->8457K(9088K)
[2023-10-30T22:40:34.543+0000][13.194s][info ][gc            ] GC(29) Pause Young (Normal) (G1 Evacuation Pause) 232M->44M(346M) 27.248ms
[2023-10-30T22:40:34.543+0000][13.194s][info ][gc,cpu        ] GC(29) User=0.18s Sys=0.00s Real=0.03s
[2023-10-30T22:40:34.544+0000][13.195s][info ][safepoint     ] Leaving safepoint region
[2023-10-30T22:40:34.544+0000][13.195s][info ][safepoint     ] Total time for which application threads were stopped: 0.0294118 seconds, Stopping threads took: 0.0005243 seconds
[2023-10-30T22:40:34.545+0000][13.196s][info ][gc,stringdedup] Concurrent String Deduplication (13.196s)
[2023-10-30T22:40:34.548+0000][13.198s][info ][gc,stringdedup] Concurrent String Deduplication 105.9K->26224.0B(82216.0B) avg 45.6% (13.196s, 13.198s) 2.694ms
[2023-10-30T22:40:34.732+0000][13.383s][debug][safepoint     ] Safepoint synchronization initiated. (17 threads)
[2023-10-30T22:40:34.733+0000][13.384s][info ][safepoint     ] Application time: 0.1879898 seconds
[2023-10-30T22:40:34.733+0000][13.384s][info ][safepoint     ] Entering safepoint region: CollectForMetadataAllocation
[2023-10-30T22:40:34.734+0000][13.385s][info ][gc,start      ] GC(30) Pause Young (Concurrent Start) (Metadata GC Threshold)
[2023-10-30T22:40:34.735+0000][13.386s][info ][gc,task       ] GC(30) Using 8 workers of 8 for evacuation
[2023-10-30T22:40:34.763+0000][13.413s][info ][gc,phases     ] GC(30)   Pre Evacuate Collection Set: 0.3ms
[2023-10-30T22:40:34.763+0000][13.414s][info ][gc,phases     ] GC(30)   Evacuate Collection Set: 24.2ms
[2023-10-30T22:40:34.764+0000][13.414s][info ][gc,phases     ] GC(30)   Post Evacuate Collection Set: 2.4ms
[2023-10-30T22:40:34.764+0000][13.415s][info ][gc,phases     ] GC(30)   Other: 1.4ms
[2023-10-30T22:40:34.765+0000][13.415s][info ][gc,heap       ] GC(30) Eden regions: 50->0(196)
[2023-10-30T22:40:34.765+0000][13.416s][info ][gc,heap       ] GC(30) Survivor regions: 18->11(26)
[2023-10-30T22:40:34.766+0000][13.417s][info ][gc,heap       ] GC(30) Old regions: 28->35
[2023-10-30T22:40:34.766+0000][13.417s][info ][gc,heap       ] GC(30) Humongous regions: 0->0
[2023-10-30T22:40:34.767+0000][13.418s][info ][gc,metaspace  ] GC(30) Metaspace: 67653K(69284K)->67653K(69284K) NonClass: 59022K(60068K)->59022K(60068K) Class: 8630K(9216K)->8630K(9216K)
[2023-10-30T22:40:34.768+0000][13.419s][info ][gc            ] GC(30) Pause Young (Concurrent Start) (Metadata GC Threshold) 93M->44M(346M) 33.590ms
[2023-10-30T22:40:34.769+0000][13.419s][info ][gc,cpu        ] GC(30) User=0.11s Sys=0.05s Real=0.04s
[2023-10-30T22:40:34.769+0000][13.420s][info ][gc            ] GC(31) Concurrent Cycle
[2023-10-30T22:40:34.769+0000][13.420s][info ][safepoint     ] Leaving safepoint region
[2023-10-30T22:40:34.769+0000][13.420s][info ][gc,marking    ] GC(31) Concurrent Clear Claimed Marks
[2023-10-30T22:40:34.770+0000][13.421s][info ][safepoint     ] Total time for which application threads were stopped: 0.0364563 seconds, Stopping threads took: 0.0008161 seconds
[2023-10-30T22:40:34.771+0000][13.421s][info ][gc,marking    ] GC(31) Concurrent Clear Claimed Marks 1.236ms
[2023-10-30T22:40:34.771+0000][13.422s][info ][gc,marking    ] GC(31) Concurrent Scan Root Regions
[2023-10-30T22:40:34.771+0000][13.422s][info ][gc,stringdedup] Concurrent String Deduplication (13.422s)
[2023-10-30T22:40:34.775+0000][13.426s][info ][gc,stringdedup] Concurrent String Deduplication 144.1K->60680.0B(86888.0B) avg 45.8% (13.422s, 13.426s) 4.342ms
[2023-10-30T22:40:34.778+0000][13.429s][info ][gc,marking    ] GC(31) Concurrent Scan Root Regions 6.720ms
[2023-10-30T22:40:34.779+0000][13.429s][info ][gc,marking    ] GC(31) Concurrent Mark (13.429s)
[2023-10-30T22:40:34.779+0000][13.430s][info ][gc,marking    ] GC(31) Concurrent Mark From Roots
[2023-10-30T22:40:34.780+0000][13.430s][info ][gc,task       ] GC(31) Using 2 workers of 2 for marking
[2023-10-30T22:40:34.822+0000][13.473s][info ][gc,marking    ] GC(31) Concurrent Mark From Roots 42.992ms
[2023-10-30T22:40:34.823+0000][13.473s][info ][gc,marking    ] GC(31) Concurrent Preclean
[2023-10-30T22:40:34.823+0000][13.474s][info ][gc,marking    ] GC(31) Concurrent Preclean 0.616ms
[2023-10-30T22:40:34.824+0000][13.474s][info ][gc,marking    ] GC(31) Concurrent Mark (13.429s, 13.474s) 45.018ms
[2023-10-30T22:40:34.824+0000][13.475s][debug][safepoint     ] Safepoint synchronization initiated. (17 threads)
[2023-10-30T22:40:34.825+0000][13.476s][info ][safepoint     ] Application time: 0.0541225 seconds
[2023-10-30T22:40:34.826+0000][13.476s][debug][safepoint     ] ... found polling page loop exception at pc = 0x00007f934842f4cf, stub =0x00007f9340843680
[2023-10-30T22:40:34.826+0000][13.477s][debug][safepoint     ] Waiting for 2 thread(s) to block
[2023-10-30T22:40:34.827+0000][13.477s][info ][safepoint     ] Entering safepoint region: CGC_Operation
[2023-10-30T22:40:34.827+0000][13.478s][info ][gc,start      ] GC(31) Pause Remark
[2023-10-30T22:40:34.844+0000][13.494s][info ][gc,stringtable] GC(31) Cleaned string and symbol table, strings: 26807 processed, 1 removed, symbols: 213179 processed, 129 removed
[2023-10-30T22:40:34.844+0000][13.495s][info ][gc            ] GC(31) Pause Remark 55M->55M(346M) 17.020ms
[2023-10-30T22:40:34.845+0000][13.495s][info ][gc,cpu        ] GC(31) User=0.12s Sys=0.00s Real=0.02s
[2023-10-30T22:40:34.845+0000][13.496s][info ][safepoint     ] Leaving safepoint region
[2023-10-30T22:40:34.846+0000][13.496s][info ][safepoint     ] Total time for which application threads were stopped: 0.0201255 seconds, Stopping threads took: 0.0016125 seconds
[2023-10-30T22:40:34.846+0000][13.497s][info ][gc,marking    ] GC(31) Concurrent Rebuild Remembered Sets
[2023-10-30T22:40:34.871+0000][13.521s][info ][gc,marking    ] GC(31) Concurrent Rebuild Remembered Sets 24.423ms
[2023-10-30T22:40:34.871+0000][13.522s][debug][safepoint     ] Safepoint synchronization initiated. (17 threads)
[2023-10-30T22:40:34.872+0000][13.522s][info ][safepoint     ] Application time: 0.0257127 seconds
[2023-10-30T22:40:34.872+0000][13.523s][debug][safepoint     ] ... found polling page loop exception at pc = 0x00007f934842f4cf, stub =0x00007f9340843680
[2023-10-30T22:40:34.873+0000][13.524s][debug][safepoint     ] Waiting for 1 thread(s) to block
[2023-10-30T22:40:34.873+0000][13.524s][info ][safepoint     ] Entering safepoint region: CGC_Operation
[2023-10-30T22:40:34.874+0000][13.525s][info ][gc,start      ] GC(31) Pause Cleanup
[2023-10-30T22:40:34.875+0000][13.525s][info ][gc            ] GC(31) Pause Cleanup 59M->59M(346M) 0.680ms
[2023-10-30T22:40:34.875+0000][13.526s][info ][gc,cpu        ] GC(31) User=0.01s Sys=0.00s Real=0.00s
[2023-10-30T22:40:34.876+0000][13.526s][info ][safepoint     ] Leaving safepoint region
[2023-10-30T22:40:34.876+0000][13.527s][info ][safepoint     ] Total time for which application threads were stopped: 0.0038776 seconds, Stopping threads took: 0.0017101 seconds
[2023-10-30T22:40:34.877+0000][13.527s][info ][gc,marking    ] GC(31) Concurrent Cleanup for Next Mark
[2023-10-30T22:40:34.879+0000][13.530s][info ][gc,marking    ] GC(31) Concurrent Cleanup for Next Mark 2.568ms
[2023-10-30T22:40:34.880+0000][13.530s][info ][gc            ] GC(31) Concurrent Cycle 110.721ms
[2023-10-30T22:40:35.265+0000][13.916s][debug][safepoint     ] Safepoint synchronization initiated. (17 threads)
[2023-10-30T22:40:35.266+0000][13.916s][info ][safepoint     ] Application time: 0.3891410 seconds
[2023-10-30T22:40:35.266+0000][13.917s][info ][safepoint     ] Entering safepoint region: ICBufferFull
[2023-10-30T22:40:35.267+0000][13.917s][info ][safepoint     ] Leaving safepoint region
[2023-10-30T22:40:35.267+0000][13.918s][info ][safepoint     ] Total time for which application threads were stopped: 0.0011142 seconds, Stopping threads took: 0.0004341 seconds
[2023-10-30T22:40:35.337+0000][13.988s][debug][safepoint     ] Safepoint synchronization initiated. (17 threads)
[2023-10-30T22:40:35.338+0000][13.989s][info ][safepoint     ] Application time: 0.0704259 seconds
[2023-10-30T22:40:35.338+0000][13.989s][info ][safepoint     ] Entering safepoint region: ICBufferFull
[2023-10-30T22:40:35.339+0000][13.990s][info ][safepoint     ] Leaving safepoint region
[2023-10-30T22:40:35.340+0000][13.990s][info ][safepoint     ] Total time for which application threads were stopped: 0.0012007 seconds, Stopping threads took: 0.0004868 seconds
[2023-10-30T22:40:35.441+0000][14.092s][debug][safepoint     ] Safepoint synchronization initiated. (17 threads)
[2023-10-30T22:40:35.442+0000][14.092s][info ][safepoint     ] Application time: 0.1017089 seconds
[2023-10-30T22:40:35.442+0000][14.093s][info ][safepoint     ] Entering safepoint region: ICBufferFull
[2023-10-30T22:40:35.443+0000][14.094s][info ][safepoint     ] Leaving safepoint region
[2023-10-30T22:40:35.443+0000][14.094s][info ][safepoint     ] Total time for which application threads were stopped: 0.0011044 seconds, Stopping threads took: 0.0003904 seconds
[2023-10-30T22:40:35.511+0000][14.162s][debug][safepoint     ] Safepoint synchronization initiated. (17 threads)
[2023-10-30T22:40:35.512+0000][14.163s][info ][safepoint     ] Application time: 0.0681704 seconds
[2023-10-30T22:40:35.512+0000][14.163s][info ][safepoint     ] Entering safepoint region: ICBufferFull
[2023-10-30T22:40:35.513+0000][14.164s][info ][safepoint     ] Leaving safepoint region
[2023-10-30T22:40:35.513+0000][14.164s][info ][safepoint     ] Total time for which application threads were stopped: 0.0010436 seconds, Stopping threads took: 0.0004049 seconds
[2023-10-30T22:40:35.629+0000][14.280s][debug][safepoint     ] Safepoint synchronization initiated. (17 threads)
[2023-10-30T22:40:35.630+0000][14.281s][info ][safepoint     ] Application time: 0.1160117 seconds
[2023-10-30T22:40:35.630+0000][14.281s][info ][safepoint     ] Entering safepoint region: ICBufferFull
[2023-10-30T22:40:35.631+0000][14.282s][info ][safepoint     ] Leaving safepoint region
[2023-10-30T22:40:35.632+0000][14.282s][info ][safepoint     ] Total time for which application threads were stopped: 0.0012266 seconds, Stopping threads took: 0.0004312 seconds
[2023-10-30T22:40:35.805+0000][14.456s][debug][safepoint     ] Safepoint synchronization initiated. (17 threads)
[2023-10-30T22:40:35.806+0000][14.456s][info ][safepoint     ] Application time: 0.1737970 seconds
[2023-10-30T22:40:35.806+0000][14.457s][info ][safepoint     ] Entering safepoint region: ICBufferFull
[2023-10-30T22:40:35.807+0000][14.458s][info ][safepoint     ] Leaving safepoint region
[2023-10-30T22:40:35.808+0000][14.458s][info ][safepoint     ] Total time for which application threads were stopped: 0.0012004 seconds, Stopping threads took: 0.0004382 seconds
[2023-10-30T22:40:35.988+0000][14.638s][debug][safepoint     ] Safepoint synchronization initiated. (17 threads)
[2023-10-30T22:40:35.988+0000][14.639s][info ][safepoint     ] Application time: 0.1802269 seconds
[2023-10-30T22:40:35.989+0000][14.639s][debug][safepoint     ] Waiting for 1 thread(s) to block
[2023-10-30T22:40:35.989+0000][14.640s][info ][safepoint     ] Entering safepoint region: G1CollectForAllocation
[2023-10-30T22:40:35.990+0000][14.640s][info ][gc,start      ] GC(32) Pause Young (Normal) (G1 Evacuation Pause)
[2023-10-30T22:40:35.990+0000][14.641s][info ][gc,task       ] GC(32) Using 8 workers of 8 for evacuation
[2023-10-30T22:40:36.003+0000][14.653s][info ][gc,phases     ] GC(32)   Pre Evacuate Collection Set: 0.0ms
[2023-10-30T22:40:36.003+0000][14.654s][info ][gc,phases     ] GC(32)   Evacuate Collection Set: 9.7ms
[2023-10-30T22:40:36.003+0000][14.654s][info ][gc,phases     ] GC(32)   Post Evacuate Collection Set: 2.4ms
[2023-10-30T22:40:36.004+0000][14.655s][info ][gc,phases     ] GC(32)   Other: 0.8ms
[2023-10-30T22:40:36.004+0000][14.655s][info ][gc,heap       ] GC(32) Eden regions: 196->0(233)
[2023-10-30T22:40:36.005+0000][14.655s][info ][gc,heap       ] GC(32) Survivor regions: 11->13(26)
[2023-10-30T22:40:36.005+0000][14.656s][info ][gc,heap       ] GC(32) Old regions: 35->35
[2023-10-30T22:40:36.005+0000][14.656s][info ][gc,heap       ] GC(32) Humongous regions: 0->0
[2023-10-30T22:40:36.006+0000][14.656s][info ][gc,metaspace  ] GC(32) Metaspace: 70640K(72228K)->70640K(72228K) NonClass: 61615K(62628K)->61615K(62628K) Class: 9025K(9600K)->9025K(9600K)
[2023-10-30T22:40:36.006+0000][14.657s][info ][gc            ] GC(32) Pause Young (Normal) (G1 Evacuation Pause) 240M->45M(411M) 16.565ms
[2023-10-30T22:40:36.007+0000][14.657s][info ][gc,cpu        ] GC(32) User=0.08s Sys=0.00s Real=0.01s
[2023-10-30T22:40:36.007+0000][14.658s][info ][safepoint     ] Leaving safepoint region
[2023-10-30T22:40:36.007+0000][14.658s][info ][safepoint     ] Total time for which application threads were stopped: 0.0187390 seconds, Stopping threads took: 0.0008609 seconds
[2023-10-30T22:40:36.008+0000][14.658s][info ][gc,stringdedup] Concurrent String Deduplication (14.658s)
[2023-10-30T22:40:36.011+0000][14.662s][info ][gc,stringdedup] Concurrent String Deduplication 286.6K->60528.0B(227.5K) avg 46.7% (14.658s, 14.662s) 3.096ms
[2023-10-30T22:40:36.194+0000][14.845s][debug][safepoint     ] Safepoint synchronization initiated. (17 threads)
[2023-10-30T22:40:36.194+0000][14.845s][info ][safepoint     ] Application time: 0.1867227 seconds
[2023-10-30T22:40:36.195+0000][14.846s][debug][safepoint     ] Waiting for 2 thread(s) to block
[2023-10-30T22:40:36.196+0000][14.846s][info ][safepoint     ] Entering safepoint region: ICBufferFull
[2023-10-30T22:40:36.196+0000][14.847s][info ][safepoint     ] Leaving safepoint region
[2023-10-30T22:40:36.197+0000][14.848s][info ][safepoint     ] Total time for which application threads were stopped: 0.0021093 seconds, Stopping threads took: 0.0012347 seconds
[2023-10-30T22:40:36.299+0000][14.950s][debug][safepoint     ] Safepoint synchronization initiated. (17 threads)
[2023-10-30T22:40:36.300+0000][14.951s][info ][safepoint     ] Application time: 0.1024935 seconds
[2023-10-30T22:40:36.301+0000][14.951s][info ][safepoint     ] Entering safepoint region: Deoptimize
[2023-10-30T22:40:36.302+0000][14.953s][info ][safepoint     ] Leaving safepoint region
[2023-10-30T22:40:36.303+0000][14.953s][info ][safepoint     ] Total time for which application threads were stopped: 0.0022407 seconds, Stopping threads took: 0.0004031 seconds
[2023-10-30T22:40:36.305+0000][14.955s][debug][safepoint     ] Safepoint synchronization initiated. (17 threads)
[2023-10-30T22:40:36.305+0000][14.956s][info ][safepoint     ] Application time: 0.0020395 seconds
[2023-10-30T22:40:36.306+0000][14.956s][info ][safepoint     ] Entering safepoint region: Deoptimize
[2023-10-30T22:40:36.307+0000][14.958s][info ][safepoint     ] Leaving safepoint region
[2023-10-30T22:40:36.308+0000][14.958s][info ][safepoint     ] Total time for which application threads were stopped: 0.0019866 seconds, Stopping threads took: 0.0004715 seconds
[2023-10-30T22:40:36.572+0000][15.223s][debug][safepoint     ] Safepoint synchronization initiated. (17 threads)
[2023-10-30T22:40:36.572+0000][15.223s][info ][safepoint     ] Application time: 0.2643094 seconds
[2023-10-30T22:40:36.573+0000][15.224s][info ][safepoint     ] Entering safepoint region: Deoptimize
[2023-10-30T22:40:36.574+0000][15.225s][info ][safepoint     ] Leaving safepoint region
[2023-10-30T22:40:36.575+0000][15.226s][info ][safepoint     ] Total time for which application threads were stopped: 0.0019942 seconds, Stopping threads took: 0.0003596 seconds
[2023-10-30T22:40:36.819+0000][15.470s][debug][safepoint     ] Safepoint synchronization initiated. (17 threads)
[2023-10-30T22:40:36.819+0000][15.470s][info ][safepoint     ] Application time: 0.2441478 seconds
[2023-10-30T22:40:36.820+0000][15.470s][info ][safepoint     ] Entering safepoint region: Deoptimize
[2023-10-30T22:40:36.821+0000][15.472s][info ][safepoint     ] Leaving safepoint region
[2023-10-30T22:40:36.822+0000][15.472s][info ][safepoint     ] Total time for which application threads were stopped: 0.0019452 seconds, Stopping threads took: 0.0003414 seconds
[2023-10-30T22:40:36.929+0000][15.579s][debug][safepoint     ] Safepoint synchronization initiated. (17 threads)
[2023-10-30T22:40:36.929+0000][15.580s][info ][safepoint     ] Application time: 0.1068012 seconds
[2023-10-30T22:40:36.929+0000][15.580s][info ][safepoint     ] Entering safepoint region: Deoptimize
[2023-10-30T22:40:36.931+0000][15.582s][info ][safepoint     ] Leaving safepoint region
[2023-10-30T22:40:36.931+0000][15.582s][info ][safepoint     ] Total time for which application threads were stopped: 0.0019912 seconds, Stopping threads took: 0.0003739 seconds
[2023-10-30T22:40:37.115+0000][15.765s][debug][safepoint     ] Safepoint synchronization initiated. (17 threads)
[2023-10-30T22:40:37.115+0000][15.766s][info ][safepoint     ] Application time: 0.1833088 seconds
[2023-10-30T22:40:37.116+0000][15.766s][info ][safepoint     ] Entering safepoint region: G1CollectForAllocation
[2023-10-30T22:40:37.116+0000][15.767s][info ][gc,start      ] GC(33) Pause Young (Normal) (G1 Evacuation Pause)
[2023-10-30T22:40:37.117+0000][15.768s][info ][gc,task       ] GC(33) Using 8 workers of 8 for evacuation
[2023-10-30T22:40:37.139+0000][15.790s][info ][gc,phases     ] GC(33)   Pre Evacuate Collection Set: 0.0ms
[2023-10-30T22:40:37.140+0000][15.791s][info ][gc,phases     ] GC(33)   Evacuate Collection Set: 18.9ms
[2023-10-30T22:40:37.140+0000][15.791s][info ][gc,phases     ] GC(33)   Post Evacuate Collection Set: 2.6ms
[2023-10-30T22:40:37.141+0000][15.791s][info ][gc,phases     ] GC(33)   Other: 1.1ms
[2023-10-30T22:40:37.141+0000][15.792s][info ][gc,heap       ] GC(33) Eden regions: 233->0(232)
[2023-10-30T22:40:37.142+0000][15.792s][info ][gc,heap       ] GC(33) Survivor regions: 13->14(31)
[2023-10-30T22:40:37.142+0000][15.793s][info ][gc,heap       ] GC(33) Old regions: 35->35
[2023-10-30T22:40:37.142+0000][15.793s][info ][gc,heap       ] GC(33) Humongous regions: 0->0
[2023-10-30T22:40:37.143+0000][15.793s][info ][gc,metaspace  ] GC(33) Metaspace: 76819K(78756K)->76819K(78756K) NonClass: 67025K(68260K)->67025K(68260K) Class: 9793K(10496K)->9793K(10496K)
[2023-10-30T22:40:37.143+0000][15.794s][info ][gc            ] GC(33) Pause Young (Normal) (G1 Evacuation Pause) 278M->46M(411M) 26.839ms
[2023-10-30T22:40:37.144+0000][15.794s][info ][gc,cpu        ] GC(33) User=0.16s Sys=0.00s Real=0.03s
[2023-10-30T22:40:37.144+0000][15.795s][info ][safepoint     ] Leaving safepoint region
[2023-10-30T22:40:37.144+0000][15.795s][info ][safepoint     ] Total time for which application threads were stopped: 0.0287578 seconds, Stopping threads took: 0.0004759 seconds
[2023-10-30T22:40:37.145+0000][15.796s][info ][gc,stringdedup] Concurrent String Deduplication (15.796s)
[2023-10-30T22:40:37.146+0000][15.797s][info ][gc,stringdedup] Concurrent String Deduplication 16680.0B->72.0B(16608.0B) avg 46.8% (15.796s, 15.797s) 1.046ms
[2023-10-30T22:40:37.407+0000][16.058s][debug][safepoint     ] Safepoint synchronization initiated. (17 threads)
[2023-10-30T22:40:37.408+0000][16.058s][info ][safepoint     ] Application time: 0.2628335 seconds
[2023-10-30T22:40:37.408+0000][16.059s][debug][safepoint     ] Waiting for 1 thread(s) to block
[2023-10-30T22:40:37.409+0000][16.059s][info ][safepoint     ] Entering safepoint region: ICBufferFull
[2023-10-30T22:40:37.409+0000][16.060s][info ][safepoint     ] Leaving safepoint region
[2023-10-30T22:40:37.410+0000][16.060s][info ][safepoint     ] Total time for which application threads were stopped: 0.0014782 seconds, Stopping threads took: 0.0009301 seconds
[2023-10-30T22:40:37.895+0000][16.545s][debug][safepoint     ] Safepoint synchronization initiated. (17 threads)
[2023-10-30T22:40:37.895+0000][16.546s][info ][safepoint     ] Application time: 0.4850816 seconds
[2023-10-30T22:40:37.895+0000][16.546s][debug][safepoint     ] Waiting for 1 thread(s) to block
[2023-10-30T22:40:37.896+0000][16.547s][info ][safepoint     ] Entering safepoint region: ICBufferFull
[2023-10-30T22:40:37.896+0000][16.547s][info ][safepoint     ] Leaving safepoint region
[2023-10-30T22:40:37.897+0000][16.547s][info ][safepoint     ] Total time for which application threads were stopped: 0.0013418 seconds, Stopping threads took: 0.0007944 seconds
[2023-10-30T22:40:38.273+0000][16.923s][debug][safepoint     ] Safepoint synchronization initiated. (17 threads)
[2023-10-30T22:40:38.273+0000][16.924s][info ][safepoint     ] Application time: 0.3761437 seconds
[2023-10-30T22:40:38.274+0000][16.924s][info ][safepoint     ] Entering safepoint region: G1CollectForAllocation
[2023-10-30T22:40:38.275+0000][16.925s][info ][gc,start      ] GC(34) Pause Young (Normal) (G1 Evacuation Pause)
[2023-10-30T22:40:38.275+0000][16.926s][info ][gc,task       ] GC(34) Using 8 workers of 8 for evacuation
[2023-10-30T22:40:38.301+0000][16.951s][info ][gc,phases     ] GC(34)   Pre Evacuate Collection Set: 0.0ms
[2023-10-30T22:40:38.301+0000][16.952s][info ][gc,phases     ] GC(34)   Evacuate Collection Set: 22.2ms
[2023-10-30T22:40:38.302+0000][16.953s][info ][gc,phases     ] GC(34)   Post Evacuate Collection Set: 2.6ms
[2023-10-30T22:40:38.302+0000][16.953s][info ][gc,phases     ] GC(34)   Other: 1.2ms
[2023-10-30T22:40:38.303+0000][16.954s][info ][gc,heap       ] GC(34) Eden regions: 232->0(226)
[2023-10-30T22:40:38.303+0000][16.954s][info ][gc,heap       ] GC(34) Survivor regions: 14->20(31)
[2023-10-30T22:40:38.304+0000][16.954s][info ][gc,heap       ] GC(34) Old regions: 35->35
[2023-10-30T22:40:38.304+0000][16.955s][info ][gc,heap       ] GC(34) Humongous regions: 0->0
[2023-10-30T22:40:38.305+0000][16.955s][info ][gc,metaspace  ] GC(34) Metaspace: 79037K(80932K)->79037K(80932K) NonClass: 69137K(70308K)->69137K(70308K) Class: 9899K(10624K)->9899K(10624K)
[2023-10-30T22:40:38.305+0000][16.956s][info ][gc            ] GC(34) Pause Young (Normal) (G1 Evacuation Pause) 278M->53M(411M) 30.563ms
[2023-10-30T22:40:38.306+0000][16.956s][info ][gc,cpu        ] GC(34) User=0.19s Sys=0.01s Real=0.03s
[2023-10-30T22:40:38.306+0000][16.957s][info ][safepoint     ] Leaving safepoint region
[2023-10-30T22:40:38.306+0000][16.957s][info ][safepoint     ] Total time for which application threads were stopped: 0.0326371 seconds, Stopping threads took: 0.0005309 seconds
[2023-10-30T22:40:38.307+0000][16.958s][info ][gc,stringdedup] Concurrent String Deduplication (16.958s)
[2023-10-30T22:40:38.310+0000][16.961s][info ][gc,stringdedup] Concurrent String Deduplication 236.1K->158.7K(79232.0B) avg 46.5% (16.958s, 16.961s) 3.004ms
[2023-10-30T22:40:38.780+0000][17.431s][debug][safepoint     ] Safepoint synchronization initiated. (17 threads)
[2023-10-30T22:40:38.780+0000][17.431s][info ][safepoint     ] Application time: 0.4737082 seconds
[2023-10-30T22:40:38.781+0000][17.432s][info ][safepoint     ] Entering safepoint region: ICBufferFull
[2023-10-30T22:40:38.782+0000][17.432s][info ][safepoint     ] Leaving safepoint region
[2023-10-30T22:40:38.782+0000][17.433s][info ][safepoint     ] Total time for which application threads were stopped: 0.0011149 seconds, Stopping threads took: 0.0004517 seconds
[2023-10-30T22:40:38.950+0000][17.601s][debug][safepoint     ] Safepoint synchronization initiated. (17 threads)
[2023-10-30T22:40:38.951+0000][17.602s][info ][safepoint     ] Application time: 0.1683979 seconds
[2023-10-30T22:40:38.951+0000][17.602s][info ][safepoint     ] Entering safepoint region: Deoptimize
[2023-10-30T22:40:38.953+0000][17.604s][info ][safepoint     ] Leaving safepoint region
[2023-10-30T22:40:38.953+0000][17.604s][info ][safepoint     ] Total time for which application threads were stopped: 0.0020449 seconds, Stopping threads took: 0.0003909 seconds
[2023-10-30T22:40:39.151+0000][17.801s][debug][safepoint     ] Safepoint synchronization initiated. (17 threads)
[2023-10-30T22:40:39.151+0000][17.802s][info ][safepoint     ] Application time: 0.1975993 seconds
[2023-10-30T22:40:39.152+0000][17.802s][info ][safepoint     ] Entering safepoint region: ICBufferFull
[2023-10-30T22:40:39.152+0000][17.803s][info ][safepoint     ] Leaving safepoint region
[2023-10-30T22:40:39.153+0000][17.803s][info ][safepoint     ] Total time for which application threads were stopped: 0.0009849 seconds, Stopping threads took: 0.0003866 seconds
[2023-10-30T22:40:39.353+0000][18.004s][debug][safepoint     ] Safepoint synchronization initiated. (17 threads)
[2023-10-30T22:40:39.353+0000][18.004s][info ][safepoint     ] Application time: 0.2002851 seconds
[2023-10-30T22:40:39.354+0000][18.005s][info ][safepoint     ] Entering safepoint region: G1CollectForAllocation
[2023-10-30T22:40:39.355+0000][18.005s][info ][gc,start      ] GC(35) Pause Young (Normal) (G1 Evacuation Pause)
[2023-10-30T22:40:39.355+0000][18.006s][info ][gc,task       ] GC(35) Using 8 workers of 8 for evacuation
[2023-10-30T22:40:39.371+0000][18.022s][info ][gc,phases     ] GC(35)   Pre Evacuate Collection Set: 0.0ms
[2023-10-30T22:40:39.372+0000][18.022s][info ][gc,phases     ] GC(35)   Evacuate Collection Set: 13.8ms
[2023-10-30T22:40:39.372+0000][18.023s][info ][gc,phases     ] GC(35)   Post Evacuate Collection Set: 2.0ms
[2023-10-30T22:40:39.373+0000][18.023s][info ][gc,phases     ] GC(35)   Other: 0.7ms
[2023-10-30T22:40:39.373+0000][18.024s][info ][gc,heap       ] GC(35) Eden regions: 226->0(223)
[2023-10-30T22:40:39.374+0000][18.024s][info ][gc,heap       ] GC(35) Survivor regions: 20->23(31)
[2023-10-30T22:40:39.374+0000][18.025s][info ][gc,heap       ] GC(35) Old regions: 35->39
[2023-10-30T22:40:39.375+0000][18.025s][info ][gc,heap       ] GC(35) Humongous regions: 0->0
[2023-10-30T22:40:39.375+0000][18.026s][info ][gc,metaspace  ] GC(35) Metaspace: 81304K(83492K)->81304K(83492K) NonClass: 71218K(72612K)->71218K(72612K) Class: 10085K(10880K)->10085K(10880K)
[2023-10-30T22:40:39.375+0000][18.026s][info ][gc            ] GC(35) Pause Young (Normal) (G1 Evacuation Pause) 279M->59M(411M) 20.647ms
[2023-10-30T22:40:39.376+0000][18.026s][info ][gc,cpu        ] GC(35) User=0.14s Sys=0.00s Real=0.02s
[2023-10-30T22:40:39.376+0000][18.027s][info ][safepoint     ] Leaving safepoint region
[2023-10-30T22:40:39.377+0000][18.028s][info ][safepoint     ] Total time for which application threads were stopped: 0.0228702 seconds, Stopping threads took: 0.0003602 seconds
[2023-10-30T22:40:39.378+0000][18.028s][info ][gc,stringdedup] Concurrent String Deduplication (18.028s)
[2023-10-30T22:40:39.381+0000][18.031s][info ][gc,stringdedup] Concurrent String Deduplication 207.1K->72896.0B(135.9K) avg 46.9% (18.028s, 18.031s) 3.019ms
[2023-10-30T22:40:39.542+0000][18.193s][debug][safepoint     ] Safepoint synchronization initiated. (17 threads)
[2023-10-30T22:40:39.543+0000][18.193s][info ][safepoint     ] Application time: 0.1649196 seconds
[2023-10-30T22:40:39.543+0000][18.194s][info ][safepoint     ] Entering safepoint region: Deoptimize
[2023-10-30T22:40:39.545+0000][18.195s][info ][safepoint     ] Leaving safepoint region
[2023-10-30T22:40:39.545+0000][18.196s][info ][safepoint     ] Total time for which application threads were stopped: 0.0024399 seconds, Stopping threads took: 0.0003352 seconds
[2023-10-30T22:40:39.674+0000][18.325s][debug][safepoint     ] Safepoint synchronization initiated. (21 threads)
[2023-10-30T22:40:39.675+0000][18.326s][info ][safepoint     ] Application time: 0.1292436 seconds
[2023-10-30T22:40:39.676+0000][18.326s][info ][safepoint     ] Entering safepoint region: ICBufferFull
[2023-10-30T22:40:39.676+0000][18.327s][info ][safepoint     ] Leaving safepoint region
[2023-10-30T22:40:39.677+0000][18.327s][info ][safepoint     ] Total time for which application threads were stopped: 0.0010830 seconds, Stopping threads took: 0.0004104 seconds
[2023-10-30T22:40:40.274+0000][18.925s][debug][safepoint     ] Safepoint synchronization initiated. (21 threads)
[2023-10-30T22:40:40.274+0000][18.925s][info ][safepoint     ] Application time: 0.5974740 seconds
[2023-10-30T22:40:40.275+0000][18.925s][info ][safepoint     ] Entering safepoint region: ICBufferFull
[2023-10-30T22:40:40.275+0000][18.926s][info ][safepoint     ] Leaving safepoint region
[2023-10-30T22:40:40.276+0000][18.926s][info ][safepoint     ] Total time for which application threads were stopped: 0.0009637 seconds, Stopping threads took: 0.0003958 seconds
[2023-10-30T22:40:40.394+0000][19.045s][debug][safepoint     ] Safepoint synchronization initiated. (21 threads)
[2023-10-30T22:40:40.394+0000][19.045s][info ][safepoint     ] Application time: 0.1182080 seconds
[2023-10-30T22:40:40.395+0000][19.045s][info ][safepoint     ] Entering safepoint region: G1CollectForAllocation
[2023-10-30T22:40:40.395+0000][19.046s][info ][gc,start      ] GC(36) Pause Young (Normal) (G1 Evacuation Pause)
[2023-10-30T22:40:40.396+0000][19.046s][info ][gc,task       ] GC(36) Using 8 workers of 8 for evacuation
[2023-10-30T22:40:40.419+0000][19.069s][info ][gc,phases     ] GC(36)   Pre Evacuate Collection Set: 0.0ms
[2023-10-30T22:40:40.419+0000][19.070s][info ][gc,phases     ] GC(36)   Evacuate Collection Set: 20.1ms
[2023-10-30T22:40:40.420+0000][19.070s][info ][gc,phases     ] GC(36)   Post Evacuate Collection Set: 2.4ms
[2023-10-30T22:40:40.420+0000][19.071s][info ][gc,phases     ] GC(36)   Other: 0.9ms
[2023-10-30T22:40:40.420+0000][19.071s][info ][gc,heap       ] GC(36) Eden regions: 223->0(224)
[2023-10-30T22:40:40.421+0000][19.071s][info ][gc,heap       ] GC(36) Survivor regions: 23->22(31)
[2023-10-30T22:40:40.421+0000][19.072s][info ][gc,heap       ] GC(36) Old regions: 39->45
[2023-10-30T22:40:40.422+0000][19.072s][info ][gc,heap       ] GC(36) Humongous regions: 0->0
[2023-10-30T22:40:40.422+0000][19.073s][info ][gc,metaspace  ] GC(36) Metaspace: 83621K(85924K)->83621K(85924K) NonClass: 73273K(74660K)->73273K(74660K) Class: 10348K(11264K)->10348K(11264K)
[2023-10-30T22:40:40.422+0000][19.073s][info ][gc            ] GC(36) Pause Young (Normal) (G1 Evacuation Pause) 282M->64M(411M) 27.066ms
[2023-10-30T22:40:40.423+0000][19.073s][info ][gc,cpu        ] GC(36) User=0.19s Sys=0.00s Real=0.03s
[2023-10-30T22:40:40.423+0000][19.074s][info ][safepoint     ] Leaving safepoint region
[2023-10-30T22:40:40.424+0000][19.074s][info ][safepoint     ] Total time for which application threads were stopped: 0.0289650 seconds, Stopping threads took: 0.0004543 seconds
[2023-10-30T22:40:40.424+0000][19.075s][info ][gc,stringdedup] Concurrent String Deduplication (19.075s)
[2023-10-30T22:40:40.428+0000][19.078s][info ][gc,stringdedup] Concurrent String Deduplication 493.9K->122.0K(371.9K) avg 48.1% (19.075s, 19.078s) 3.519ms
[2023-10-30T22:40:40.687+0000][19.338s][debug][safepoint     ] Safepoint synchronization initiated. (20 threads)
[2023-10-30T22:40:40.688+0000][19.339s][info ][safepoint     ] Application time: 0.2639007 seconds
[2023-10-30T22:40:40.688+0000][19.339s][debug][safepoint     ] ... found polling page return exception at pc = 0x00007f93482d18c3, stub =0x00007f9340840600
[2023-10-30T22:40:40.689+0000][19.340s][debug][safepoint     ] Waiting for 1 thread(s) to block
[2023-10-30T22:40:40.689+0000][19.340s][info ][safepoint     ] Entering safepoint region: ICBufferFull
[2023-10-30T22:40:40.690+0000][19.341s][info ][safepoint     ] Leaving safepoint region
[2023-10-30T22:40:40.690+0000][19.341s][info ][safepoint     ] Total time for which application threads were stopped: 0.0020342 seconds, Stopping threads took: 0.0014251 seconds
[2023-10-30T22:40:40.703+0000][19.353s][debug][safepoint     ] Safepoint synchronization initiated. (20 threads)
[2023-10-30T22:40:40.703+0000][19.354s][info ][safepoint     ] Application time: 0.0126022 seconds
[2023-10-30T22:40:40.704+0000][19.354s][debug][safepoint     ] Waiting for 1 thread(s) to block
[2023-10-30T22:40:40.704+0000][19.355s][info ][safepoint     ] Entering safepoint region: ICBufferFull
[2023-10-30T22:40:40.705+0000][19.356s][info ][safepoint     ] Leaving safepoint region
[2023-10-30T22:40:40.705+0000][19.356s][info ][safepoint     ] Total time for which application threads were stopped: 0.0014089 seconds, Stopping threads took: 0.0008039 seconds
[2023-10-30T22:40:40.754+0000][19.404s][debug][safepoint     ] Safepoint synchronization initiated. (20 threads)
[2023-10-30T22:40:40.754+0000][19.405s][info ][safepoint     ] Application time: 0.0488883 seconds
[2023-10-30T22:40:40.755+0000][19.405s][info ][safepoint     ] Entering safepoint region: Deoptimize
[2023-10-30T22:40:40.757+0000][19.407s][info ][safepoint     ] Leaving safepoint region
[2023-10-30T22:40:40.757+0000][19.408s][info ][safepoint     ] Total time for which application threads were stopped: 0.0022306 seconds, Stopping threads took: 0.0004669 seconds
[2023-10-30T22:40:40.886+0000][19.537s][debug][safepoint     ] Safepoint synchronization initiated. (21 threads)
[2023-10-30T22:40:40.887+0000][19.537s][info ][safepoint     ] Application time: 0.1292611 seconds
[2023-10-30T22:40:40.887+0000][19.538s][info ][safepoint     ] Entering safepoint region: Deoptimize
[2023-10-30T22:40:40.889+0000][19.540s][info ][safepoint     ] Leaving safepoint region
[2023-10-30T22:40:40.889+0000][19.540s][info ][safepoint     ] Total time for which application threads were stopped: 0.0023098 seconds, Stopping threads took: 0.0004026 seconds
[2023-10-30T22:40:41.421+0000][20.071s][debug][safepoint     ] Safepoint synchronization initiated. (23 threads)
[2023-10-30T22:40:41.421+0000][20.072s][info ][safepoint     ] Application time: 0.5314880 seconds
[2023-10-30T22:40:41.422+0000][20.072s][info ][safepoint     ] Entering safepoint region: ICBufferFull
[2023-10-30T22:40:41.422+0000][20.073s][info ][safepoint     ] Leaving safepoint region
[2023-10-30T22:40:41.423+0000][20.073s][info ][safepoint     ] Total time for which application threads were stopped: 0.0009640 seconds, Stopping threads took: 0.0003554 seconds
[2023-10-30T22:40:41.458+0000][20.109s][debug][safepoint     ] Safepoint synchronization initiated. (23 threads)
[2023-10-30T22:40:41.459+0000][20.109s][info ][safepoint     ] Application time: 0.0358108 seconds
[2023-10-30T22:40:41.459+0000][20.110s][info ][safepoint     ] Entering safepoint region: Deoptimize
[2023-10-30T22:40:41.461+0000][20.112s][info ][safepoint     ] Leaving safepoint region
[2023-10-30T22:40:41.461+0000][20.112s][info ][safepoint     ] Total time for which application threads were stopped: 0.0021899 seconds, Stopping threads took: 0.0003606 seconds
[2023-10-30T22:40:41.470+0000][20.121s][debug][safepoint     ] Safepoint synchronization initiated. (23 threads)
[2023-10-30T22:40:41.471+0000][20.121s][info ][safepoint     ] Application time: 0.0088912 seconds
[2023-10-30T22:40:41.471+0000][20.122s][info ][safepoint     ] Entering safepoint region: Deoptimize
[2023-10-30T22:40:41.473+0000][20.123s][info ][safepoint     ] Leaving safepoint region
[2023-10-30T22:40:41.473+0000][20.124s][info ][safepoint     ] Total time for which application threads were stopped: 0.0022031 seconds, Stopping threads took: 0.0004016 seconds
[2023-10-30T22:40:41.672+0000][20.323s][debug][safepoint     ] Safepoint synchronization initiated. (23 threads)
[2023-10-30T22:40:41.673+0000][20.323s][info ][safepoint     ] Application time: 0.1992333 seconds
[2023-10-30T22:40:41.673+0000][20.324s][info ][safepoint     ] Entering safepoint region: Deoptimize
[2023-10-30T22:40:41.675+0000][20.325s][info ][safepoint     ] Leaving safepoint region
[2023-10-30T22:40:41.675+0000][20.326s][info ][safepoint     ] Total time for which application threads were stopped: 0.0019789 seconds, Stopping threads took: 0.0003486 seconds
[2023-10-30T22:40:41.679+0000][20.330s][debug][safepoint     ] Safepoint synchronization initiated. (23 threads)
[2023-10-30T22:40:41.680+0000][20.330s][info ][safepoint     ] Application time: 0.0043710 seconds
[2023-10-30T22:40:41.680+0000][20.331s][info ][safepoint     ] Entering safepoint region: G1CollectForAllocation
[2023-10-30T22:40:41.681+0000][20.331s][info ][gc,start      ] GC(37) Pause Young (Normal) (G1 Evacuation Pause)
[2023-10-30T22:40:41.681+0000][20.332s][info ][gc,task       ] GC(37) Using 8 workers of 8 for evacuation
[2023-10-30T22:40:41.698+0000][20.349s][info ][gc,phases     ] GC(37)   Pre Evacuate Collection Set: 0.0ms
[2023-10-30T22:40:41.699+0000][20.349s][info ][gc,phases     ] GC(37)   Evacuate Collection Set: 14.4ms
[2023-10-30T22:40:41.699+0000][20.350s][info ][gc,phases     ] GC(37)   Post Evacuate Collection Set: 2.1ms
[2023-10-30T22:40:41.700+0000][20.350s][info ][gc,phases     ] GC(37)   Other: 0.8ms
[2023-10-30T22:40:41.700+0000][20.351s][info ][gc,heap       ] GC(37) Eden regions: 224->0(227)
[2023-10-30T22:40:41.700+0000][20.351s][info ][gc,heap       ] GC(37) Survivor regions: 22->19(31)
[2023-10-30T22:40:41.701+0000][20.351s][info ][gc,heap       ] GC(37) Old regions: 45->53
[2023-10-30T22:40:41.701+0000][20.352s][info ][gc,heap       ] GC(37) Humongous regions: 0->0
[2023-10-30T22:40:41.701+0000][20.352s][info ][gc,metaspace  ] GC(37) Metaspace: 90504K(93092K)->90504K(93092K) NonClass: 79223K(80804K)->79223K(80804K) Class: 11281K(12288K)->11281K(12288K)
[2023-10-30T22:40:41.702+0000][20.353s][info ][gc            ] GC(37) Pause Young (Normal) (G1 Evacuation Pause) 288M->70M(411M) 21.187ms
[2023-10-30T22:40:41.702+0000][20.353s][info ][gc,cpu        ] GC(37) User=0.12s Sys=0.01s Real=0.02s
[2023-10-30T22:40:41.703+0000][20.353s][info ][safepoint     ] Leaving safepoint region
[2023-10-30T22:40:41.703+0000][20.354s][info ][safepoint     ] Total time for which application threads were stopped: 0.0227318 seconds, Stopping threads took: 0.0003457 seconds
[2023-10-30T22:40:41.703+0000][20.354s][info ][gc,stringdedup] Concurrent String Deduplication (20.354s)
[2023-10-30T22:40:41.707+0000][20.358s][info ][gc,stringdedup] Concurrent String Deduplication 610.5K->145.7K(464.7K) avg 49.6% (20.354s, 20.358s) 3.789ms
[2023-10-30T22:40:41.791+0000][20.442s][debug][safepoint     ] Safepoint synchronization initiated. (23 threads)
[2023-10-30T22:40:41.791+0000][20.442s][info ][safepoint     ] Application time: 0.0880247 seconds
[2023-10-30T22:40:41.792+0000][20.442s][info ][safepoint     ] Entering safepoint region: Deoptimize
[2023-10-30T22:40:41.793+0000][20.444s][info ][safepoint     ] Leaving safepoint region
[2023-10-30T22:40:41.794+0000][20.444s][info ][safepoint     ] Total time for which application threads were stopped: 0.0019153 seconds, Stopping threads took: 0.0003154 seconds
[2023-10-30T22:40:42.222+0000][20.873s][debug][safepoint     ] Safepoint synchronization initiated. (23 threads)
[2023-10-30T22:40:42.223+0000][20.873s][info ][safepoint     ] Application time: 0.4287918 seconds
[2023-10-30T22:40:42.223+0000][20.874s][info ][safepoint     ] Entering safepoint region: Deoptimize
[2023-10-30T22:40:42.225+0000][20.875s][info ][safepoint     ] Leaving safepoint region
[2023-10-30T22:40:42.225+0000][20.876s][info ][safepoint     ] Total time for which application threads were stopped: 0.0020013 seconds, Stopping threads took: 0.0003225 seconds
[2023-10-30T22:40:42.294+0000][20.945s][debug][safepoint     ] Safepoint synchronization initiated. (23 threads)
[2023-10-30T22:40:42.295+0000][20.946s][info ][safepoint     ] Application time: 0.0693950 seconds
[2023-10-30T22:40:42.295+0000][20.946s][info ][safepoint     ] Entering safepoint region: Deoptimize
[2023-10-30T22:40:42.297+0000][20.948s][info ][safepoint     ] Leaving safepoint region
[2023-10-30T22:40:42.297+0000][20.948s][info ][safepoint     ] Total time for which application threads were stopped: 0.0019304 seconds, Stopping threads took: 0.0003727 seconds
[2023-10-30T22:40:42.370+0000][21.021s][debug][safepoint     ] Safepoint synchronization initiated. (23 threads)
[2023-10-30T22:40:42.371+0000][21.022s][info ][safepoint     ] Application time: 0.0734839 seconds
[2023-10-30T22:40:42.372+0000][21.022s][info ][safepoint     ] Entering safepoint region: Deoptimize
[2023-10-30T22:40:42.374+0000][21.025s][info ][safepoint     ] Leaving safepoint region
[2023-10-30T22:40:42.375+0000][21.026s][info ][safepoint     ] Total time for which application threads were stopped: 0.0035350 seconds, Stopping threads took: 0.0006949 seconds
[2023-10-30T22:40:42.589+0000][21.240s][debug][safepoint     ] Safepoint synchronization initiated. (23 threads)
[2023-10-30T22:40:42.590+0000][21.241s][info ][safepoint     ] Application time: 0.2144128 seconds
[2023-10-30T22:40:42.591+0000][21.241s][info ][safepoint     ] Entering safepoint region: ICBufferFull
[2023-10-30T22:40:42.592+0000][21.243s][info ][safepoint     ] Leaving safepoint region
[2023-10-30T22:40:42.592+0000][21.243s][info ][safepoint     ] Total time for which application threads were stopped: 0.0016569 seconds, Stopping threads took: 0.0008801 seconds
[2023-10-30T22:40:42.751+0000][21.402s][debug][safepoint     ] Safepoint synchronization initiated. (26 threads)
[2023-10-30T22:40:42.752+0000][21.403s][info ][safepoint     ] Application time: 0.1591217 seconds
[2023-10-30T22:40:42.752+0000][21.403s][info ][safepoint     ] Entering safepoint region: ICBufferFull
[2023-10-30T22:40:42.753+0000][21.404s][info ][safepoint     ] Leaving safepoint region
[2023-10-30T22:40:42.753+0000][21.404s][info ][safepoint     ] Total time for which application threads were stopped: 0.0009297 seconds, Stopping threads took: 0.0003649 seconds
[2023-10-30T22:40:42.890+0000][21.541s][debug][safepoint     ] Safepoint synchronization initiated. (32 threads)
[2023-10-30T22:40:42.891+0000][21.542s][info ][safepoint     ] Application time: 0.1371874 seconds
[2023-10-30T22:40:42.891+0000][21.542s][info ][safepoint     ] Entering safepoint region: G1CollectForAllocation
[2023-10-30T22:40:42.892+0000][21.543s][info ][gc,start      ] GC(38) Pause Young (Normal) (G1 Evacuation Pause)
[2023-10-30T22:40:42.892+0000][21.543s][info ][gc,task       ] GC(38) Using 8 workers of 8 for evacuation
[2023-10-30T22:40:42.907+0000][21.558s][info ][gc,phases     ] GC(38)   Pre Evacuate Collection Set: 0.0ms
[2023-10-30T22:40:42.907+0000][21.558s][info ][gc,phases     ] GC(38)   Evacuate Collection Set: 12.2ms
[2023-10-30T22:40:42.908+0000][21.558s][info ][gc,phases     ] GC(38)   Post Evacuate Collection Set: 2.0ms
[2023-10-30T22:40:42.908+0000][21.559s][info ][gc,phases     ] GC(38)   Other: 0.8ms
[2023-10-30T22:40:42.908+0000][21.559s][info ][gc,heap       ] GC(38) Eden regions: 227->0(230)
[2023-10-30T22:40:42.909+0000][21.559s][info ][gc,heap       ] GC(38) Survivor regions: 19->16(31)
[2023-10-30T22:40:42.909+0000][21.560s][info ][gc,heap       ] GC(38) Old regions: 53->60
[2023-10-30T22:40:42.909+0000][21.560s][info ][gc,heap       ] GC(38) Humongous regions: 0->0
[2023-10-30T22:40:42.910+0000][21.560s][info ][gc,metaspace  ] GC(38) Metaspace: 95991K(98980K)->95991K(98980K) NonClass: 84094K(85924K)->84094K(85924K) Class: 11896K(13056K)->11896K(13056K)
[2023-10-30T22:40:42.910+0000][21.561s][info ][gc            ] GC(38) Pause Young (Normal) (G1 Evacuation Pause) 297M->73M(411M) 18.123ms
[2023-10-30T22:40:42.910+0000][21.561s][info ][gc,cpu        ] GC(38) User=0.11s Sys=0.00s Real=0.02s
[2023-10-30T22:40:42.911+0000][21.561s][info ][safepoint     ] Leaving safepoint region
[2023-10-30T22:40:42.911+0000][21.562s][info ][safepoint     ] Total time for which application threads were stopped: 0.0197395 seconds, Stopping threads took: 0.0003727 seconds
[2023-10-30T22:40:42.911+0000][21.562s][info ][gc,stringdedup] Concurrent String Deduplication (21.562s)
[2023-10-30T22:40:42.914+0000][21.565s][info ][gc,stringdedup] Concurrent String Deduplication 352.6K->108.0K(244.7K) avg 50.2% (21.562s, 21.565s) 2.725ms
[2023-10-30T22:40:43.105+0000][21.756s][debug][safepoint     ] Safepoint synchronization initiated. (34 threads)
[2023-10-30T22:40:43.105+0000][21.756s][info ][safepoint     ] Application time: 0.1940693 seconds
[2023-10-30T22:40:43.106+0000][21.757s][info ][safepoint     ] Entering safepoint region: Deoptimize
[2023-10-30T22:40:43.108+0000][21.759s][info ][safepoint     ] Leaving safepoint region
[2023-10-30T22:40:43.108+0000][21.759s][info ][safepoint     ] Total time for which application threads were stopped: 0.0025376 seconds, Stopping threads took: 0.0003995 seconds
[2023-10-30T22:40:43.204+0000][21.855s][debug][safepoint     ] Safepoint synchronization initiated. (34 threads)
[2023-10-30T22:40:43.205+0000][21.855s][info ][safepoint     ] Application time: 0.0957455 seconds
[2023-10-30T22:40:43.205+0000][21.856s][info ][safepoint     ] Entering safepoint region: Deoptimize
[2023-10-30T22:40:43.207+0000][21.857s][info ][safepoint     ] Leaving safepoint region
[2023-10-30T22:40:43.207+0000][21.858s][info ][safepoint     ] Total time for which application threads were stopped: 0.0021123 seconds, Stopping threads took: 0.0003349 seconds
[2023-10-30T22:40:43.510+0000][22.160s][debug][safepoint     ] Safepoint synchronization initiated. (34 threads)
[2023-10-30T22:40:43.510+0000][22.161s][info ][safepoint     ] Application time: 0.3026806 seconds
[2023-10-30T22:40:43.511+0000][22.161s][debug][safepoint     ] Waiting for 1 thread(s) to block
[2023-10-30T22:40:43.511+0000][22.162s][info ][safepoint     ] Entering safepoint region: ICBufferFull
[2023-10-30T22:40:43.513+0000][22.164s][info ][safepoint     ] Leaving safepoint region
[2023-10-30T22:40:43.514+0000][22.165s][info ][safepoint     ] Total time for which application threads were stopped: 0.0031602 seconds, Stopping threads took: 0.0015163 seconds
[2023-10-30T22:40:43.700+0000][22.351s][debug][safepoint     ] Safepoint synchronization initiated. (34 threads)
[2023-10-30T22:40:43.701+0000][22.351s][info ][safepoint     ] Application time: 0.1861815 seconds
[2023-10-30T22:40:43.701+0000][22.352s][info ][safepoint     ] Entering safepoint region: Deoptimize
[2023-10-30T22:40:43.703+0000][22.354s][info ][safepoint     ] Leaving safepoint region
[2023-10-30T22:40:43.704+0000][22.354s][info ][safepoint     ] Total time for which application threads were stopped: 0.0026011 seconds, Stopping threads took: 0.0004038 seconds
[2023-10-30T22:40:43.906+0000][22.557s][debug][safepoint     ] Safepoint synchronization initiated. (33 threads)
[2023-10-30T22:40:43.907+0000][22.558s][info ][safepoint     ] Application time: 0.2028625 seconds
[2023-10-30T22:40:43.907+0000][22.558s][info ][safepoint     ] Entering safepoint region: G1CollectForAllocation
[2023-10-30T22:40:43.908+0000][22.559s][info ][gc,start      ] GC(39) Pause Young (Normal) (G1 Evacuation Pause)
[2023-10-30T22:40:43.909+0000][22.559s][info ][gc,task       ] GC(39) Using 8 workers of 8 for evacuation
[2023-10-30T22:40:43.921+0000][22.572s][info ][gc,phases     ] GC(39)   Pre Evacuate Collection Set: 0.0ms
[2023-10-30T22:40:43.922+0000][22.573s][info ][gc,phases     ] GC(39)   Evacuate Collection Set: 9.5ms
[2023-10-30T22:40:43.922+0000][22.573s][info ][gc,phases     ] GC(39)   Post Evacuate Collection Set: 2.3ms
[2023-10-30T22:40:43.923+0000][22.573s][info ][gc,phases     ] GC(39)   Other: 1.2ms
[2023-10-30T22:40:43.923+0000][22.574s][info ][gc,heap       ] GC(39) Eden regions: 230->0(224)
[2023-10-30T22:40:43.924+0000][22.575s][info ][gc,heap       ] GC(39) Survivor regions: 16->22(31)
[2023-10-30T22:40:43.925+0000][22.575s][info ][gc,heap       ] GC(39) Old regions: 60->60
[2023-10-30T22:40:43.925+0000][22.576s][info ][gc,heap       ] GC(39) Humongous regions: 0->0
[2023-10-30T22:40:43.926+0000][22.576s][info ][gc,metaspace  ] GC(39) Metaspace: 100374K(103460K)->100374K(103460K) NonClass: 87998K(90020K)->87998K(90020K) Class: 12376K(13440K)->12376K(13440K)
[2023-10-30T22:40:43.926+0000][22.577s][info ][gc            ] GC(39) Pause Young (Normal) (G1 Evacuation Pause) 303M->79M(411M) 17.938ms
[2023-10-30T22:40:43.927+0000][22.577s][info ][gc,cpu        ] GC(39) User=0.08s Sys=0.00s Real=0.01s
[2023-10-30T22:40:43.927+0000][22.578s][info ][safepoint     ] Leaving safepoint region
[2023-10-30T22:40:43.928+0000][22.578s][info ][safepoint     ] Total time for which application threads were stopped: 0.0203020 seconds, Stopping threads took: 0.0006382 seconds
[2023-10-30T22:40:43.928+0000][22.579s][info ][gc,stringdedup] Concurrent String Deduplication (22.579s)
[2023-10-30T22:40:43.933+0000][22.583s][info ][gc,stringdedup] Concurrent String Deduplication 604.1K->320.1K(284.0K) avg 50.0% (22.579s, 22.583s) 4.521ms
[2023-10-30T22:40:43.964+0000][22.615s][debug][safepoint     ] Safepoint synchronization initiated. (36 threads)
[2023-10-30T22:40:43.965+0000][22.616s][info ][safepoint     ] Application time: 0.0371165 seconds
[2023-10-30T22:40:43.966+0000][22.617s][info ][safepoint     ] Entering safepoint region: Deoptimize
[2023-10-30T22:40:43.968+0000][22.618s][info ][safepoint     ] Leaving safepoint region
[2023-10-30T22:40:43.968+0000][22.619s][info ][safepoint     ] Total time for which application threads were stopped: 0.0025247 seconds, Stopping threads took: 0.0006484 seconds
[2023-10-30T22:40:44.431+0000][23.081s][debug][safepoint     ] Safepoint synchronization initiated. (38 threads)
[2023-10-30T22:40:44.431+0000][23.082s][info ][safepoint     ] Application time: 0.4621949 seconds
[2023-10-30T22:40:44.432+0000][23.082s][info ][safepoint     ] Entering safepoint region: ICBufferFull
[2023-10-30T22:40:44.432+0000][23.083s][info ][safepoint     ] Leaving safepoint region
[2023-10-30T22:40:44.433+0000][23.083s][info ][safepoint     ] Total time for which application threads were stopped: 0.0010647 seconds, Stopping threads took: 0.0004521 seconds
[2023-10-30T22:40:44.489+0000][23.140s][debug][safepoint     ] Safepoint synchronization initiated. (38 threads)
[2023-10-30T22:40:44.490+0000][23.141s][info ][safepoint     ] Application time: 0.0569196 seconds
[2023-10-30T22:40:44.490+0000][23.141s][info ][safepoint     ] Entering safepoint region: ICBufferFull
[2023-10-30T22:40:44.491+0000][23.142s][info ][safepoint     ] Leaving safepoint region
[2023-10-30T22:40:44.491+0000][23.142s][info ][safepoint     ] Total time for which application threads were stopped: 0.0010030 seconds, Stopping threads took: 0.0003503 seconds
[2023-10-30T22:40:44.676+0000][23.326s][debug][safepoint     ] Safepoint synchronization initiated. (38 threads)
[2023-10-30T22:40:44.676+0000][23.327s][info ][safepoint     ] Application time: 0.1844418 seconds
[2023-10-30T22:40:44.677+0000][23.327s][info ][safepoint     ] Entering safepoint region: G1CollectForAllocation
[2023-10-30T22:40:44.678+0000][23.328s][info ][gc,start      ] GC(40) Pause Young (Normal) (G1 Evacuation Pause)
[2023-10-30T22:40:44.678+0000][23.329s][info ][gc,task       ] GC(40) Using 8 workers of 8 for evacuation
[2023-10-30T22:40:44.702+0000][23.353s][info ][gc,phases     ] GC(40)   Pre Evacuate Collection Set: 0.0ms
[2023-10-30T22:40:44.703+0000][23.354s][info ][gc,phases     ] GC(40)   Evacuate Collection Set: 20.9ms
[2023-10-30T22:40:44.703+0000][23.354s][info ][gc,phases     ] GC(40)   Post Evacuate Collection Set: 2.4ms
[2023-10-30T22:40:44.704+0000][23.354s][info ][gc,phases     ] GC(40)   Other: 1.4ms
[2023-10-30T22:40:44.704+0000][23.355s][info ][gc,heap       ] GC(40) Eden regions: 224->0(229)
[2023-10-30T22:40:44.704+0000][23.355s][info ][gc,heap       ] GC(40) Survivor regions: 22->17(31)
[2023-10-30T22:40:44.705+0000][23.355s][info ][gc,heap       ] GC(40) Old regions: 60->69
[2023-10-30T22:40:44.705+0000][23.356s][info ][gc,heap       ] GC(40) Humongous regions: 1->0
[2023-10-30T22:40:44.705+0000][23.356s][info ][gc,metaspace  ] GC(40) Metaspace: 103901K(107044K)->103901K(107044K) NonClass: 91318K(93348K)->91318K(93348K) Class: 12583K(13696K)->12583K(13696K)
[2023-10-30T22:40:44.705+0000][23.356s][info ][gc            ] GC(40) Pause Young (Normal) (G1 Evacuation Pause) 304M->84M(411M) 27.861ms
[2023-10-30T22:40:44.706+0000][23.356s][info ][gc,cpu        ] GC(40) User=0.19s Sys=0.00s Real=0.03s
[2023-10-30T22:40:44.706+0000][23.357s][info ][safepoint     ] Leaving safepoint region
[2023-10-30T22:40:44.706+0000][23.357s][info ][safepoint     ] Total time for which application threads were stopped: 0.0297100 seconds, Stopping threads took: 0.0006589 seconds
[2023-10-30T22:40:44.707+0000][23.358s][info ][gc,stringdedup] Concurrent String Deduplication (23.358s)
[2023-10-30T22:40:44.713+0000][23.363s][info ][gc,stringdedup] Concurrent String Deduplication 486.9K->266.2K(220.8K) avg 49.8% (23.358s, 23.363s) 5.484ms
[2023-10-30T22:40:45.076+0000][23.727s][debug][safepoint     ] Safepoint synchronization initiated. (38 threads)
[2023-10-30T22:40:45.077+0000][23.728s][info ][safepoint     ] Application time: 0.3697184 seconds
[2023-10-30T22:40:45.077+0000][23.728s][info ][safepoint     ] Entering safepoint region: Deoptimize
[2023-10-30T22:40:45.080+0000][23.730s][info ][safepoint     ] Leaving safepoint region
[2023-10-30T22:40:45.080+0000][23.731s][info ][safepoint     ] Total time for which application threads were stopped: 0.0026956 seconds, Stopping threads took: 0.0006354 seconds
[2023-10-30T22:40:45.140+0000][23.791s][debug][safepoint     ] Safepoint synchronization initiated. (38 threads)
[2023-10-30T22:40:45.140+0000][23.791s][info ][safepoint     ] Application time: 0.0597119 seconds
[2023-10-30T22:40:45.141+0000][23.792s][info ][safepoint     ] Entering safepoint region: Deoptimize
[2023-10-30T22:40:45.143+0000][23.794s][info ][safepoint     ] Leaving safepoint region
[2023-10-30T22:40:45.144+0000][23.795s][info ][safepoint     ] Total time for which application threads were stopped: 0.0031822 seconds, Stopping threads took: 0.0011463 seconds
[2023-10-30T22:40:45.794+0000][24.445s][debug][safepoint     ] Safepoint synchronization initiated. (41 threads)
[2023-10-30T22:40:45.795+0000][24.445s][info ][safepoint     ] Application time: 0.6502717 seconds
[2023-10-30T22:40:45.795+0000][24.446s][info ][safepoint     ] Entering safepoint region: Deoptimize
[2023-10-30T22:40:45.797+0000][24.448s][info ][safepoint     ] Leaving safepoint region
[2023-10-30T22:40:45.797+0000][24.448s][info ][safepoint     ] Total time for which application threads were stopped: 0.0022715 seconds, Stopping threads took: 0.0004255 seconds
[2023-10-30T22:40:46.151+0000][24.802s][debug][safepoint     ] Safepoint synchronization initiated. (41 threads)
[2023-10-30T22:40:46.152+0000][24.802s][info ][safepoint     ] Application time: 0.3538669 seconds
[2023-10-30T22:40:46.152+0000][24.803s][info ][safepoint     ] Entering safepoint region: ICBufferFull
[2023-10-30T22:40:46.153+0000][24.803s][info ][safepoint     ] Leaving safepoint region
[2023-10-30T22:40:46.153+0000][24.804s][info ][safepoint     ] Total time for which application threads were stopped: 0.0010902 seconds, Stopping threads took: 0.0004555 seconds
[2023-10-30T22:40:46.198+0000][24.849s][debug][safepoint     ] Safepoint synchronization initiated. (41 threads)
[2023-10-30T22:40:46.199+0000][24.849s][info ][safepoint     ] Application time: 0.0449702 seconds
[2023-10-30T22:40:46.199+0000][24.850s][info ][safepoint     ] Entering safepoint region: G1CollectForAllocation
[2023-10-30T22:40:46.199+0000][24.850s][info ][gc,start      ] GC(41) Pause Young (Normal) (G1 Evacuation Pause)
[2023-10-30T22:40:46.200+0000][24.851s][info ][gc,task       ] GC(41) Using 8 workers of 8 for evacuation
[2023-10-30T22:40:46.215+0000][24.866s][info ][gc,phases     ] GC(41)   Pre Evacuate Collection Set: 0.0ms
[2023-10-30T22:40:46.216+0000][24.866s][info ][gc,phases     ] GC(41)   Evacuate Collection Set: 12.3ms
[2023-10-30T22:40:46.216+0000][24.867s][info ][gc,phases     ] GC(41)   Post Evacuate Collection Set: 2.5ms
[2023-10-30T22:40:46.216+0000][24.867s][info ][gc,phases     ] GC(41)   Other: 0.9ms
[2023-10-30T22:40:46.217+0000][24.867s][info ][gc,heap       ] GC(41) Eden regions: 229->0(225)
[2023-10-30T22:40:46.217+0000][24.868s][info ][gc,heap       ] GC(41) Survivor regions: 17->21(31)
[2023-10-30T22:40:46.217+0000][24.868s][info ][gc,heap       ] GC(41) Old regions: 69->69
[2023-10-30T22:40:46.218+0000][24.868s][info ][gc,heap       ] GC(41) Humongous regions: 0->0
[2023-10-30T22:40:46.218+0000][24.869s][info ][gc,metaspace  ] GC(41) Metaspace: 109017K(112164K)->109017K(112164K) NonClass: 95896K(97956K)->95896K(97956K) Class: 13121K(14208K)->13121K(14208K)
[2023-10-30T22:40:46.219+0000][24.869s][info ][gc            ] GC(41) Pause Young (Normal) (G1 Evacuation Pause) 313M->88M(411M) 19.107ms
[2023-10-30T22:40:46.219+0000][24.870s][info ][gc,cpu        ] GC(41) User=0.09s Sys=0.01s Real=0.02s
[2023-10-30T22:40:46.219+0000][24.870s][info ][safepoint     ] Leaving safepoint region
[2023-10-30T22:40:46.220+0000][24.870s][info ][safepoint     ] Total time for which application threads were stopped: 0.0207729 seconds, Stopping threads took: 0.0003256 seconds
[2023-10-30T22:40:46.220+0000][24.871s][info ][gc,stringdedup] Concurrent String Deduplication (24.871s)
[2023-10-30T22:40:46.228+0000][24.878s][info ][gc,stringdedup] Concurrent String Deduplication 636.6K->385.1K(251.5K) avg 49.4% (24.871s, 24.878s) 7.431ms
[2023-10-30T22:40:46.961+0000][25.611s][debug][safepoint     ] Safepoint synchronization initiated. (42 threads)
[2023-10-30T22:40:46.961+0000][25.612s][info ][safepoint     ] Application time: 0.7410237 seconds
[2023-10-30T22:40:46.962+0000][25.612s][info ][safepoint     ] Entering safepoint region: ICBufferFull
[2023-10-30T22:40:46.963+0000][25.613s][info ][safepoint     ] Leaving safepoint region
[2023-10-30T22:40:46.963+0000][25.614s][info ][safepoint     ] Total time for which application threads were stopped: 0.0013289 seconds, Stopping threads took: 0.0006750 seconds
[2023-10-30T22:40:47.210+0000][25.861s][debug][safepoint     ] Safepoint synchronization initiated. (42 threads)
[2023-10-30T22:40:47.211+0000][25.861s][info ][safepoint     ] Application time: 0.2473950 seconds
[2023-10-30T22:40:47.211+0000][25.862s][info ][safepoint     ] Entering safepoint region: CollectForMetadataAllocation
[2023-10-30T22:40:47.212+0000][25.863s][info ][gc,start      ] GC(42) Pause Young (Concurrent Start) (Metadata GC Threshold)
[2023-10-30T22:40:47.213+0000][25.864s][info ][gc,task       ] GC(42) Using 8 workers of 8 for evacuation
[2023-10-30T22:40:47.263+0000][25.913s][info ][gc,phases     ] GC(42)   Pre Evacuate Collection Set: 0.9ms
[2023-10-30T22:40:47.263+0000][25.914s][info ][gc,phases     ] GC(42)   Evacuate Collection Set: 43.7ms
[2023-10-30T22:40:47.264+0000][25.914s][info ][gc,phases     ] GC(42)   Post Evacuate Collection Set: 3.9ms
[2023-10-30T22:40:47.264+0000][25.915s][info ][gc,phases     ] GC(42)   Other: 2.0ms
[2023-10-30T22:40:47.264+0000][25.915s][info ][gc,heap       ] GC(42) Eden regions: 186->0(226)
[2023-10-30T22:40:47.265+0000][25.915s][info ][gc,heap       ] GC(42) Survivor regions: 21->20(31)
[2023-10-30T22:40:47.265+0000][25.916s][info ][gc,heap       ] GC(42) Old regions: 69->74
[2023-10-30T22:40:47.266+0000][25.916s][info ][gc,heap       ] GC(42) Humongous regions: 0->0
[2023-10-30T22:40:47.266+0000][25.917s][info ][gc,metaspace  ] GC(42) Metaspace: 112716K(115876K)->112716K(115876K) NonClass: 99357K(101284K)->99357K(101284K) Class: 13359K(14592K)->13359K(14592K)
[2023-10-30T22:40:47.266+0000][25.917s][info ][gc            ] GC(42) Pause Young (Concurrent Start) (Metadata GC Threshold) 273M->92M(411M) 54.209ms
[2023-10-30T22:40:47.267+0000][25.917s][info ][gc,cpu        ] GC(42) User=0.37s Sys=0.00s Real=0.05s
[2023-10-30T22:40:47.267+0000][25.918s][info ][gc            ] GC(43) Concurrent Cycle
[2023-10-30T22:40:47.268+0000][25.918s][info ][gc,marking    ] GC(43) Concurrent Clear Claimed Marks
[2023-10-30T22:40:47.267+0000][25.918s][info ][safepoint     ] Leaving safepoint region
[2023-10-30T22:40:47.268+0000][25.919s][info ][safepoint     ] Total time for which application threads were stopped: 0.0570204 seconds, Stopping threads took: 0.0004837 seconds
[2023-10-30T22:40:47.268+0000][25.919s][info ][gc,marking    ] GC(43) Concurrent Clear Claimed Marks 0.877ms
[2023-10-30T22:40:47.269+0000][25.920s][info ][gc,marking    ] GC(43) Concurrent Scan Root Regions
[2023-10-30T22:40:47.269+0000][25.920s][info ][gc,stringdedup] Concurrent String Deduplication (25.920s)
[2023-10-30T22:40:47.276+0000][25.927s][info ][gc,stringdedup] Concurrent String Deduplication 497.9K->166.2K(331.7K) avg 50.0% (25.920s, 25.927s) 7.329ms
[2023-10-30T22:40:47.283+0000][25.934s][info ][gc,marking    ] GC(43) Concurrent Scan Root Regions 13.456ms
[2023-10-30T22:40:47.283+0000][25.934s][info ][gc,marking    ] GC(43) Concurrent Mark (25.934s)
[2023-10-30T22:40:47.284+0000][25.934s][info ][gc,marking    ] GC(43) Concurrent Mark From Roots
[2023-10-30T22:40:47.284+0000][25.935s][info ][gc,task       ] GC(43) Using 2 workers of 2 for marking
[2023-10-30T22:40:47.316+0000][25.966s][debug][safepoint     ] Safepoint synchronization initiated. (42 threads)
[2023-10-30T22:40:47.316+0000][25.967s][info ][safepoint     ] Application time: 0.0474273 seconds
[2023-10-30T22:40:47.317+0000][25.967s][info ][safepoint     ] Entering safepoint region: CollectForMetadataAllocation
[2023-10-30T22:40:47.317+0000][25.968s][info ][safepoint     ] Leaving safepoint region
[2023-10-30T22:40:47.318+0000][25.968s][info ][safepoint     ] Total time for which application threads were stopped: 0.0010092 seconds, Stopping threads took: 0.0004007 seconds
[2023-10-30T22:40:47.321+0000][25.972s][debug][safepoint     ] Safepoint synchronization initiated. (42 threads)
[2023-10-30T22:40:47.321+0000][25.972s][info ][safepoint     ] Application time: 0.0033139 seconds
[2023-10-30T22:40:47.322+0000][25.973s][info ][safepoint     ] Entering safepoint region: Deoptimize
[2023-10-30T22:40:47.324+0000][25.974s][info ][safepoint     ] Leaving safepoint region
[2023-10-30T22:40:47.324+0000][25.975s][info ][safepoint     ] Total time for which application threads were stopped: 0.0024406 seconds, Stopping threads took: 0.0003963 seconds
[2023-10-30T22:40:47.351+0000][26.002s][debug][safepoint     ] Safepoint synchronization initiated. (42 threads)
[2023-10-30T22:40:47.352+0000][26.003s][info ][safepoint     ] Application time: 0.0271452 seconds
[2023-10-30T22:40:47.352+0000][26.003s][info ][safepoint     ] Entering safepoint region: CollectForMetadataAllocation
[2023-10-30T22:40:47.353+0000][26.003s][info ][safepoint     ] Leaving safepoint region
[2023-10-30T22:40:47.353+0000][26.004s][info ][safepoint     ] Total time for which application threads were stopped: 0.0009358 seconds, Stopping threads took: 0.0004090 seconds
[2023-10-30T22:40:47.375+0000][26.026s][debug][safepoint     ] Safepoint synchronization initiated. (42 threads)
[2023-10-30T22:40:47.375+0000][26.026s][info ][safepoint     ] Application time: 0.0217989 seconds
[2023-10-30T22:40:47.376+0000][26.026s][info ][safepoint     ] Entering safepoint region: CollectForMetadataAllocation
[2023-10-30T22:40:47.376+0000][26.027s][info ][safepoint     ] Leaving safepoint region
[2023-10-30T22:40:47.377+0000][26.027s][info ][safepoint     ] Total time for which application threads were stopped: 0.0009764 seconds, Stopping threads took: 0.0004087 seconds
[2023-10-30T22:40:47.382+0000][26.032s][info ][gc,marking    ] GC(43) Concurrent Mark From Roots 97.743ms
[2023-10-30T22:40:47.382+0000][26.033s][info ][gc,marking    ] GC(43) Concurrent Preclean
[2023-10-30T22:40:47.382+0000][26.033s][info ][gc,marking    ] GC(43) Concurrent Preclean 0.417ms
[2023-10-30T22:40:47.383+0000][26.034s][info ][gc,marking    ] GC(43) Concurrent Mark (25.934s, 26.034s) 99.490ms
[2023-10-30T22:40:47.383+0000][26.034s][debug][safepoint     ] Safepoint synchronization initiated. (42 threads)
[2023-10-30T22:40:47.384+0000][26.034s][info ][safepoint     ] Application time: 0.0066473 seconds
[2023-10-30T22:40:47.384+0000][26.035s][debug][safepoint     ] Waiting for 1 thread(s) to block
[2023-10-30T22:40:47.385+0000][26.035s][info ][safepoint     ] Entering safepoint region: CGC_Operation
[2023-10-30T22:40:47.385+0000][26.036s][info ][gc,start      ] GC(43) Pause Remark
[2023-10-30T22:40:47.396+0000][26.046s][info ][gc,stringtable] GC(43) Cleaned string and symbol table, strings: 56320 processed, 81 removed, symbols: 315632 processed, 391 removed
[2023-10-30T22:40:47.397+0000][26.048s][info ][gc            ] GC(43) Pause Remark 97M->97M(411M) 11.632ms
[2023-10-30T22:40:47.397+0000][26.048s][info ][gc,cpu        ] GC(43) User=0.07s Sys=0.00s Real=0.01s
[2023-10-30T22:40:47.398+0000][26.048s][info ][safepoint     ] Leaving safepoint region
[2023-10-30T22:40:47.398+0000][26.049s][info ][safepoint     ] Total time for which application threads were stopped: 0.0138660 seconds, Stopping threads took: 0.0008864 seconds
[2023-10-30T22:40:47.398+0000][26.049s][info ][gc,marking    ] GC(43) Concurrent Rebuild Remembered Sets
[2023-10-30T22:40:47.425+0000][26.075s][debug][safepoint     ] Safepoint synchronization initiated. (42 threads)
[2023-10-30T22:40:47.425+0000][26.076s][info ][safepoint     ] Application time: 0.0268115 seconds
[2023-10-30T22:40:47.426+0000][26.076s][info ][safepoint     ] Entering safepoint region: Deoptimize
[2023-10-30T22:40:47.428+0000][26.078s][info ][safepoint     ] Leaving safepoint region
[2023-10-30T22:40:47.428+0000][26.079s][info ][safepoint     ] Total time for which application threads were stopped: 0.0021710 seconds, Stopping threads took: 0.0003673 seconds
[2023-10-30T22:40:47.457+0000][26.107s][info ][gc,marking    ] GC(43) Concurrent Rebuild Remembered Sets 58.286ms
[2023-10-30T22:40:47.457+0000][26.108s][debug][safepoint     ] Safepoint synchronization initiated. (42 threads)
[2023-10-30T22:40:47.458+0000][26.108s][info ][safepoint     ] Application time: 0.0294039 seconds
[2023-10-30T22:40:47.458+0000][26.109s][debug][safepoint     ] Waiting for 2 thread(s) to block
[2023-10-30T22:40:47.459+0000][26.109s][info ][safepoint     ] Entering safepoint region: CGC_Operation
[2023-10-30T22:40:47.459+0000][26.110s][info ][gc,start      ] GC(43) Pause Cleanup
[2023-10-30T22:40:47.460+0000][26.110s][info ][gc            ] GC(43) Pause Cleanup 98M->98M(411M) 0.530ms
[2023-10-30T22:40:47.460+0000][26.111s][info ][gc,cpu        ] GC(43) User=0.00s Sys=0.00s Real=0.00s
[2023-10-30T22:40:47.460+0000][26.111s][info ][safepoint     ] Leaving safepoint region
[2023-10-30T22:40:47.461+0000][26.111s][info ][safepoint     ] Total time for which application threads were stopped: 0.0025090 seconds, Stopping threads took: 0.0008299 seconds
[2023-10-30T22:40:47.461+0000][26.112s][info ][gc,marking    ] GC(43) Concurrent Cleanup for Next Mark
[2023-10-30T22:40:47.463+0000][26.114s][info ][gc,marking    ] GC(43) Concurrent Cleanup for Next Mark 2.255ms
[2023-10-30T22:40:47.466+0000][26.116s][info ][gc            ] GC(43) Concurrent Cycle 198.605ms
[2023-10-30T22:40:47.478+0000][26.129s][debug][safepoint     ] Safepoint synchronization initiated. (42 threads)
[2023-10-30T22:40:47.479+0000][26.129s][info ][safepoint     ] Application time: 0.0175517 seconds
[2023-10-30T22:40:47.479+0000][26.130s][info ][safepoint     ] Entering safepoint region: Deoptimize
[2023-10-30T22:40:47.482+0000][26.133s][info ][safepoint     ] Leaving safepoint region
[2023-10-30T22:40:47.483+0000][26.134s][info ][safepoint     ] Total time for which application threads were stopped: 0.0040278 seconds, Stopping threads took: 0.0009645 seconds
[2023-10-30T22:40:47.543+0000][26.193s][debug][safepoint     ] Safepoint synchronization initiated. (42 threads)
[2023-10-30T22:40:47.543+0000][26.194s][info ][safepoint     ] Application time: 0.0595005 seconds
[2023-10-30T22:40:47.544+0000][26.194s][info ][safepoint     ] Entering safepoint region: Deoptimize
[2023-10-30T22:40:47.547+0000][26.197s][info ][safepoint     ] Leaving safepoint region
[2023-10-30T22:40:47.547+0000][26.198s][info ][safepoint     ] Total time for which application threads were stopped: 0.0036945 seconds, Stopping threads took: 0.0003843 seconds
[2023-10-30T22:40:47.730+0000][26.381s][debug][safepoint     ] Safepoint synchronization initiated. (42 threads)
[2023-10-30T22:40:47.731+0000][26.381s][info ][safepoint     ] Application time: 0.1825692 seconds
[2023-10-30T22:40:47.731+0000][26.382s][info ][safepoint     ] Entering safepoint region: Deoptimize
[2023-10-30T22:40:47.733+0000][26.384s][info ][safepoint     ] Leaving safepoint region
[2023-10-30T22:40:47.734+0000][26.384s][info ][safepoint     ] Total time for which application threads were stopped: 0.0022642 seconds, Stopping threads took: 0.0003917 seconds
[2023-10-30T22:40:47.735+0000][26.386s][debug][safepoint     ] Safepoint synchronization initiated. (42 threads)
[2023-10-30T22:40:47.735+0000][26.386s][info ][safepoint     ] Application time: 0.0015123 seconds
[2023-10-30T22:40:47.736+0000][26.387s][info ][safepoint     ] Entering safepoint region: Deoptimize
[2023-10-30T22:40:47.738+0000][26.389s][info ][safepoint     ] Leaving safepoint region
[2023-10-30T22:40:47.738+0000][26.389s][info ][safepoint     ] Total time for which application threads were stopped: 0.0026445 seconds, Stopping threads took: 0.0003636 seconds
[2023-10-30T22:40:48.565+0000][27.215s][debug][safepoint     ] Safepoint synchronization initiated. (42 threads)
[2023-10-30T22:40:48.571+0000][27.221s][info ][safepoint     ] Application time: 0.8317887 seconds
[2023-10-30T22:40:48.571+0000][27.222s][info ][safepoint     ] Entering safepoint region: Deoptimize
[2023-10-30T22:40:48.574+0000][27.224s][info ][safepoint     ] Leaving safepoint region
[2023-10-30T22:40:48.574+0000][27.225s][info ][safepoint     ] Total time for which application threads were stopped: 0.0029502 seconds, Stopping threads took: 0.0004894 seconds
[2023-10-30T22:40:48.809+0000][27.460s][debug][safepoint     ] Safepoint synchronization initiated. (42 threads)
[2023-10-30T22:40:48.810+0000][27.460s][info ][safepoint     ] Application time: 0.2346791 seconds
[2023-10-30T22:40:48.810+0000][27.461s][info ][safepoint     ] Entering safepoint region: G1CollectForAllocation
[2023-10-30T22:40:48.810+0000][27.461s][info ][gc,start      ] GC(44) Pause Young (Concurrent Start) (G1 Evacuation Pause)
[2023-10-30T22:40:48.811+0000][27.462s][info ][gc,task       ] GC(44) Using 8 workers of 8 for evacuation
[2023-10-30T22:40:48.844+0000][27.494s][info ][gc,phases     ] GC(44)   Pre Evacuate Collection Set: 0.6ms
[2023-10-30T22:40:48.844+0000][27.495s][info ][gc,phases     ] GC(44)   Evacuate Collection Set: 27.0ms
[2023-10-30T22:40:48.845+0000][27.495s][info ][gc,phases     ] GC(44)   Post Evacuate Collection Set: 4.4ms
[2023-10-30T22:40:48.845+0000][27.496s][info ][gc,phases     ] GC(44)   Other: 1.2ms
[2023-10-30T22:40:48.845+0000][27.496s][info ][gc,heap       ] GC(44) Eden regions: 226->0(226)
[2023-10-30T22:40:48.846+0000][27.497s][info ][gc,heap       ] GC(44) Survivor regions: 20->20(31)
[2023-10-30T22:40:48.846+0000][27.497s][info ][gc,heap       ] GC(44) Old regions: 74->79
[2023-10-30T22:40:48.847+0000][27.497s][info ][gc,heap       ] GC(44) Humongous regions: 0->0
[2023-10-30T22:40:48.847+0000][27.498s][info ][gc,metaspace  ] GC(44) Metaspace: 121717K(125348K)->121717K(125348K) NonClass: 107187K(109476K)->107187K(109476K) Class: 14530K(15872K)->14530K(15872K)
[2023-10-30T22:40:48.847+0000][27.498s][info ][gc            ] GC(44) Pause Young (Concurrent Start) (G1 Evacuation Pause) 318M->97M(411M) 36.921ms
[2023-10-30T22:40:48.848+0000][27.498s][info ][gc,cpu        ] GC(44) User=0.23s Sys=0.00s Real=0.03s
[2023-10-30T22:40:48.848+0000][27.499s][info ][gc            ] GC(45) Concurrent Cycle
[2023-10-30T22:40:48.848+0000][27.499s][info ][safepoint     ] Leaving safepoint region
[2023-10-30T22:40:48.849+0000][27.499s][info ][gc,marking    ] GC(45) Concurrent Clear Claimed Marks
[2023-10-30T22:40:48.849+0000][27.500s][info ][safepoint     ] Total time for which application threads were stopped: 0.0393816 seconds, Stopping threads took: 0.0003805 seconds
[2023-10-30T22:40:48.851+0000][27.501s][info ][gc,stringdedup] Concurrent String Deduplication (27.501s)
[2023-10-30T22:40:48.851+0000][27.501s][info ][gc,marking    ] GC(45) Concurrent Clear Claimed Marks 2.092ms
[2023-10-30T22:40:48.852+0000][27.503s][info ][gc,marking    ] GC(45) Concurrent Scan Root Regions
[2023-10-30T22:40:48.857+0000][27.508s][info ][gc,stringdedup] Concurrent String Deduplication 473.0K->172.2K(300.8K) avg 50.4% (27.501s, 27.508s) 6.162ms
[2023-10-30T22:40:48.863+0000][27.514s][info ][gc,marking    ] GC(45) Concurrent Scan Root Regions 11.389ms
[2023-10-30T22:40:48.864+0000][27.515s][info ][gc,marking    ] GC(45) Concurrent Mark (27.515s)
[2023-10-30T22:40:48.865+0000][27.515s][info ][gc,marking    ] GC(45) Concurrent Mark From Roots
[2023-10-30T22:40:48.865+0000][27.516s][info ][gc,task       ] GC(45) Using 2 workers of 2 for marking
[2023-10-30T22:40:48.934+0000][27.585s][debug][safepoint     ] Safepoint synchronization initiated. (42 threads)
[2023-10-30T22:40:48.935+0000][27.585s][info ][safepoint     ] Application time: 0.0841699 seconds
[2023-10-30T22:40:48.935+0000][27.586s][info ][safepoint     ] Entering safepoint region: Deoptimize
[2023-10-30T22:40:48.937+0000][27.588s][info ][safepoint     ] Leaving safepoint region
[2023-10-30T22:40:48.938+0000][27.589s][info ][safepoint     ] Total time for which application threads were stopped: 0.0026601 seconds, Stopping threads took: 0.0004666 seconds
[2023-10-30T22:40:48.963+0000][27.614s][info ][gc,marking    ] GC(45) Concurrent Mark From Roots 98.544ms
[2023-10-30T22:40:48.964+0000][27.614s][info ][gc,marking    ] GC(45) Concurrent Preclean
[2023-10-30T22:40:48.964+0000][27.615s][info ][gc,marking    ] GC(45) Concurrent Preclean 0.710ms
[2023-10-30T22:40:48.965+0000][27.616s][info ][gc,marking    ] GC(45) Concurrent Mark (27.515s, 27.616s) 100.933ms
[2023-10-30T22:40:48.965+0000][27.616s][debug][safepoint     ] Safepoint synchronization initiated. (42 threads)
[2023-10-30T22:40:48.966+0000][27.616s][info ][safepoint     ] Application time: 0.0274625 seconds
[2023-10-30T22:40:48.966+0000][27.617s][info ][safepoint     ] Entering safepoint region: CGC_Operation
[2023-10-30T22:40:48.967+0000][27.618s][info ][gc,start      ] GC(45) Pause Remark
[2023-10-30T22:40:48.981+0000][27.632s][info ][gc,stringtable] GC(45) Cleaned string and symbol table, strings: 59302 processed, 10 removed, symbols: 334061 processed, 24 removed
[2023-10-30T22:40:48.982+0000][27.633s][info ][gc            ] GC(45) Pause Remark 122M->122M(411M) 15.021ms
[2023-10-30T22:40:48.983+0000][27.633s][info ][gc,cpu        ] GC(45) User=0.12s Sys=0.00s Real=0.02s
[2023-10-30T22:40:48.983+0000][27.634s][info ][safepoint     ] Leaving safepoint region
[2023-10-30T22:40:48.984+0000][27.634s][info ][safepoint     ] Total time for which application threads were stopped: 0.0174537 seconds, Stopping threads took: 0.0006913 seconds
[2023-10-30T22:40:48.984+0000][27.635s][info ][gc,marking    ] GC(45) Concurrent Rebuild Remembered Sets
[2023-10-30T22:40:49.047+0000][27.698s][info ][gc,marking    ] GC(45) Concurrent Rebuild Remembered Sets 62.598ms
[2023-10-30T22:40:49.047+0000][27.698s][debug][safepoint     ] Safepoint synchronization initiated. (43 threads)
[2023-10-30T22:40:49.048+0000][27.698s][info ][safepoint     ] Application time: 0.0636432 seconds
[2023-10-30T22:40:49.048+0000][27.699s][debug][safepoint     ] ... found polling page loop exception at pc = 0x00007f9348cec841, stub =0x00007f9340843680
[2023-10-30T22:40:49.049+0000][27.699s][debug][safepoint     ] Waiting for 1 thread(s) to block
[2023-10-30T22:40:49.049+0000][27.700s][info ][safepoint     ] Entering safepoint region: CGC_Operation
[2023-10-30T22:40:49.050+0000][27.700s][info ][gc,start      ] GC(45) Pause Cleanup
[2023-10-30T22:40:49.050+0000][27.701s][info ][gc            ] GC(45) Pause Cleanup 137M->137M(411M) 0.669ms
[2023-10-30T22:40:49.051+0000][27.701s][info ][gc,cpu        ] GC(45) User=0.00s Sys=0.00s Real=0.00s
[2023-10-30T22:40:49.051+0000][27.702s][info ][safepoint     ] Leaving safepoint region
[2023-10-30T22:40:49.051+0000][27.702s][info ][safepoint     ] Total time for which application threads were stopped: 0.0031505 seconds, Stopping threads took: 0.0012665 seconds
[2023-10-30T22:40:49.052+0000][27.702s][info ][gc,marking    ] GC(45) Concurrent Cleanup for Next Mark
[2023-10-30T22:40:49.053+0000][27.703s][info ][gc,marking    ] GC(45) Concurrent Cleanup for Next Mark 1.093ms
[2023-10-30T22:40:49.053+0000][27.704s][info ][gc            ] GC(45) Concurrent Cycle 204.959ms
[2023-10-30T22:40:50.052+0000][28.702s][debug][safepoint     ] Safepoint synchronization initiated. (46 threads)
[2023-10-30T22:40:50.056+0000][28.706s][info ][safepoint     ] Application time: 1.0041180 seconds
[2023-10-30T22:40:50.057+0000][28.707s][debug][safepoint     ] ... found polling page loop exception at pc = 0x00007f934840674c, stub =0x00007f9340843680
[2023-10-30T22:40:50.057+0000][28.708s][debug][safepoint     ] Waiting for 1 thread(s) to block
[2023-10-30T22:40:50.058+0000][28.709s][info ][safepoint     ] Entering safepoint region: Cleanup
[2023-10-30T22:40:50.060+0000][28.711s][info ][safepoint     ] Leaving safepoint region
[2023-10-30T22:40:50.060+0000][28.711s][info ][safepoint     ] Total time for which application threads were stopped: 0.0038296 seconds, Stopping threads took: 0.0027079 seconds
[2023-10-30T22:40:50.331+0000][28.982s][debug][safepoint     ] Safepoint synchronization initiated. (47 threads)
[2023-10-30T22:40:50.332+0000][28.982s][info ][safepoint     ] Application time: 0.2705953 seconds
[2023-10-30T22:40:50.332+0000][28.983s][info ][safepoint     ] Entering safepoint region: G1CollectForAllocation
[2023-10-30T22:40:50.333+0000][28.983s][info ][gc,start      ] GC(46) Pause Young (Normal) (G1 Evacuation Pause)
[2023-10-30T22:40:50.333+0000][28.984s][info ][gc,task       ] GC(46) Using 8 workers of 8 for evacuation
[2023-10-30T22:40:50.362+0000][29.013s][info ][gc,phases     ] GC(46)   Pre Evacuate Collection Set: 0.0ms
[2023-10-30T22:40:50.363+0000][29.013s][info ][gc,phases     ] GC(46)   Evacuate Collection Set: 25.7ms
[2023-10-30T22:40:50.363+0000][29.014s][info ][gc,phases     ] GC(46)   Post Evacuate Collection Set: 2.9ms
[2023-10-30T22:40:50.363+0000][29.014s][info ][gc,phases     ] GC(46)   Other: 0.9ms
[2023-10-30T22:40:50.364+0000][29.015s][info ][gc,heap       ] GC(46) Eden regions: 226->0(222)
[2023-10-30T22:40:50.364+0000][29.015s][info ][gc,heap       ] GC(46) Survivor regions: 20->24(31)
[2023-10-30T22:40:50.365+0000][29.015s][info ][gc,heap       ] GC(46) Old regions: 79->84
[2023-10-30T22:40:50.365+0000][29.016s][info ][gc,heap       ] GC(46) Humongous regions: 0->0
[2023-10-30T22:40:50.365+0000][29.016s][info ][gc,metaspace  ] GC(46) Metaspace: 127913K(131620K)->127913K(131620K) NonClass: 112965K(115364K)->112965K(115364K) Class: 14947K(16256K)->14947K(16256K)
[2023-10-30T22:40:50.366+0000][29.017s][info ][gc            ] GC(46) Pause Young (Normal) (G1 Evacuation Pause) 323M->106M(411M) 33.314ms
[2023-10-30T22:40:50.366+0000][29.017s][info ][gc,cpu        ] GC(46) User=0.22s Sys=0.00s Real=0.03s
[2023-10-30T22:40:50.367+0000][29.017s][info ][safepoint     ] Leaving safepoint region
[2023-10-30T22:40:50.367+0000][29.018s][info ][safepoint     ] Total time for which application threads were stopped: 0.0349591 seconds, Stopping threads took: 0.0003854 seconds
[2023-10-30T22:40:50.368+0000][29.018s][info ][gc,stringdedup] Concurrent String Deduplication (29.018s)
[2023-10-30T22:40:50.372+0000][29.022s][info ][gc,stringdedup] Concurrent String Deduplication 348.0K->109.9K(238.1K) avg 50.8% (29.018s, 29.022s) 4.261ms
[2023-10-30T22:40:50.530+0000][29.180s][debug][safepoint     ] Safepoint synchronization initiated. (47 threads)
[2023-10-30T22:40:50.530+0000][29.181s][info ][safepoint     ] Application time: 0.1630552 seconds
[2023-10-30T22:40:50.531+0000][29.182s][info ][safepoint     ] Entering safepoint region: Deoptimize
[2023-10-30T22:40:50.534+0000][29.185s][info ][safepoint     ] Leaving safepoint region
[2023-10-30T22:40:50.535+0000][29.186s][info ][safepoint     ] Total time for which application threads were stopped: 0.0041526 seconds, Stopping threads took: 0.0005547 seconds
[2023-10-30T22:40:51.292+0000][29.942s][debug][safepoint     ] Safepoint synchronization initiated. (53 threads)
[2023-10-30T22:40:51.294+0000][29.945s][info ][safepoint     ] Application time: 0.7586549 seconds
[2023-10-30T22:40:51.295+0000][29.945s][info ][safepoint     ] Entering safepoint region: ICBufferFull
[2023-10-30T22:40:51.296+0000][29.946s][info ][safepoint     ] Leaving safepoint region
[2023-10-30T22:40:51.296+0000][29.947s][info ][safepoint     ] Total time for which application threads were stopped: 0.0017213 seconds, Stopping threads took: 0.0005784 seconds
[2023-10-30T22:40:51.477+0000][30.128s][debug][safepoint     ] Safepoint synchronization initiated. (53 threads)
[2023-10-30T22:40:51.477+0000][30.128s][info ][safepoint     ] Application time: 0.1798616 seconds
[2023-10-30T22:40:51.478+0000][30.128s][info ][safepoint     ] Entering safepoint region: Deoptimize
[2023-10-30T22:40:51.480+0000][30.130s][info ][safepoint     ] Leaving safepoint region
[2023-10-30T22:40:51.480+0000][30.131s][info ][safepoint     ] Total time for which application threads were stopped: 0.0023444 seconds, Stopping threads took: 0.0003636 seconds
[2023-10-30T22:40:51.828+0000][30.478s][debug][safepoint     ] Safepoint synchronization initiated. (64 threads)
[2023-10-30T22:40:51.828+0000][30.479s][info ][safepoint     ] Application time: 0.3481452 seconds
[2023-10-30T22:40:51.829+0000][30.480s][info ][safepoint     ] Entering safepoint region: G1CollectForAllocation
[2023-10-30T22:40:51.830+0000][30.480s][info ][gc,start      ] GC(47) Pause Young (Normal) (G1 Evacuation Pause)
[2023-10-30T22:40:51.830+0000][30.481s][info ][gc,task       ] GC(47) Using 8 workers of 8 for evacuation
[2023-10-30T22:40:51.854+0000][30.505s][info ][gc,phases     ] GC(47)   Pre Evacuate Collection Set: 0.0ms
[2023-10-30T22:40:51.855+0000][30.506s][info ][gc,phases     ] GC(47)   Evacuate Collection Set: 20.3ms
[2023-10-30T22:40:51.856+0000][30.506s][info ][gc,phases     ] GC(47)   Post Evacuate Collection Set: 2.8ms
[2023-10-30T22:40:51.856+0000][30.507s][info ][gc,phases     ] GC(47)   Other: 1.2ms
[2023-10-30T22:40:51.857+0000][30.508s][info ][gc,heap       ] GC(47) Eden regions: 222->0(226)
[2023-10-30T22:40:51.857+0000][30.508s][info ][gc,heap       ] GC(47) Survivor regions: 24->20(31)
[2023-10-30T22:40:51.858+0000][30.509s][info ][gc,heap       ] GC(47) Old regions: 84->93
[2023-10-30T22:40:51.858+0000][30.509s][info ][gc,heap       ] GC(47) Humongous regions: 0->0
[2023-10-30T22:40:51.859+0000][30.509s][info ][gc,metaspace  ] GC(47) Metaspace: 135498K(139172K)->135498K(139172K) NonClass: 119712K(122020K)->119712K(122020K) Class: 15785K(17152K)->15785K(17152K)
[2023-10-30T22:40:51.859+0000][30.510s][info ][gc            ] GC(47) Pause Young (Normal) (G1 Evacuation Pause) 328M->111M(411M) 29.501ms
[2023-10-30T22:40:51.860+0000][30.510s][info ][gc,cpu        ] GC(47) User=0.16s Sys=0.00s Real=0.03s
[2023-10-30T22:40:51.860+0000][30.511s][info ][safepoint     ] Leaving safepoint region
[2023-10-30T22:40:51.861+0000][30.512s][info ][safepoint     ] Total time for which application threads were stopped: 0.0320827 seconds, Stopping threads took: 0.0005430 seconds
[2023-10-30T22:40:51.862+0000][30.512s][info ][gc,stringdedup] Concurrent String Deduplication (30.512s)
[2023-10-30T22:40:51.866+0000][30.517s][info ][gc,stringdedup] Concurrent String Deduplication 275.6K->108.7K(166.8K) avg 51.0% (30.512s, 30.517s) 4.116ms
[2023-10-30T22:40:52.195+0000][30.845s][debug][safepoint     ] Safepoint synchronization initiated. (65 threads)
[2023-10-30T22:40:52.195+0000][30.846s][info ][safepoint     ] Application time: 0.3336332 seconds
[2023-10-30T22:40:52.196+0000][30.846s][info ][safepoint     ] Entering safepoint region: Deoptimize
[2023-10-30T22:40:52.198+0000][30.849s][info ][safepoint     ] Leaving safepoint region
[2023-10-30T22:40:52.199+0000][30.849s][info ][safepoint     ] Total time for which application threads were stopped: 0.0029405 seconds, Stopping threads took: 0.0005031 seconds
[2023-10-30T22:40:52.199+0000][30.850s][debug][safepoint     ] Safepoint synchronization initiated. (65 threads)
[2023-10-30T22:40:52.200+0000][30.850s][info ][safepoint     ] Application time: 0.0006595 seconds
[2023-10-30T22:40:52.200+0000][30.851s][info ][safepoint     ] Entering safepoint region: Deoptimize
[2023-10-30T22:40:52.202+0000][30.853s][info ][safepoint     ] Leaving safepoint region
[2023-10-30T22:40:52.202+0000][30.853s][info ][safepoint     ] Total time for which application threads were stopped: 0.0023642 seconds, Stopping threads took: 0.0003492 seconds
[2023-10-30T22:40:52.216+0000][30.867s][debug][safepoint     ] Safepoint synchronization initiated. (65 threads)
[2023-10-30T22:40:52.216+0000][30.867s][info ][safepoint     ] Application time: 0.0136156 seconds
[2023-10-30T22:40:52.217+0000][30.868s][debug][safepoint     ] Waiting for 1 thread(s) to block
[2023-10-30T22:40:52.217+0000][30.868s][info ][safepoint     ] Entering safepoint region: Deoptimize
[2023-10-30T22:40:52.219+0000][30.870s][info ][safepoint     ] Leaving safepoint region
[2023-10-30T22:40:52.220+0000][30.870s][info ][safepoint     ] Total time for which application threads were stopped: 0.0027611 seconds, Stopping threads took: 0.0008083 seconds
[2023-10-30T22:40:52.242+0000][30.893s][debug][safepoint     ] Safepoint synchronization initiated. (65 threads)
[2023-10-30T22:40:52.243+0000][30.893s][info ][safepoint     ] Application time: 0.0226184 seconds
[2023-10-30T22:40:52.243+0000][30.894s][info ][safepoint     ] Entering safepoint region: Deoptimize
[2023-10-30T22:40:52.245+0000][30.896s][info ][safepoint     ] Leaving safepoint region
[2023-10-30T22:40:52.245+0000][30.896s][info ][safepoint     ] Total time for which application threads were stopped: 0.0024675 seconds, Stopping threads took: 0.0005162 seconds
[2023-10-30T22:40:52.480+0000][31.130s][debug][safepoint     ] Safepoint synchronization initiated. (65 threads)
[2023-10-30T22:40:52.480+0000][31.131s][info ][safepoint     ] Application time: 0.2342927 seconds
[2023-10-30T22:40:52.481+0000][31.131s][info ][safepoint     ] Entering safepoint region: Deoptimize
[2023-10-30T22:40:52.483+0000][31.134s][info ][safepoint     ] Leaving safepoint region
[2023-10-30T22:40:52.484+0000][31.134s][info ][safepoint     ] Total time for which application threads were stopped: 0.0028868 seconds, Stopping threads took: 0.0003888 seconds
[2023-10-30T22:40:53.061+0000][31.711s][debug][safepoint     ] Safepoint synchronization initiated. (65 threads)
[2023-10-30T22:40:53.062+0000][31.712s][info ][safepoint     ] Application time: 0.5776592 seconds
[2023-10-30T22:40:53.062+0000][31.713s][info ][safepoint     ] Entering safepoint region: G1CollectForAllocation
[2023-10-30T22:40:53.063+0000][31.713s][info ][gc,start      ] GC(48) Pause Young (Normal) (G1 Evacuation Pause)
[2023-10-30T22:40:53.063+0000][31.714s][info ][gc,task       ] GC(48) Using 8 workers of 8 for evacuation
[2023-10-30T22:40:53.092+0000][31.742s][info ][gc,phases     ] GC(48)   Pre Evacuate Collection Set: 0.0ms
[2023-10-30T22:40:53.092+0000][31.743s][info ][gc,phases     ] GC(48)   Evacuate Collection Set: 25.1ms
[2023-10-30T22:40:53.093+0000][31.743s][info ][gc,phases     ] GC(48)   Post Evacuate Collection Set: 2.9ms
[2023-10-30T22:40:53.093+0000][31.744s][info ][gc,phases     ] GC(48)   Other: 1.0ms
[2023-10-30T22:40:53.094+0000][31.744s][info ][gc,heap       ] GC(48) Eden regions: 226->0(227)
[2023-10-30T22:40:53.094+0000][31.745s][info ][gc,heap       ] GC(48) Survivor regions: 20->19(31)
[2023-10-30T22:40:53.094+0000][31.745s][info ][gc,heap       ] GC(48) Old regions: 93->98
[2023-10-30T22:40:53.095+0000][31.745s][info ][gc,heap       ] GC(48) Humongous regions: 0->0
[2023-10-30T22:40:53.095+0000][31.746s][info ][gc,metaspace  ] GC(48) Metaspace: 138024K(141860K)->138024K(141860K) NonClass: 121904K(124324K)->121904K(124324K) Class: 16120K(17536K)->16120K(17536K)
[2023-10-30T22:40:53.096+0000][31.746s][info ][gc            ] GC(48) Pause Young (Normal) (G1 Evacuation Pause) 337M->115M(411M) 32.925ms
[2023-10-30T22:40:53.096+0000][31.747s][info ][gc,cpu        ] GC(48) User=0.22s Sys=0.00s Real=0.03s
[2023-10-30T22:40:53.096+0000][31.747s][info ][safepoint     ] Leaving safepoint region
[2023-10-30T22:40:53.097+0000][31.747s][info ][safepoint     ] Total time for which application threads were stopped: 0.0348402 seconds, Stopping threads took: 0.0004050 seconds
[2023-10-30T22:40:53.097+0000][31.748s][info ][gc,stringdedup] Concurrent String Deduplication (31.748s)
[2023-10-30T22:40:53.102+0000][31.753s][info ][gc,stringdedup] Concurrent String Deduplication 580.6K->100.7K(480.0K) avg 52.1% (31.748s, 31.753s) 4.681ms
[2023-10-30T22:40:53.415+0000][32.066s][debug][safepoint     ] Safepoint synchronization initiated. (66 threads)
[2023-10-30T22:40:53.416+0000][32.066s][info ][safepoint     ] Application time: 0.3185400 seconds
[2023-10-30T22:40:53.416+0000][32.067s][info ][safepoint     ] Entering safepoint region: Deoptimize
[2023-10-30T22:40:53.421+0000][32.072s][info ][safepoint     ] Leaving safepoint region
[2023-10-30T22:40:53.421+0000][32.072s][info ][safepoint     ] Total time for which application threads were stopped: 0.0055043 seconds, Stopping threads took: 0.0006985 seconds
[2023-10-30T22:40:53.720+0000][32.371s][debug][safepoint     ] Safepoint synchronization initiated. (66 threads)
[2023-10-30T22:40:53.740+0000][32.391s][info ][safepoint     ] Application time: 0.3181291 seconds
[2023-10-30T22:40:53.741+0000][32.392s][info ][safepoint     ] Entering safepoint region: Deoptimize
[2023-10-30T22:40:53.745+0000][32.396s][info ][safepoint     ] Leaving safepoint region
[2023-10-30T22:40:53.748+0000][32.399s][info ][safepoint     ] Total time for which application threads were stopped: 0.0069415 seconds, Stopping threads took: 0.0010955 seconds
[2023-10-30T22:40:53.847+0000][32.498s][debug][safepoint     ] Safepoint synchronization initiated. (66 threads)
[2023-10-30T22:40:53.848+0000][32.499s][info ][safepoint     ] Application time: 0.0990767 seconds
[2023-10-30T22:40:53.849+0000][32.500s][info ][safepoint     ] Entering safepoint region: Deoptimize
[2023-10-30T22:40:53.853+0000][32.504s][info ][safepoint     ] Leaving safepoint region
[2023-10-30T22:40:53.853+0000][32.504s][info ][safepoint     ] Total time for which application threads were stopped: 0.0045775 seconds, Stopping threads took: 0.0007689 seconds
[2023-10-30T22:40:54.059+0000][32.710s][debug][safepoint     ] Safepoint synchronization initiated. (66 threads)
[2023-10-30T22:40:54.059+0000][32.710s][info ][safepoint     ] Application time: 0.2054682 seconds
[2023-10-30T22:40:54.060+0000][32.711s][info ][safepoint     ] Entering safepoint region: G1CollectForAllocation
[2023-10-30T22:40:54.060+0000][32.711s][info ][gc,start      ] GC(49) Pause Young (Normal) (G1 Evacuation Pause)
[2023-10-30T22:40:54.061+0000][32.712s][info ][gc,task       ] GC(49) Using 8 workers of 8 for evacuation
[2023-10-30T22:40:54.080+0000][32.731s][info ][gc,phases     ] GC(49)   Pre Evacuate Collection Set: 0.0ms
[2023-10-30T22:40:54.080+0000][32.731s][info ][gc,phases     ] GC(49)   Evacuate Collection Set: 14.0ms
[2023-10-30T22:40:54.080+0000][32.731s][info ][gc,phases     ] GC(49)   Post Evacuate Collection Set: 3.7ms
[2023-10-30T22:40:54.081+0000][32.732s][info ][gc,phases     ] GC(49)   Other: 1.4ms
[2023-10-30T22:40:54.081+0000][32.732s][info ][gc,heap       ] GC(49) Eden regions: 227->0(230)
[2023-10-30T22:40:54.082+0000][32.732s][info ][gc,heap       ] GC(49) Survivor regions: 19->13(31)
[2023-10-30T22:40:54.082+0000][32.733s][info ][gc,heap       ] GC(49) Old regions: 98->107
[2023-10-30T22:40:54.082+0000][32.733s][info ][gc,heap       ] GC(49) Humongous regions: 0->0
[2023-10-30T22:40:54.083+0000][32.733s][info ][gc,metaspace  ] GC(49) Metaspace: 140315K(144036K)->140315K(144036K) NonClass: 123842K(126116K)->123842K(126116K) Class: 16472K(17920K)->16472K(17920K)
[2023-10-30T22:40:54.083+0000][32.734s][info ][gc            ] GC(49) Pause Young (Normal) (G1 Evacuation Pause) 342M->117M(411M) 22.417ms
[2023-10-30T22:40:54.083+0000][32.734s][info ][gc,cpu        ] GC(49) User=0.12s Sys=0.02s Real=0.02s
[2023-10-30T22:40:54.084+0000][32.735s][info ][safepoint     ] Leaving safepoint region
[2023-10-30T22:40:54.084+0000][32.735s][info ][safepoint     ] Total time for which application threads were stopped: 0.0240202 seconds, Stopping threads took: 0.0004307 seconds
[2023-10-30T22:40:54.084+0000][32.735s][info ][gc,stringdedup] Concurrent String Deduplication (32.735s)
[2023-10-30T22:40:54.089+0000][32.740s][info ][gc,stringdedup] Concurrent String Deduplication 374.2K->149.1K(225.0K) avg 52.3% (32.735s, 32.740s) 4.299ms
[2023-10-30T22:40:54.825+0000][33.476s][debug][safepoint     ] Safepoint synchronization initiated. (75 threads)
[2023-10-30T22:40:54.825+0000][33.476s][info ][safepoint     ] Application time: 0.7411613 seconds
[2023-10-30T22:40:54.826+0000][33.477s][info ][safepoint     ] Entering safepoint region: Deoptimize
[2023-10-30T22:40:54.828+0000][33.479s][info ][safepoint     ] Leaving safepoint region
[2023-10-30T22:40:54.828+0000][33.479s][info ][safepoint     ] Total time for which application threads were stopped: 0.0024012 seconds, Stopping threads took: 0.0003397 seconds
[2023-10-30T22:40:55.025+0000][33.676s][debug][safepoint     ] Safepoint synchronization initiated. (87 threads)
[2023-10-30T22:40:55.025+0000][33.676s][info ][safepoint     ] Application time: 0.1968844 seconds
[2023-10-30T22:40:55.026+0000][33.677s][debug][safepoint     ] ... found polling page loop exception at pc = 0x00007f934251bb40, stub =0x00007f9340843680
[2023-10-30T22:40:55.026+0000][33.677s][debug][safepoint     ] Waiting for 1 thread(s) to block
[2023-10-30T22:40:55.027+0000][33.677s][info ][safepoint     ] Entering safepoint region: Deoptimize
[2023-10-30T22:40:55.028+0000][33.679s][info ][safepoint     ] Leaving safepoint region
[2023-10-30T22:40:55.029+0000][33.680s][info ][safepoint     ] Total time for which application threads were stopped: 0.0030709 seconds, Stopping threads took: 0.0011061 seconds
[2023-10-30T22:40:55.087+0000][33.737s][debug][safepoint     ] Safepoint synchronization initiated. (87 threads)
[2023-10-30T22:40:55.087+0000][33.738s][info ][safepoint     ] Application time: 0.0579013 seconds
[2023-10-30T22:40:55.088+0000][33.738s][debug][safepoint     ] ... found polling page return exception at pc = 0x00007f9341a202c0, stub =0x00007f9340840600
[2023-10-30T22:40:55.088+0000][33.739s][debug][safepoint     ] Waiting for 1 thread(s) to block
[2023-10-30T22:40:55.088+0000][33.739s][info ][safepoint     ] Entering safepoint region: Deoptimize
[2023-10-30T22:40:55.090+0000][33.741s][info ][safepoint     ] Leaving safepoint region
[2023-10-30T22:40:55.091+0000][33.742s][info ][safepoint     ] Total time for which application threads were stopped: 0.0033529 seconds, Stopping threads took: 0.0013565 seconds
[2023-10-30T22:40:55.118+0000][33.769s][debug][safepoint     ] Safepoint synchronization initiated. (87 threads)
[2023-10-30T22:40:55.118+0000][33.769s][info ][safepoint     ] Application time: 0.0272919 seconds
[2023-10-30T22:40:55.119+0000][33.770s][info ][safepoint     ] Entering safepoint region: G1CollectForAllocation
[2023-10-30T22:40:55.120+0000][33.771s][info ][gc,start      ] GC(50) Pause Young (Normal) (G1 Evacuation Pause)
[2023-10-30T22:40:55.120+0000][33.771s][info ][gc,task       ] GC(50) Using 8 workers of 8 for evacuation
[2023-10-30T22:40:55.147+0000][33.798s][info ][gc,phases     ] GC(50)   Pre Evacuate Collection Set: 0.0ms
[2023-10-30T22:40:55.148+0000][33.799s][info ][gc,phases     ] GC(50)   Evacuate Collection Set: 21.4ms
[2023-10-30T22:40:55.148+0000][33.799s][info ][gc,phases     ] GC(50)   Post Evacuate Collection Set: 5.3ms
[2023-10-30T22:40:55.149+0000][33.800s][info ][gc,phases     ] GC(50)   Other: 1.0ms
[2023-10-30T22:40:55.149+0000][33.800s][info ][gc,heap       ] GC(50) Eden regions: 230->0(222)
[2023-10-30T22:40:55.150+0000][33.801s][info ][gc,heap       ] GC(50) Survivor regions: 13->20(31)
[2023-10-30T22:40:55.150+0000][33.801s][info ][gc,heap       ] GC(50) Old regions: 107->107
[2023-10-30T22:40:55.151+0000][33.802s][info ][gc,heap       ] GC(50) Humongous regions: 0->0
[2023-10-30T22:40:55.151+0000][33.802s][info ][gc,metaspace  ] GC(50) Metaspace: 144523K(148516K)->144523K(148516K) NonClass: 127496K(129956K)->127496K(129956K) Class: 17026K(18560K)->17026K(18560K)
[2023-10-30T22:40:55.152+0000][33.803s][info ][gc            ] GC(50) Pause Young (Normal) (G1 Evacuation Pause) 347M->124M(411M) 32.102ms
[2023-10-30T22:40:55.152+0000][33.803s][info ][gc,cpu        ] GC(50) User=0.20s Sys=0.00s Real=0.03s
[2023-10-30T22:40:55.154+0000][33.805s][info ][safepoint     ] Leaving safepoint region
[2023-10-30T22:40:55.154+0000][33.805s][info ][safepoint     ] Total time for which application threads were stopped: 0.0355034 seconds, Stopping threads took: 0.0004576 seconds
[2023-10-30T22:40:55.155+0000][33.806s][info ][gc,stringdedup] Concurrent String Deduplication (33.806s)
[2023-10-30T22:40:55.159+0000][33.810s][info ][gc,stringdedup] Concurrent String Deduplication 370.6K->202.4K(168.2K) avg 52.2% (33.806s, 33.810s) 4.042ms
[2023-10-30T22:40:55.358+0000][34.009s][debug][safepoint     ] Safepoint synchronization initiated. (87 threads)
[2023-10-30T22:40:55.359+0000][34.010s][info ][safepoint     ] Application time: 0.2037522 seconds
[2023-10-30T22:40:55.359+0000][34.010s][debug][safepoint     ] ... found polling page return exception at pc = 0x00007f93486a2e34, stub =0x00007f9340840600
[2023-10-30T22:40:55.359+0000][34.010s][debug][safepoint     ] Waiting for 1 thread(s) to block
[2023-10-30T22:40:55.360+0000][34.011s][info ][safepoint     ] Entering safepoint region: Deoptimize
[2023-10-30T22:40:55.362+0000][34.013s][info ][safepoint     ] Leaving safepoint region
[2023-10-30T22:40:55.362+0000][34.013s][info ][safepoint     ] Total time for which application threads were stopped: 0.0032781 seconds, Stopping threads took: 0.0012258 seconds
[2023-10-30T22:40:55.495+0000][34.146s][debug][safepoint     ] Safepoint synchronization initiated. (87 threads)
[2023-10-30T22:40:55.496+0000][34.147s][info ][safepoint     ] Application time: 0.1332317 seconds
[2023-10-30T22:40:55.496+0000][34.147s][debug][safepoint     ] Waiting for 1 thread(s) to block
[2023-10-30T22:40:55.497+0000][34.148s][info ][safepoint     ] Entering safepoint region: Deoptimize
[2023-10-30T22:40:55.499+0000][34.150s][info ][safepoint     ] Leaving safepoint region
[2023-10-30T22:40:55.500+0000][34.151s][info ][safepoint     ] Total time for which application threads were stopped: 0.0035658 seconds, Stopping threads took: 0.0009089 seconds
[2023-10-30T22:40:56.022+0000][34.673s][debug][safepoint     ] Safepoint synchronization initiated. (87 threads)
[2023-10-30T22:40:56.023+0000][34.674s][info ][safepoint     ] Application time: 0.5222111 seconds
[2023-10-30T22:40:56.023+0000][34.674s][info ][safepoint     ] Entering safepoint region: ICBufferFull
[2023-10-30T22:40:56.025+0000][34.676s][info ][safepoint     ] Leaving safepoint region
[2023-10-30T22:40:56.025+0000][34.676s][info ][safepoint     ] Total time for which application threads were stopped: 0.0020162 seconds, Stopping threads took: 0.0007231 seconds
[2023-10-30T22:40:56.371+0000][35.022s][debug][safepoint     ] Safepoint synchronization initiated. (87 threads)
[2023-10-30T22:40:56.376+0000][35.027s][info ][safepoint     ] Application time: 0.3500698 seconds
[2023-10-30T22:40:56.385+0000][35.036s][info ][safepoint     ] Entering safepoint region: Deoptimize
[2023-10-30T22:40:56.392+0000][35.043s][info ][safepoint     ] Leaving safepoint region
[2023-10-30T22:40:56.392+0000][35.043s][info ][safepoint     ] Total time for which application threads were stopped: 0.0104620 seconds, Stopping threads took: 0.0057699 seconds
[2023-10-30T22:40:56.412+0000][35.062s][debug][safepoint     ] Safepoint synchronization initiated. (87 threads)
[2023-10-30T22:40:56.412+0000][35.063s][info ][safepoint     ] Application time: 0.0192876 seconds
[2023-10-30T22:40:56.413+0000][35.064s][info ][safepoint     ] Entering safepoint region: G1CollectForAllocation
[2023-10-30T22:40:56.414+0000][35.065s][info ][gc,start      ] GC(51) Pause Young (Normal) (G1 Evacuation Pause)
[2023-10-30T22:40:56.414+0000][35.065s][info ][gc,task       ] GC(51) Using 8 workers of 8 for evacuation
[2023-10-30T22:40:56.464+0000][35.115s][info ][gc,phases     ] GC(51)   Pre Evacuate Collection Set: 0.0ms
[2023-10-30T22:40:56.464+0000][35.115s][info ][gc,phases     ] GC(51)   Evacuate Collection Set: 38.7ms
[2023-10-30T22:40:56.465+0000][35.116s][info ][gc,phases     ] GC(51)   Post Evacuate Collection Set: 10.2ms
[2023-10-30T22:40:56.465+0000][35.116s][info ][gc,phases     ] GC(51)   Other: 1.4ms
[2023-10-30T22:40:56.466+0000][35.117s][info ][gc,heap       ] GC(51) Eden regions: 222->0(218)
[2023-10-30T22:40:56.466+0000][35.117s][info ][gc,heap       ] GC(51) Survivor regions: 20->20(31)
[2023-10-30T22:40:56.468+0000][35.119s][info ][gc,heap       ] GC(51) Old regions: 107->111
[2023-10-30T22:40:56.469+0000][35.120s][info ][gc,heap       ] GC(51) Humongous regions: 0->0
[2023-10-30T22:40:56.469+0000][35.120s][info ][gc,metaspace  ] GC(51) Metaspace: 149008K(153636K)->149008K(153636K) NonClass: 131415K(134308K)->131415K(134308K) Class: 17592K(19328K)->17592K(19328K)
[2023-10-30T22:40:56.470+0000][35.121s][info ][gc            ] GC(51) Pause Young (Normal) (G1 Evacuation Pause) 346M->128M(411M) 56.240ms
[2023-10-30T22:40:56.470+0000][35.121s][info ][gc,cpu        ] GC(51) User=0.40s Sys=0.01s Real=0.06s
[2023-10-30T22:40:56.471+0000][35.122s][info ][safepoint     ] Leaving safepoint region
[2023-10-30T22:40:56.471+0000][35.122s][info ][safepoint     ] Total time for which application threads were stopped: 0.0585046 seconds, Stopping threads took: 0.0005461 seconds
[2023-10-30T22:40:56.472+0000][35.123s][info ][gc,stringdedup] Concurrent String Deduplication (35.123s)
[2023-10-30T22:40:56.475+0000][35.126s][info ][gc,stringdedup] Concurrent String Deduplication 202.0K->85992.0B(118.0K) avg 52.2% (35.123s, 35.126s) 3.399ms
[2023-10-30T22:40:56.498+0000][35.149s][debug][safepoint     ] Safepoint synchronization initiated. (87 threads)
[2023-10-30T22:40:56.501+0000][35.152s][info ][safepoint     ] Application time: 0.0294692 seconds
[2023-10-30T22:40:56.504+0000][35.155s][debug][safepoint     ] ... found polling page loop exception at pc = 0x00007f9348a2ca59, stub =0x00007f9340843680
[2023-10-30T22:40:56.505+0000][35.155s][debug][safepoint     ] Waiting for 2 thread(s) to block
[2023-10-30T22:40:56.505+0000][35.156s][info ][safepoint     ] Entering safepoint region: Deoptimize
[2023-10-30T22:40:56.509+0000][35.160s][info ][safepoint     ] Leaving safepoint region
[2023-10-30T22:40:56.510+0000][35.161s][info ][safepoint     ] Total time for which application threads were stopped: 0.0063130 seconds, Stopping threads took: 0.0024602 seconds
[2023-10-30T22:40:57.049+0000][35.700s][debug][safepoint     ] Safepoint synchronization initiated. (88 threads)
[2023-10-30T22:40:57.050+0000][35.701s][info ][safepoint     ] Application time: 0.5392029 seconds
[2023-10-30T22:40:57.050+0000][35.701s][info ][safepoint     ] Entering safepoint region: ICBufferFull
[2023-10-30T22:40:57.051+0000][35.702s][info ][safepoint     ] Leaving safepoint region
[2023-10-30T22:40:57.052+0000][35.703s][info ][safepoint     ] Total time for which application threads were stopped: 0.0018757 seconds, Stopping threads took: 0.0004770 seconds
[2023-10-30T22:40:57.499+0000][36.150s][debug][safepoint     ] Safepoint synchronization initiated. (89 threads)
[2023-10-30T22:40:57.499+0000][36.150s][info ][safepoint     ] Application time: 0.4465462 seconds
[2023-10-30T22:40:57.500+0000][36.151s][info ][safepoint     ] Entering safepoint region: ICBufferFull
[2023-10-30T22:40:57.501+0000][36.152s][info ][safepoint     ] Leaving safepoint region
[2023-10-30T22:40:57.501+0000][36.152s][info ][safepoint     ] Total time for which application threads were stopped: 0.0011996 seconds, Stopping threads took: 0.0004694 seconds
[2023-10-30T22:40:57.546+0000][36.197s][debug][safepoint     ] Safepoint synchronization initiated. (89 threads)
[2023-10-30T22:40:57.547+0000][36.198s][info ][safepoint     ] Application time: 0.0454966 seconds
[2023-10-30T22:40:57.547+0000][36.198s][info ][safepoint     ] Entering safepoint region: G1CollectForAllocation
[2023-10-30T22:40:57.548+0000][36.199s][info ][gc,start      ] GC(52) Pause Young (Normal) (G1 Evacuation Pause)
[2023-10-30T22:40:57.548+0000][36.199s][info ][gc,task       ] GC(52) Using 8 workers of 8 for evacuation
[2023-10-30T22:40:57.572+0000][36.223s][info ][gc,phases     ] GC(52)   Pre Evacuate Collection Set: 0.0ms
[2023-10-30T22:40:57.573+0000][36.224s][info ][gc,phases     ] GC(52)   Evacuate Collection Set: 19.3ms
[2023-10-30T22:40:57.573+0000][36.224s][info ][gc,phases     ] GC(52)   Post Evacuate Collection Set: 3.8ms
[2023-10-30T22:40:57.574+0000][36.225s][info ][gc,phases     ] GC(52)   Other: 1.0ms
[2023-10-30T22:40:57.574+0000][36.225s][info ][gc,heap       ] GC(52) Eden regions: 218->0(214)
[2023-10-30T22:40:57.574+0000][36.225s][info ][gc,heap       ] GC(52) Survivor regions: 20->20(30)
[2023-10-30T22:40:57.575+0000][36.226s][info ][gc,heap       ] GC(52) Old regions: 111->115
[2023-10-30T22:40:57.575+0000][36.226s][info ][gc,heap       ] GC(52) Humongous regions: 0->0
[2023-10-30T22:40:57.576+0000][36.227s][info ][gc,metaspace  ] GC(52) Metaspace: 151127K(155684K)->151127K(155684K) NonClass: 133357K(136100K)->133357K(136100K) Class: 17770K(19584K)->17770K(19584K)
[2023-10-30T22:40:57.576+0000][36.227s][info ][gc            ] GC(52) Pause Young (Normal) (G1 Evacuation Pause) 346M->133M(411M) 28.210ms
[2023-10-30T22:40:57.577+0000][36.228s][info ][gc,cpu        ] GC(52) User=0.17s Sys=0.01s Real=0.02s
[2023-10-30T22:40:57.577+0000][36.228s][info ][safepoint     ] Leaving safepoint region
[2023-10-30T22:40:57.577+0000][36.228s][info ][safepoint     ] Total time for which application threads were stopped: 0.0300550 seconds, Stopping threads took: 0.0004536 seconds
[2023-10-30T22:40:57.578+0000][36.229s][info ][gc,stringdedup] Concurrent String Deduplication (36.229s)
[2023-10-30T22:40:57.583+0000][36.234s][info ][gc,stringdedup] Concurrent String Deduplication 537.1K->102.9K(434.2K) avg 53.1% (36.229s, 36.234s) 5.064ms
[2023-10-30T22:40:57.711+0000][36.362s][debug][safepoint     ] Safepoint synchronization initiated. (89 threads)
[2023-10-30T22:40:57.712+0000][36.363s][info ][safepoint     ] Application time: 0.1342101 seconds
[2023-10-30T22:40:57.712+0000][36.363s][debug][safepoint     ] Waiting for 1 thread(s) to block
[2023-10-30T22:40:57.713+0000][36.364s][info ][safepoint     ] Entering safepoint region: ICBufferFull
[2023-10-30T22:40:57.714+0000][36.365s][info ][safepoint     ] Leaving safepoint region
[2023-10-30T22:40:57.714+0000][36.365s][info ][safepoint     ] Total time for which application threads were stopped: 0.0016411 seconds, Stopping threads took: 0.0009842 seconds
[2023-10-30T22:40:57.900+0000][36.551s][debug][safepoint     ] Safepoint synchronization initiated. (90 threads)
[2023-10-30T22:40:57.900+0000][36.551s][info ][safepoint     ] Application time: 0.1859672 seconds
[2023-10-30T22:40:57.901+0000][36.552s][debug][safepoint     ] Waiting for 1 thread(s) to block
[2023-10-30T22:40:57.901+0000][36.552s][info ][safepoint     ] Entering safepoint region: Deoptimize
[2023-10-30T22:40:57.904+0000][36.555s][info ][safepoint     ] Leaving safepoint region
[2023-10-30T22:40:57.905+0000][36.556s][info ][safepoint     ] Total time for which application threads were stopped: 0.0039597 seconds, Stopping threads took: 0.0007939 seconds
[2023-10-30T22:40:58.203+0000][36.854s][debug][safepoint     ] Safepoint synchronization initiated. (90 threads)
[2023-10-30T22:40:58.204+0000][36.855s][info ][safepoint     ] Application time: 0.2985242 seconds
[2023-10-30T22:40:58.204+0000][36.855s][info ][safepoint     ] Entering safepoint region: ICBufferFull
[2023-10-30T22:40:58.205+0000][36.856s][info ][safepoint     ] Leaving safepoint region
[2023-10-30T22:40:58.206+0000][36.857s][info ][safepoint     ] Total time for which application threads were stopped: 0.0012433 seconds, Stopping threads took: 0.0004238 seconds
[2023-10-30T22:40:58.273+0000][36.924s][debug][safepoint     ] Safepoint synchronization initiated. (90 threads)
[2023-10-30T22:40:58.273+0000][36.924s][info ][safepoint     ] Application time: 0.0673680 seconds
[2023-10-30T22:40:58.274+0000][36.925s][info ][safepoint     ] Entering safepoint region: ICBufferFull
[2023-10-30T22:40:58.275+0000][36.926s][info ][safepoint     ] Leaving safepoint region
[2023-10-30T22:40:58.275+0000][36.926s][info ][safepoint     ] Total time for which application threads were stopped: 0.0012447 seconds, Stopping threads took: 0.0004997 seconds
[2023-10-30T22:40:58.408+0000][37.059s][debug][safepoint     ] Safepoint synchronization initiated. (90 threads)
[2023-10-30T22:40:58.408+0000][37.059s][info ][safepoint     ] Application time: 0.1327467 seconds
[2023-10-30T22:40:58.409+0000][37.060s][info ][safepoint     ] Entering safepoint region: G1CollectForAllocation
[2023-10-30T22:40:58.410+0000][37.061s][info ][gc,start      ] GC(53) Pause Young (Normal) (G1 Evacuation Pause)
[2023-10-30T22:40:58.410+0000][37.061s][info ][gc,task       ] GC(53) Using 8 workers of 8 for evacuation
[2023-10-30T22:40:58.430+0000][37.081s][info ][gc,phases     ] GC(53)   Pre Evacuate Collection Set: 0.0ms
[2023-10-30T22:40:58.431+0000][37.082s][info ][gc,phases     ] GC(53)   Evacuate Collection Set: 16.4ms
[2023-10-30T22:40:58.431+0000][37.082s][info ][gc,phases     ] GC(53)   Post Evacuate Collection Set: 3.3ms
[2023-10-30T22:40:58.431+0000][37.082s][info ][gc,phases     ] GC(53)   Other: 1.0ms
[2023-10-30T22:40:58.432+0000][37.083s][info ][gc,heap       ] GC(53) Eden regions: 214->0(214)
[2023-10-30T22:40:58.432+0000][37.083s][info ][gc,heap       ] GC(53) Survivor regions: 20->14(30)
[2023-10-30T22:40:58.432+0000][37.083s][info ][gc,heap       ] GC(53) Old regions: 115->125
[2023-10-30T22:40:58.433+0000][37.084s][info ][gc,heap       ] GC(53) Humongous regions: 0->0
[2023-10-30T22:40:58.433+0000][37.084s][info ][gc,metaspace  ] GC(53) Metaspace: 152226K(156836K)->152226K(156836K) NonClass: 134337K(137124K)->134337K(137124K) Class: 17888K(19712K)->17888K(19712K)
[2023-10-30T22:40:58.433+0000][37.084s][info ][gc            ] GC(53) Pause Young (Normal) (G1 Evacuation Pause) 347M->137M(411M) 23.814ms
[2023-10-30T22:40:58.434+0000][37.085s][info ][gc,cpu        ] GC(53) User=0.15s Sys=0.00s Real=0.02s
[2023-10-30T22:40:58.434+0000][37.085s][info ][safepoint     ] Leaving safepoint region
[2023-10-30T22:40:58.434+0000][37.085s][info ][safepoint     ] Total time for which application threads were stopped: 0.0256675 seconds, Stopping threads took: 0.0004876 seconds
[2023-10-30T22:40:58.435+0000][37.086s][info ][gc,stringdedup] Concurrent String Deduplication (37.086s)
[2023-10-30T22:40:58.439+0000][37.090s][info ][gc,stringdedup] Concurrent String Deduplication 404.9K->167.8K(237.1K) avg 53.3% (37.086s, 37.090s) 4.156ms
[2023-10-30T22:40:59.089+0000][37.740s][debug][safepoint     ] Safepoint synchronization initiated. (90 threads)
[2023-10-30T22:40:59.090+0000][37.741s][info ][safepoint     ] Application time: 0.6552389 seconds
[2023-10-30T22:40:59.090+0000][37.741s][info ][safepoint     ] Entering safepoint region: G1CollectForAllocation
[2023-10-30T22:40:59.091+0000][37.742s][info ][gc,start      ] GC(54) Pause Young (Normal) (G1 Evacuation Pause)
[2023-10-30T22:40:59.092+0000][37.743s][info ][gc,task       ] GC(54) Using 8 workers of 8 for evacuation
[2023-10-30T22:40:59.111+0000][37.762s][info ][gc,phases     ] GC(54)   Pre Evacuate Collection Set: 0.0ms
[2023-10-30T22:40:59.112+0000][37.763s][info ][gc,phases     ] GC(54)   Evacuate Collection Set: 14.8ms
[2023-10-30T22:40:59.112+0000][37.763s][info ][gc,phases     ] GC(54)   Post Evacuate Collection Set: 4.5ms
[2023-10-30T22:40:59.113+0000][37.764s][info ][gc,phases     ] GC(54)   Other: 1.0ms
[2023-10-30T22:40:59.113+0000][37.764s][info ][gc,heap       ] GC(54) Eden regions: 214->0(210)
[2023-10-30T22:40:59.114+0000][37.765s][info ][gc,heap       ] GC(54) Survivor regions: 14->17(29)
[2023-10-30T22:40:59.114+0000][37.765s][info ][gc,heap       ] GC(54) Old regions: 125->125
[2023-10-30T22:40:59.115+0000][37.766s][info ][gc,heap       ] GC(54) Humongous regions: 0->0
[2023-10-30T22:40:59.115+0000][37.766s][info ][gc,metaspace  ] GC(54) Metaspace: 152461K(157092K)->152461K(157092K) NonClass: 134553K(137380K)->134553K(137380K) Class: 17908K(19712K)->17908K(19712K)
[2023-10-30T22:40:59.116+0000][37.767s][info ][gc            ] GC(54) Pause Young (Normal) (G1 Evacuation Pause) 351M->139M(411M) 24.382ms
[2023-10-30T22:40:59.116+0000][37.767s][info ][gc,cpu        ] GC(54) User=0.15s Sys=0.00s Real=0.02s
[2023-10-30T22:40:59.116+0000][37.767s][info ][safepoint     ] Leaving safepoint region
[2023-10-30T22:40:59.117+0000][37.768s][info ][safepoint     ] Total time for which application threads were stopped: 0.0261467 seconds, Stopping threads took: 0.0004490 seconds
[2023-10-30T22:40:59.117+0000][37.768s][info ][gc,stringdedup] Concurrent String Deduplication (37.768s)
[2023-10-30T22:40:59.121+0000][37.772s][info ][gc,stringdedup] Concurrent String Deduplication 450.8K->193.8K(257.0K) avg 53.3% (37.768s, 37.772s) 4.024ms
[2023-10-30T22:40:59.692+0000][38.343s][debug][safepoint     ] Safepoint synchronization initiated. (91 threads)
[2023-10-30T22:40:59.693+0000][38.343s][info ][safepoint     ] Application time: 0.5756856 seconds
[2023-10-30T22:40:59.693+0000][38.344s][info ][safepoint     ] Entering safepoint region: G1CollectForAllocation
[2023-10-30T22:40:59.694+0000][38.345s][info ][gc,start      ] GC(55) Pause Young (Normal) (G1 Evacuation Pause)
[2023-10-30T22:40:59.694+0000][38.345s][info ][gc,task       ] GC(55) Using 8 workers of 8 for evacuation
[2023-10-30T22:40:59.715+0000][38.366s][info ][gc,phases     ] GC(55)   Pre Evacuate Collection Set: 0.0ms
[2023-10-30T22:40:59.716+0000][38.367s][info ][gc,phases     ] GC(55)   Evacuate Collection Set: 16.9ms
[2023-10-30T22:40:59.716+0000][38.367s][info ][gc,phases     ] GC(55)   Post Evacuate Collection Set: 3.6ms
[2023-10-30T22:40:59.716+0000][38.367s][info ][gc,phases     ] GC(55)   Other: 1.1ms
[2023-10-30T22:40:59.717+0000][38.368s][info ][gc,heap       ] GC(55) Eden regions: 210->0(210)
[2023-10-30T22:40:59.717+0000][38.368s][info ][gc,heap       ] GC(55) Survivor regions: 17->15(29)
[2023-10-30T22:40:59.717+0000][38.368s][info ][gc,heap       ] GC(55) Old regions: 125->129
[2023-10-30T22:40:59.717+0000][38.368s][info ][gc,heap       ] GC(55) Humongous regions: 0->0
[2023-10-30T22:40:59.718+0000][38.369s][info ][gc,metaspace  ] GC(55) Metaspace: 152779K(157348K)->152779K(157348K) NonClass: 134841K(137636K)->134841K(137636K) Class: 17937K(19712K)->17937K(19712K)
[2023-10-30T22:40:59.718+0000][38.369s][info ][gc            ] GC(55) Pause Young (Normal) (G1 Evacuation Pause) 349M->141M(411M) 24.522ms
[2023-10-30T22:40:59.719+0000][38.370s][info ][gc,cpu        ] GC(55) User=0.18s Sys=0.00s Real=0.03s
[2023-10-30T22:40:59.719+0000][38.370s][info ][safepoint     ] Leaving safepoint region
[2023-10-30T22:40:59.719+0000][38.370s][info ][safepoint     ] Total time for which application threads were stopped: 0.0262718 seconds, Stopping threads took: 0.0003879 seconds
[2023-10-30T22:40:59.720+0000][38.371s][info ][gc,stringdedup] Concurrent String Deduplication (38.371s)
[2023-10-30T22:40:59.725+0000][38.376s][info ][gc,stringdedup] Concurrent String Deduplication 445.3K->155.3K(290.0K) avg 53.6% (38.371s, 38.376s) 5.345ms
[2023-10-30T22:41:00.339+0000][38.990s][debug][safepoint     ] Safepoint synchronization initiated. (91 threads)
[2023-10-30T22:41:00.339+0000][38.990s][info ][safepoint     ] Application time: 0.6198232 seconds
[2023-10-30T22:41:00.340+0000][38.991s][info ][safepoint     ] Entering safepoint region: G1CollectForAllocation
[2023-10-30T22:41:00.341+0000][38.992s][info ][gc,start      ] GC(56) Pause Young (Normal) (G1 Evacuation Pause)
[2023-10-30T22:41:00.341+0000][38.992s][info ][gc,task       ] GC(56) Using 8 workers of 8 for evacuation
[2023-10-30T22:41:00.360+0000][39.011s][info ][gc,phases     ] GC(56)   Pre Evacuate Collection Set: 0.0ms
[2023-10-30T22:41:00.361+0000][39.012s][info ][gc,phases     ] GC(56)   Evacuate Collection Set: 12.6ms
[2023-10-30T22:41:00.361+0000][39.012s][info ][gc,phases     ] GC(56)   Post Evacuate Collection Set: 5.9ms
[2023-10-30T22:41:00.361+0000][39.012s][info ][gc,phases     ] GC(56)   Other: 1.0ms
[2023-10-30T22:41:00.362+0000][39.013s][info ][gc,heap       ] GC(56) Eden regions: 210->0(199)
[2023-10-30T22:41:00.362+0000][39.013s][info ][gc,heap       ] GC(56) Survivor regions: 15->18(29)
[2023-10-30T22:41:00.363+0000][39.014s][info ][gc,heap       ] GC(56) Old regions: 129->129
[2023-10-30T22:41:00.363+0000][39.014s][info ][gc,heap       ] GC(56) Humongous regions: 5->5
[2023-10-30T22:41:00.363+0000][39.014s][info ][gc,metaspace  ] GC(56) Metaspace: 154475K(159140K)->154475K(159140K) NonClass: 136341K(139172K)->136341K(139172K) Class: 18133K(19968K)->18133K(19968K)
[2023-10-30T22:41:00.364+0000][39.015s][info ][gc            ] GC(56) Pause Young (Normal) (G1 Evacuation Pause) 356M->149M(411M) 23.096ms
[2023-10-30T22:41:00.364+0000][39.015s][info ][gc,cpu        ] GC(56) User=0.15s Sys=0.00s Real=0.02s
[2023-10-30T22:41:00.365+0000][39.016s][info ][safepoint     ] Leaving safepoint region
[2023-10-30T22:41:00.365+0000][39.016s][info ][safepoint     ] Total time for which application threads were stopped: 0.0251713 seconds, Stopping threads took: 0.0004590 seconds
[2023-10-30T22:41:00.365+0000][39.016s][info ][gc,stringdedup] Concurrent String Deduplication (39.016s)
[2023-10-30T22:41:00.369+0000][39.020s][info ][gc,stringdedup] Concurrent String Deduplication 323.2K->101.8K(221.4K) avg 53.9% (39.016s, 39.020s) 3.618ms
[2023-10-30T22:41:00.967+0000][39.618s][debug][safepoint     ] Safepoint synchronization initiated. (91 threads)
[2023-10-30T22:41:00.967+0000][39.618s][info ][safepoint     ] Application time: 0.6016359 seconds
[2023-10-30T22:41:00.967+0000][39.618s][info ][safepoint     ] Entering safepoint region: G1CollectForAllocation
[2023-10-30T22:41:00.968+0000][39.619s][info ][gc,start      ] GC(57) Pause Young (Normal) (G1 Evacuation Pause)
[2023-10-30T22:41:00.968+0000][39.619s][info ][gc,task       ] GC(57) Using 8 workers of 8 for evacuation
[2023-10-30T22:41:00.989+0000][39.640s][info ][gc,phases     ] GC(57)   Pre Evacuate Collection Set: 0.0ms
[2023-10-30T22:41:00.989+0000][39.640s][info ][gc,phases     ] GC(57)   Evacuate Collection Set: 17.0ms
[2023-10-30T22:41:00.990+0000][39.641s][info ][gc,phases     ] GC(57)   Post Evacuate Collection Set: 3.1ms
[2023-10-30T22:41:00.990+0000][39.641s][info ][gc,phases     ] GC(57)   Other: 0.9ms
[2023-10-30T22:41:00.991+0000][39.641s][info ][gc,heap       ] GC(57) Eden regions: 199->0(201)
[2023-10-30T22:41:00.991+0000][39.642s][info ][gc,heap       ] GC(57) Survivor regions: 18->15(28)
[2023-10-30T22:41:00.991+0000][39.642s][info ][gc,heap       ] GC(57) Old regions: 129->133
[2023-10-30T22:41:00.991+0000][39.642s][info ][gc,heap       ] GC(57) Humongous regions: 5->5
[2023-10-30T22:41:00.992+0000][39.643s][info ][gc,metaspace  ] GC(57) Metaspace: 154743K(159396K)->154743K(159396K) NonClass: 136579K(139428K)->136579K(139428K) Class: 18164K(19968K)->18164K(19968K)
[2023-10-30T22:41:00.992+0000][39.643s][info ][gc            ] GC(57) Pause Young (Normal) (G1 Evacuation Pause) 348M->151M(411M) 23.993ms
[2023-10-30T22:41:00.992+0000][39.643s][info ][gc,cpu        ] GC(57) User=0.16s Sys=0.00s Real=0.02s
[2023-10-30T22:41:00.993+0000][39.644s][info ][safepoint     ] Leaving safepoint region
[2023-10-30T22:41:00.993+0000][39.644s][info ][safepoint     ] Total time for which application threads were stopped: 0.0256974 seconds, Stopping threads took: 0.0003786 seconds
[2023-10-30T22:41:00.994+0000][39.645s][info ][gc,stringdedup] Concurrent String Deduplication (39.645s)
[2023-10-30T22:41:00.997+0000][39.648s][info ][gc,stringdedup] Concurrent String Deduplication 284.1K->99728.0B(186.7K) avg 54.0% (39.645s, 39.648s) 2.675ms
[2023-10-30T22:41:01.480+0000][40.131s][debug][safepoint     ] Safepoint synchronization initiated. (91 threads)
[2023-10-30T22:41:01.480+0000][40.131s][info ][safepoint     ] Application time: 0.4864848 seconds
[2023-10-30T22:41:01.481+0000][40.132s][info ][safepoint     ] Entering safepoint region: G1CollectForAllocation
[2023-10-30T22:41:01.481+0000][40.132s][info ][gc,start      ] GC(58) Pause Young (Normal) (G1 Evacuation Pause)
[2023-10-30T22:41:01.482+0000][40.133s][info ][gc,task       ] GC(58) Using 8 workers of 8 for evacuation
[2023-10-30T22:41:01.497+0000][40.148s][info ][gc,phases     ] GC(58)   Pre Evacuate Collection Set: 0.0ms
[2023-10-30T22:41:01.498+0000][40.149s][info ][gc,phases     ] GC(58)   Evacuate Collection Set: 11.0ms
[2023-10-30T22:41:01.498+0000][40.149s][info ][gc,phases     ] GC(58)   Post Evacuate Collection Set: 3.8ms
[2023-10-30T22:41:01.498+0000][40.149s][info ][gc,phases     ] GC(58)   Other: 0.8ms
[2023-10-30T22:41:01.499+0000][40.150s][info ][gc,heap       ] GC(58) Eden regions: 201->0(201)
[2023-10-30T22:41:01.499+0000][40.150s][info ][gc,heap       ] GC(58) Survivor regions: 15->13(27)
[2023-10-30T22:41:01.500+0000][40.151s][info ][gc,heap       ] GC(58) Old regions: 133->137
[2023-10-30T22:41:01.500+0000][40.151s][info ][gc,heap       ] GC(58) Humongous regions: 5->5
[2023-10-30T22:41:01.500+0000][40.151s][info ][gc,metaspace  ] GC(58) Metaspace: 154811K(159652K)->154811K(159652K) NonClass: 136639K(139684K)->136639K(139684K) Class: 18171K(19968K)->18171K(19968K)
[2023-10-30T22:41:01.501+0000][40.152s][info ][gc            ] GC(58) Pause Young (Normal) (G1 Evacuation Pause) 352M->152M(411M) 19.236ms
[2023-10-30T22:41:01.501+0000][40.152s][info ][gc,cpu        ] GC(58) User=0.12s Sys=0.00s Real=0.02s
[2023-10-30T22:41:01.501+0000][40.152s][info ][safepoint     ] Leaving safepoint region
[2023-10-30T22:41:01.502+0000][40.153s][info ][safepoint     ] Total time for which application threads were stopped: 0.0209946 seconds, Stopping threads took: 0.0004068 seconds
[2023-10-30T22:41:01.502+0000][40.153s][info ][gc,stringdedup] Concurrent String Deduplication (40.153s)
[2023-10-30T22:41:01.504+0000][40.155s][info ][gc,stringdedup] Concurrent String Deduplication 303.4K->102.3K(201.1K) avg 54.2% (40.153s, 40.155s) 2.247ms
[2023-10-30T22:41:01.958+0000][40.609s][debug][safepoint     ] Safepoint synchronization initiated. (91 threads)
[2023-10-30T22:41:01.959+0000][40.610s][info ][safepoint     ] Application time: 0.4568128 seconds
[2023-10-30T22:41:01.959+0000][40.610s][info ][safepoint     ] Entering safepoint region: G1CollectForAllocation
[2023-10-30T22:41:01.960+0000][40.611s][info ][gc,start      ] GC(59) Pause Young (Normal) (G1 Evacuation Pause)
[2023-10-30T22:41:01.960+0000][40.611s][info ][gc,task       ] GC(59) Using 8 workers of 8 for evacuation
[2023-10-30T22:41:01.974+0000][40.625s][info ][gc,phases     ] GC(59)   Pre Evacuate Collection Set: 0.0ms
[2023-10-30T22:41:01.975+0000][40.626s][info ][gc,phases     ] GC(59)   Evacuate Collection Set: 9.8ms
[2023-10-30T22:41:01.975+0000][40.626s][info ][gc,phases     ] GC(59)   Post Evacuate Collection Set: 3.4ms
[2023-10-30T22:41:01.975+0000][40.626s][info ][gc,phases     ] GC(59)   Other: 0.9ms
[2023-10-30T22:41:01.976+0000][40.627s][info ][gc,heap       ] GC(59) Eden regions: 201->0(199)
[2023-10-30T22:41:01.976+0000][40.627s][info ][gc,heap       ] GC(59) Survivor regions: 13->14(27)
[2023-10-30T22:41:01.977+0000][40.628s][info ][gc,heap       ] GC(59) Old regions: 137->137
[2023-10-30T22:41:01.977+0000][40.628s][info ][gc,heap       ] GC(59) Humongous regions: 5->5
[2023-10-30T22:41:01.977+0000][40.628s][info ][gc,metaspace  ] GC(59) Metaspace: 154851K(159652K)->154851K(159652K) NonClass: 136679K(139684K)->136679K(139684K) Class: 18171K(19968K)->18171K(19968K)
[2023-10-30T22:41:01.978+0000][40.629s][info ][gc            ] GC(59) Pause Young (Normal) (G1 Evacuation Pause) 353M->153M(411M) 17.576ms
[2023-10-30T22:41:01.978+0000][40.629s][info ][gc,cpu        ] GC(59) User=0.09s Sys=0.01s Real=0.02s
[2023-10-30T22:41:01.978+0000][40.629s][info ][safepoint     ] Leaving safepoint region
[2023-10-30T22:41:01.979+0000][40.630s][info ][safepoint     ] Total time for which application threads were stopped: 0.0192885 seconds, Stopping threads took: 0.0004045 seconds
[2023-10-30T22:41:01.979+0000][40.630s][info ][gc,stringdedup] Concurrent String Deduplication (40.630s)
[2023-10-30T22:41:01.982+0000][40.633s][info ][gc,stringdedup] Concurrent String Deduplication 175.9K->73664.0B(103.9K) avg 54.3% (40.630s, 40.633s) 2.784ms
[2023-10-30T22:41:02.245+0000][40.896s][debug][safepoint     ] Safepoint synchronization initiated. (99 threads)
[2023-10-30T22:41:02.245+0000][40.896s][info ][safepoint     ] Application time: 0.2664049 seconds
[2023-10-30T22:41:02.246+0000][40.897s][info ][safepoint     ] Entering safepoint region: Deoptimize
[2023-10-30T22:41:02.249+0000][40.900s][info ][safepoint     ] Leaving safepoint region
[2023-10-30T22:41:02.249+0000][40.900s][info ][safepoint     ] Total time for which application threads were stopped: 0.0033816 seconds, Stopping threads took: 0.0004089 seconds
[2023-10-30T22:41:02.601+0000][41.252s][debug][safepoint     ] Safepoint synchronization initiated. (137 threads)
[2023-10-30T22:41:02.602+0000][41.253s][info ][safepoint     ] Application time: 0.3521049 seconds
[2023-10-30T22:41:02.602+0000][41.253s][debug][safepoint     ] ... found polling page return exception at pc = 0x00007f9342105ba4, stub =0x00007f9340840600
[2023-10-30T22:41:02.603+0000][41.254s][debug][safepoint     ] Waiting for 2 thread(s) to block
[2023-10-30T22:41:02.604+0000][41.255s][info ][safepoint     ] Entering safepoint region: ICBufferFull
[2023-10-30T22:41:02.605+0000][41.256s][info ][safepoint     ] Leaving safepoint region
[2023-10-30T22:41:02.606+0000][41.257s][info ][safepoint     ] Total time for which application threads were stopped: 0.0033769 seconds, Stopping threads took: 0.0022332 seconds
[2023-10-30T22:41:02.771+0000][41.422s][debug][safepoint     ] Safepoint synchronization initiated. (141 threads)
[2023-10-30T22:41:02.772+0000][41.423s][info ][safepoint     ] Application time: 0.1660791 seconds
[2023-10-30T22:41:02.773+0000][41.424s][debug][safepoint     ] ... found polling page loop exception at pc = 0x00007f93489fdda1, stub =0x00007f9340843680
[2023-10-30T22:41:02.774+0000][41.425s][debug][safepoint     ] Waiting for 1 thread(s) to block
[2023-10-30T22:41:02.774+0000][41.425s][info ][safepoint     ] Entering safepoint region: Deoptimize
[2023-10-30T22:41:02.780+0000][41.431s][info ][safepoint     ] Leaving safepoint region
[2023-10-30T22:41:02.781+0000][41.432s][info ][safepoint     ] Total time for which application threads were stopped: 0.0077915 seconds, Stopping threads took: 0.0023657 seconds
[2023-10-30T22:41:02.944+0000][41.595s][debug][safepoint     ] Safepoint synchronization initiated. (147 threads)
[2023-10-30T22:41:02.945+0000][41.596s][info ][safepoint     ] Application time: 0.1627289 seconds
[2023-10-30T22:41:02.947+0000][41.598s][info ][safepoint     ] Entering safepoint region: Deoptimize
[2023-10-30T22:41:02.952+0000][41.603s][info ][safepoint     ] Leaving safepoint region
[2023-10-30T22:41:02.955+0000][41.606s][info ][safepoint     ] Total time for which application threads were stopped: 0.0086254 seconds, Stopping threads took: 0.0006212 seconds
[2023-10-30T22:41:03.093+0000][41.744s][debug][safepoint     ] Safepoint synchronization initiated. (148 threads)
[2023-10-30T22:41:03.094+0000][41.745s][info ][safepoint     ] Application time: 0.1381297 seconds
[2023-10-30T22:41:03.095+0000][41.746s][info ][safepoint     ] Entering safepoint region: Deoptimize
[2023-10-30T22:41:03.100+0000][41.751s][info ][safepoint     ] Leaving safepoint region
[2023-10-30T22:41:03.100+0000][41.751s][info ][safepoint     ] Total time for which application threads were stopped: 0.0057718 seconds, Stopping threads took: 0.0005251 seconds
[2023-10-30T22:41:03.179+0000][41.830s][debug][safepoint     ] Safepoint synchronization initiated. (148 threads)
[2023-10-30T22:41:03.180+0000][41.831s][info ][safepoint     ] Application time: 0.0788405 seconds
[2023-10-30T22:41:03.180+0000][41.831s][info ][safepoint     ] Entering safepoint region: Deoptimize
[2023-10-30T22:41:03.186+0000][41.837s][info ][safepoint     ] Leaving safepoint region
[2023-10-30T22:41:03.187+0000][41.838s][info ][safepoint     ] Total time for which application threads were stopped: 0.0066670 seconds, Stopping threads took: 0.0006907 seconds
[2023-10-30T22:41:03.188+0000][41.839s][debug][safepoint     ] Safepoint synchronization initiated. (148 threads)
[2023-10-30T22:41:03.189+0000][41.840s][info ][safepoint     ] Application time: 0.0014326 seconds
[2023-10-30T22:41:03.189+0000][41.840s][debug][safepoint     ] ... found polling page return exception at pc = 0x00007f93484de49d, stub =0x00007f9340840600
[2023-10-30T22:41:03.189+0000][41.840s][debug][safepoint     ] ... found polling page return exception at pc = 0x00007f9348c563c4, stub =0x00007f9340840600
[2023-10-30T22:41:03.190+0000][41.841s][debug][safepoint     ] Waiting for 2 thread(s) to block
[2023-10-30T22:41:03.191+0000][41.842s][info ][safepoint     ] Entering safepoint region: Deoptimize
[2023-10-30T22:41:03.193+0000][41.844s][info ][safepoint     ] Leaving safepoint region
[2023-10-30T22:41:03.194+0000][41.845s][info ][safepoint     ] Total time for which application threads were stopped: 0.0046630 seconds, Stopping threads took: 0.0017345 seconds
[2023-10-30T22:41:03.200+0000][41.851s][debug][safepoint     ] Safepoint synchronization initiated. (148 threads)
[2023-10-30T22:41:03.200+0000][41.851s][info ][safepoint     ] Application time: 0.0060682 seconds
[2023-10-30T22:41:03.201+0000][41.852s][info ][safepoint     ] Entering safepoint region: Deoptimize
[2023-10-30T22:41:03.205+0000][41.856s][info ][safepoint     ] Leaving safepoint region
[2023-10-30T22:41:03.206+0000][41.857s][info ][safepoint     ] Total time for which application threads were stopped: 0.0043162 seconds, Stopping threads took: 0.0006555 seconds
[2023-10-30T22:41:03.291+0000][41.942s][debug][safepoint     ] Safepoint synchronization initiated. (148 threads)
[2023-10-30T22:41:03.291+0000][41.942s][info ][safepoint     ] Application time: 0.0850959 seconds
[2023-10-30T22:41:03.292+0000][41.943s][info ][safepoint     ] Entering safepoint region: Deoptimize
[2023-10-30T22:41:03.294+0000][41.945s][info ][safepoint     ] Leaving safepoint region
[2023-10-30T22:41:03.295+0000][41.946s][info ][safepoint     ] Total time for which application threads were stopped: 0.0030808 seconds, Stopping threads took: 0.0004039 seconds
[2023-10-30T22:41:03.301+0000][41.952s][debug][safepoint     ] Safepoint synchronization initiated. (148 threads)
[2023-10-30T22:41:03.302+0000][41.953s][info ][safepoint     ] Application time: 0.0067989 seconds
[2023-10-30T22:41:03.302+0000][41.953s][info ][safepoint     ] Entering safepoint region: Deoptimize
[2023-10-30T22:41:03.305+0000][41.956s][info ][safepoint     ] Leaving safepoint region
[2023-10-30T22:41:03.306+0000][41.957s][info ][safepoint     ] Total time for which application threads were stopped: 0.0034193 seconds, Stopping threads took: 0.0006258 seconds
[2023-10-30T22:41:03.399+0000][42.050s][debug][safepoint     ] Safepoint synchronization initiated. (171 threads)
[2023-10-30T22:41:03.402+0000][42.053s][info ][safepoint     ] Application time: 0.0953836 seconds
[2023-10-30T22:41:03.403+0000][42.054s][debug][safepoint     ] ... found polling page return exception at pc = 0x00007f93492d7d9b, stub =0x00007f9340840600
[2023-10-30T22:41:03.404+0000][42.055s][debug][safepoint     ] Waiting for 1 thread(s) to block
[2023-10-30T22:41:03.405+0000][42.056s][info ][safepoint     ] Entering safepoint region: G1CollectForAllocation
[2023-10-30T22:41:03.406+0000][42.057s][info ][gc,start      ] GC(60) Pause Young (Normal) (G1 Evacuation Pause)
[2023-10-30T22:41:03.407+0000][42.058s][info ][gc,task       ] GC(60) Using 8 workers of 8 for evacuation
[2023-10-30T22:41:03.438+0000][42.089s][info ][gc,phases     ] GC(60)   Pre Evacuate Collection Set: 0.0ms
[2023-10-30T22:41:03.438+0000][42.089s][info ][gc,phases     ] GC(60)   Evacuate Collection Set: 23.9ms
[2023-10-30T22:41:03.439+0000][42.090s][info ][gc,phases     ] GC(60)   Post Evacuate Collection Set: 6.1ms
[2023-10-30T22:41:03.439+0000][42.090s][info ][gc,phases     ] GC(60)   Other: 2.1ms
[2023-10-30T22:41:03.440+0000][42.091s][info ][gc,heap       ] GC(60) Eden regions: 199->0(189)
[2023-10-30T22:41:03.440+0000][42.091s][info ][gc,heap       ] GC(60) Survivor regions: 14->19(27)
[2023-10-30T22:41:03.440+0000][42.091s][info ][gc,heap       ] GC(60) Old regions: 137->137
[2023-10-30T22:41:03.441+0000][42.092s][info ][gc,heap       ] GC(60) Humongous regions: 5->5
[2023-10-30T22:41:03.441+0000][42.092s][info ][gc,metaspace  ] GC(60) Metaspace: 162827K(167972K)->162827K(167972K) NonClass: 143709K(146852K)->143709K(146852K) Class: 19117K(21120K)->19117K(21120K)
[2023-10-30T22:41:03.441+0000][42.092s][info ][gc            ] GC(60) Pause Young (Normal) (G1 Evacuation Pause) 352M->158M(411M) 35.466ms
[2023-10-30T22:41:03.442+0000][42.093s][info ][gc,cpu        ] GC(60) User=0.24s Sys=0.01s Real=0.04s
[2023-10-30T22:41:03.442+0000][42.093s][info ][safepoint     ] Leaving safepoint region
[2023-10-30T22:41:03.443+0000][42.094s][info ][safepoint     ] Total time for which application threads were stopped: 0.0401365 seconds, Stopping threads took: 0.0030105 seconds
[2023-10-30T22:41:03.443+0000][42.094s][info ][gc,stringdedup] Concurrent String Deduplication (42.094s)
[2023-10-30T22:41:03.445+0000][42.095s][info ][gc,stringdedup] Concurrent String Deduplication 186.3K->62976.0B(124.8K) avg 54.4% (42.094s, 42.095s) 1.534ms
[2023-10-30T22:41:04.443+0000][43.094s][debug][safepoint     ] Safepoint synchronization initiated. (177 threads)
[2023-10-30T22:41:04.444+0000][43.095s][info ][safepoint     ] Application time: 1.0011913 seconds
[2023-10-30T22:41:04.445+0000][43.096s][debug][safepoint     ] ... found polling page loop exception at pc = 0x00007f934107d141, stub =0x00007f9340843680
[2023-10-30T22:41:04.445+0000][43.096s][debug][safepoint     ] ... found polling page return exception at pc = 0x00007f93418d31ac, stub =0x00007f9340840600
[2023-10-30T22:41:04.445+0000][43.096s][debug][safepoint     ] ... found polling page loop exception at pc = 0x00007f934107d141, stub =0x00007f9340843680
[2023-10-30T22:41:04.447+0000][43.098s][debug][safepoint     ] Waiting for 3 thread(s) to block
[2023-10-30T22:41:04.448+0000][43.099s][info ][safepoint     ] Entering safepoint region: Cleanup
[2023-10-30T22:41:04.449+0000][43.100s][info ][safepoint     ] Leaving safepoint region
[2023-10-30T22:41:04.450+0000][43.101s][info ][safepoint     ] Total time for which application threads were stopped: 0.0049078 seconds, Stopping threads took: 0.0040975 seconds
[2023-10-30T22:41:05.450+0000][44.101s][debug][safepoint     ] Safepoint synchronization initiated. (177 threads)
[2023-10-30T22:41:05.451+0000][44.102s][info ][safepoint     ] Application time: 1.0007140 seconds
[2023-10-30T22:41:05.451+0000][44.102s][info ][safepoint     ] Entering safepoint region: Cleanup
[2023-10-30T22:41:05.452+0000][44.103s][info ][safepoint     ] Leaving safepoint region
[2023-10-30T22:41:05.452+0000][44.103s][info ][safepoint     ] Total time for which application threads were stopped: 0.0010423 seconds, Stopping threads took: 0.0004207 seconds
[2023-10-30T22:41:06.453+0000][45.104s][debug][safepoint     ] Safepoint synchronization initiated. (177 threads)
[2023-10-30T22:41:06.454+0000][45.105s][info ][safepoint     ] Application time: 1.0011097 seconds
[2023-10-30T22:41:06.455+0000][45.106s][info ][safepoint     ] Entering safepoint region: Cleanup
[2023-10-30T22:41:06.456+0000][45.107s][info ][safepoint     ] Leaving safepoint region
[2023-10-30T22:41:06.456+0000][45.107s][info ][safepoint     ] Total time for which application threads were stopped: 0.0014294 seconds, Stopping threads took: 0.0007437 seconds
[2023-10-30T22:41:06.658+0000][45.309s][debug][safepoint     ] Safepoint synchronization initiated. (178 threads)
[2023-10-30T22:41:06.658+0000][45.309s][info ][safepoint     ] Application time: 0.2014389 seconds
[2023-10-30T22:41:06.659+0000][45.310s][info ][safepoint     ] Entering safepoint region: Deoptimize
[2023-10-30T22:41:06.662+0000][45.313s][info ][safepoint     ] Leaving safepoint region
[2023-10-30T22:41:06.663+0000][45.314s][info ][safepoint     ] Total time for which application threads were stopped: 0.0044755 seconds, Stopping threads took: 0.0004131 seconds
[2023-10-30T22:41:07.568+0000][46.219s][debug][safepoint     ] Safepoint synchronization initiated. (176 threads)
[2023-10-30T22:41:07.568+0000][46.219s][info ][safepoint     ] Application time: 0.9048010 seconds
[2023-10-30T22:41:07.569+0000][46.220s][debug][safepoint     ] ... found polling page return exception at pc = 0x00007f93482c9994, stub =0x00007f9340840600
[2023-10-30T22:41:07.569+0000][46.220s][debug][safepoint     ] Waiting for 1 thread(s) to block
[2023-10-30T22:41:07.569+0000][46.220s][info ][safepoint     ] Entering safepoint region: ICBufferFull
[2023-10-30T22:41:07.570+0000][46.221s][info ][safepoint     ] Leaving safepoint region
[2023-10-30T22:41:07.570+0000][46.221s][info ][safepoint     ] Total time for which application threads were stopped: 0.0018762 seconds, Stopping threads took: 0.0011787 seconds
[2023-10-30T22:41:08.571+0000][47.222s][debug][safepoint     ] Safepoint synchronization initiated. (176 threads)
[2023-10-30T22:41:08.572+0000][47.223s][info ][safepoint     ] Application time: 1.0011487 seconds
[2023-10-30T22:41:08.573+0000][47.224s][info ][safepoint     ] Entering safepoint region: Cleanup
[2023-10-30T22:41:08.574+0000][47.225s][info ][safepoint     ] Leaving safepoint region
[2023-10-30T22:41:08.575+0000][47.226s][info ][safepoint     ] Total time for which application threads were stopped: 0.0018000 seconds, Stopping threads took: 0.0007492 seconds
[2023-10-30T22:41:09.575+0000][48.226s][debug][safepoint     ] Safepoint synchronization initiated. (176 threads)
[2023-10-30T22:41:09.576+0000][48.227s][info ][safepoint     ] Application time: 1.0008049 seconds
[2023-10-30T22:41:09.576+0000][48.227s][info ][safepoint     ] Entering safepoint region: Cleanup
[2023-10-30T22:41:09.577+0000][48.228s][info ][safepoint     ] Leaving safepoint region
[2023-10-30T22:41:09.578+0000][48.229s][info ][safepoint     ] Total time for which application threads were stopped: 0.0011053 seconds, Stopping threads took: 0.0004076 seconds
[2023-10-30T22:41:10.578+0000][49.229s][debug][safepoint     ] Safepoint synchronization initiated. (176 threads)
[2023-10-30T22:41:10.579+0000][49.230s][info ][safepoint     ] Application time: 1.0009518 seconds
[2023-10-30T22:41:10.579+0000][49.230s][info ][safepoint     ] Entering safepoint region: Cleanup
[2023-10-30T22:41:10.580+0000][49.231s][info ][safepoint     ] Leaving safepoint region
[2023-10-30T22:41:10.581+0000][49.232s][info ][safepoint     ] Total time for which application threads were stopped: 0.0013224 seconds, Stopping threads took: 0.0006636 seconds
[2023-10-30T22:41:11.581+0000][50.232s][debug][safepoint     ] Safepoint synchronization initiated. (176 threads)
[2023-10-30T22:41:11.582+0000][50.233s][info ][safepoint     ] Application time: 1.0006421 seconds
[2023-10-30T22:41:11.582+0000][50.233s][info ][safepoint     ] Entering safepoint region: Cleanup
[2023-10-30T22:41:11.583+0000][50.234s][info ][safepoint     ] Leaving safepoint region
[2023-10-30T22:41:11.583+0000][50.234s][info ][safepoint     ] Total time for which application threads were stopped: 0.0011155 seconds, Stopping threads took: 0.0004023 seconds
[2023-10-30T22:41:12.584+0000][51.235s][debug][safepoint     ] Safepoint synchronization initiated. (176 threads)
[2023-10-30T22:41:12.584+0000][51.235s][info ][safepoint     ] Application time: 1.0006364 seconds
[2023-10-30T22:41:12.585+0000][51.236s][info ][safepoint     ] Entering safepoint region: Cleanup
[2023-10-30T22:41:12.585+0000][51.236s][info ][safepoint     ] Leaving safepoint region
[2023-10-30T22:41:12.586+0000][51.237s][info ][safepoint     ] Total time for which application threads were stopped: 0.0010695 seconds, Stopping threads took: 0.0004654 seconds
[2023-10-30T22:41:13.586+0000][52.237s][debug][safepoint     ] Safepoint synchronization initiated. (177 threads)
[2023-10-30T22:41:13.587+0000][52.238s][info ][safepoint     ] Application time: 1.0005436 seconds
[2023-10-30T22:41:13.587+0000][52.238s][info ][safepoint     ] Entering safepoint region: Cleanup
[2023-10-30T22:41:13.588+0000][52.239s][info ][safepoint     ] Leaving safepoint region
[2023-10-30T22:41:13.588+0000][52.239s][info ][safepoint     ] Total time for which application threads were stopped: 0.0008885 seconds, Stopping threads took: 0.0003967 seconds
[2023-10-30T22:41:14.589+0000][53.240s][debug][safepoint     ] Safepoint synchronization initiated. (177 threads)
[2023-10-30T22:41:14.590+0000][53.241s][info ][safepoint     ] Application time: 1.0012529 seconds
[2023-10-30T22:41:14.590+0000][53.241s][info ][safepoint     ] Entering safepoint region: Cleanup
[2023-10-30T22:41:14.592+0000][53.243s][info ][safepoint     ] Leaving safepoint region
[2023-10-30T22:41:14.592+0000][53.243s][info ][safepoint     ] Total time for which application threads were stopped: 0.0018818 seconds, Stopping threads took: 0.0007875 seconds
[2023-10-30T22:41:15.593+0000][54.244s][debug][safepoint     ] Safepoint synchronization initiated. (177 threads)
[2023-10-30T22:41:15.593+0000][54.244s][info ][safepoint     ] Application time: 1.0005225 seconds
[2023-10-30T22:41:15.594+0000][54.245s][info ][safepoint     ] Entering safepoint region: Cleanup
[2023-10-30T22:41:15.595+0000][54.246s][info ][safepoint     ] Leaving safepoint region
[2023-10-30T22:41:15.595+0000][54.246s][info ][safepoint     ] Total time for which application threads were stopped: 0.0011029 seconds, Stopping threads took: 0.0004740 seconds
[2023-10-30T22:41:16.596+0000][55.247s][debug][safepoint     ] Safepoint synchronization initiated. (177 threads)
[2023-10-30T22:41:16.597+0000][55.248s][info ][safepoint     ] Application time: 1.0011442 seconds
[2023-10-30T22:41:16.598+0000][55.249s][info ][safepoint     ] Entering safepoint region: Cleanup
[2023-10-30T22:41:16.599+0000][55.249s][info ][safepoint     ] Leaving safepoint region
[2023-10-30T22:41:16.599+0000][55.250s][info ][safepoint     ] Total time for which application threads were stopped: 0.0012279 seconds, Stopping threads took: 0.0005218 seconds
[2023-10-30T22:41:17.600+0000][56.251s][debug][safepoint     ] Safepoint synchronization initiated. (177 threads)
[2023-10-30T22:41:17.600+0000][56.251s][info ][safepoint     ] Application time: 1.0011042 seconds
[2023-10-30T22:41:17.601+0000][56.252s][info ][safepoint     ] Entering safepoint region: Cleanup
[2023-10-30T22:41:17.602+0000][56.253s][info ][safepoint     ] Leaving safepoint region
[2023-10-30T22:41:17.602+0000][56.253s][info ][safepoint     ] Total time for which application threads were stopped: 0.0014670 seconds, Stopping threads took: 0.0006795 seconds
[2023-10-30T22:41:18.603+0000][57.254s][debug][safepoint     ] Safepoint synchronization initiated. (177 threads)
[2023-10-30T22:41:18.604+0000][57.255s][info ][safepoint     ] Application time: 1.0005592 seconds
[2023-10-30T22:41:18.604+0000][57.255s][info ][safepoint     ] Entering safepoint region: Cleanup
[2023-10-30T22:41:18.605+0000][57.256s][info ][safepoint     ] Leaving safepoint region
[2023-10-30T22:41:18.605+0000][57.256s][info ][safepoint     ] Total time for which application threads were stopped: 0.0012069 seconds, Stopping threads took: 0.0004091 seconds
[2023-10-30T22:41:19.606+0000][58.257s][debug][safepoint     ] Safepoint synchronization initiated. (177 threads)
[2023-10-30T22:41:19.607+0000][58.258s][info ][safepoint     ] Application time: 1.0011159 seconds
[2023-10-30T22:41:19.608+0000][58.259s][info ][safepoint     ] Entering safepoint region: Cleanup
[2023-10-30T22:41:19.610+0000][58.261s][info ][safepoint     ] Leaving safepoint region
[2023-10-30T22:41:19.610+0000][58.261s][info ][safepoint     ] Total time for which application threads were stopped: 0.0021771 seconds, Stopping threads took: 0.0012399 seconds
[2023-10-30T22:41:20.611+0000][59.262s][debug][safepoint     ] Safepoint synchronization initiated. (177 threads)
[2023-10-30T22:41:20.612+0000][59.263s][info ][safepoint     ] Application time: 1.0012327 seconds
[2023-10-30T22:41:20.613+0000][59.264s][info ][safepoint     ] Entering safepoint region: Cleanup
[2023-10-30T22:41:20.614+0000][59.265s][info ][safepoint     ] Leaving safepoint region
[2023-10-30T22:41:20.614+0000][59.265s][info ][safepoint     ] Total time for which application threads were stopped: 0.0017732 seconds, Stopping threads took: 0.0007464 seconds
[2023-10-30T22:41:21.615+0000][60.266s][debug][safepoint     ] Safepoint synchronization initiated. (177 threads)
[2023-10-30T22:41:21.616+0000][60.267s][info ][safepoint     ] Application time: 1.0007749 seconds
[2023-10-30T22:41:21.616+0000][60.267s][info ][safepoint     ] Entering safepoint region: Cleanup
[2023-10-30T22:41:21.618+0000][60.269s][info ][safepoint     ] Leaving safepoint region
[2023-10-30T22:41:21.619+0000][60.270s][info ][safepoint     ] Total time for which application threads were stopped: 0.0025313 seconds, Stopping threads took: 0.0013248 seconds
[2023-10-30T22:41:22.620+0000][61.271s][debug][safepoint     ] Safepoint synchronization initiated. (177 threads)
[2023-10-30T22:41:22.620+0000][61.271s][info ][safepoint     ] Application time: 1.0009463 seconds
[2023-10-30T22:41:22.621+0000][61.272s][info ][safepoint     ] Entering safepoint region: Cleanup
[2023-10-30T22:41:22.622+0000][61.273s][info ][safepoint     ] Leaving safepoint region
[2023-10-30T22:41:22.622+0000][61.273s][info ][safepoint     ] Total time for which application threads were stopped: 0.0013663 seconds, Stopping threads took: 0.0007058 seconds
[2023-10-30T22:41:23.623+0000][62.274s][debug][safepoint     ] Safepoint synchronization initiated. (178 threads)
[2023-10-30T22:41:23.624+0000][62.274s][info ][safepoint     ] Application time: 1.0009528 seconds
[2023-10-30T22:41:23.624+0000][62.275s][info ][safepoint     ] Entering safepoint region: Cleanup
[2023-10-30T22:41:23.625+0000][62.276s][info ][safepoint     ] Leaving safepoint region
[2023-10-30T22:41:23.625+0000][62.276s][info ][safepoint     ] Total time for which application threads were stopped: 0.0012101 seconds, Stopping threads took: 0.0005679 seconds
[2023-10-30T22:41:24.626+0000][63.277s][debug][safepoint     ] Safepoint synchronization initiated. (178 threads)
[2023-10-30T22:41:24.627+0000][63.278s][info ][safepoint     ] Application time: 1.0009780 seconds
[2023-10-30T22:41:24.627+0000][63.278s][info ][safepoint     ] Entering safepoint region: Cleanup
[2023-10-30T22:41:24.628+0000][63.279s][info ][safepoint     ] Leaving safepoint region
[2023-10-30T22:41:24.628+0000][63.279s][debug][safepoint     ] ... found polling page return exception at pc = 0x00007f93492e2b44, stub =0x00007f9340840600
[2023-10-30T22:41:24.628+0000][63.279s][debug][safepoint     ] ... found polling page return exception at pc = 0x00007f93492e2b44, stub =0x00007f9340840600
[2023-10-30T22:41:24.628+0000][63.279s][debug][safepoint     ] ... found polling page return exception at pc = 0x00007f93492e2b44, stub =0x00007f9340840600
[2023-10-30T22:41:24.628+0000][63.279s][debug][safepoint     ] ... found polling page return exception at pc = 0x00007f93492e2b44, stub =0x00007f9340840600
[2023-10-30T22:41:24.628+0000][63.279s][debug][safepoint     ] ... found polling page return exception at pc = 0x00007f93492e2b44, stub =0x00007f9340840600
[2023-10-30T22:41:24.628+0000][63.279s][debug][safepoint     ] ... found polling page return exception at pc = 0x00007f93492e2b44, stub =0x00007f9340840600
[2023-10-30T22:41:24.628+0000][63.279s][debug][safepoint     ] ... found polling page return exception at pc = 0x00007f93492e2b44, stub =0x00007f9340840600
[2023-10-30T22:41:24.629+0000][63.279s][info ][safepoint     ] Total time for which application threads were stopped: 0.0013360 seconds, Stopping threads took: 0.0007135 seconds
[2023-10-30T22:41:25.633+0000][64.284s][debug][safepoint     ] Safepoint synchronization initiated. (178 threads)
[2023-10-30T22:41:25.634+0000][64.284s][info ][safepoint     ] Application time: 1.0007195 seconds
[2023-10-30T22:41:25.634+0000][64.285s][info ][safepoint     ] Entering safepoint region: Cleanup
[2023-10-30T22:41:25.635+0000][64.286s][info ][safepoint     ] Leaving safepoint region
[2023-10-30T22:41:25.635+0000][64.286s][info ][safepoint     ] Total time for which application threads were stopped: 0.0010102 seconds, Stopping threads took: 0.0004555 seconds
[2023-10-30T22:41:26.636+0000][65.286s][debug][safepoint     ] Safepoint synchronization initiated. (178 threads)
[2023-10-30T22:41:26.637+0000][65.287s][info ][safepoint     ] Application time: 1.0009791 seconds
[2023-10-30T22:41:26.637+0000][65.288s][info ][safepoint     ] Entering safepoint region: Cleanup
[2023-10-30T22:41:26.638+0000][65.288s][info ][safepoint     ] Leaving safepoint region
[2023-10-30T22:41:26.643+0000][65.294s][info ][safepoint     ] Total time for which application threads were stopped: 0.0058836 seconds, Stopping threads took: 0.0005230 seconds
[2023-10-30T22:41:27.644+0000][66.294s][debug][safepoint     ] Safepoint synchronization initiated. (178 threads)
[2023-10-30T22:41:27.644+0000][66.295s][info ][safepoint     ] Application time: 1.0005949 seconds
[2023-10-30T22:41:27.645+0000][66.295s][info ][safepoint     ] Entering safepoint region: Cleanup
[2023-10-30T22:41:27.645+0000][66.296s][info ][safepoint     ] Leaving safepoint region
[2023-10-30T22:41:27.645+0000][66.296s][info ][safepoint     ] Total time for which application threads were stopped: 0.0009036 seconds, Stopping threads took: 0.0003134 seconds
[2023-10-30T22:41:28.646+0000][67.297s][debug][safepoint     ] Safepoint synchronization initiated. (178 threads)
[2023-10-30T22:41:28.647+0000][67.297s][info ][safepoint     ] Application time: 1.0007461 seconds
[2023-10-30T22:41:28.647+0000][67.298s][info ][safepoint     ] Entering safepoint region: Cleanup
[2023-10-30T22:41:28.648+0000][67.299s][info ][safepoint     ] Leaving safepoint region
[2023-10-30T22:41:28.648+0000][67.299s][info ][safepoint     ] Total time for which application threads were stopped: 0.0010806 seconds, Stopping threads took: 0.0004904 seconds
[2023-10-30T22:41:29.649+0000][68.300s][debug][safepoint     ] Safepoint synchronization initiated. (178 threads)
[2023-10-30T22:41:29.649+0000][68.300s][info ][safepoint     ] Application time: 1.0008741 seconds
[2023-10-30T22:41:29.650+0000][68.301s][info ][safepoint     ] Entering safepoint region: Cleanup
[2023-10-30T22:41:29.651+0000][68.302s][info ][safepoint     ] Leaving safepoint region
[2023-10-30T22:41:29.652+0000][68.302s][info ][safepoint     ] Total time for which application threads were stopped: 0.0014714 seconds, Stopping threads took: 0.0006342 seconds
[2023-10-30T22:41:30.652+0000][69.303s][debug][safepoint     ] Safepoint synchronization initiated. (177 threads)
[2023-10-30T22:41:30.653+0000][69.304s][info ][safepoint     ] Application time: 1.0008655 seconds
[2023-10-30T22:41:30.654+0000][69.305s][info ][safepoint     ] Entering safepoint region: Cleanup
[2023-10-30T22:41:30.655+0000][69.305s][info ][safepoint     ] Leaving safepoint region
[2023-10-30T22:41:30.655+0000][69.306s][info ][safepoint     ] Total time for which application threads were stopped: 0.0015270 seconds, Stopping threads took: 0.0006691 seconds
[2023-10-30T22:41:31.656+0000][70.307s][debug][safepoint     ] Safepoint synchronization initiated. (177 threads)
[2023-10-30T22:41:31.657+0000][70.307s][info ][safepoint     ] Application time: 1.0007242 seconds
[2023-10-30T22:41:31.657+0000][70.308s][info ][safepoint     ] Entering safepoint region: Cleanup
[2023-10-30T22:41:31.658+0000][70.309s][info ][safepoint     ] Leaving safepoint region
[2023-10-30T22:41:31.658+0000][70.309s][info ][safepoint     ] Total time for which application threads were stopped: 0.0012154 seconds, Stopping threads took: 0.0004774 seconds
[2023-10-30T22:41:32.659+0000][71.310s][debug][safepoint     ] Safepoint synchronization initiated. (179 threads)
[2023-10-30T22:41:32.660+0000][71.310s][info ][safepoint     ] Application time: 1.0008350 seconds
[2023-10-30T22:41:32.660+0000][71.311s][info ][safepoint     ] Entering safepoint region: Cleanup
[2023-10-30T22:41:32.661+0000][71.312s][info ][safepoint     ] Leaving safepoint region
[2023-10-30T22:41:32.661+0000][71.312s][info ][safepoint     ] Total time for which application threads were stopped: 0.0011797 seconds, Stopping threads took: 0.0005867 seconds
[2023-10-30T22:41:33.662+0000][72.313s][debug][safepoint     ] Safepoint synchronization initiated. (180 threads)
[2023-10-30T22:41:33.662+0000][72.313s][info ][safepoint     ] Application time: 1.0007579 seconds
[2023-10-30T22:41:33.663+0000][72.314s][debug][safepoint     ] ... found polling page return exception at pc = 0x00007f934835901d, stub =0x00007f9340840600
[2023-10-30T22:41:33.663+0000][72.314s][debug][safepoint     ] ... found polling page return exception at pc = 0x00007f934835901d, stub =0x00007f9340840600
[2023-10-30T22:41:33.664+0000][72.314s][debug][safepoint     ] Waiting for 4 thread(s) to block
[2023-10-30T22:41:33.664+0000][72.315s][info ][safepoint     ] Entering safepoint region: Cleanup
[2023-10-30T22:41:33.665+0000][72.316s][info ][safepoint     ] Leaving safepoint region
[2023-10-30T22:41:33.665+0000][72.316s][info ][safepoint     ] Total time for which application threads were stopped: 0.0026340 seconds, Stopping threads took: 0.0020113 seconds
[2023-10-30T22:41:34.666+0000][73.317s][debug][safepoint     ] Safepoint synchronization initiated. (180 threads)
[2023-10-30T22:41:34.667+0000][73.318s][info ][safepoint     ] Application time: 1.0014852 seconds
[2023-10-30T22:41:34.668+0000][73.319s][info ][safepoint     ] Entering safepoint region: Cleanup
[2023-10-30T22:41:34.669+0000][73.319s][info ][safepoint     ] Leaving safepoint region
[2023-10-30T22:41:34.669+0000][73.320s][info ][safepoint     ] Total time for which application threads were stopped: 0.0014311 seconds, Stopping threads took: 0.0004947 seconds
[2023-10-30T22:41:35.670+0000][74.321s][debug][safepoint     ] Safepoint synchronization initiated. (180 threads)
[2023-10-30T22:41:35.671+0000][74.321s][info ][safepoint     ] Application time: 1.0010737 seconds
[2023-10-30T22:41:35.671+0000][74.322s][info ][safepoint     ] Entering safepoint region: Cleanup
[2023-10-30T22:41:35.672+0000][74.323s][info ][safepoint     ] Leaving safepoint region
[2023-10-30T22:41:35.673+0000][74.323s][info ][safepoint     ] Total time for which application threads were stopped: 0.0014570 seconds, Stopping threads took: 0.0006390 seconds
[2023-10-30T22:41:36.673+0000][75.324s][debug][safepoint     ] Safepoint synchronization initiated. (180 threads)
[2023-10-30T22:41:36.674+0000][75.325s][info ][safepoint     ] Application time: 1.0008341 seconds
[2023-10-30T22:41:36.675+0000][75.326s][info ][safepoint     ] Entering safepoint region: Cleanup
[2023-10-30T22:41:36.676+0000][75.326s][info ][safepoint     ] Leaving safepoint region
[2023-10-30T22:41:36.676+0000][75.327s][info ][safepoint     ] Total time for which application threads were stopped: 0.0013837 seconds, Stopping threads took: 0.0007016 seconds
[2023-10-30T22:41:37.677+0000][76.327s][debug][safepoint     ] Safepoint synchronization initiated. (180 threads)
[2023-10-30T22:41:37.677+0000][76.328s][info ][safepoint     ] Application time: 1.0008331 seconds
[2023-10-30T22:41:37.678+0000][76.329s][info ][safepoint     ] Entering safepoint region: Cleanup
[2023-10-30T22:41:37.679+0000][76.329s][info ][safepoint     ] Leaving safepoint region
[2023-10-30T22:41:37.679+0000][76.330s][info ][safepoint     ] Total time for which application threads were stopped: 0.0012050 seconds, Stopping threads took: 0.0004715 seconds
[2023-10-30T22:41:38.565+0000][77.216s][debug][safepoint     ] Safepoint synchronization initiated. (182 threads)
[2023-10-30T22:41:38.566+0000][77.217s][info ][safepoint     ] Application time: 0.8867712 seconds
[2023-10-30T22:41:38.567+0000][77.218s][info ][safepoint     ] Entering safepoint region: Deoptimize
[2023-10-30T22:41:38.572+0000][77.223s][info ][safepoint     ] Leaving safepoint region
[2023-10-30T22:41:38.573+0000][77.224s][info ][safepoint     ] Total time for which application threads were stopped: 0.0064921 seconds, Stopping threads took: 0.0004596 seconds
[2023-10-30T22:41:38.619+0000][77.270s][debug][safepoint     ] Safepoint synchronization initiated. (182 threads)
[2023-10-30T22:41:38.620+0000][77.271s][info ][safepoint     ] Application time: 0.0458603 seconds
[2023-10-30T22:41:38.621+0000][77.272s][info ][safepoint     ] Entering safepoint region: Deoptimize
[2023-10-30T22:41:38.624+0000][77.275s][info ][safepoint     ] Leaving safepoint region
[2023-10-30T22:41:38.625+0000][77.275s][info ][safepoint     ] Total time for which application threads were stopped: 0.0038733 seconds, Stopping threads took: 0.0004370 seconds
[2023-10-30T22:41:39.625+0000][78.276s][debug][safepoint     ] Safepoint synchronization initiated. (187 threads)
[2023-10-30T22:41:39.626+0000][78.277s][info ][safepoint     ] Application time: 1.0012126 seconds
[2023-10-30T22:41:39.627+0000][78.278s][info ][safepoint     ] Entering safepoint region: Cleanup
[2023-10-30T22:41:39.628+0000][78.279s][info ][safepoint     ] Leaving safepoint region
[2023-10-30T22:41:39.628+0000][78.279s][info ][safepoint     ] Total time for which application threads were stopped: 0.0016033 seconds, Stopping threads took: 0.0007283 seconds
[2023-10-30T22:41:43.630+0000][82.280s][debug][safepoint     ] Safepoint synchronization initiated. (186 threads)
[2023-10-30T22:41:43.630+0000][82.281s][info ][safepoint     ] Application time: 4.0013764 seconds
[2023-10-30T22:41:43.631+0000][82.282s][info ][safepoint     ] Entering safepoint region: Cleanup
[2023-10-30T22:41:43.632+0000][82.282s][info ][safepoint     ] Leaving safepoint region
[2023-10-30T22:41:43.632+0000][82.283s][info ][safepoint     ] Total time for which application threads were stopped: 0.0012454 seconds, Stopping threads took: 0.0004802 seconds
[2023-10-30T22:41:44.633+0000][83.283s][debug][safepoint     ] Safepoint synchronization initiated. (185 threads)
[2023-10-30T22:41:44.633+0000][83.284s][info ][safepoint     ] Application time: 1.0010004 seconds
[2023-10-30T22:41:44.634+0000][83.285s][info ][safepoint     ] Entering safepoint region: Cleanup
[2023-10-30T22:41:44.635+0000][83.286s][info ][safepoint     ] Leaving safepoint region
[2023-10-30T22:41:44.635+0000][83.286s][info ][safepoint     ] Total time for which application threads were stopped: 0.0013541 seconds, Stopping threads took: 0.0006578 seconds
[2023-10-30T22:41:47.637+0000][86.288s][debug][safepoint     ] Safepoint synchronization initiated. (185 threads)
[2023-10-30T22:41:47.638+0000][86.288s][info ][safepoint     ] Application time: 3.0014685 seconds
[2023-10-30T22:41:47.638+0000][86.289s][info ][safepoint     ] Entering safepoint region: Cleanup
[2023-10-30T22:41:47.639+0000][86.290s][info ][safepoint     ] Leaving safepoint region
[2023-10-30T22:41:47.640+0000][86.290s][info ][safepoint     ] Total time for which application threads were stopped: 0.0013420 seconds, Stopping threads took: 0.0006649 seconds
[2023-10-30T22:41:48.640+0000][87.291s][debug][safepoint     ] Safepoint synchronization initiated. (185 threads)
[2023-10-30T22:41:48.641+0000][87.292s][info ][safepoint     ] Application time: 1.0008504 seconds
[2023-10-30T22:41:48.641+0000][87.292s][info ][safepoint     ] Entering safepoint region: Cleanup
[2023-10-30T22:41:48.642+0000][87.293s][info ][safepoint     ] Leaving safepoint region
[2023-10-30T22:41:48.643+0000][87.293s][info ][safepoint     ] Total time for which application threads were stopped: 0.0012908 seconds, Stopping threads took: 0.0005531 seconds
[2023-10-30T22:41:49.643+0000][88.294s][debug][safepoint     ] Safepoint synchronization initiated. (185 threads)
[2023-10-30T22:41:49.644+0000][88.295s][info ][safepoint     ] Application time: 1.0008337 seconds
[2023-10-30T22:41:49.644+0000][88.295s][info ][safepoint     ] Entering safepoint region: Cleanup
[2023-10-30T22:41:49.645+0000][88.296s][info ][safepoint     ] Leaving safepoint region
[2023-10-30T22:41:49.646+0000][88.296s][info ][safepoint     ] Total time for which application threads were stopped: 0.0011913 seconds, Stopping threads took: 0.0006072 seconds
[2023-10-30T22:41:50.646+0000][89.297s][debug][safepoint     ] Safepoint synchronization initiated. (185 threads)
[2023-10-30T22:41:50.647+0000][89.297s][info ][safepoint     ] Application time: 1.0006688 seconds
[2023-10-30T22:41:50.647+0000][89.298s][info ][safepoint     ] Entering safepoint region: Cleanup
[2023-10-30T22:41:50.648+0000][89.298s][info ][safepoint     ] Leaving safepoint region
[2023-10-30T22:41:50.648+0000][89.299s][info ][safepoint     ] Total time for which application threads were stopped: 0.0010481 seconds, Stopping threads took: 0.0004184 seconds
[2023-10-30T22:41:51.648+0000][90.299s][debug][safepoint     ] Safepoint synchronization initiated. (186 threads)
[2023-10-30T22:41:51.650+0000][90.300s][info ][safepoint     ] Application time: 1.0011776 seconds
[2023-10-30T22:41:51.651+0000][90.301s][info ][safepoint     ] Entering safepoint region: Cleanup
[2023-10-30T22:41:51.651+0000][90.302s][info ][safepoint     ] Leaving safepoint region
[2023-10-30T22:41:51.652+0000][90.303s][info ][safepoint     ] Total time for which application threads were stopped: 0.0014629 seconds, Stopping threads took: 0.0005088 seconds
[2023-10-30T22:41:52.653+0000][91.304s][debug][safepoint     ] Safepoint synchronization initiated. (186 threads)
[2023-10-30T22:41:52.654+0000][91.304s][info ][safepoint     ] Application time: 1.0008214 seconds
[2023-10-30T22:41:52.654+0000][91.305s][info ][safepoint     ] Entering safepoint region: Cleanup
[2023-10-30T22:41:52.655+0000][91.305s][info ][safepoint     ] Leaving safepoint region
[2023-10-30T22:41:52.655+0000][91.306s][info ][safepoint     ] Total time for which application threads were stopped: 0.0009617 seconds, Stopping threads took: 0.0003629 seconds
[2023-10-30T22:41:52.655+0000][91.305s][debug][safepoint     ] ... found polling page return exception at pc = 0x00007f93492e2b44, stub =0x00007f9340840600
[2023-10-30T22:41:53.656+0000][92.306s][debug][safepoint     ] Safepoint synchronization initiated. (185 threads)
[2023-10-30T22:41:53.656+0000][92.307s][info ][safepoint     ] Application time: 1.0006798 seconds
[2023-10-30T22:41:53.657+0000][92.307s][info ][safepoint     ] Entering safepoint region: Cleanup
[2023-10-30T22:41:53.657+0000][92.308s][info ][safepoint     ] Leaving safepoint region
[2023-10-30T22:41:53.658+0000][92.308s][info ][safepoint     ] Total time for which application threads were stopped: 0.0011555 seconds, Stopping threads took: 0.0004826 seconds
[2023-10-30T22:41:53.657+0000][92.308s][debug][safepoint     ] ... found polling page return exception at pc = 0x00007f93492e2b44, stub =0x00007f9340840600
[2023-10-30T22:41:53.657+0000][92.308s][debug][safepoint     ] ... found polling page return exception at pc = 0x00007f93492e2b44, stub =0x00007f9340840600
[2023-10-30T22:41:53.657+0000][92.308s][debug][safepoint     ] ... found polling page return exception at pc = 0x00007f93492e2b44, stub =0x00007f9340840600
[2023-10-30T22:41:57.659+0000][96.309s][debug][safepoint     ] Safepoint synchronization initiated. (185 threads)
[2023-10-30T22:41:57.660+0000][96.311s][info ][safepoint     ] Application time: 4.0017842 seconds
[2023-10-30T22:41:57.660+0000][96.311s][info ][safepoint     ] Entering safepoint region: Cleanup
[2023-10-30T22:41:57.661+0000][96.312s][info ][safepoint     ] Leaving safepoint region
[2023-10-30T22:41:57.662+0000][96.313s][info ][safepoint     ] Total time for which application threads were stopped: 0.0013545 seconds, Stopping threads took: 0.0004789 seconds
[2023-10-30T22:42:02.663+0000][101.314s][debug][safepoint     ] Safepoint synchronization initiated. (185 threads)
[2023-10-30T22:42:02.664+0000][101.314s][info ][safepoint     ] Application time: 5.0015818 seconds
[2023-10-30T22:42:02.664+0000][101.315s][info ][safepoint     ] Entering safepoint region: Cleanup
[2023-10-30T22:42:02.665+0000][101.316s][info ][safepoint     ] Leaving safepoint region
[2023-10-30T22:42:02.666+0000][101.316s][info ][safepoint     ] Total time for which application threads were stopped: 0.0012497 seconds, Stopping threads took: 0.0005047 seconds
[2023-10-30T22:42:03.666+0000][102.317s][debug][safepoint     ] Safepoint synchronization initiated. (185 threads)
[2023-10-30T22:42:03.667+0000][102.318s][info ][safepoint     ] Application time: 1.0010484 seconds
[2023-10-30T22:42:03.668+0000][102.319s][info ][safepoint     ] Entering safepoint region: Cleanup
[2023-10-30T22:42:03.669+0000][102.320s][info ][safepoint     ] Leaving safepoint region
[2023-10-30T22:42:03.669+0000][102.320s][info ][safepoint     ] Total time for which application threads were stopped: 0.0015642 seconds, Stopping threads took: 0.0009541 seconds
[2023-10-30T22:42:04.670+0000][103.321s][debug][safepoint     ] Safepoint synchronization initiated. (185 threads)
[2023-10-30T22:42:04.671+0000][103.321s][info ][safepoint     ] Application time: 1.0008859 seconds
[2023-10-30T22:42:04.672+0000][103.322s][info ][safepoint     ] Entering safepoint region: Cleanup
[2023-10-30T22:42:04.672+0000][103.323s][info ][safepoint     ] Leaving safepoint region
[2023-10-30T22:42:04.673+0000][103.324s][info ][safepoint     ] Total time for which application threads were stopped: 0.0015078 seconds, Stopping threads took: 0.0007073 seconds
[2023-10-30T22:42:05.674+0000][104.325s][debug][safepoint     ] Safepoint synchronization initiated. (185 threads)
[2023-10-30T22:42:05.675+0000][104.326s][info ][safepoint     ] Application time: 1.0014042 seconds
[2023-10-30T22:42:05.676+0000][104.327s][info ][safepoint     ] Entering safepoint region: Cleanup
[2023-10-30T22:42:05.677+0000][104.328s][info ][safepoint     ] Leaving safepoint region
[2023-10-30T22:42:05.678+0000][104.329s][info ][safepoint     ] Total time for which application threads were stopped: 0.0019589 seconds, Stopping threads took: 0.0008925 seconds
[2023-10-30T22:42:06.679+0000][105.329s][debug][safepoint     ] Safepoint synchronization initiated. (185 threads)
[2023-10-30T22:42:06.679+0000][105.330s][info ][safepoint     ] Application time: 1.0005870 seconds
[2023-10-30T22:42:06.680+0000][105.330s][info ][safepoint     ] Entering safepoint region: Cleanup
[2023-10-30T22:42:06.680+0000][105.331s][info ][safepoint     ] Leaving safepoint region
[2023-10-30T22:42:06.681+0000][105.331s][info ][safepoint     ] Total time for which application threads were stopped: 0.0010665 seconds, Stopping threads took: 0.0004492 seconds
[2023-10-30T22:42:07.681+0000][106.332s][debug][safepoint     ] Safepoint synchronization initiated. (185 threads)
[2023-10-30T22:42:07.682+0000][106.332s][info ][safepoint     ] Application time: 1.0005797 seconds
[2023-10-30T22:42:07.682+0000][106.333s][info ][safepoint     ] Entering safepoint region: Cleanup
[2023-10-30T22:42:07.683+0000][106.333s][info ][safepoint     ] Leaving safepoint region
[2023-10-30T22:42:07.683+0000][106.334s][info ][safepoint     ] Total time for which application threads were stopped: 0.0011732 seconds, Stopping threads took: 0.0004598 seconds
[2023-10-30T22:42:08.684+0000][107.335s][debug][safepoint     ] Safepoint synchronization initiated. (185 threads)
[2023-10-30T22:42:08.685+0000][107.336s][info ][safepoint     ] Application time: 1.0009594 seconds
[2023-10-30T22:42:08.686+0000][107.337s][info ][safepoint     ] Entering safepoint region: Cleanup
[2023-10-30T22:42:08.687+0000][107.338s][info ][safepoint     ] Leaving safepoint region
[2023-10-30T22:42:08.688+0000][107.339s][info ][safepoint     ] Total time for which application threads were stopped: 0.0022738 seconds, Stopping threads took: 0.0014498 seconds
[2023-10-30T22:42:09.689+0000][108.339s][debug][safepoint     ] Safepoint synchronization initiated. (185 threads)
[2023-10-30T22:42:09.690+0000][108.340s][info ][safepoint     ] Application time: 1.0013609 seconds
[2023-10-30T22:42:09.690+0000][108.341s][info ][safepoint     ] Entering safepoint region: Cleanup
[2023-10-30T22:42:09.691+0000][108.342s][info ][safepoint     ] Leaving safepoint region
[2023-10-30T22:42:09.691+0000][108.342s][info ][safepoint     ] Total time for which application threads were stopped: 0.0011742 seconds, Stopping threads took: 0.0005959 seconds
[2023-10-30T22:42:10.692+0000][109.343s][debug][safepoint     ] Safepoint synchronization initiated. (185 threads)
[2023-10-30T22:42:10.693+0000][109.343s][info ][safepoint     ] Application time: 1.0008502 seconds
[2023-10-30T22:42:10.693+0000][109.344s][info ][safepoint     ] Entering safepoint region: Cleanup
[2023-10-30T22:42:10.694+0000][109.345s][info ][safepoint     ] Leaving safepoint region
[2023-10-30T22:42:10.694+0000][109.345s][info ][safepoint     ] Total time for which application threads were stopped: 0.0012139 seconds, Stopping threads took: 0.0005988 seconds
[2023-10-30T22:42:11.695+0000][110.346s][debug][safepoint     ] Safepoint synchronization initiated. (185 threads)
[2023-10-30T22:42:11.696+0000][110.346s][info ][safepoint     ] Application time: 1.0009205 seconds
[2023-10-30T22:42:11.696+0000][110.347s][info ][safepoint     ] Entering safepoint region: Cleanup
[2023-10-30T22:42:11.697+0000][110.348s][info ][safepoint     ] Leaving safepoint region
[2023-10-30T22:42:11.697+0000][110.348s][info ][safepoint     ] Total time for which application threads were stopped: 0.0013283 seconds, Stopping threads took: 0.0005658 seconds
[2023-10-30T22:42:12.698+0000][111.349s][debug][safepoint     ] Safepoint synchronization initiated. (185 threads)
[2023-10-30T22:42:12.699+0000][111.350s][info ][safepoint     ] Application time: 1.0013799 seconds
[2023-10-30T22:42:12.700+0000][111.351s][info ][safepoint     ] Entering safepoint region: Cleanup
[2023-10-30T22:42:12.701+0000][111.352s][info ][safepoint     ] Leaving safepoint region
[2023-10-30T22:42:12.702+0000][111.353s][info ][safepoint     ] Total time for which application threads were stopped: 0.0019508 seconds, Stopping threads took: 0.0008502 seconds
[2023-10-30T22:42:13.703+0000][112.354s][debug][safepoint     ] Safepoint synchronization initiated. (185 threads)
[2023-10-30T22:42:13.704+0000][112.355s][info ][safepoint     ] Application time: 1.0007864 seconds
[2023-10-30T22:42:13.704+0000][112.355s][info ][safepoint     ] Entering safepoint region: Cleanup
[2023-10-30T22:42:13.705+0000][112.356s][info ][safepoint     ] Leaving safepoint region
[2023-10-30T22:42:13.706+0000][112.356s][info ][safepoint     ] Total time for which application threads were stopped: 0.0013064 seconds, Stopping threads took: 0.0005622 seconds
[2023-10-30T22:42:14.707+0000][113.357s][debug][safepoint     ] Safepoint synchronization initiated. (185 threads)
[2023-10-30T22:42:14.707+0000][113.358s][info ][safepoint     ] Application time: 1.0011607 seconds
[2023-10-30T22:42:14.708+0000][113.359s][info ][safepoint     ] Entering safepoint region: Cleanup
[2023-10-30T22:42:14.709+0000][113.360s][info ][safepoint     ] Leaving safepoint region
[2023-10-30T22:42:14.709+0000][113.360s][info ][safepoint     ] Total time for which application threads were stopped: 0.0013735 seconds, Stopping threads took: 0.0006531 seconds
[2023-10-30T22:42:15.710+0000][114.361s][debug][safepoint     ] Safepoint synchronization initiated. (185 threads)
[2023-10-30T22:42:15.711+0000][114.362s][info ][safepoint     ] Application time: 1.0012515 seconds
[2023-10-30T22:42:15.712+0000][114.363s][info ][safepoint     ] Entering safepoint region: Cleanup
[2023-10-30T22:42:15.713+0000][114.364s][info ][safepoint     ] Leaving safepoint region
[2023-10-30T22:42:15.714+0000][114.365s][info ][safepoint     ] Total time for which application threads were stopped: 0.0017435 seconds, Stopping threads took: 0.0008397 seconds
[2023-10-30T22:42:16.715+0000][115.365s][debug][safepoint     ] Safepoint synchronization initiated. (185 threads)
[2023-10-30T22:42:16.715+0000][115.366s][info ][safepoint     ] Application time: 1.0009387 seconds
[2023-10-30T22:42:16.716+0000][115.367s][info ][safepoint     ] Entering safepoint region: Cleanup
[2023-10-30T22:42:16.717+0000][115.367s][info ][safepoint     ] Leaving safepoint region
[2023-10-30T22:42:16.717+0000][115.368s][info ][safepoint     ] Total time for which application threads were stopped: 0.0012962 seconds, Stopping threads took: 0.0005872 seconds
[2023-10-30T22:42:17.718+0000][116.369s][debug][safepoint     ] Safepoint synchronization initiated. (185 threads)
[2023-10-30T22:42:17.718+0000][116.369s][info ][safepoint     ] Application time: 1.0005893 seconds
[2023-10-30T22:42:17.719+0000][116.370s][info ][safepoint     ] Entering safepoint region: Cleanup
[2023-10-30T22:42:17.720+0000][116.370s][info ][safepoint     ] Leaving safepoint region
[2023-10-30T22:42:17.720+0000][116.371s][info ][safepoint     ] Total time for which application threads were stopped: 0.0011302 seconds, Stopping threads took: 0.0005829 seconds
[2023-10-30T22:42:18.721+0000][117.372s][debug][safepoint     ] Safepoint synchronization initiated. (185 threads)
[2023-10-30T22:42:18.722+0000][117.372s][info ][safepoint     ] Application time: 1.0012720 seconds
[2023-10-30T22:42:18.723+0000][117.373s][info ][safepoint     ] Entering safepoint region: Cleanup
[2023-10-30T22:42:18.723+0000][117.374s][info ][safepoint     ] Leaving safepoint region
[2023-10-30T22:42:18.724+0000][117.374s][info ][safepoint     ] Total time for which application threads were stopped: 0.0013723 seconds, Stopping threads took: 0.0007525 seconds
[2023-10-30T22:42:19.725+0000][118.375s][debug][safepoint     ] Safepoint synchronization initiated. (185 threads)
[2023-10-30T22:42:19.725+0000][118.376s][info ][safepoint     ] Application time: 1.0008911 seconds
[2023-10-30T22:42:19.726+0000][118.376s][info ][safepoint     ] Entering safepoint region: Cleanup
[2023-10-30T22:42:19.726+0000][118.377s][info ][safepoint     ] Leaving safepoint region
[2023-10-30T22:42:19.727+0000][118.378s][info ][safepoint     ] Total time for which application threads were stopped: 0.0011925 seconds, Stopping threads took: 0.0005157 seconds
[2023-10-30T22:42:20.727+0000][119.378s][debug][safepoint     ] Safepoint synchronization initiated. (185 threads)
[2023-10-30T22:42:20.728+0000][119.379s][info ][safepoint     ] Application time: 1.0006191 seconds
[2023-10-30T22:42:20.728+0000][119.379s][info ][safepoint     ] Entering safepoint region: Cleanup
[2023-10-30T22:42:20.729+0000][119.379s][info ][safepoint     ] Leaving safepoint region
[2023-10-30T22:42:20.729+0000][119.380s][info ][safepoint     ] Total time for which application threads were stopped: 0.0008262 seconds, Stopping threads took: 0.0003332 seconds
[2023-10-30T22:42:21.730+0000][120.380s][debug][safepoint     ] Safepoint synchronization initiated. (185 threads)
[2023-10-30T22:42:21.730+0000][120.381s][info ][safepoint     ] Application time: 1.0005673 seconds
[2023-10-30T22:42:21.730+0000][120.381s][info ][safepoint     ] Entering safepoint region: Cleanup
[2023-10-30T22:42:21.731+0000][120.382s][info ][safepoint     ] Leaving safepoint region
[2023-10-30T22:42:21.731+0000][120.382s][info ][safepoint     ] Total time for which application threads were stopped: 0.0008936 seconds, Stopping threads took: 0.0004003 seconds
[2023-10-30T22:42:22.732+0000][121.383s][debug][safepoint     ] Safepoint synchronization initiated. (185 threads)
[2023-10-30T22:42:22.732+0000][121.383s][info ][safepoint     ] Application time: 1.0010318 seconds
[2023-10-30T22:42:22.733+0000][121.384s][info ][safepoint     ] Entering safepoint region: Cleanup
[2023-10-30T22:42:22.734+0000][121.385s][info ][safepoint     ] Leaving safepoint region
[2023-10-30T22:42:22.735+0000][121.386s][info ][safepoint     ] Total time for which application threads were stopped: 0.0018014 seconds, Stopping threads took: 0.0008487 seconds
[2023-10-30T22:42:23.736+0000][122.387s][debug][safepoint     ] Safepoint synchronization initiated. (185 threads)
[2023-10-30T22:42:23.737+0000][122.388s][info ][safepoint     ] Application time: 1.0012559 seconds
[2023-10-30T22:42:23.738+0000][122.389s][info ][safepoint     ] Entering safepoint region: Cleanup
[2023-10-30T22:42:23.739+0000][122.390s][info ][safepoint     ] Leaving safepoint region
[2023-10-30T22:42:23.740+0000][122.391s][info ][safepoint     ] Total time for which application threads were stopped: 0.0021447 seconds, Stopping threads took: 0.0008854 seconds
[2023-10-30T22:42:24.741+0000][123.392s][debug][safepoint     ] Safepoint synchronization initiated. (185 threads)
[2023-10-30T22:42:24.742+0000][123.393s][info ][safepoint     ] Application time: 1.0009165 seconds
[2023-10-30T22:42:24.742+0000][123.393s][info ][safepoint     ] Entering safepoint region: Cleanup
[2023-10-30T22:42:24.743+0000][123.394s][info ][safepoint     ] Leaving safepoint region
[2023-10-30T22:42:24.744+0000][123.394s][info ][safepoint     ] Total time for which application threads were stopped: 0.0014127 seconds, Stopping threads took: 0.0006365 seconds
[2023-10-30T22:42:25.694+0000][124.345s][debug][safepoint     ] Safepoint synchronization initiated. (185 threads)
[2023-10-30T22:42:25.694+0000][124.345s][info ][safepoint     ] Application time: 0.9500704 seconds
[2023-10-30T22:42:25.695+0000][124.345s][info ][safepoint     ] Entering safepoint region: G1CollectForAllocation
[2023-10-30T22:42:25.695+0000][124.346s][info ][gc,start      ] GC(61) Pause Young (Normal) (G1 Evacuation Pause)
[2023-10-30T22:42:25.695+0000][124.346s][info ][gc,task       ] GC(61) Using 8 workers of 8 for evacuation
[2023-10-30T22:42:25.710+0000][124.360s][info ][gc,phases     ] GC(61)   Pre Evacuate Collection Set: 0.0ms
[2023-10-30T22:42:25.710+0000][124.361s][info ][gc,phases     ] GC(61)   Evacuate Collection Set: 10.2ms
[2023-10-30T22:42:25.711+0000][124.361s][info ][gc,phases     ] GC(61)   Post Evacuate Collection Set: 3.3ms
[2023-10-30T22:42:25.711+0000][124.362s][info ][gc,phases     ] GC(61)   Other: 0.8ms
[2023-10-30T22:42:25.711+0000][124.362s][info ][gc,heap       ] GC(61) Eden regions: 189->0(183)
[2023-10-30T22:42:25.712+0000][124.363s][info ][gc,heap       ] GC(61) Survivor regions: 19->17(26)
[2023-10-30T22:42:25.712+0000][124.363s][info ][gc,heap       ] GC(61) Old regions: 137->142
[2023-10-30T22:42:25.713+0000][124.363s][info ][gc,heap       ] GC(61) Humongous regions: 10->10
[2023-10-30T22:42:25.713+0000][124.364s][info ][gc,metaspace  ] GC(61) Metaspace: 167303K(172836K)->167303K(172836K) NonClass: 147769K(151204K)->147769K(151204K) Class: 19534K(21632K)->19534K(21632K)
[2023-10-30T22:42:25.714+0000][124.364s][info ][gc            ] GC(61) Pause Young (Normal) (G1 Evacuation Pause) 352M->167M(411M) 18.499ms
[2023-10-30T22:42:25.714+0000][124.365s][info ][gc,cpu        ] GC(61) User=0.09s Sys=0.01s Real=0.02s
[2023-10-30T22:42:25.715+0000][124.365s][info ][safepoint     ] Leaving safepoint region
[2023-10-30T22:42:25.715+0000][124.366s][info ][safepoint     ] Total time for which application threads were stopped: 0.0201766 seconds, Stopping threads took: 0.0003070 seconds
[2023-10-30T22:42:25.715+0000][124.366s][info ][gc,stringdedup] Concurrent String Deduplication (124.366s)
[2023-10-30T22:42:25.717+0000][124.367s][info ][gc,stringdedup] Concurrent String Deduplication 150.6K->56720.0B(97520.0B) avg 54.5% (124.366s, 124.367s) 1.294ms
[2023-10-30T22:42:26.715+0000][125.366s][debug][safepoint     ] Safepoint synchronization initiated. (185 threads)
[2023-10-30T22:42:26.716+0000][125.367s][info ][safepoint     ] Application time: 1.0005315 seconds
[2023-10-30T22:42:26.716+0000][125.367s][info ][safepoint     ] Entering safepoint region: Cleanup
[2023-10-30T22:42:26.717+0000][125.368s][info ][safepoint     ] Leaving safepoint region
[2023-10-30T22:42:26.717+0000][125.368s][info ][safepoint     ] Total time for which application threads were stopped: 0.0009627 seconds, Stopping threads took: 0.0004477 seconds
[2023-10-30T22:42:27.718+0000][126.368s][debug][safepoint     ] Safepoint synchronization initiated. (185 threads)
[2023-10-30T22:42:27.718+0000][126.369s][info ][safepoint     ] Application time: 1.0008687 seconds
[2023-10-30T22:42:27.719+0000][126.370s][info ][safepoint     ] Entering safepoint region: Cleanup
[2023-10-30T22:42:27.720+0000][126.370s][info ][safepoint     ] Leaving safepoint region
[2023-10-30T22:42:27.720+0000][126.371s][info ][safepoint     ] Total time for which application threads were stopped: 0.0011297 seconds, Stopping threads took: 0.0005449 seconds
[2023-10-30T22:42:28.721+0000][127.372s][debug][safepoint     ] Safepoint synchronization initiated. (185 threads)
[2023-10-30T22:42:28.722+0000][127.373s][info ][safepoint     ] Application time: 1.0018359 seconds
[2023-10-30T22:42:28.723+0000][127.373s][info ][safepoint     ] Entering safepoint region: Cleanup
[2023-10-30T22:42:28.724+0000][127.375s][info ][safepoint     ] Leaving safepoint region
[2023-10-30T22:42:28.724+0000][127.375s][info ][safepoint     ] Total time for which application threads were stopped: 0.0016862 seconds, Stopping threads took: 0.0006200 seconds
[2023-10-30T22:42:29.725+0000][128.376s][debug][safepoint     ] Safepoint synchronization initiated. (185 threads)
[2023-10-30T22:42:29.726+0000][128.377s][info ][safepoint     ] Application time: 1.0012891 seconds
[2023-10-30T22:42:29.727+0000][128.378s][info ][safepoint     ] Entering safepoint region: Cleanup
[2023-10-30T22:42:29.728+0000][128.379s][info ][safepoint     ] Leaving safepoint region
[2023-10-30T22:42:29.729+0000][128.379s][info ][safepoint     ] Total time for which application threads were stopped: 0.0020268 seconds, Stopping threads took: 0.0009607 seconds
[2023-10-30T22:42:30.730+0000][129.381s][debug][safepoint     ] Safepoint synchronization initiated. (185 threads)
[2023-10-30T22:42:30.731+0000][129.382s][info ][safepoint     ] Application time: 1.0015262 seconds
[2023-10-30T22:42:30.732+0000][129.383s][info ][safepoint     ] Entering safepoint region: Cleanup
[2023-10-30T22:42:30.733+0000][129.384s][info ][safepoint     ] Leaving safepoint region
[2023-10-30T22:42:30.734+0000][129.385s][info ][safepoint     ] Total time for which application threads were stopped: 0.0017621 seconds, Stopping threads took: 0.0008254 seconds
[2023-10-30T22:42:31.735+0000][130.386s][debug][safepoint     ] Safepoint synchronization initiated. (185 threads)
[2023-10-30T22:42:31.736+0000][130.387s][info ][safepoint     ] Application time: 1.0011364 seconds
[2023-10-30T22:42:31.737+0000][130.387s][info ][safepoint     ] Entering safepoint region: Cleanup
[2023-10-30T22:42:31.737+0000][130.388s][info ][safepoint     ] Leaving safepoint region
[2023-10-30T22:42:31.738+0000][130.389s][info ][safepoint     ] Total time for which application threads were stopped: 0.0014997 seconds, Stopping threads took: 0.0006222 seconds
[2023-10-30T22:42:32.739+0000][131.389s][debug][safepoint     ] Safepoint synchronization initiated. (185 threads)
[2023-10-30T22:42:32.739+0000][131.390s][info ][safepoint     ] Application time: 1.0005322 seconds
[2023-10-30T22:42:32.739+0000][131.390s][info ][safepoint     ] Entering safepoint region: Cleanup
[2023-10-30T22:42:32.740+0000][131.391s][info ][safepoint     ] Leaving safepoint region
[2023-10-30T22:42:32.740+0000][131.391s][info ][safepoint     ] Total time for which application threads were stopped: 0.0008768 seconds, Stopping threads took: 0.0003606 seconds
[2023-10-30T22:42:33.741+0000][132.391s][debug][safepoint     ] Safepoint synchronization initiated. (184 threads)
[2023-10-30T22:42:33.741+0000][132.392s][info ][safepoint     ] Application time: 1.0005471 seconds
[2023-10-30T22:42:33.741+0000][132.392s][info ][safepoint     ] Entering safepoint region: Cleanup
[2023-10-30T22:42:33.742+0000][132.393s][info ][safepoint     ] Leaving safepoint region
[2023-10-30T22:42:33.742+0000][132.393s][info ][safepoint     ] Total time for which application threads were stopped: 0.0009176 seconds, Stopping threads took: 0.0003662 seconds
[2023-10-30T22:42:34.743+0000][133.394s][debug][safepoint     ] Safepoint synchronization initiated. (184 threads)
[2023-10-30T22:42:34.744+0000][133.395s][info ][safepoint     ] Application time: 1.0013474 seconds
[2023-10-30T22:42:34.745+0000][133.396s][info ][safepoint     ] Entering safepoint region: Cleanup
[2023-10-30T22:42:34.746+0000][133.397s][info ][safepoint     ] Leaving safepoint region
[2023-10-30T22:42:34.747+0000][133.398s][info ][safepoint     ] Total time for which application threads were stopped: 0.0019404 seconds, Stopping threads took: 0.0007950 seconds
[2023-10-30T22:42:35.748+0000][134.399s][debug][safepoint     ] Safepoint synchronization initiated. (184 threads)
[2023-10-30T22:42:35.748+0000][134.399s][info ][safepoint     ] Application time: 1.0009239 seconds
[2023-10-30T22:42:35.749+0000][134.400s][info ][safepoint     ] Entering safepoint region: Cleanup
[2023-10-30T22:42:35.750+0000][134.400s][info ][safepoint     ] Leaving safepoint region
[2023-10-30T22:42:35.750+0000][134.401s][info ][safepoint     ] Total time for which application threads were stopped: 0.0013850 seconds, Stopping threads took: 0.0006804 seconds
[2023-10-30T22:42:36.751+0000][135.402s][debug][safepoint     ] Safepoint synchronization initiated. (184 threads)
[2023-10-30T22:42:36.752+0000][135.403s][info ][safepoint     ] Application time: 1.0014141 seconds
[2023-10-30T22:42:36.753+0000][135.404s][info ][safepoint     ] Entering safepoint region: Cleanup
[2023-10-30T22:42:36.754+0000][135.404s][info ][safepoint     ] Leaving safepoint region
[2023-10-30T22:42:36.754+0000][135.405s][info ][safepoint     ] Total time for which application threads were stopped: 0.0011013 seconds, Stopping threads took: 0.0004718 seconds
[2023-10-30T22:42:37.755+0000][136.406s][debug][safepoint     ] Safepoint synchronization initiated. (184 threads)
[2023-10-30T22:42:37.756+0000][136.407s][info ][safepoint     ] Application time: 1.0012981 seconds
[2023-10-30T22:42:37.756+0000][136.407s][info ][safepoint     ] Entering safepoint region: Cleanup
[2023-10-30T22:42:37.757+0000][136.408s][info ][safepoint     ] Leaving safepoint region
[2023-10-30T22:42:37.757+0000][136.408s][info ][safepoint     ] Total time for which application threads were stopped: 0.0010327 seconds, Stopping threads took: 0.0004979 seconds
[2023-10-30T22:42:38.758+0000][137.408s][debug][safepoint     ] Safepoint synchronization initiated. (184 threads)
[2023-10-30T22:42:38.758+0000][137.409s][info ][safepoint     ] Application time: 1.0009253 seconds
[2023-10-30T22:42:38.759+0000][137.410s][info ][safepoint     ] Entering safepoint region: Cleanup
[2023-10-30T22:42:38.760+0000][137.411s][info ][safepoint     ] Leaving safepoint region
[2023-10-30T22:42:38.760+0000][137.411s][info ][safepoint     ] Total time for which application threads were stopped: 0.0013943 seconds, Stopping threads took: 0.0006437 seconds
[2023-10-30T22:42:39.761+0000][138.412s][debug][safepoint     ] Safepoint synchronization initiated. (184 threads)
[2023-10-30T22:42:39.762+0000][138.413s][info ][safepoint     ] Application time: 1.0008511 seconds
[2023-10-30T22:42:39.762+0000][138.413s][info ][safepoint     ] Entering safepoint region: Cleanup
[2023-10-30T22:42:39.763+0000][138.414s][info ][safepoint     ] Leaving safepoint region
[2023-10-30T22:42:39.764+0000][138.414s][info ][safepoint     ] Total time for which application threads were stopped: 0.0012023 seconds, Stopping threads took: 0.0004739 seconds
[2023-10-30T22:42:40.764+0000][139.415s][debug][safepoint     ] Safepoint synchronization initiated. (184 threads)
[2023-10-30T22:42:40.765+0000][139.416s][info ][safepoint     ] Application time: 1.0009995 seconds
[2023-10-30T22:42:40.765+0000][139.416s][info ][safepoint     ] Entering safepoint region: Cleanup
[2023-10-30T22:42:40.766+0000][139.417s][info ][safepoint     ] Leaving safepoint region
[2023-10-30T22:42:40.766+0000][139.417s][info ][safepoint     ] Total time for which application threads were stopped: 0.0009646 seconds, Stopping threads took: 0.0004340 seconds
[2023-10-30T22:42:41.767+0000][140.418s][debug][safepoint     ] Safepoint synchronization initiated. (184 threads)
[2023-10-30T22:42:41.768+0000][140.418s][info ][safepoint     ] Application time: 1.0010228 seconds
[2023-10-30T22:42:41.768+0000][140.419s][info ][safepoint     ] Entering safepoint region: Cleanup
[2023-10-30T22:42:41.769+0000][140.420s][info ][safepoint     ] Leaving safepoint region
[2023-10-30T22:42:41.769+0000][140.420s][info ][safepoint     ] Total time for which application threads were stopped: 0.0012919 seconds, Stopping threads took: 0.0006341 seconds
[2023-10-30T22:42:42.770+0000][141.421s][debug][safepoint     ] Safepoint synchronization initiated. (184 threads)
[2023-10-30T22:42:42.771+0000][141.421s][info ][safepoint     ] Application time: 1.0006835 seconds
[2023-10-30T22:42:42.771+0000][141.422s][info ][safepoint     ] Entering safepoint region: Cleanup
[2023-10-30T22:42:42.772+0000][141.423s][info ][safepoint     ] Leaving safepoint region
[2023-10-30T22:42:42.772+0000][141.423s][info ][safepoint     ] Total time for which application threads were stopped: 0.0011875 seconds, Stopping threads took: 0.0005108 seconds
[2023-10-30T22:42:43.773+0000][142.424s][debug][safepoint     ] Safepoint synchronization initiated. (184 threads)
[2023-10-30T22:42:43.773+0000][142.424s][info ][safepoint     ] Application time: 1.0008411 seconds
[2023-10-30T22:42:43.774+0000][142.425s][info ][safepoint     ] Entering safepoint region: Cleanup
[2023-10-30T22:42:43.774+0000][142.425s][info ][safepoint     ] Leaving safepoint region
[2023-10-30T22:42:43.775+0000][142.425s][info ][safepoint     ] Total time for which application threads were stopped: 0.0009916 seconds, Stopping threads took: 0.0003250 seconds
[2023-10-30T22:42:44.775+0000][143.426s][debug][safepoint     ] Safepoint synchronization initiated. (184 threads)
[2023-10-30T22:42:44.776+0000][143.427s][info ][safepoint     ] Application time: 1.0008000 seconds
[2023-10-30T22:42:44.777+0000][143.427s][info ][safepoint     ] Entering safepoint region: Cleanup
[2023-10-30T22:42:44.777+0000][143.428s][info ][safepoint     ] Leaving safepoint region
[2023-10-30T22:42:44.778+0000][143.428s][info ][safepoint     ] Total time for which application threads were stopped: 0.0011183 seconds, Stopping threads took: 0.0005105 seconds
[2023-10-30T22:42:45.778+0000][144.429s][debug][safepoint     ] Safepoint synchronization initiated. (184 threads)
[2023-10-30T22:42:45.779+0000][144.430s][info ][safepoint     ] Application time: 1.0012686 seconds
[2023-10-30T22:42:45.781+0000][144.431s][info ][safepoint     ] Entering safepoint region: Cleanup
[2023-10-30T22:42:45.783+0000][144.434s][info ][safepoint     ] Leaving safepoint region
[2023-10-30T22:42:45.784+0000][144.434s][info ][safepoint     ] Total time for which application threads were stopped: 0.0034198 seconds, Stopping threads took: 0.0016267 seconds
[2023-10-30T22:42:46.784+0000][145.435s][debug][safepoint     ] Safepoint synchronization initiated. (184 threads)
[2023-10-30T22:42:46.785+0000][145.436s][info ][safepoint     ] Application time: 1.0008605 seconds
[2023-10-30T22:42:46.786+0000][145.436s][info ][safepoint     ] Entering safepoint region: Cleanup
[2023-10-30T22:42:46.787+0000][145.437s][info ][safepoint     ] Leaving safepoint region
[2023-10-30T22:42:46.788+0000][145.438s][info ][safepoint     ] Total time for which application threads were stopped: 0.0019757 seconds, Stopping threads took: 0.0005310 seconds
[2023-10-30T22:42:47.790+0000][146.440s][debug][safepoint     ] Safepoint synchronization initiated. (184 threads)
[2023-10-30T22:42:47.792+0000][146.443s][info ][safepoint     ] Application time: 1.0027677 seconds
[2023-10-30T22:42:47.792+0000][146.443s][info ][safepoint     ] Entering safepoint region: Cleanup
[2023-10-30T22:42:47.794+0000][146.444s][info ][safepoint     ] Leaving safepoint region
[2023-10-30T22:42:47.794+0000][146.445s][info ][safepoint     ] Total time for which application threads were stopped: 0.0017414 seconds, Stopping threads took: 0.0009490 seconds
[2023-10-30T22:42:48.795+0000][147.445s][debug][safepoint     ] Safepoint synchronization initiated. (184 threads)
[2023-10-30T22:42:48.795+0000][147.446s][info ][safepoint     ] Application time: 1.0006861 seconds
[2023-10-30T22:42:48.796+0000][147.446s][info ][safepoint     ] Entering safepoint region: Cleanup
[2023-10-30T22:42:48.796+0000][147.447s][info ][safepoint     ] Leaving safepoint region
[2023-10-30T22:42:48.796+0000][147.447s][info ][safepoint     ] Total time for which application threads were stopped: 0.0009632 seconds, Stopping threads took: 0.0004794 seconds
[2023-10-30T22:42:49.797+0000][148.448s][debug][safepoint     ] Safepoint synchronization initiated. (184 threads)
[2023-10-30T22:42:49.797+0000][148.448s][info ][safepoint     ] Application time: 1.0005756 seconds
[2023-10-30T22:42:49.798+0000][148.448s][info ][safepoint     ] Entering safepoint region: Cleanup
[2023-10-30T22:42:49.798+0000][148.449s][info ][safepoint     ] Leaving safepoint region
[2023-10-30T22:42:49.799+0000][148.449s][info ][safepoint     ] Total time for which application threads were stopped: 0.0008710 seconds, Stopping threads took: 0.0003097 seconds
[2023-10-30T22:42:49.798+0000][148.449s][debug][safepoint     ] ... found polling page return exception at pc = 0x00007f93492e2b44, stub =0x00007f9340840600
[2023-10-30T22:42:49.798+0000][148.449s][debug][safepoint     ] ... found polling page return exception at pc = 0x00007f93492e2b44, stub =0x00007f9340840600
[2023-10-30T22:42:49.798+0000][148.449s][debug][safepoint     ] ... found polling page return exception at pc = 0x00007f93492e2b44, stub =0x00007f9340840600
[2023-10-30T22:42:49.798+0000][148.449s][debug][safepoint     ] ... found polling page return exception at pc = 0x00007f93492e2b44, stub =0x00007f9340840600
[2023-10-30T22:42:49.798+0000][148.449s][debug][safepoint     ] ... found polling page return exception at pc = 0x00007f93492e2b44, stub =0x00007f9340840600
[2023-10-30T22:42:49.798+0000][148.449s][debug][safepoint     ] ... found polling page return exception at pc = 0x00007f93492e2b44, stub =0x00007f9340840600
[2023-10-30T22:42:50.799+0000][149.450s][debug][safepoint     ] Safepoint synchronization initiated. (184 threads)
[2023-10-30T22:42:50.800+0000][149.451s][info ][safepoint     ] Application time: 1.0011708 seconds
[2023-10-30T22:42:50.801+0000][149.452s][info ][safepoint     ] Entering safepoint region: Cleanup
[2023-10-30T22:42:50.802+0000][149.452s][info ][safepoint     ] Leaving safepoint region
[2023-10-30T22:42:50.802+0000][149.453s][info ][safepoint     ] Total time for which application threads were stopped: 0.0015740 seconds, Stopping threads took: 0.0005929 seconds
[2023-10-30T22:42:51.803+0000][150.454s][debug][safepoint     ] Safepoint synchronization initiated. (183 threads)
[2023-10-30T22:42:51.804+0000][150.454s][info ][safepoint     ] Application time: 1.0006456 seconds
[2023-10-30T22:42:51.804+0000][150.455s][info ][safepoint     ] Entering safepoint region: Cleanup
[2023-10-30T22:42:51.804+0000][150.455s][info ][safepoint     ] Leaving safepoint region
[2023-10-30T22:42:51.805+0000][150.456s][info ][safepoint     ] Total time for which application threads were stopped: 0.0007972 seconds, Stopping threads took: 0.0003069 seconds
[2023-10-30T22:42:52.805+0000][151.456s][debug][safepoint     ] Safepoint synchronization initiated. (183 threads)
[2023-10-30T22:42:52.806+0000][151.457s][info ][safepoint     ] Application time: 1.0006441 seconds
[2023-10-30T22:42:52.806+0000][151.457s][info ][safepoint     ] Entering safepoint region: Cleanup
[2023-10-30T22:42:52.807+0000][151.457s][info ][safepoint     ] Leaving safepoint region
[2023-10-30T22:42:52.807+0000][151.458s][info ][safepoint     ] Total time for which application threads were stopped: 0.0007670 seconds, Stopping threads took: 0.0003345 seconds
[2023-10-30T22:42:53.807+0000][152.458s][debug][safepoint     ] Safepoint synchronization initiated. (183 threads)
[2023-10-30T22:42:53.808+0000][152.458s][info ][safepoint     ] Application time: 1.0006618 seconds
[2023-10-30T22:42:53.808+0000][152.459s][info ][safepoint     ] Entering safepoint region: Cleanup
[2023-10-30T22:42:53.809+0000][152.459s][info ][safepoint     ] Leaving safepoint region
[2023-10-30T22:42:53.809+0000][152.460s][info ][safepoint     ] Total time for which application threads were stopped: 0.0009401 seconds, Stopping threads took: 0.0004114 seconds
[2023-10-30T22:42:54.810+0000][153.460s][debug][safepoint     ] Safepoint synchronization initiated. (183 threads)
[2023-10-30T22:42:54.810+0000][153.461s][info ][safepoint     ] Application time: 1.0007718 seconds
[2023-10-30T22:42:54.811+0000][153.461s][info ][safepoint     ] Entering safepoint region: Cleanup
[2023-10-30T22:42:54.812+0000][153.462s][info ][safepoint     ] Leaving safepoint region
[2023-10-30T22:42:54.812+0000][153.463s][info ][safepoint     ] Total time for which application threads were stopped: 0.0012299 seconds, Stopping threads took: 0.0005122 seconds
[2023-10-30T22:42:55.813+0000][154.463s][debug][safepoint     ] Safepoint synchronization initiated. (183 threads)
[2023-10-30T22:42:55.814+0000][154.465s][info ][safepoint     ] Application time: 1.0016245 seconds
[2023-10-30T22:42:55.815+0000][154.466s][info ][safepoint     ] Entering safepoint region: Cleanup
[2023-10-30T22:42:55.817+0000][154.467s][info ][safepoint     ] Leaving safepoint region
[2023-10-30T22:42:55.818+0000][154.468s][info ][safepoint     ] Total time for which application threads were stopped: 0.0024356 seconds, Stopping threads took: 0.0010130 seconds
[2023-10-30T22:42:56.819+0000][155.469s][debug][safepoint     ] Safepoint synchronization initiated. (183 threads)
[2023-10-30T22:42:56.820+0000][155.470s][info ][safepoint     ] Application time: 1.0012876 seconds
[2023-10-30T22:42:56.821+0000][155.471s][info ][safepoint     ] Entering safepoint region: Cleanup
[2023-10-30T22:42:56.822+0000][155.472s][info ][safepoint     ] Leaving safepoint region
[2023-10-30T22:42:56.823+0000][155.473s][info ][safepoint     ] Total time for which application threads were stopped: 0.0019011 seconds, Stopping threads took: 0.0008251 seconds
[2023-10-30T22:42:57.824+0000][156.474s][debug][safepoint     ] Safepoint synchronization initiated. (183 threads)
[2023-10-30T22:42:57.825+0000][156.475s][info ][safepoint     ] Application time: 1.0011647 seconds
[2023-10-30T22:42:57.825+0000][156.476s][info ][safepoint     ] Entering safepoint region: Cleanup
[2023-10-30T22:42:57.827+0000][156.477s][info ][safepoint     ] Leaving safepoint region
[2023-10-30T22:42:57.827+0000][156.478s][info ][safepoint     ] Total time for which application threads were stopped: 0.0018916 seconds, Stopping threads took: 0.0008461 seconds
[2023-10-30T22:42:58.828+0000][157.479s][debug][safepoint     ] Safepoint synchronization initiated. (183 threads)
[2023-10-30T22:42:58.829+0000][157.480s][info ][safepoint     ] Application time: 1.0015755 seconds
[2023-10-30T22:42:58.831+0000][157.481s][info ][safepoint     ] Entering safepoint region: Cleanup
[2023-10-30T22:42:58.832+0000][157.483s][info ][safepoint     ] Leaving safepoint region
[2023-10-30T22:42:58.833+0000][157.483s][info ][safepoint     ] Total time for which application threads were stopped: 0.0022629 seconds, Stopping threads took: 0.0010166 seconds
[2023-10-30T22:42:59.834+0000][158.484s][debug][safepoint     ] Safepoint synchronization initiated. (183 threads)
[2023-10-30T22:42:59.834+0000][158.485s][info ][safepoint     ] Application time: 1.0008019 seconds
[2023-10-30T22:42:59.835+0000][158.485s][info ][safepoint     ] Entering safepoint region: Cleanup
[2023-10-30T22:42:59.836+0000][158.486s][info ][safepoint     ] Leaving safepoint region
[2023-10-30T22:42:59.836+0000][158.487s][info ][safepoint     ] Total time for which application threads were stopped: 0.0012318 seconds, Stopping threads took: 0.0006561 seconds
[2023-10-30T22:43:00.837+0000][159.487s][debug][safepoint     ] Safepoint synchronization initiated. (183 threads)
[2023-10-30T22:43:00.838+0000][159.488s][info ][safepoint     ] Application time: 1.0015501 seconds
[2023-10-30T22:43:00.838+0000][159.489s][info ][safepoint     ] Entering safepoint region: Cleanup
[2023-10-30T22:43:00.839+0000][159.489s][info ][safepoint     ] Leaving safepoint region
[2023-10-30T22:43:00.839+0000][159.490s][info ][safepoint     ] Total time for which application threads were stopped: 0.0008581 seconds, Stopping threads took: 0.0003557 seconds
[2023-10-30T22:43:01.839+0000][160.490s][debug][safepoint     ] Safepoint synchronization initiated. (183 threads)
[2023-10-30T22:43:01.840+0000][160.490s][info ][safepoint     ] Application time: 1.0005549 seconds
[2023-10-30T22:43:01.840+0000][160.491s][info ][safepoint     ] Entering safepoint region: Cleanup
[2023-10-30T22:43:01.841+0000][160.491s][info ][safepoint     ] Leaving safepoint region
[2023-10-30T22:43:01.841+0000][160.492s][info ][safepoint     ] Total time for which application threads were stopped: 0.0007373 seconds, Stopping threads took: 0.0003062 seconds
[2023-10-30T22:43:02.841+0000][161.492s][debug][safepoint     ] Safepoint synchronization initiated. (182 threads)
[2023-10-30T22:43:02.842+0000][161.493s][info ][safepoint     ] Application time: 1.0007687 seconds
[2023-10-30T22:43:02.842+0000][161.493s][info ][safepoint     ] Entering safepoint region: Cleanup
[2023-10-30T22:43:02.843+0000][161.494s][info ][safepoint     ] Leaving safepoint region
[2023-10-30T22:43:02.844+0000][161.495s][info ][safepoint     ] Total time for which application threads were stopped: 0.0014701 seconds, Stopping threads took: 0.0005973 seconds
[2023-10-30T22:43:03.845+0000][162.496s][debug][safepoint     ] Safepoint synchronization initiated. (181 threads)
[2023-10-30T22:43:03.846+0000][162.496s][info ][safepoint     ] Application time: 1.0013537 seconds
[2023-10-30T22:43:03.846+0000][162.497s][info ][safepoint     ] Entering safepoint region: Cleanup
[2023-10-30T22:43:03.847+0000][162.497s][info ][safepoint     ] Leaving safepoint region
[2023-10-30T22:43:03.847+0000][162.498s][info ][safepoint     ] Total time for which application threads were stopped: 0.0010667 seconds, Stopping threads took: 0.0004179 seconds
[2023-10-30T22:43:05.848+0000][164.499s][debug][safepoint     ] Safepoint synchronization initiated. (181 threads)
[2023-10-30T22:43:05.848+0000][164.499s][info ][safepoint     ] Application time: 2.0008888 seconds
[2023-10-30T22:43:05.849+0000][164.500s][info ][safepoint     ] Entering safepoint region: Cleanup
[2023-10-30T22:43:05.850+0000][164.501s][info ][safepoint     ] Leaving safepoint region
[2023-10-30T22:43:05.851+0000][164.501s][info ][safepoint     ] Total time for which application threads were stopped: 0.0018403 seconds, Stopping threads took: 0.0005145 seconds
[2023-10-30T22:43:10.852+0000][169.503s][debug][safepoint     ] Safepoint synchronization initiated. (181 threads)
[2023-10-30T22:43:10.853+0000][169.503s][info ][safepoint     ] Application time: 5.0016303 seconds
[2023-10-30T22:43:10.853+0000][169.504s][info ][safepoint     ] Entering safepoint region: Cleanup
[2023-10-30T22:43:10.854+0000][169.505s][info ][safepoint     ] Leaving safepoint region
[2023-10-30T22:43:10.855+0000][169.505s][info ][safepoint     ] Total time for which application threads were stopped: 0.0013804 seconds, Stopping threads took: 0.0006466 seconds
[2023-10-30T22:43:32.860+0000][191.511s][debug][safepoint     ] Safepoint synchronization initiated. (181 threads)
[2023-10-30T22:43:32.861+0000][191.511s][info ][safepoint     ] Application time: 22.0055373 seconds
[2023-10-30T22:43:32.861+0000][191.512s][info ][safepoint     ] Entering safepoint region: Cleanup
[2023-10-30T22:43:32.862+0000][191.513s][info ][safepoint     ] Leaving safepoint region
[2023-10-30T22:43:32.863+0000][191.513s][info ][safepoint     ] Total time for which application threads were stopped: 0.0013717 seconds, Stopping threads took: 0.0006964 seconds
[2023-10-30T22:43:33.863+0000][192.514s][debug][safepoint     ] Safepoint synchronization initiated. (181 threads)
[2023-10-30T22:43:33.864+0000][192.514s][info ][safepoint     ] Application time: 1.0006650 seconds
[2023-10-30T22:43:33.864+0000][192.515s][debug][safepoint     ] ... found polling page return exception at pc = 0x00007f9348b00774, stub =0x00007f9340840600
[2023-10-30T22:43:33.864+0000][192.515s][debug][safepoint     ] ... found polling page return exception at pc = 0x00007f934835901d, stub =0x00007f9340840600
[2023-10-30T22:43:33.865+0000][192.516s][debug][safepoint     ] Waiting for 2 thread(s) to block
[2023-10-30T22:43:33.866+0000][192.516s][info ][safepoint     ] Entering safepoint region: Cleanup
[2023-10-30T22:43:33.866+0000][192.517s][info ][safepoint     ] Leaving safepoint region
[2023-10-30T22:43:33.867+0000][192.517s][info ][safepoint     ] Total time for which application threads were stopped: 0.0024335 seconds, Stopping threads took: 0.0018555 seconds
[2023-10-30T22:43:34.867+0000][193.518s][debug][safepoint     ] Safepoint synchronization initiated. (181 threads)
[2023-10-30T22:43:34.868+0000][193.519s][info ][safepoint     ] Application time: 1.0009053 seconds
[2023-10-30T22:43:34.869+0000][193.519s][info ][safepoint     ] Entering safepoint region: Cleanup
[2023-10-30T22:43:34.869+0000][193.520s][info ][safepoint     ] Leaving safepoint region
[2023-10-30T22:43:34.870+0000][193.521s][info ][safepoint     ] Total time for which application threads were stopped: 0.0013970 seconds, Stopping threads took: 0.0006014 seconds
[2023-10-30T22:43:35.871+0000][194.521s][debug][safepoint     ] Safepoint synchronization initiated. (181 threads)
[2023-10-30T22:43:35.872+0000][194.522s][info ][safepoint     ] Application time: 1.0011357 seconds
[2023-10-30T22:43:35.872+0000][194.523s][info ][safepoint     ] Entering safepoint region: Cleanup
[2023-10-30T22:43:35.873+0000][194.524s][info ][safepoint     ] Leaving safepoint region
[2023-10-30T22:43:35.874+0000][194.524s][info ][safepoint     ] Total time for which application threads were stopped: 0.0016786 seconds, Stopping threads took: 0.0007134 seconds
[2023-10-30T22:43:36.875+0000][195.525s][debug][safepoint     ] Safepoint synchronization initiated. (180 threads)
[2023-10-30T22:43:36.876+0000][195.526s][info ][safepoint     ] Application time: 1.0010368 seconds
[2023-10-30T22:43:36.876+0000][195.527s][info ][safepoint     ] Entering safepoint region: Cleanup
[2023-10-30T22:43:36.877+0000][195.528s][info ][safepoint     ] Leaving safepoint region
[2023-10-30T22:43:36.877+0000][195.528s][info ][safepoint     ] Total time for which application threads were stopped: 0.0012397 seconds, Stopping threads took: 0.0005787 seconds
[2023-10-30T22:43:37.878+0000][196.529s][debug][safepoint     ] Safepoint synchronization initiated. (180 threads)
[2023-10-30T22:43:37.879+0000][196.530s][info ][safepoint     ] Application time: 1.0008516 seconds
[2023-10-30T22:43:37.880+0000][196.530s][info ][safepoint     ] Entering safepoint region: Cleanup
[2023-10-30T22:43:37.880+0000][196.531s][info ][safepoint     ] Leaving safepoint region
[2023-10-30T22:43:37.881+0000][196.531s][info ][safepoint     ] Total time for which application threads were stopped: 0.0011353 seconds, Stopping threads took: 0.0005932 seconds
[2023-10-30T22:43:38.881+0000][197.532s][debug][safepoint     ] Safepoint synchronization initiated. (180 threads)
[2023-10-30T22:43:38.882+0000][197.532s][info ][safepoint     ] Application time: 1.0007129 seconds
[2023-10-30T22:43:38.882+0000][197.533s][info ][safepoint     ] Entering safepoint region: Cleanup
[2023-10-30T22:43:38.883+0000][197.533s][info ][safepoint     ] Leaving safepoint region
[2023-10-30T22:43:38.883+0000][197.534s][info ][safepoint     ] Total time for which application threads were stopped: 0.0008352 seconds, Stopping threads took: 0.0003419 seconds
[2023-10-30T22:43:39.883+0000][198.534s][debug][safepoint     ] Safepoint synchronization initiated. (180 threads)
[2023-10-30T22:43:39.884+0000][198.535s][info ][safepoint     ] Application time: 1.0011749 seconds
[2023-10-30T22:43:39.885+0000][198.536s][info ][safepoint     ] Entering safepoint region: Cleanup
[2023-10-30T22:43:39.886+0000][198.537s][info ][safepoint     ] Leaving safepoint region
[2023-10-30T22:43:39.887+0000][198.537s][info ][safepoint     ] Total time for which application threads were stopped: 0.0017261 seconds, Stopping threads took: 0.0008115 seconds
[2023-10-30T22:43:40.888+0000][199.539s][debug][safepoint     ] Safepoint synchronization initiated. (180 threads)
[2023-10-30T22:43:40.889+0000][199.539s][info ][safepoint     ] Application time: 1.0011048 seconds
[2023-10-30T22:43:40.889+0000][199.540s][info ][safepoint     ] Entering safepoint region: Cleanup
[2023-10-30T22:43:40.890+0000][199.541s][info ][safepoint     ] Leaving safepoint region
[2023-10-30T22:43:40.891+0000][199.541s][info ][safepoint     ] Total time for which application threads were stopped: 0.0012848 seconds, Stopping threads took: 0.0004586 seconds
[2023-10-30T22:43:41.891+0000][200.542s][debug][safepoint     ] Safepoint synchronization initiated. (180 threads)
[2023-10-30T22:43:41.892+0000][200.542s][info ][safepoint     ] Application time: 1.0006461 seconds
[2023-10-30T22:43:41.892+0000][200.543s][info ][safepoint     ] Entering safepoint region: Cleanup
[2023-10-30T22:43:41.893+0000][200.544s][info ][safepoint     ] Leaving safepoint region
[2023-10-30T22:43:41.894+0000][200.544s][info ][safepoint     ] Total time for which application threads were stopped: 0.0017869 seconds, Stopping threads took: 0.0011351 seconds
[2023-10-30T22:43:42.895+0000][201.546s][debug][safepoint     ] Safepoint synchronization initiated. (180 threads)
[2023-10-30T22:43:42.897+0000][201.548s][info ][safepoint     ] Application time: 1.0025954 seconds
[2023-10-30T22:43:42.898+0000][201.548s][info ][safepoint     ] Entering safepoint region: Cleanup
[2023-10-30T22:43:42.898+0000][201.549s][info ][safepoint     ] Leaving safepoint region
[2023-10-30T22:43:42.899+0000][201.549s][info ][safepoint     ] Total time for which application threads were stopped: 0.0011578 seconds, Stopping threads took: 0.0005525 seconds
[2023-10-30T22:43:43.900+0000][202.550s][debug][safepoint     ] Safepoint synchronization initiated. (180 threads)
[2023-10-30T22:43:43.900+0000][202.551s][info ][safepoint     ] Application time: 1.0005650 seconds
[2023-10-30T22:43:43.900+0000][202.551s][info ][safepoint     ] Entering safepoint region: Cleanup
[2023-10-30T22:43:43.901+0000][202.552s][info ][safepoint     ] Leaving safepoint region
[2023-10-30T22:43:43.901+0000][202.552s][info ][safepoint     ] Total time for which application threads were stopped: 0.0010181 seconds, Stopping threads took: 0.0004420 seconds
[2023-10-30T22:43:44.902+0000][203.553s][debug][safepoint     ] Safepoint synchronization initiated. (180 threads)
[2023-10-30T22:43:44.903+0000][203.553s][info ][safepoint     ] Application time: 1.0008312 seconds
[2023-10-30T22:43:44.903+0000][203.554s][info ][safepoint     ] Entering safepoint region: Cleanup
[2023-10-30T22:43:44.904+0000][203.555s][info ][safepoint     ] Leaving safepoint region
[2023-10-30T22:43:44.904+0000][203.555s][info ][safepoint     ] Total time for which application threads were stopped: 0.0011903 seconds, Stopping threads took: 0.0005191 seconds
[2023-10-30T22:43:45.905+0000][204.556s][debug][safepoint     ] Safepoint synchronization initiated. (180 threads)
[2023-10-30T22:43:45.906+0000][204.556s][info ][safepoint     ] Application time: 1.0008493 seconds
[2023-10-30T22:43:45.906+0000][204.557s][info ][safepoint     ] Entering safepoint region: Cleanup
[2023-10-30T22:43:45.907+0000][204.558s][info ][safepoint     ] Leaving safepoint region
[2023-10-30T22:43:45.907+0000][204.558s][info ][safepoint     ] Total time for which application threads were stopped: 0.0011998 seconds, Stopping threads took: 0.0005219 seconds
[2023-10-30T22:43:46.908+0000][205.559s][debug][safepoint     ] Safepoint synchronization initiated. (180 threads)
[2023-10-30T22:43:46.909+0000][205.559s][info ][safepoint     ] Application time: 1.0008167 seconds
[2023-10-30T22:43:46.909+0000][205.560s][info ][safepoint     ] Entering safepoint region: Cleanup
[2023-10-30T22:43:46.910+0000][205.561s][info ][safepoint     ] Leaving safepoint region
[2023-10-30T22:43:46.910+0000][205.561s][info ][safepoint     ] Total time for which application threads were stopped: 0.0012668 seconds, Stopping threads took: 0.0005790 seconds
[2023-10-30T22:43:47.911+0000][206.562s][debug][safepoint     ] Safepoint synchronization initiated. (180 threads)
[2023-10-30T22:43:47.912+0000][206.562s][info ][safepoint     ] Application time: 1.0008288 seconds
[2023-10-30T22:43:47.912+0000][206.563s][info ][safepoint     ] Entering safepoint region: Cleanup
[2023-10-30T22:43:47.913+0000][206.564s][info ][safepoint     ] Leaving safepoint region
[2023-10-30T22:43:47.914+0000][206.564s][info ][safepoint     ] Total time for which application threads were stopped: 0.0013386 seconds, Stopping threads took: 0.0005560 seconds
[2023-10-30T22:43:48.914+0000][207.565s][debug][safepoint     ] Safepoint synchronization initiated. (180 threads)
[2023-10-30T22:43:48.915+0000][207.566s][info ][safepoint     ] Application time: 1.0007848 seconds
[2023-10-30T22:43:48.916+0000][207.566s][info ][safepoint     ] Entering safepoint region: Cleanup
[2023-10-30T22:43:48.917+0000][207.568s][info ][safepoint     ] Leaving safepoint region
[2023-10-30T22:43:48.919+0000][207.569s][info ][safepoint     ] Total time for which application threads were stopped: 0.0032191 seconds, Stopping threads took: 0.0008835 seconds
[2023-10-30T22:43:49.920+0000][208.570s][debug][safepoint     ] Safepoint synchronization initiated. (180 threads)
[2023-10-30T22:43:49.920+0000][208.571s][info ][safepoint     ] Application time: 1.0008548 seconds
[2023-10-30T22:43:49.921+0000][208.571s][info ][safepoint     ] Entering safepoint region: Cleanup
[2023-10-30T22:43:49.922+0000][208.572s][info ][safepoint     ] Leaving safepoint region
[2023-10-30T22:43:49.922+0000][208.573s][info ][safepoint     ] Total time for which application threads were stopped: 0.0013471 seconds, Stopping threads took: 0.0005704 seconds
[2023-10-30T22:43:50.923+0000][209.574s][debug][safepoint     ] Safepoint synchronization initiated. (180 threads)
[2023-10-30T22:43:50.924+0000][209.574s][info ][safepoint     ] Application time: 1.0010272 seconds
[2023-10-30T22:43:50.924+0000][209.575s][info ][safepoint     ] Entering safepoint region: Cleanup
[2023-10-30T22:43:50.925+0000][209.576s][info ][safepoint     ] Leaving safepoint region
[2023-10-30T22:43:50.925+0000][209.576s][info ][safepoint     ] Total time for which application threads were stopped: 0.0011527 seconds, Stopping threads took: 0.0005727 seconds
[2023-10-30T22:43:51.926+0000][210.576s][debug][safepoint     ] Safepoint synchronization initiated. (179 threads)
[2023-10-30T22:43:51.926+0000][210.577s][info ][safepoint     ] Application time: 1.0004656 seconds
[2023-10-30T22:43:51.927+0000][210.577s][info ][safepoint     ] Entering safepoint region: Cleanup
[2023-10-30T22:43:51.927+0000][210.578s][info ][safepoint     ] Leaving safepoint region
[2023-10-30T22:43:51.927+0000][210.578s][info ][safepoint     ] Total time for which application threads were stopped: 0.0009333 seconds, Stopping threads took: 0.0003975 seconds
[2023-10-30T22:43:52.928+0000][211.579s][debug][safepoint     ] Safepoint synchronization initiated. (179 threads)
[2023-10-30T22:43:52.929+0000][211.579s][info ][safepoint     ] Application time: 1.0007350 seconds
[2023-10-30T22:43:52.929+0000][211.580s][info ][safepoint     ] Entering safepoint region: Cleanup
[2023-10-30T22:43:52.930+0000][211.580s][info ][safepoint     ] Leaving safepoint region
[2023-10-30T22:43:52.930+0000][211.580s][info ][safepoint     ] Total time for which application threads were stopped: 0.0009465 seconds, Stopping threads took: 0.0004405 seconds
[2023-10-30T22:43:53.931+0000][212.581s][debug][safepoint     ] Safepoint synchronization initiated. (179 threads)
[2023-10-30T22:43:53.932+0000][212.583s][info ][safepoint     ] Application time: 1.0018201 seconds
[2023-10-30T22:43:53.933+0000][212.583s][info ][safepoint     ] Entering safepoint region: Cleanup
[2023-10-30T22:43:53.934+0000][212.584s][info ][safepoint     ] Leaving safepoint region
[2023-10-30T22:43:53.934+0000][212.585s][info ][safepoint     ] Total time for which application threads were stopped: 0.0014558 seconds, Stopping threads took: 0.0005204 seconds
[2023-10-30T22:43:54.935+0000][213.585s][debug][safepoint     ] Safepoint synchronization initiated. (179 threads)
[2023-10-30T22:43:54.936+0000][213.586s][info ][safepoint     ] Application time: 1.0012355 seconds
[2023-10-30T22:43:54.936+0000][213.587s][info ][safepoint     ] Entering safepoint region: Cleanup
[2023-10-30T22:43:54.937+0000][213.588s][info ][safepoint     ] Leaving safepoint region
[2023-10-30T22:43:54.938+0000][213.588s][info ][safepoint     ] Total time for which application threads were stopped: 0.0014663 seconds, Stopping threads took: 0.0006775 seconds
[2023-10-30T22:43:55.938+0000][214.589s][debug][safepoint     ] Safepoint synchronization initiated. (179 threads)
[2023-10-30T22:43:55.940+0000][214.591s][info ][safepoint     ] Application time: 1.0018584 seconds
[2023-10-30T22:43:55.941+0000][214.592s][info ][safepoint     ] Entering safepoint region: Cleanup
[2023-10-30T22:43:55.944+0000][214.594s][info ][safepoint     ] Leaving safepoint region
[2023-10-30T22:43:55.944+0000][214.595s][info ][safepoint     ] Total time for which application threads were stopped: 0.0027159 seconds, Stopping threads took: 0.0019565 seconds
[2023-10-30T22:43:56.945+0000][215.595s][debug][safepoint     ] Safepoint synchronization initiated. (179 threads)
[2023-10-30T22:43:56.945+0000][215.596s][info ][safepoint     ] Application time: 1.0008757 seconds
[2023-10-30T22:43:56.946+0000][215.597s][info ][safepoint     ] Entering safepoint region: Cleanup
[2023-10-30T22:43:56.947+0000][215.597s][info ][safepoint     ] Leaving safepoint region
[2023-10-30T22:43:56.947+0000][215.598s][info ][safepoint     ] Total time for which application threads were stopped: 0.0012547 seconds, Stopping threads took: 0.0007492 seconds
[2023-10-30T22:43:57.948+0000][216.598s][debug][safepoint     ] Safepoint synchronization initiated. (179 threads)
[2023-10-30T22:43:57.949+0000][216.599s][info ][safepoint     ] Application time: 1.0014073 seconds
[2023-10-30T22:43:57.950+0000][216.601s][info ][safepoint     ] Entering safepoint region: Cleanup
[2023-10-30T22:43:57.951+0000][216.602s][info ][safepoint     ] Leaving safepoint region
[2023-10-30T22:43:57.952+0000][216.602s][info ][safepoint     ] Total time for which application threads were stopped: 0.0018779 seconds, Stopping threads took: 0.0008348 seconds
[2023-10-30T22:43:58.953+0000][217.604s][debug][safepoint     ] Safepoint synchronization initiated. (179 threads)
[2023-10-30T22:43:58.954+0000][217.604s][info ][safepoint     ] Application time: 1.0012597 seconds
[2023-10-30T22:43:58.954+0000][217.605s][info ][safepoint     ] Entering safepoint region: Cleanup
[2023-10-30T22:43:58.955+0000][217.606s][info ][safepoint     ] Leaving safepoint region
[2023-10-30T22:43:58.955+0000][217.606s][info ][safepoint     ] Total time for which application threads were stopped: 0.0010946 seconds, Stopping threads took: 0.0004194 seconds
[2023-10-30T22:43:59.956+0000][218.607s][debug][safepoint     ] Safepoint synchronization initiated. (179 threads)
[2023-10-30T22:43:59.957+0000][218.607s][info ][safepoint     ] Application time: 1.0010228 seconds
[2023-10-30T22:43:59.958+0000][218.608s][info ][safepoint     ] Entering safepoint region: Cleanup
[2023-10-30T22:43:59.959+0000][218.609s][info ][safepoint     ] Leaving safepoint region
[2023-10-30T22:43:59.959+0000][218.610s][info ][safepoint     ] Total time for which application threads were stopped: 0.0012257 seconds, Stopping threads took: 0.0005278 seconds
[2023-10-30T22:44:00.960+0000][219.610s][debug][safepoint     ] Safepoint synchronization initiated. (179 threads)
[2023-10-30T22:44:00.960+0000][219.611s][info ][safepoint     ] Application time: 1.0006727 seconds
[2023-10-30T22:44:00.961+0000][219.611s][info ][safepoint     ] Entering safepoint region: Cleanup
[2023-10-30T22:44:00.961+0000][219.612s][info ][safepoint     ] Leaving safepoint region
[2023-10-30T22:44:00.962+0000][219.612s][info ][safepoint     ] Total time for which application threads were stopped: 0.0011947 seconds, Stopping threads took: 0.0005238 seconds
[2023-10-30T22:44:01.962+0000][220.613s][debug][safepoint     ] Safepoint synchronization initiated. (179 threads)
[2023-10-30T22:44:01.963+0000][220.613s][info ][safepoint     ] Application time: 1.0007155 seconds
[2023-10-30T22:44:01.963+0000][220.614s][info ][safepoint     ] Entering safepoint region: Cleanup
[2023-10-30T22:44:01.964+0000][220.614s][info ][safepoint     ] Leaving safepoint region
[2023-10-30T22:44:01.964+0000][220.615s][info ][safepoint     ] Total time for which application threads were stopped: 0.0011941 seconds, Stopping threads took: 0.0004828 seconds
[2023-10-30T22:44:01.964+0000][220.615s][debug][safepoint     ] ... found polling page return exception at pc = 0x00007f93492e2b44, stub =0x00007f9340840600
[2023-10-30T22:44:01.964+0000][220.615s][debug][safepoint     ] ... found polling page return exception at pc = 0x00007f93492e2b44, stub =0x00007f9340840600
[2023-10-30T22:44:01.964+0000][220.615s][debug][safepoint     ] ... found polling page return exception at pc = 0x00007f93492e2b44, stub =0x00007f9340840600
[2023-10-30T22:44:01.964+0000][220.615s][debug][safepoint     ] ... found polling page return exception at pc = 0x00007f93492e2b44, stub =0x00007f9340840600
[2023-10-30T22:44:01.964+0000][220.615s][debug][safepoint     ] ... found polling page return exception at pc = 0x00007f93492e2b44, stub =0x00007f9340840600
[2023-10-30T22:44:01.964+0000][220.615s][debug][safepoint     ] ... found polling page return exception at pc = 0x00007f93492e2b44, stub =0x00007f9340840600
[2023-10-30T22:44:02.965+0000][221.616s][debug][safepoint     ] Safepoint synchronization initiated. (177 threads)
[2023-10-30T22:44:02.966+0000][221.617s][info ][safepoint     ] Application time: 1.0012022 seconds
[2023-10-30T22:44:02.967+0000][221.617s][info ][safepoint     ] Entering safepoint region: Cleanup
[2023-10-30T22:44:02.968+0000][221.618s][info ][safepoint     ] Leaving safepoint region
[2023-10-30T22:44:02.968+0000][221.619s][info ][safepoint     ] Total time for which application threads were stopped: 0.0014235 seconds, Stopping threads took: 0.0006652 seconds
[2023-10-30T22:44:03.969+0000][222.619s][debug][safepoint     ] Safepoint synchronization initiated. (177 threads)
[2023-10-30T22:44:03.969+0000][222.620s][info ][safepoint     ] Application time: 1.0005521 seconds
[2023-10-30T22:44:03.970+0000][222.620s][info ][safepoint     ] Entering safepoint region: Cleanup
[2023-10-30T22:44:03.970+0000][222.621s][info ][safepoint     ] Leaving safepoint region
[2023-10-30T22:44:03.971+0000][222.621s][info ][safepoint     ] Total time for which application threads were stopped: 0.0011656 seconds, Stopping threads took: 0.0005244 seconds
[2023-10-30T22:44:12.974+0000][231.624s][debug][safepoint     ] Safepoint synchronization initiated. (177 threads)
[2023-10-30T22:44:12.975+0000][231.625s][info ][safepoint     ] Application time: 9.0031891 seconds
[2023-10-30T22:44:12.975+0000][231.626s][info ][safepoint     ] Entering safepoint region: Cleanup
[2023-10-30T22:44:12.976+0000][231.627s][info ][safepoint     ] Leaving safepoint region
[2023-10-30T22:44:12.977+0000][231.628s][info ][safepoint     ] Total time for which application threads were stopped: 0.0018627 seconds, Stopping threads took: 0.0008711 seconds
[2023-10-30T22:44:17.979+0000][236.630s][debug][safepoint     ] Safepoint synchronization initiated. (177 threads)
[2023-10-30T22:44:17.980+0000][236.630s][info ][safepoint     ] Application time: 5.0017511 seconds
[2023-10-30T22:44:17.980+0000][236.631s][info ][safepoint     ] Entering safepoint region: Cleanup
[2023-10-30T22:44:17.981+0000][236.632s][info ][safepoint     ] Leaving safepoint region
[2023-10-30T22:44:17.982+0000][236.632s][info ][safepoint     ] Total time for which application threads were stopped: 0.0012535 seconds, Stopping threads took: 0.0005916 seconds
[2023-10-30T22:44:43.987+0000][262.637s][debug][safepoint     ] Safepoint synchronization initiated. (175 threads)
[2023-10-30T22:44:43.987+0000][262.638s][info ][safepoint     ] Application time: 26.0048406 seconds
[2023-10-30T22:44:43.987+0000][262.638s][info ][safepoint     ] Entering safepoint region: Cleanup
[2023-10-30T22:44:43.988+0000][262.639s][info ][safepoint     ] Leaving safepoint region
[2023-10-30T22:44:43.989+0000][262.639s][info ][safepoint     ] Total time for which application threads were stopped: 0.0011290 seconds, Stopping threads took: 0.0003737 seconds
[2023-10-30T22:44:45.989+0000][264.640s][debug][safepoint     ] Safepoint synchronization initiated. (175 threads)
[2023-10-30T22:44:45.990+0000][264.641s][info ][safepoint     ] Application time: 2.0014501 seconds
[2023-10-30T22:44:45.991+0000][264.642s][info ][safepoint     ] Entering safepoint region: Cleanup
[2023-10-30T22:44:45.992+0000][264.643s][info ][safepoint     ] Leaving safepoint region
[2023-10-30T22:44:45.993+0000][264.644s][info ][safepoint     ] Total time for which application threads were stopped: 0.0019279 seconds, Stopping threads took: 0.0009463 seconds
[2023-10-30T22:44:58.997+0000][277.647s][debug][safepoint     ] Safepoint synchronization initiated. (175 threads)
[2023-10-30T22:44:58.998+0000][277.648s][info ][safepoint     ] Application time: 13.0040182 seconds
[2023-10-30T22:44:58.999+0000][277.649s][info ][safepoint     ] Entering safepoint region: Cleanup
[2023-10-30T22:44:59.000+0000][277.650s][info ][safepoint     ] Leaving safepoint region
[2023-10-30T22:44:59.001+0000][277.651s][info ][safepoint     ] Total time for which application threads were stopped: 0.0022799 seconds, Stopping threads took: 0.0010025 seconds
[2023-10-30T22:45:00.002+0000][278.653s][debug][safepoint     ] Safepoint synchronization initiated. (179 threads)
[2023-10-30T22:45:00.003+0000][278.653s][info ][safepoint     ] Application time: 1.0011898 seconds
[2023-10-30T22:45:00.004+0000][278.654s][info ][safepoint     ] Entering safepoint region: Cleanup
[2023-10-30T22:45:00.005+0000][278.655s][info ][safepoint     ] Leaving safepoint region
[2023-10-30T22:45:00.005+0000][278.656s][info ][safepoint     ] Total time for which application threads were stopped: 0.0016043 seconds, Stopping threads took: 0.0007405 seconds
[2023-10-30T22:45:01.006+0000][279.656s][debug][safepoint     ] Safepoint synchronization initiated. (179 threads)
[2023-10-30T22:45:01.007+0000][279.657s][info ][safepoint     ] Application time: 1.0013052 seconds
[2023-10-30T22:45:01.008+0000][279.658s][info ][safepoint     ] Entering safepoint region: Cleanup
[2023-10-30T22:45:01.009+0000][279.660s][info ][safepoint     ] Leaving safepoint region
[2023-10-30T22:45:01.010+0000][279.660s][info ][safepoint     ] Total time for which application threads were stopped: 0.0019860 seconds, Stopping threads took: 0.0008762 seconds
[2023-10-30T22:45:04.011+0000][282.662s][debug][safepoint     ] Safepoint synchronization initiated. (179 threads)
[2023-10-30T22:45:04.012+0000][282.662s][info ][safepoint     ] Application time: 3.0010383 seconds
[2023-10-30T22:45:04.012+0000][282.663s][info ][safepoint     ] Entering safepoint region: Cleanup
[2023-10-30T22:45:04.013+0000][282.663s][info ][safepoint     ] Leaving safepoint region
[2023-10-30T22:45:04.014+0000][282.664s][info ][safepoint     ] Total time for which application threads were stopped: 0.0011660 seconds, Stopping threads took: 0.0004538 seconds
[2023-10-30T22:45:15.016+0000][293.666s][debug][safepoint     ] Safepoint synchronization initiated. (179 threads)
[2023-10-30T22:45:15.016+0000][293.667s][info ][safepoint     ] Application time: 11.0022855 seconds
[2023-10-30T22:45:15.017+0000][293.667s][info ][safepoint     ] Entering safepoint region: Cleanup
[2023-10-30T22:45:15.017+0000][293.667s][info ][safepoint     ] Leaving safepoint region
[2023-10-30T22:45:15.017+0000][293.668s][info ][safepoint     ] Total time for which application threads were stopped: 0.0008137 seconds, Stopping threads took: 0.0003456 seconds
[2023-10-30T22:45:43.023+0000][321.673s][debug][safepoint     ] Safepoint synchronization initiated. (179 threads)
[2023-10-30T22:45:43.024+0000][321.674s][info ][safepoint     ] Application time: 28.0058790 seconds
[2023-10-30T22:45:43.024+0000][321.674s][info ][safepoint     ] Entering safepoint region: Cleanup
[2023-10-30T22:45:43.025+0000][321.675s][info ][safepoint     ] Leaving safepoint region
[2023-10-30T22:45:43.025+0000][321.676s][info ][safepoint     ] Total time for which application threads were stopped: 0.0014278 seconds, Stopping threads took: 0.0004709 seconds
[2023-10-30T22:45:45.030+0000][323.681s][debug][safepoint     ] Safepoint synchronization initiated. (179 threads)
[2023-10-30T22:45:45.031+0000][323.681s][info ][safepoint     ] Application time: 2.0048441 seconds
[2023-10-30T22:45:45.032+0000][323.682s][info ][safepoint     ] Entering safepoint region: G1CollectForAllocation
[2023-10-30T22:45:45.032+0000][323.683s][info ][gc,start      ] GC(62) Pause Young (Normal) (G1 Evacuation Pause)
[2023-10-30T22:45:45.033+0000][323.683s][info ][gc,task       ] GC(62) Using 8 workers of 8 for evacuation
[2023-10-30T22:45:45.044+0000][323.694s][info ][gc,phases     ] GC(62)   Pre Evacuate Collection Set: 0.1ms
[2023-10-30T22:45:45.045+0000][323.695s][info ][gc,phases     ] GC(62)   Evacuate Collection Set: 6.8ms
[2023-10-30T22:45:45.045+0000][323.695s][info ][gc,phases     ] GC(62)   Post Evacuate Collection Set: 3.6ms
[2023-10-30T22:45:45.046+0000][323.696s][info ][gc,phases     ] GC(62)   Other: 1.2ms
[2023-10-30T22:45:45.046+0000][323.696s][info ][gc,heap       ] GC(62) Eden regions: 183->0(182)
[2023-10-30T22:45:45.046+0000][323.697s][info ][gc,heap       ] GC(62) Survivor regions: 17->13(25)
[2023-10-30T22:45:45.047+0000][323.697s][info ][gc,heap       ] GC(62) Old regions: 142->146
[2023-10-30T22:45:45.047+0000][323.698s][info ][gc,heap       ] GC(62) Humongous regions: 15->15
[2023-10-30T22:45:45.048+0000][323.698s][info ][gc,metaspace  ] GC(62) Metaspace: 167604K(173220K)->167604K(173220K) NonClass: 148051K(151460K)->148051K(151460K) Class: 19553K(21760K)->19553K(21760K)
[2023-10-30T22:45:45.048+0000][323.699s][info ][gc            ] GC(62) Pause Young (Normal) (G1 Evacuation Pause) 355M->172M(411M) 15.949ms
[2023-10-30T22:45:45.049+0000][323.699s][info ][gc,cpu        ] GC(62) User=0.08s Sys=0.00s Real=0.02s
[2023-10-30T22:45:45.049+0000][323.700s][info ][safepoint     ] Leaving safepoint region
[2023-10-30T22:45:45.050+0000][323.700s][info ][safepoint     ] Total time for which application threads were stopped: 0.0181566 seconds, Stopping threads took: 0.0006411 seconds
[2023-10-30T22:45:45.050+0000][323.701s][info ][gc,stringdedup] Concurrent String Deduplication (323.701s)
[2023-10-30T22:45:45.053+0000][323.704s][info ][gc,stringdedup] Concurrent String Deduplication 367.9K->188.9K(179.0K) avg 54.4% (323.701s, 323.704s) 3.171ms
[2023-10-30T22:45:46.050+0000][324.701s][debug][safepoint     ] Safepoint synchronization initiated. (179 threads)
[2023-10-30T22:45:46.051+0000][324.701s][info ][safepoint     ] Application time: 1.0008514 seconds
[2023-10-30T22:45:46.051+0000][324.702s][info ][safepoint     ] Entering safepoint region: Cleanup
[2023-10-30T22:45:46.052+0000][324.702s][info ][safepoint     ] Leaving safepoint region
[2023-10-30T22:45:46.052+0000][324.703s][info ][safepoint     ] Total time for which application threads were stopped: 0.0010586 seconds, Stopping threads took: 0.0004745 seconds
[2023-10-30T22:45:50.054+0000][328.704s][debug][safepoint     ] Safepoint synchronization initiated. (179 threads)
[2023-10-30T22:45:50.055+0000][328.705s][info ][safepoint     ] Application time: 4.0018290 seconds
[2023-10-30T22:45:50.055+0000][328.705s][info ][safepoint     ] Entering safepoint region: Cleanup
[2023-10-30T22:45:50.056+0000][328.706s][info ][safepoint     ] Leaving safepoint region
[2023-10-30T22:45:50.056+0000][328.706s][info ][safepoint     ] Total time for which application threads were stopped: 0.0011103 seconds, Stopping threads took: 0.0004807 seconds
[2023-10-30T22:45:53.057+0000][331.707s][debug][safepoint     ] Safepoint synchronization initiated. (179 threads)
[2023-10-30T22:45:53.058+0000][331.708s][info ][safepoint     ] Application time: 3.0011201 seconds
[2023-10-30T22:45:53.058+0000][331.708s][info ][safepoint     ] Entering safepoint region: Cleanup
[2023-10-30T22:45:53.059+0000][331.709s][info ][safepoint     ] Leaving safepoint region
[2023-10-30T22:45:53.059+0000][331.710s][info ][safepoint     ] Total time for which application threads were stopped: 0.0012633 seconds, Stopping threads took: 0.0005259 seconds
[2023-10-30T22:46:00.061+0000][338.711s][debug][safepoint     ] Safepoint synchronization initiated. (178 threads)
[2023-10-30T22:46:00.062+0000][338.712s][info ][safepoint     ] Application time: 7.0018664 seconds
[2023-10-30T22:46:00.062+0000][338.712s][info ][safepoint     ] Entering safepoint region: Cleanup
[2023-10-30T22:46:00.063+0000][338.713s][info ][safepoint     ] Leaving safepoint region
[2023-10-30T22:46:00.063+0000][338.713s][info ][safepoint     ] Total time for which application threads were stopped: 0.0009182 seconds, Stopping threads took: 0.0003879 seconds
[2023-10-30T22:46:01.064+0000][339.714s][debug][safepoint     ] Safepoint synchronization initiated. (177 threads)
[2023-10-30T22:46:01.064+0000][339.714s][info ][safepoint     ] Application time: 1.0006691 seconds
[2023-10-30T22:46:01.064+0000][339.715s][info ][safepoint     ] Entering safepoint region: Cleanup
[2023-10-30T22:46:01.065+0000][339.715s][info ][safepoint     ] Leaving safepoint region
[2023-10-30T22:46:01.065+0000][339.715s][info ][safepoint     ] Total time for which application threads were stopped: 0.0007800 seconds, Stopping threads took: 0.0003012 seconds
[2023-10-30T22:46:03.066+0000][341.716s][debug][safepoint     ] Safepoint synchronization initiated. (177 threads)
[2023-10-30T22:46:03.066+0000][341.716s][info ][safepoint     ] Application time: 2.0007663 seconds
[2023-10-30T22:46:03.067+0000][341.717s][info ][safepoint     ] Entering safepoint region: Cleanup
[2023-10-30T22:46:03.068+0000][341.718s][info ][safepoint     ] Leaving safepoint region
[2023-10-30T22:46:03.068+0000][341.718s][info ][safepoint     ] Total time for which application threads were stopped: 0.0011987 seconds, Stopping threads took: 0.0004927 seconds
[2023-10-30T22:46:04.068+0000][342.719s][debug][safepoint     ] Safepoint synchronization initiated. (177 threads)
[2023-10-30T22:46:04.069+0000][342.720s][info ][safepoint     ] Application time: 1.0009832 seconds
[2023-10-30T22:46:04.070+0000][342.720s][info ][safepoint     ] Entering safepoint region: Cleanup
[2023-10-30T22:46:04.071+0000][342.721s][info ][safepoint     ] Leaving safepoint region
[2023-10-30T22:46:04.072+0000][342.722s][info ][safepoint     ] Total time for which application threads were stopped: 0.0020467 seconds, Stopping threads took: 0.0005187 seconds
[2023-10-30T22:46:05.072+0000][343.723s][debug][safepoint     ] Safepoint synchronization initiated. (177 threads)
[2023-10-30T22:46:05.073+0000][343.723s][info ][safepoint     ] Application time: 1.0005857 seconds
[2023-10-30T22:46:05.073+0000][343.724s][info ][safepoint     ] Entering safepoint region: Cleanup
[2023-10-30T22:46:05.074+0000][343.724s][info ][safepoint     ] Leaving safepoint region
[2023-10-30T22:46:05.074+0000][343.725s][info ][safepoint     ] Total time for which application threads were stopped: 0.0010604 seconds, Stopping threads took: 0.0004132 seconds
[2023-10-30T22:46:06.075+0000][344.725s][debug][safepoint     ] Safepoint synchronization initiated. (177 threads)
[2023-10-30T22:46:06.075+0000][344.726s][info ][safepoint     ] Application time: 1.0006967 seconds
[2023-10-30T22:46:06.076+0000][344.726s][info ][safepoint     ] Entering safepoint region: Cleanup
[2023-10-30T22:46:06.076+0000][344.726s][info ][safepoint     ] Leaving safepoint region
[2023-10-30T22:46:06.077+0000][344.727s][info ][safepoint     ] Total time for which application threads were stopped: 0.0008923 seconds, Stopping threads took: 0.0003627 seconds
[2023-10-30T22:46:29.080+0000][367.732s][debug][safepoint     ] Safepoint synchronization initiated. (178 threads)
[2023-10-30T22:46:29.081+0000][367.732s][info ][safepoint     ] Application time: 23.0052770 seconds
[2023-10-30T22:46:29.082+0000][367.733s][info ][safepoint     ] Entering safepoint region: Cleanup
[2023-10-30T22:46:29.083+0000][367.734s][info ][safepoint     ] Leaving safepoint region
[2023-10-30T22:46:29.083+0000][367.735s][info ][safepoint     ] Total time for which application threads were stopped: 0.0016449 seconds, Stopping threads took: 0.0007285 seconds
[2023-10-30T22:46:30.084+0000][368.736s][debug][safepoint     ] Safepoint synchronization initiated. (179 threads)
[2023-10-30T22:46:30.086+0000][368.737s][info ][safepoint     ] Application time: 1.0014835 seconds
[2023-10-30T22:46:30.087+0000][368.738s][info ][safepoint     ] Entering safepoint region: Cleanup
[2023-10-30T22:46:30.088+0000][368.739s][info ][safepoint     ] Leaving safepoint region
[2023-10-30T22:46:30.089+0000][368.740s][info ][safepoint     ] Total time for which application threads were stopped: 0.0024226 seconds, Stopping threads took: 0.0009093 seconds
[2023-10-30T22:46:34.091+0000][372.742s][debug][safepoint     ] Safepoint synchronization initiated. (180 threads)
[2023-10-30T22:46:34.091+0000][372.743s][info ][safepoint     ] Application time: 4.0012287 seconds
[2023-10-30T22:46:34.092+0000][372.743s][info ][safepoint     ] Entering safepoint region: Cleanup
[2023-10-30T22:46:34.093+0000][372.744s][info ][safepoint     ] Leaving safepoint region
[2023-10-30T22:46:34.093+0000][372.745s][info ][safepoint     ] Total time for which application threads were stopped: 0.0015797 seconds, Stopping threads took: 0.0007436 seconds
[2023-10-30T22:46:35.094+0000][373.745s][debug][safepoint     ] Safepoint synchronization initiated. (180 threads)
[2023-10-30T22:46:35.095+0000][373.746s][info ][safepoint     ] Application time: 1.0013469 seconds
[2023-10-30T22:46:35.096+0000][373.747s][info ][safepoint     ] Entering safepoint region: Cleanup
[2023-10-30T22:46:35.097+0000][373.749s][info ][safepoint     ] Leaving safepoint region
[2023-10-30T22:46:35.098+0000][373.749s][info ][safepoint     ] Total time for which application threads were stopped: 0.0018904 seconds, Stopping threads took: 0.0008389 seconds
[2023-10-30T22:46:36.099+0000][374.750s][debug][safepoint     ] Safepoint synchronization initiated. (180 threads)
[2023-10-30T22:46:36.100+0000][374.751s][info ][safepoint     ] Application time: 1.0009886 seconds
[2023-10-30T22:46:36.100+0000][374.752s][info ][safepoint     ] Entering safepoint region: Cleanup
[2023-10-30T22:46:36.101+0000][374.753s][info ][safepoint     ] Leaving safepoint region
[2023-10-30T22:46:36.102+0000][374.753s][info ][safepoint     ] Total time for which application threads were stopped: 0.0016033 seconds, Stopping threads took: 0.0007302 seconds
[2023-10-30T22:46:47.105+0000][385.756s][debug][safepoint     ] Safepoint synchronization initiated. (180 threads)
[2023-10-30T22:46:47.105+0000][385.757s][info ][safepoint     ] Application time: 11.0025043 seconds
[2023-10-30T22:46:47.106+0000][385.757s][info ][safepoint     ] Entering safepoint region: Cleanup
[2023-10-30T22:46:47.106+0000][385.758s][info ][safepoint     ] Leaving safepoint region
[2023-10-30T22:46:47.106+0000][385.758s][info ][safepoint     ] Total time for which application threads were stopped: 0.0008501 seconds, Stopping threads took: 0.0003556 seconds
[2023-10-30T22:46:48.107+0000][386.758s][debug][safepoint     ] Safepoint synchronization initiated. (184 threads)
[2023-10-30T22:46:48.107+0000][386.759s][info ][safepoint     ] Application time: 1.0005886 seconds
[2023-10-30T22:46:48.108+0000][386.759s][info ][safepoint     ] Entering safepoint region: Cleanup
[2023-10-30T22:46:48.108+0000][386.760s][info ][safepoint     ] Leaving safepoint region
[2023-10-30T22:46:48.109+0000][386.760s][info ][safepoint     ] Total time for which application threads were stopped: 0.0010163 seconds, Stopping threads took: 0.0003881 seconds
[2023-10-30T22:46:49.109+0000][387.761s][debug][safepoint     ] Safepoint synchronization initiated. (184 threads)
[2023-10-30T22:46:49.110+0000][387.761s][info ][safepoint     ] Application time: 1.0007761 seconds
[2023-10-30T22:46:49.110+0000][387.762s][info ][safepoint     ] Entering safepoint region: Cleanup
[2023-10-30T22:46:49.111+0000][387.762s][info ][safepoint     ] Leaving safepoint region
[2023-10-30T22:46:49.111+0000][387.762s][info ][safepoint     ] Total time for which application threads were stopped: 0.0009230 seconds, Stopping threads took: 0.0003767 seconds
[2023-10-30T22:46:54.112+0000][392.764s][debug][safepoint     ] Safepoint synchronization initiated. (183 threads)
[2023-10-30T22:46:54.112+0000][392.764s][info ][safepoint     ] Application time: 5.0012719 seconds
[2023-10-30T22:46:54.113+0000][392.764s][info ][safepoint     ] Entering safepoint region: Cleanup
[2023-10-30T22:46:54.113+0000][392.765s][info ][safepoint     ] Leaving safepoint region
[2023-10-30T22:46:54.114+0000][392.765s][info ][safepoint     ] Total time for which application threads were stopped: 0.0009039 seconds, Stopping threads took: 0.0003714 seconds
[2023-10-30T22:47:03.116+0000][401.768s][debug][safepoint     ] Safepoint synchronization initiated. (183 threads)
[2023-10-30T22:47:03.117+0000][401.769s][info ][safepoint     ] Application time: 9.0033666 seconds
[2023-10-30T22:47:03.118+0000][401.770s][info ][safepoint     ] Entering safepoint region: Cleanup
[2023-10-30T22:47:03.119+0000][401.771s][info ][safepoint     ] Leaving safepoint region
[2023-10-30T22:47:03.120+0000][401.772s][info ][safepoint     ] Total time for which application threads were stopped: 0.0017710 seconds, Stopping threads took: 0.0008041 seconds
[2023-10-30T22:47:09.122+0000][407.774s][debug][safepoint     ] Safepoint synchronization initiated. (183 threads)
[2023-10-30T22:47:09.123+0000][407.775s][info ][safepoint     ] Application time: 6.0021782 seconds
[2023-10-30T22:47:09.124+0000][407.775s][info ][safepoint     ] Entering safepoint region: Cleanup
[2023-10-30T22:47:09.125+0000][407.776s][info ][safepoint     ] Leaving safepoint region
[2023-10-30T22:47:09.125+0000][407.777s][info ][safepoint     ] Total time for which application threads were stopped: 0.0015707 seconds, Stopping threads took: 0.0006491 seconds
[2023-10-30T22:47:12.126+0000][410.778s][debug][safepoint     ] Safepoint synchronization initiated. (183 threads)
[2023-10-30T22:47:12.127+0000][410.778s][info ][safepoint     ] Application time: 3.0008482 seconds
[2023-10-30T22:47:12.127+0000][410.779s][info ][safepoint     ] Entering safepoint region: Cleanup
[2023-10-30T22:47:12.128+0000][410.779s][info ][safepoint     ] Leaving safepoint region
[2023-10-30T22:47:12.128+0000][410.780s][info ][safepoint     ] Total time for which application threads were stopped: 0.0011195 seconds, Stopping threads took: 0.0004362 seconds
[2023-10-30T22:47:23.130+0000][421.782s][debug][safepoint     ] Safepoint synchronization initiated. (183 threads)
[2023-10-30T22:47:23.131+0000][421.783s][info ][safepoint     ] Application time: 11.0025535 seconds
[2023-10-30T22:47:23.132+0000][421.784s][info ][safepoint     ] Entering safepoint region: Cleanup
[2023-10-30T22:47:23.133+0000][421.785s][info ][safepoint     ] Leaving safepoint region
[2023-10-30T22:47:23.134+0000][421.785s][info ][safepoint     ] Total time for which application threads were stopped: 0.0015148 seconds, Stopping threads took: 0.0007787 seconds
[2023-10-30T22:47:31.135+0000][429.787s][debug][safepoint     ] Safepoint synchronization initiated. (183 threads)
[2023-10-30T22:47:31.136+0000][429.788s][info ][safepoint     ] Application time: 8.0022302 seconds
[2023-10-30T22:47:31.137+0000][429.789s][info ][safepoint     ] Entering safepoint region: Cleanup
[2023-10-30T22:47:31.139+0000][429.791s][info ][safepoint     ] Leaving safepoint region
[2023-10-30T22:47:31.141+0000][429.793s][info ][safepoint     ] Total time for which application threads were stopped: 0.0038066 seconds, Stopping threads took: 0.0012033 seconds
[2023-10-30T22:48:03.146+0000][461.798s][debug][safepoint     ] Safepoint synchronization initiated. (182 threads)
[2023-10-30T22:48:03.146+0000][461.799s][info ][safepoint     ] Application time: 32.0051547 seconds
[2023-10-30T22:48:03.147+0000][461.799s][info ][safepoint     ] Entering safepoint region: Cleanup
[2023-10-30T22:48:03.148+0000][461.800s][info ][safepoint     ] Leaving safepoint region
[2023-10-30T22:48:03.148+0000][461.801s][info ][safepoint     ] Total time for which application threads were stopped: 0.0012510 seconds, Stopping threads took: 0.0005518 seconds
[2023-10-30T22:48:04.149+0000][462.801s][debug][safepoint     ] Safepoint synchronization initiated. (182 threads)
[2023-10-30T22:48:04.149+0000][462.802s][info ][safepoint     ] Application time: 1.0008037 seconds
[2023-10-30T22:48:04.150+0000][462.802s][info ][safepoint     ] Entering safepoint region: Cleanup
[2023-10-30T22:48:04.151+0000][462.803s][info ][safepoint     ] Leaving safepoint region
[2023-10-30T22:48:04.151+0000][462.803s][info ][safepoint     ] Total time for which application threads were stopped: 0.0009862 seconds, Stopping threads took: 0.0003960 seconds
[2023-10-30T22:48:31.156+0000][489.809s][debug][safepoint     ] Safepoint synchronization initiated. (181 threads)
[2023-10-30T22:48:31.157+0000][489.809s][info ][safepoint     ] Application time: 27.0055188 seconds
[2023-10-30T22:48:31.157+0000][489.810s][info ][safepoint     ] Entering safepoint region: Cleanup
[2023-10-30T22:48:31.158+0000][489.810s][info ][safepoint     ] Leaving safepoint region
[2023-10-30T22:48:31.158+0000][489.811s][info ][safepoint     ] Total time for which application threads were stopped: 0.0010475 seconds, Stopping threads took: 0.0004039 seconds
[2023-10-30T22:48:38.160+0000][496.813s][debug][safepoint     ] Safepoint synchronization initiated. (181 threads)
[2023-10-30T22:48:38.161+0000][496.814s][info ][safepoint     ] Application time: 7.0023523 seconds
[2023-10-30T22:48:38.162+0000][496.814s][info ][safepoint     ] Entering safepoint region: Cleanup
[2023-10-30T22:48:38.162+0000][496.815s][info ][safepoint     ] Leaving safepoint region
[2023-10-30T22:48:38.163+0000][496.815s][info ][safepoint     ] Total time for which application threads were stopped: 0.0011744 seconds, Stopping threads took: 0.0004604 seconds
[2023-10-30T22:48:56.167+0000][514.819s][debug][safepoint     ] Safepoint synchronization initiated. (180 threads)
[2023-10-30T22:48:56.167+0000][514.820s][info ][safepoint     ] Application time: 18.0042633 seconds
[2023-10-30T22:48:56.168+0000][514.821s][info ][safepoint     ] Entering safepoint region: Cleanup
[2023-10-30T22:48:56.168+0000][514.821s][info ][safepoint     ] Leaving safepoint region
[2023-10-30T22:48:56.169+0000][514.822s][info ][safepoint     ] Total time for which application threads were stopped: 0.0011229 seconds, Stopping threads took: 0.0004541 seconds
[2023-10-30T22:48:58.210+0000][516.863s][debug][safepoint     ] Safepoint synchronization initiated. (180 threads)
[2023-10-30T22:48:58.211+0000][516.863s][info ][safepoint     ] Application time: 2.0410679 seconds
[2023-10-30T22:48:58.211+0000][516.864s][info ][safepoint     ] Entering safepoint region: G1CollectForAllocation
[2023-10-30T22:48:58.212+0000][516.864s][info ][gc,start      ] GC(63) Pause Young (Normal) (G1 Evacuation Pause)
[2023-10-30T22:48:58.212+0000][516.865s][info ][gc,task       ] GC(63) Using 8 workers of 8 for evacuation
[2023-10-30T22:48:58.223+0000][516.876s][info ][gc,phases     ] GC(63)   Pre Evacuate Collection Set: 0.0ms
[2023-10-30T22:48:58.224+0000][516.877s][info ][gc,phases     ] GC(63)   Evacuate Collection Set: 8.1ms
[2023-10-30T22:48:58.224+0000][516.877s][info ][gc,phases     ] GC(63)   Post Evacuate Collection Set: 3.1ms
[2023-10-30T22:48:58.225+0000][516.878s][info ][gc,phases     ] GC(63)   Other: 0.8ms
[2023-10-30T22:48:58.225+0000][516.878s][info ][gc,heap       ] GC(63) Eden regions: 182->0(177)
[2023-10-30T22:48:58.226+0000][516.878s][info ][gc,heap       ] GC(63) Survivor regions: 13->13(25)
[2023-10-30T22:48:58.226+0000][516.879s][info ][gc,heap       ] GC(63) Old regions: 146->146
[2023-10-30T22:48:58.226+0000][516.879s][info ][gc,heap       ] GC(63) Humongous regions: 20->20
[2023-10-30T22:48:58.227+0000][516.879s][info ][gc,metaspace  ] GC(63) Metaspace: 168107K(173732K)->168107K(173732K) NonClass: 148537K(151972K)->148537K(151972K) Class: 19569K(21760K)->19569K(21760K)
[2023-10-30T22:48:58.227+0000][516.880s][info ][gc            ] GC(63) Pause Young (Normal) (G1 Evacuation Pause) 359M->177M(411M) 15.771ms
[2023-10-30T22:48:58.228+0000][516.880s][info ][gc,cpu        ] GC(63) User=0.08s Sys=0.00s Real=0.02s
[2023-10-30T22:48:58.228+0000][516.881s][info ][safepoint     ] Leaving safepoint region
[2023-10-30T22:48:58.229+0000][516.881s][info ][safepoint     ] Total time for which application threads were stopped: 0.0176175 seconds, Stopping threads took: 0.0004042 seconds
[2023-10-30T22:48:58.229+0000][516.882s][info ][gc,stringdedup] Concurrent String Deduplication (516.882s)
[2023-10-30T22:48:58.231+0000][516.884s][info ][gc,stringdedup] Concurrent String Deduplication 279.3K->144.4K(134.9K) avg 54.3% (516.882s, 516.884s) 2.252ms
[2023-10-30T22:48:59.229+0000][517.882s][debug][safepoint     ] Safepoint synchronization initiated. (180 threads)
[2023-10-30T22:48:59.230+0000][517.882s][info ][safepoint     ] Application time: 1.0007372 seconds
[2023-10-30T22:48:59.230+0000][517.883s][info ][safepoint     ] Entering safepoint region: Cleanup
[2023-10-30T22:48:59.231+0000][517.884s][info ][safepoint     ] Leaving safepoint region
[2023-10-30T22:48:59.231+0000][517.884s][info ][safepoint     ] Total time for which application threads were stopped: 0.0010881 seconds, Stopping threads took: 0.0005562 seconds
[2023-10-30T22:49:03.233+0000][521.885s][debug][safepoint     ] Safepoint synchronization initiated. (179 threads)
[2023-10-30T22:49:03.233+0000][521.886s][info ][safepoint     ] Application time: 4.0012934 seconds
[2023-10-30T22:49:03.233+0000][521.886s][info ][safepoint     ] Entering safepoint region: Cleanup
[2023-10-30T22:49:03.234+0000][521.887s][info ][safepoint     ] Leaving safepoint region
[2023-10-30T22:49:03.234+0000][521.887s][info ][safepoint     ] Total time for which application threads were stopped: 0.0007650 seconds, Stopping threads took: 0.0003112 seconds
[2023-10-30T22:49:04.235+0000][522.887s][debug][safepoint     ] Safepoint synchronization initiated. (179 threads)
[2023-10-30T22:49:04.235+0000][522.888s][info ][safepoint     ] Application time: 1.0004666 seconds
[2023-10-30T22:49:04.235+0000][522.888s][info ][safepoint     ] Entering safepoint region: Cleanup
[2023-10-30T22:49:04.236+0000][522.888s][info ][safepoint     ] Leaving safepoint region
[2023-10-30T22:49:04.236+0000][522.889s][info ][safepoint     ] Total time for which application threads were stopped: 0.0007612 seconds, Stopping threads took: 0.0003110 seconds
[2023-10-30T22:49:39.243+0000][557.896s][debug][safepoint     ] Safepoint synchronization initiated. (180 threads)
[2023-10-30T22:49:39.244+0000][557.897s][info ][safepoint     ] Application time: 35.0078667 seconds
[2023-10-30T22:49:39.245+0000][557.897s][debug][safepoint     ] Waiting for 2 thread(s) to block
[2023-10-30T22:49:39.245+0000][557.898s][info ][safepoint     ] Entering safepoint region: Cleanup
[2023-10-30T22:49:39.246+0000][557.899s][info ][safepoint     ] Leaving safepoint region
[2023-10-30T22:49:39.246+0000][557.899s][info ][safepoint     ] Total time for which application threads were stopped: 0.0019209 seconds, Stopping threads took: 0.0011543 seconds
[2023-10-30T22:49:43.247+0000][561.900s][debug][safepoint     ] Safepoint synchronization initiated. (178 threads)
[2023-10-30T22:49:43.248+0000][561.901s][info ][safepoint     ] Application time: 4.0008961 seconds
[2023-10-30T22:49:43.248+0000][561.901s][info ][safepoint     ] Entering safepoint region: Cleanup
[2023-10-30T22:49:43.249+0000][561.902s][info ][safepoint     ] Leaving safepoint region
[2023-10-30T22:49:43.249+0000][561.902s][info ][safepoint     ] Total time for which application threads were stopped: 0.0010446 seconds, Stopping threads took: 0.0003943 seconds
[2023-10-30T22:49:43.578+0000][562.230s][debug][safepoint     ] Safepoint synchronization initiated. (178 threads)
[2023-10-30T22:49:43.578+0000][562.231s][info ][safepoint     ] Application time: 0.3286015 seconds
[2023-10-30T22:49:43.579+0000][562.232s][info ][safepoint     ] Entering safepoint region: Deoptimize
[2023-10-30T22:49:43.590+0000][562.242s][info ][safepoint     ] Leaving safepoint region
[2023-10-30T22:49:43.590+0000][562.243s][info ][safepoint     ] Total time for which application threads were stopped: 0.0112768 seconds, Stopping threads took: 0.0005243 seconds
[2023-10-30T22:49:44.591+0000][563.244s][debug][safepoint     ] Safepoint synchronization initiated. (181 threads)
[2023-10-30T22:49:44.592+0000][563.244s][info ][safepoint     ] Application time: 1.0008777 seconds
[2023-10-30T22:49:44.592+0000][563.245s][info ][safepoint     ] Entering safepoint region: Cleanup
[2023-10-30T22:49:44.593+0000][563.246s][info ][safepoint     ] Leaving safepoint region
[2023-10-30T22:49:44.593+0000][563.246s][info ][safepoint     ] Total time for which application threads were stopped: 0.0010873 seconds, Stopping threads took: 0.0004055 seconds
[2023-10-30T22:49:45.594+0000][564.247s][debug][safepoint     ] Safepoint synchronization initiated. (181 threads)
[2023-10-30T22:49:45.596+0000][564.249s][info ][safepoint     ] Application time: 1.0021268 seconds
[2023-10-30T22:49:45.597+0000][564.249s][info ][safepoint     ] Entering safepoint region: Cleanup
[2023-10-30T22:49:45.597+0000][564.250s][info ][safepoint     ] Leaving safepoint region
[2023-10-30T22:49:45.598+0000][564.251s][info ][safepoint     ] Total time for which application threads were stopped: 0.0014479 seconds, Stopping threads took: 0.0006444 seconds
[2023-10-30T22:49:50.599+0000][569.252s][debug][safepoint     ] Safepoint synchronization initiated. (182 threads)
[2023-10-30T22:49:50.600+0000][569.253s][info ][safepoint     ] Application time: 5.0012323 seconds
[2023-10-30T22:49:50.600+0000][569.253s][info ][safepoint     ] Entering safepoint region: Cleanup
[2023-10-30T22:49:50.601+0000][569.253s][info ][safepoint     ] Leaving safepoint region
[2023-10-30T22:49:50.601+0000][569.254s][info ][safepoint     ] Total time for which application threads were stopped: 0.0008654 seconds, Stopping threads took: 0.0003924 seconds
[2023-10-30T22:49:52.602+0000][571.255s][debug][safepoint     ] Safepoint synchronization initiated. (182 threads)
[2023-10-30T22:49:52.603+0000][571.256s][info ][safepoint     ] Application time: 2.0018035 seconds
[2023-10-30T22:49:52.604+0000][571.257s][info ][safepoint     ] Entering safepoint region: Cleanup
[2023-10-30T22:49:52.606+0000][571.258s][info ][safepoint     ] Leaving safepoint region
[2023-10-30T22:49:52.606+0000][571.259s][info ][safepoint     ] Total time for which application threads were stopped: 0.0020493 seconds, Stopping threads took: 0.0008404 seconds
[2023-10-30T22:49:54.607+0000][573.261s][debug][safepoint     ] Safepoint synchronization initiated. (182 threads)
[2023-10-30T22:49:54.608+0000][573.262s][info ][safepoint     ] Application time: 2.0016222 seconds
[2023-10-30T22:49:54.609+0000][573.263s][info ][safepoint     ] Entering safepoint region: Cleanup
[2023-10-30T22:49:54.611+0000][573.264s][info ][safepoint     ] Leaving safepoint region
[2023-10-30T22:49:54.611+0000][573.265s][info ][safepoint     ] Total time for which application threads were stopped: 0.0021264 seconds, Stopping threads took: 0.0009110 seconds
[2023-10-30T22:49:55.612+0000][574.265s][debug][safepoint     ] Safepoint synchronization initiated. (182 threads)
[2023-10-30T22:49:55.613+0000][574.266s][info ][safepoint     ] Application time: 1.0007620 seconds
[2023-10-30T22:49:55.613+0000][574.267s][info ][safepoint     ] Entering safepoint region: Cleanup
[2023-10-30T22:49:55.614+0000][574.267s][info ][safepoint     ] Leaving safepoint region
[2023-10-30T22:49:55.615+0000][574.268s][info ][safepoint     ] Total time for which application threads were stopped: 0.0011887 seconds, Stopping threads took: 0.0005453 seconds
[2023-10-30T22:50:00.616+0000][579.270s][debug][safepoint     ] Safepoint synchronization initiated. (182 threads)
[2023-10-30T22:50:00.617+0000][579.270s][info ][safepoint     ] Application time: 5.0021065 seconds
[2023-10-30T22:50:00.618+0000][579.271s][info ][safepoint     ] Entering safepoint region: Cleanup
[2023-10-30T22:50:00.619+0000][579.272s][info ][safepoint     ] Leaving safepoint region
[2023-10-30T22:50:00.619+0000][579.272s][info ][safepoint     ] Total time for which application threads were stopped: 0.0012451 seconds, Stopping threads took: 0.0006032 seconds
[2023-10-30T22:50:03.620+0000][582.273s][debug][safepoint     ] Safepoint synchronization initiated. (182 threads)
[2023-10-30T22:50:03.621+0000][582.274s][info ][safepoint     ] Application time: 3.0013455 seconds
[2023-10-30T22:50:03.622+0000][582.275s][info ][safepoint     ] Entering safepoint region: Cleanup
[2023-10-30T22:50:03.623+0000][582.276s][info ][safepoint     ] Leaving safepoint region
[2023-10-30T22:50:03.623+0000][582.276s][info ][safepoint     ] Total time for which application threads were stopped: 0.0016674 seconds, Stopping threads took: 0.0006974 seconds
[2023-10-30T22:50:20.628+0000][599.281s][debug][safepoint     ] Safepoint synchronization initiated. (182 threads)
[2023-10-30T22:50:20.628+0000][599.282s][info ][safepoint     ] Application time: 17.0046175 seconds
[2023-10-30T22:50:20.629+0000][599.282s][info ][safepoint     ] Entering safepoint region: Cleanup
[2023-10-30T22:50:20.630+0000][599.283s][info ][safepoint     ] Leaving safepoint region
[2023-10-30T22:50:20.630+0000][599.283s][info ][safepoint     ] Total time for which application threads were stopped: 0.0012460 seconds, Stopping threads took: 0.0006087 seconds
[2023-10-30T22:50:22.631+0000][601.284s][debug][safepoint     ] Safepoint synchronization initiated. (182 threads)
[2023-10-30T22:50:22.631+0000][601.285s][info ][safepoint     ] Application time: 2.0008412 seconds
[2023-10-30T22:50:22.632+0000][601.285s][info ][safepoint     ] Entering safepoint region: Cleanup
[2023-10-30T22:50:22.632+0000][601.286s][info ][safepoint     ] Leaving safepoint region
[2023-10-30T22:50:22.633+0000][601.286s][info ][safepoint     ] Total time for which application threads were stopped: 0.0010492 seconds, Stopping threads took: 0.0004339 seconds
[2023-10-30T22:50:23.634+0000][602.287s][debug][safepoint     ] Safepoint synchronization initiated. (182 threads)
[2023-10-30T22:50:23.634+0000][602.287s][info ][safepoint     ] Application time: 1.0007812 seconds
[2023-10-30T22:50:23.635+0000][602.288s][info ][safepoint     ] Entering safepoint region: Cleanup
[2023-10-30T22:50:23.635+0000][602.288s][info ][safepoint     ] Leaving safepoint region
[2023-10-30T22:50:23.636+0000][602.289s][info ][safepoint     ] Total time for which application threads were stopped: 0.0010765 seconds, Stopping threads took: 0.0004319 seconds
[2023-10-30T22:50:31.638+0000][610.291s][debug][safepoint     ] Safepoint synchronization initiated. (182 threads)
[2023-10-30T22:50:31.639+0000][610.292s][info ][safepoint     ] Application time: 8.0026512 seconds
[2023-10-30T22:50:31.639+0000][610.292s][info ][safepoint     ] Entering safepoint region: Cleanup
[2023-10-30T22:50:31.640+0000][610.293s][info ][safepoint     ] Leaving safepoint region
[2023-10-30T22:50:31.640+0000][610.293s][info ][safepoint     ] Total time for which application threads were stopped: 0.0010704 seconds, Stopping threads took: 0.0004297 seconds
[2023-10-30T22:50:33.641+0000][612.294s][debug][safepoint     ] Safepoint synchronization initiated. (182 threads)
[2023-10-30T22:50:33.642+0000][612.295s][info ][safepoint     ] Application time: 2.0011977 seconds
[2023-10-30T22:50:33.643+0000][612.296s][info ][safepoint     ] Entering safepoint region: Cleanup
[2023-10-30T22:50:33.644+0000][612.297s][info ][safepoint     ] Leaving safepoint region
[2023-10-30T22:50:33.644+0000][612.297s][info ][safepoint     ] Total time for which application threads were stopped: 0.0016932 seconds, Stopping threads took: 0.0007267 seconds
[2023-10-30T22:50:43.647+0000][622.299s][debug][safepoint     ] Safepoint synchronization initiated. (182 threads)
[2023-10-30T22:50:43.647+0000][622.300s][info ][safepoint     ] Application time: 10.0020273 seconds
[2023-10-30T22:50:43.647+0000][622.300s][info ][safepoint     ] Entering safepoint region: Cleanup
[2023-10-30T22:50:43.648+0000][622.301s][info ][safepoint     ] Leaving safepoint region
[2023-10-30T22:50:43.648+0000][622.301s][info ][safepoint     ] Total time for which application threads were stopped: 0.0007309 seconds, Stopping threads took: 0.0003011 seconds
[2023-10-30T22:50:44.648+0000][623.301s][debug][safepoint     ] Safepoint synchronization initiated. (182 threads)
[2023-10-30T22:50:44.649+0000][623.302s][info ][safepoint     ] Application time: 1.0006425 seconds
[2023-10-30T22:50:44.649+0000][623.302s][info ][safepoint     ] Entering safepoint region: Cleanup
[2023-10-30T22:50:44.650+0000][623.303s][info ][safepoint     ] Leaving safepoint region
[2023-10-30T22:50:44.650+0000][623.303s][info ][safepoint     ] Total time for which application threads were stopped: 0.0009723 seconds, Stopping threads took: 0.0003611 seconds
[2023-10-30T22:50:48.651+0000][627.304s][debug][safepoint     ] Safepoint synchronization initiated. (181 threads)
[2023-10-30T22:50:48.652+0000][627.305s][info ][safepoint     ] Application time: 4.0018479 seconds
[2023-10-30T22:50:48.653+0000][627.306s][info ][safepoint     ] Entering safepoint region: Cleanup
[2023-10-30T22:50:48.654+0000][627.307s][info ][safepoint     ] Leaving safepoint region
[2023-10-30T22:50:48.655+0000][627.308s][info ][safepoint     ] Total time for which application threads were stopped: 0.0016205 seconds, Stopping threads took: 0.0005874 seconds
[2023-10-30T22:50:50.656+0000][629.309s][debug][safepoint     ] Safepoint synchronization initiated. (181 threads)
[2023-10-30T22:50:50.656+0000][629.309s][info ][safepoint     ] Application time: 2.0009665 seconds
[2023-10-30T22:50:50.657+0000][629.310s][info ][safepoint     ] Entering safepoint region: Cleanup
[2023-10-30T22:50:50.657+0000][629.310s][info ][safepoint     ] Leaving safepoint region
[2023-10-30T22:50:50.658+0000][629.311s][info ][safepoint     ] Total time for which application threads were stopped: 0.0012101 seconds, Stopping threads took: 0.0004360 seconds
[2023-10-30T22:50:52.659+0000][631.312s][debug][safepoint     ] Safepoint synchronization initiated. (181 threads)
[2023-10-30T22:50:52.659+0000][631.312s][info ][safepoint     ] Application time: 2.0007620 seconds
[2023-10-30T22:50:52.660+0000][631.313s][info ][safepoint     ] Entering safepoint region: Cleanup
[2023-10-30T22:50:52.660+0000][631.313s][info ][safepoint     ] Leaving safepoint region
[2023-10-30T22:50:52.661+0000][631.314s][info ][safepoint     ] Total time for which application threads were stopped: 0.0011350 seconds, Stopping threads took: 0.0005504 seconds
[2023-10-30T22:50:56.399+0000][635.052s][debug][safepoint     ] Safepoint synchronization initiated. (181 threads)
[2023-10-30T22:50:56.400+0000][635.053s][info ][safepoint     ] Application time: 3.7387246 seconds
[2023-10-30T22:50:56.400+0000][635.053s][info ][safepoint     ] Entering safepoint region: G1CollectForAllocation
[2023-10-30T22:50:56.401+0000][635.054s][info ][gc,start      ] GC(64) Pause Young (Normal) (G1 Evacuation Pause)
[2023-10-30T22:50:56.401+0000][635.054s][info ][gc,task       ] GC(64) Using 8 workers of 8 for evacuation
[2023-10-30T22:50:56.417+0000][635.070s][info ][gc,phases     ] GC(64)   Pre Evacuate Collection Set: 0.1ms
[2023-10-30T22:50:56.418+0000][635.071s][info ][gc,phases     ] GC(64)   Evacuate Collection Set: 11.9ms
[2023-10-30T22:50:56.418+0000][635.071s][info ][gc,phases     ] GC(64)   Post Evacuate Collection Set: 3.2ms
[2023-10-30T22:50:56.419+0000][635.072s][info ][gc,phases     ] GC(64)   Other: 1.2ms
[2023-10-30T22:50:56.419+0000][635.072s][info ][gc,heap       ] GC(64) Eden regions: 177->0(175)
[2023-10-30T22:50:56.420+0000][635.073s][info ][gc,heap       ] GC(64) Survivor regions: 13->14(24)
[2023-10-30T22:50:56.420+0000][635.073s][info ][gc,heap       ] GC(64) Old regions: 146->146
[2023-10-30T22:50:56.421+0000][635.074s][info ][gc,heap       ] GC(64) Humongous regions: 20->20
[2023-10-30T22:50:56.421+0000][635.074s][info ][gc,metaspace  ] GC(64) Metaspace: 169132K(174884K)->169132K(174884K) NonClass: 149467K(152996K)->149467K(152996K) Class: 19664K(21888K)->19664K(21888K)
[2023-10-30T22:50:56.421+0000][635.074s][info ][gc            ] GC(64) Pause Young (Normal) (G1 Evacuation Pause) 354M->178M(411M) 20.524ms
[2023-10-30T22:50:56.422+0000][635.075s][info ][gc,cpu        ] GC(64) User=0.11s Sys=0.00s Real=0.02s
[2023-10-30T22:50:56.423+0000][635.076s][info ][safepoint     ] Leaving safepoint region
[2023-10-30T22:50:56.423+0000][635.076s][info ][safepoint     ] Total time for which application threads were stopped: 0.0228503 seconds, Stopping threads took: 0.0003977 seconds
[2023-10-30T22:50:56.424+0000][635.077s][info ][gc,stringdedup] Concurrent String Deduplication (635.077s)
[2023-10-30T22:50:56.425+0000][635.078s][info ][gc,stringdedup] Concurrent String Deduplication 6360.0B->4792.0B(1568.0B) avg 54.3% (635.077s, 635.078s) 0.554ms
[2023-10-30T22:51:00.425+0000][639.078s][debug][safepoint     ] Safepoint synchronization initiated. (181 threads)
[2023-10-30T22:51:00.426+0000][639.079s][info ][safepoint     ] Application time: 4.0016623 seconds
[2023-10-30T22:51:00.426+0000][639.079s][info ][safepoint     ] Entering safepoint region: Cleanup
[2023-10-30T22:51:00.427+0000][639.080s][info ][safepoint     ] Leaving safepoint region
[2023-10-30T22:51:00.428+0000][639.081s][info ][safepoint     ] Total time for which application threads were stopped: 0.0014961 seconds, Stopping threads took: 0.0006375 seconds
[2023-10-30T22:51:03.429+0000][642.082s][debug][safepoint     ] Safepoint synchronization initiated. (180 threads)
[2023-10-30T22:51:03.430+0000][642.082s][info ][safepoint     ] Application time: 3.0009842 seconds
[2023-10-30T22:51:03.430+0000][642.083s][info ][safepoint     ] Entering safepoint region: Cleanup
[2023-10-30T22:51:03.430+0000][642.083s][info ][safepoint     ] Leaving safepoint region
[2023-10-30T22:51:03.431+0000][642.084s][info ][safepoint     ] Total time for which application threads were stopped: 0.0009436 seconds, Stopping threads took: 0.0004165 seconds
[2023-10-30T22:51:13.433+0000][652.086s][debug][safepoint     ] Safepoint synchronization initiated. (180 threads)
[2023-10-30T22:51:13.433+0000][652.086s][info ][safepoint     ] Application time: 10.0022336 seconds
[2023-10-30T22:51:13.434+0000][652.087s][info ][safepoint     ] Entering safepoint region: Cleanup
[2023-10-30T22:51:13.435+0000][652.087s][info ][safepoint     ] Leaving safepoint region
[2023-10-30T22:51:13.435+0000][652.088s][info ][safepoint     ] Total time for which application threads were stopped: 0.0012357 seconds, Stopping threads took: 0.0004953 seconds
[2023-10-30T22:51:35.439+0000][674.093s][debug][safepoint     ] Safepoint synchronization initiated. (179 threads)
[2023-10-30T22:51:35.440+0000][674.094s][info ][safepoint     ] Application time: 22.0051236 seconds
[2023-10-30T22:51:35.441+0000][674.094s][info ][safepoint     ] Entering safepoint region: Cleanup
[2023-10-30T22:51:35.442+0000][674.095s][info ][safepoint     ] Leaving safepoint region
[2023-10-30T22:51:35.442+0000][674.096s][info ][safepoint     ] Total time for which application threads were stopped: 0.0017645 seconds, Stopping threads took: 0.0008081 seconds
[2023-10-30T22:51:41.445+0000][680.098s][debug][safepoint     ] Safepoint synchronization initiated. (179 threads)
[2023-10-30T22:51:41.446+0000][680.099s][info ][safepoint     ] Application time: 6.0027492 seconds
[2023-10-30T22:51:41.447+0000][680.100s][info ][safepoint     ] Entering safepoint region: Cleanup
[2023-10-30T22:51:41.448+0000][680.102s][info ][safepoint     ] Leaving safepoint region
[2023-10-30T22:51:41.449+0000][680.102s][info ][safepoint     ] Total time for which application threads were stopped: 0.0022451 seconds, Stopping threads took: 0.0010772 seconds
[2023-10-30T22:51:45.451+0000][684.104s][debug][safepoint     ] Safepoint synchronization initiated. (180 threads)
[2023-10-30T22:51:45.451+0000][684.105s][info ][safepoint     ] Application time: 4.0015409 seconds
[2023-10-30T22:51:45.452+0000][684.106s][info ][safepoint     ] Entering safepoint region: Cleanup
[2023-10-30T22:51:45.453+0000][684.107s][info ][safepoint     ] Leaving safepoint region
[2023-10-30T22:51:45.454+0000][684.107s][info ][safepoint     ] Total time for which application threads were stopped: 0.0017536 seconds, Stopping threads took: 0.0007364 seconds
[2023-10-30T22:51:46.455+0000][685.108s][debug][safepoint     ] Safepoint synchronization initiated. (185 threads)
[2023-10-30T22:51:46.456+0000][685.109s][info ][safepoint     ] Application time: 1.0009993 seconds
[2023-10-30T22:51:46.456+0000][685.110s][info ][safepoint     ] Entering safepoint region: Cleanup
[2023-10-30T22:51:46.457+0000][685.111s][info ][safepoint     ] Leaving safepoint region
[2023-10-30T22:51:46.458+0000][685.112s][info ][safepoint     ] Total time for which application threads were stopped: 0.0017201 seconds, Stopping threads took: 0.0006755 seconds
[2023-10-30T22:52:02.462+0000][701.115s][debug][safepoint     ] Safepoint synchronization initiated. (185 threads)
[2023-10-30T22:52:02.462+0000][701.116s][info ][safepoint     ] Application time: 16.0036067 seconds
[2023-10-30T22:52:02.462+0000][701.116s][info ][safepoint     ] Entering safepoint region: Cleanup
[2023-10-30T22:52:02.463+0000][701.116s][info ][safepoint     ] Leaving safepoint region
[2023-10-30T22:52:02.463+0000][701.117s][info ][safepoint     ] Total time for which application threads were stopped: 0.0007881 seconds, Stopping threads took: 0.0003402 seconds
[2023-10-30T22:52:03.464+0000][702.117s][debug][safepoint     ] Safepoint synchronization initiated. (185 threads)
[2023-10-30T22:52:03.464+0000][702.118s][info ][safepoint     ] Application time: 1.0009049 seconds
[2023-10-30T22:52:03.465+0000][702.118s][info ][safepoint     ] Entering safepoint region: Cleanup
[2023-10-30T22:52:03.466+0000][702.119s][info ][safepoint     ] Leaving safepoint region
[2023-10-30T22:52:03.466+0000][702.120s][info ][safepoint     ] Total time for which application threads were stopped: 0.0013349 seconds, Stopping threads took: 0.0005741 seconds
[2023-10-30T22:52:04.467+0000][703.120s][debug][safepoint     ] Safepoint synchronization initiated. (185 threads)
[2023-10-30T22:52:04.467+0000][703.121s][info ][safepoint     ] Application time: 1.0007239 seconds
[2023-10-30T22:52:04.468+0000][703.122s][info ][safepoint     ] Entering safepoint region: Cleanup
[2023-10-30T22:52:04.469+0000][703.122s][info ][safepoint     ] Leaving safepoint region
[2023-10-30T22:52:04.469+0000][703.123s][info ][safepoint     ] Total time for which application threads were stopped: 0.0011518 seconds, Stopping threads took: 0.0004963 seconds
[2023-10-30T22:52:05.470+0000][704.123s][debug][safepoint     ] Safepoint synchronization initiated. (185 threads)
[2023-10-30T22:52:05.470+0000][704.124s][info ][safepoint     ] Application time: 1.0006477 seconds
[2023-10-30T22:52:05.471+0000][704.124s][info ][safepoint     ] Entering safepoint region: Cleanup
[2023-10-30T22:52:05.471+0000][704.125s][info ][safepoint     ] Leaving safepoint region
[2023-10-30T22:52:05.472+0000][704.125s][info ][safepoint     ] Total time for which application threads were stopped: 0.0010173 seconds, Stopping threads took: 0.0004195 seconds
[2023-10-30T22:52:06.472+0000][705.126s][debug][safepoint     ] Safepoint synchronization initiated. (185 threads)
[2023-10-30T22:52:06.473+0000][705.127s][info ][safepoint     ] Application time: 1.0010663 seconds
[2023-10-30T22:52:06.474+0000][705.127s][info ][safepoint     ] Entering safepoint region: Cleanup
[2023-10-30T22:52:06.475+0000][705.128s][info ][safepoint     ] Leaving safepoint region
[2023-10-30T22:52:06.475+0000][705.129s][info ][safepoint     ] Total time for which application threads were stopped: 0.0016078 seconds, Stopping threads took: 0.0007640 seconds
[2023-10-30T22:52:07.476+0000][706.130s][debug][safepoint     ] Safepoint synchronization initiated. (185 threads)
[2023-10-30T22:52:07.477+0000][706.131s][info ][safepoint     ] Application time: 1.0010536 seconds
[2023-10-30T22:52:07.478+0000][706.131s][info ][safepoint     ] Entering safepoint region: Cleanup
[2023-10-30T22:52:07.479+0000][706.132s][info ][safepoint     ] Leaving safepoint region
[2023-10-30T22:52:07.479+0000][706.133s][info ][safepoint     ] Total time for which application threads were stopped: 0.0015486 seconds, Stopping threads took: 0.0006560 seconds
[2023-10-30T22:52:08.480+0000][707.134s][debug][safepoint     ] Safepoint synchronization initiated. (185 threads)
[2023-10-30T22:52:08.482+0000][707.135s][info ][safepoint     ] Application time: 1.0016422 seconds
[2023-10-30T22:52:08.483+0000][707.136s][info ][safepoint     ] Entering safepoint region: Cleanup
[2023-10-30T22:52:08.485+0000][707.138s][info ][safepoint     ] Leaving safepoint region
[2023-10-30T22:52:08.485+0000][707.139s][info ][safepoint     ] Total time for which application threads were stopped: 0.0027403 seconds, Stopping threads took: 0.0015709 seconds
[2023-10-30T22:52:09.487+0000][708.140s][debug][safepoint     ] Safepoint synchronization initiated. (185 threads)
[2023-10-30T22:52:09.487+0000][708.141s][info ][safepoint     ] Application time: 1.0011776 seconds
[2023-10-30T22:52:09.488+0000][708.142s][info ][safepoint     ] Entering safepoint region: Cleanup
[2023-10-30T22:52:09.490+0000][708.143s][info ][safepoint     ] Leaving safepoint region
[2023-10-30T22:52:09.490+0000][708.144s][info ][safepoint     ] Total time for which application threads were stopped: 0.0023884 seconds, Stopping threads took: 0.0012049 seconds
[2023-10-30T22:52:10.491+0000][709.145s][debug][safepoint     ] Safepoint synchronization initiated. (185 threads)
[2023-10-30T22:52:10.492+0000][709.145s][info ][safepoint     ] Application time: 1.0008193 seconds
[2023-10-30T22:52:10.492+0000][709.146s][info ][safepoint     ] Entering safepoint region: Cleanup
[2023-10-30T22:52:10.493+0000][709.147s][info ][safepoint     ] Leaving safepoint region
[2023-10-30T22:52:10.494+0000][709.147s][info ][safepoint     ] Total time for which application threads were stopped: 0.0014178 seconds, Stopping threads took: 0.0006918 seconds
[2023-10-30T22:52:11.495+0000][710.148s][debug][safepoint     ] Safepoint synchronization initiated. (185 threads)
[2023-10-30T22:52:11.496+0000][710.150s][info ][safepoint     ] Application time: 1.0020905 seconds
[2023-10-30T22:52:11.497+0000][710.150s][info ][safepoint     ] Entering safepoint region: Cleanup
[2023-10-30T22:52:11.498+0000][710.151s][info ][safepoint     ] Leaving safepoint region
[2023-10-30T22:52:11.498+0000][710.152s][info ][safepoint     ] Total time for which application threads were stopped: 0.0012550 seconds, Stopping threads took: 0.0005546 seconds
[2023-10-30T22:52:12.499+0000][711.152s][debug][safepoint     ] Safepoint synchronization initiated. (185 threads)
[2023-10-30T22:52:12.499+0000][711.153s][info ][safepoint     ] Application time: 1.0006121 seconds
[2023-10-30T22:52:12.500+0000][711.153s][info ][safepoint     ] Entering safepoint region: Cleanup
[2023-10-30T22:52:12.501+0000][711.154s][info ][safepoint     ] Leaving safepoint region
[2023-10-30T22:52:12.501+0000][711.154s][info ][safepoint     ] Total time for which application threads were stopped: 0.0013032 seconds, Stopping threads took: 0.0006519 seconds
[2023-10-30T22:52:13.502+0000][712.155s][debug][safepoint     ] Safepoint synchronization initiated. (185 threads)
[2023-10-30T22:52:13.502+0000][712.156s][info ][safepoint     ] Application time: 1.0008256 seconds
[2023-10-30T22:52:13.503+0000][712.156s][info ][safepoint     ] Entering safepoint region: Cleanup
[2023-10-30T22:52:13.503+0000][712.157s][info ][safepoint     ] Leaving safepoint region
[2023-10-30T22:52:13.504+0000][712.157s][info ][safepoint     ] Total time for which application threads were stopped: 0.0009947 seconds, Stopping threads took: 0.0003958 seconds
[2023-10-30T22:52:14.504+0000][713.158s][debug][safepoint     ] Safepoint synchronization initiated. (185 threads)
[2023-10-30T22:52:14.505+0000][713.159s][info ][safepoint     ] Application time: 1.0009067 seconds
[2023-10-30T22:52:14.506+0000][713.159s][info ][safepoint     ] Entering safepoint region: Cleanup
[2023-10-30T22:52:14.506+0000][713.160s][info ][safepoint     ] Leaving safepoint region
[2023-10-30T22:52:14.507+0000][713.160s][info ][safepoint     ] Total time for which application threads were stopped: 0.0013213 seconds, Stopping threads took: 0.0006127 seconds
[2023-10-30T22:52:15.507+0000][714.161s][debug][safepoint     ] Safepoint synchronization initiated. (185 threads)
[2023-10-30T22:52:15.508+0000][714.162s][info ][safepoint     ] Application time: 1.0011313 seconds
[2023-10-30T22:52:15.509+0000][714.163s][info ][safepoint     ] Entering safepoint region: Cleanup
[2023-10-30T22:52:15.510+0000][714.164s][info ][safepoint     ] Leaving safepoint region
[2023-10-30T22:52:15.511+0000][714.164s][info ][safepoint     ] Total time for which application threads were stopped: 0.0014723 seconds, Stopping threads took: 0.0006133 seconds
[2023-10-30T22:52:16.512+0000][715.165s][debug][safepoint     ] Safepoint synchronization initiated. (185 threads)
[2023-10-30T22:52:16.512+0000][715.166s][info ][safepoint     ] Application time: 1.0009943 seconds
[2023-10-30T22:52:16.513+0000][715.166s][info ][safepoint     ] Entering safepoint region: Cleanup
[2023-10-30T22:52:16.514+0000][715.167s][info ][safepoint     ] Leaving safepoint region
[2023-10-30T22:52:16.514+0000][715.168s][info ][safepoint     ] Total time for which application threads were stopped: 0.0013491 seconds, Stopping threads took: 0.0006148 seconds
[2023-10-30T22:52:17.515+0000][716.168s][debug][safepoint     ] Safepoint synchronization initiated. (185 threads)
[2023-10-30T22:52:17.516+0000][716.169s][info ][safepoint     ] Application time: 1.0010109 seconds
[2023-10-30T22:52:17.516+0000][716.170s][info ][safepoint     ] Entering safepoint region: Cleanup
[2023-10-30T22:52:17.517+0000][716.171s][info ][safepoint     ] Leaving safepoint region
[2023-10-30T22:52:17.518+0000][716.172s][info ][safepoint     ] Total time for which application threads were stopped: 0.0017619 seconds, Stopping threads took: 0.0008470 seconds
[2023-10-30T22:52:18.519+0000][717.172s][debug][safepoint     ] Safepoint synchronization initiated. (185 threads)
[2023-10-30T22:52:18.520+0000][717.173s][info ][safepoint     ] Application time: 1.0008891 seconds
[2023-10-30T22:52:18.520+0000][717.174s][info ][safepoint     ] Entering safepoint region: Cleanup
[2023-10-30T22:52:18.522+0000][717.175s][info ][safepoint     ] Leaving safepoint region
[2023-10-30T22:52:18.522+0000][717.176s][info ][safepoint     ] Total time for which application threads were stopped: 0.0019241 seconds, Stopping threads took: 0.0008550 seconds
[2023-10-30T22:52:18.522+0000][717.175s][debug][safepoint     ] ... found polling page return exception at pc = 0x00007f93492e2b44, stub =0x00007f9340840600
[2023-10-30T22:52:18.522+0000][717.175s][debug][safepoint     ] ... found polling page return exception at pc = 0x00007f93492e2b44, stub =0x00007f9340840600
[2023-10-30T22:52:18.522+0000][717.175s][debug][safepoint     ] ... found polling page return exception at pc = 0x00007f93492e2b44, stub =0x00007f9340840600
[2023-10-30T22:52:18.522+0000][717.175s][debug][safepoint     ] ... found polling page return exception at pc = 0x00007f93492e2b44, stub =0x00007f9340840600
[2023-10-30T22:52:18.522+0000][717.175s][debug][safepoint     ] ... found polling page return exception at pc = 0x00007f93492e2b44, stub =0x00007f9340840600
[2023-10-30T22:52:18.522+0000][717.175s][debug][safepoint     ] ... found polling page return exception at pc = 0x00007f93492e2b44, stub =0x00007f9340840600
[2023-10-30T22:52:19.524+0000][718.177s][debug][safepoint     ] Safepoint synchronization initiated. (185 threads)
[2023-10-30T22:52:19.525+0000][718.178s][info ][safepoint     ] Application time: 1.0012775 seconds
[2023-10-30T22:52:19.526+0000][718.179s][info ][safepoint     ] Entering safepoint region: Cleanup
[2023-10-30T22:52:19.527+0000][718.180s][info ][safepoint     ] Leaving safepoint region
[2023-10-30T22:52:19.528+0000][718.181s][info ][safepoint     ] Total time for which application threads were stopped: 0.0023193 seconds, Stopping threads took: 0.0006929 seconds
[2023-10-30T22:52:20.529+0000][719.182s][debug][safepoint     ] Safepoint synchronization initiated. (185 threads)
[2023-10-30T22:52:20.530+0000][719.183s][info ][safepoint     ] Application time: 1.0011410 seconds
[2023-10-30T22:52:20.531+0000][719.185s][info ][safepoint     ] Entering safepoint region: Cleanup
[2023-10-30T22:52:20.532+0000][719.185s][info ][safepoint     ] Leaving safepoint region
[2023-10-30T22:52:20.532+0000][719.186s][info ][safepoint     ] Total time for which application threads were stopped: 0.0014290 seconds, Stopping threads took: 0.0007281 seconds
[2023-10-30T22:52:21.533+0000][720.186s][debug][safepoint     ] Safepoint synchronization initiated. (185 threads)
[2023-10-30T22:52:21.533+0000][720.187s][info ][safepoint     ] Application time: 1.0006005 seconds
[2023-10-30T22:52:21.534+0000][720.187s][info ][safepoint     ] Entering safepoint region: Cleanup
[2023-10-30T22:52:21.534+0000][720.188s][info ][safepoint     ] Leaving safepoint region
[2023-10-30T22:52:21.535+0000][720.188s][info ][safepoint     ] Total time for which application threads were stopped: 0.0010269 seconds, Stopping threads took: 0.0004197 seconds
[2023-10-30T22:52:22.535+0000][721.189s][debug][safepoint     ] Safepoint synchronization initiated. (185 threads)
[2023-10-30T22:52:22.536+0000][721.190s][info ][safepoint     ] Application time: 1.0008248 seconds
[2023-10-30T22:52:22.537+0000][721.190s][info ][safepoint     ] Entering safepoint region: Cleanup
[2023-10-30T22:52:22.537+0000][721.191s][info ][safepoint     ] Leaving safepoint region
[2023-10-30T22:52:22.538+0000][721.191s][info ][safepoint     ] Total time for which application threads were stopped: 0.0011666 seconds, Stopping threads took: 0.0005057 seconds
[2023-10-30T22:52:23.538+0000][722.192s][debug][safepoint     ] Safepoint synchronization initiated. (185 threads)
[2023-10-30T22:52:23.539+0000][722.193s][info ][safepoint     ] Application time: 1.0011467 seconds
[2023-10-30T22:52:23.540+0000][722.194s][info ][safepoint     ] Entering safepoint region: Cleanup
[2023-10-30T22:52:23.541+0000][722.195s][info ][safepoint     ] Leaving safepoint region
[2023-10-30T22:52:23.542+0000][722.195s][info ][safepoint     ] Total time for which application threads were stopped: 0.0017195 seconds, Stopping threads took: 0.0007767 seconds
[2023-10-30T22:52:24.543+0000][723.197s][debug][safepoint     ] Safepoint synchronization initiated. (185 threads)
[2023-10-30T22:52:24.544+0000][723.197s][info ][safepoint     ] Application time: 1.0013119 seconds
[2023-10-30T22:52:24.545+0000][723.198s][info ][safepoint     ] Entering safepoint region: Cleanup
[2023-10-30T22:52:24.545+0000][723.199s][info ][safepoint     ] Leaving safepoint region
[2023-10-30T22:52:24.546+0000][723.200s][info ][safepoint     ] Total time for which application threads were stopped: 0.0014406 seconds, Stopping threads took: 0.0005049 seconds
[2023-10-30T22:52:25.547+0000][724.200s][debug][safepoint     ] Safepoint synchronization initiated. (185 threads)
[2023-10-30T22:52:25.548+0000][724.201s][info ][safepoint     ] Application time: 1.0010202 seconds
[2023-10-30T22:52:25.549+0000][724.202s][info ][safepoint     ] Entering safepoint region: Cleanup
[2023-10-30T22:52:25.549+0000][724.203s][info ][safepoint     ] Leaving safepoint region
[2023-10-30T22:52:25.550+0000][724.203s][info ][safepoint     ] Total time for which application threads were stopped: 0.0011818 seconds, Stopping threads took: 0.0005512 seconds
[2023-10-30T22:52:26.550+0000][725.204s][debug][safepoint     ] Safepoint synchronization initiated. (185 threads)
[2023-10-30T22:52:26.551+0000][725.205s][info ][safepoint     ] Application time: 1.0009152 seconds
[2023-10-30T22:52:26.552+0000][725.205s][info ][safepoint     ] Entering safepoint region: Cleanup
[2023-10-30T22:52:26.552+0000][725.206s][info ][safepoint     ] Leaving safepoint region
[2023-10-30T22:52:26.553+0000][725.206s][info ][safepoint     ] Total time for which application threads were stopped: 0.0010789 seconds, Stopping threads took: 0.0004599 seconds
[2023-10-30T22:52:27.553+0000][726.207s][debug][safepoint     ] Safepoint synchronization initiated. (185 threads)
[2023-10-30T22:52:27.554+0000][726.208s][info ][safepoint     ] Application time: 1.0009915 seconds
[2023-10-30T22:52:27.555+0000][726.208s][info ][safepoint     ] Entering safepoint region: Cleanup
[2023-10-30T22:52:27.555+0000][726.209s][info ][safepoint     ] Leaving safepoint region
[2023-10-30T22:52:27.556+0000][726.209s][info ][safepoint     ] Total time for which application threads were stopped: 0.0012251 seconds, Stopping threads took: 0.0005691 seconds
[2023-10-30T22:52:28.557+0000][727.210s][debug][safepoint     ] Safepoint synchronization initiated. (185 threads)
[2023-10-30T22:52:28.558+0000][727.211s][info ][safepoint     ] Application time: 1.0013013 seconds
[2023-10-30T22:52:28.558+0000][727.212s][info ][safepoint     ] Entering safepoint region: Cleanup
[2023-10-30T22:52:28.559+0000][727.213s][info ][safepoint     ] Leaving safepoint region
[2023-10-30T22:52:28.560+0000][727.213s][info ][safepoint     ] Total time for which application threads were stopped: 0.0018261 seconds, Stopping threads took: 0.0006390 seconds
[2023-10-30T22:52:29.561+0000][728.214s][debug][safepoint     ] Safepoint synchronization initiated. (185 threads)
[2023-10-30T22:52:29.561+0000][728.215s][info ][safepoint     ] Application time: 1.0007013 seconds
[2023-10-30T22:52:29.562+0000][728.215s][info ][safepoint     ] Entering safepoint region: Cleanup
[2023-10-30T22:52:29.563+0000][728.216s][info ][safepoint     ] Leaving safepoint region
[2023-10-30T22:52:29.563+0000][728.216s][info ][safepoint     ] Total time for which application threads were stopped: 0.0011581 seconds, Stopping threads took: 0.0005612 seconds
[2023-10-30T22:52:30.564+0000][729.217s][debug][safepoint     ] Safepoint synchronization initiated. (185 threads)
[2023-10-30T22:52:30.564+0000][729.218s][info ][safepoint     ] Application time: 1.0008194 seconds
[2023-10-30T22:52:30.565+0000][729.218s][info ][safepoint     ] Entering safepoint region: Cleanup
[2023-10-30T22:52:30.566+0000][729.219s][info ][safepoint     ] Leaving safepoint region
[2023-10-30T22:52:30.566+0000][729.220s][info ][safepoint     ] Total time for which application threads were stopped: 0.0012338 seconds, Stopping threads took: 0.0005561 seconds
[2023-10-30T22:52:31.567+0000][730.220s][debug][safepoint     ] Safepoint synchronization initiated. (185 threads)
[2023-10-30T22:52:31.567+0000][730.221s][info ][safepoint     ] Application time: 1.0008435 seconds
[2023-10-30T22:52:31.568+0000][730.222s][info ][safepoint     ] Entering safepoint region: Cleanup
[2023-10-30T22:52:31.569+0000][730.222s][info ][safepoint     ] Leaving safepoint region
[2023-10-30T22:52:31.570+0000][730.223s][info ][safepoint     ] Total time for which application threads were stopped: 0.0018792 seconds, Stopping threads took: 0.0007191 seconds
[2023-10-30T22:52:32.571+0000][731.224s][debug][safepoint     ] Safepoint synchronization initiated. (185 threads)
[2023-10-30T22:52:32.571+0000][731.225s][info ][safepoint     ] Application time: 1.0007215 seconds
[2023-10-30T22:52:32.572+0000][731.225s][info ][safepoint     ] Entering safepoint region: Cleanup
[2023-10-30T22:52:32.572+0000][731.226s][info ][safepoint     ] Leaving safepoint region
[2023-10-30T22:52:32.573+0000][731.226s][info ][safepoint     ] Total time for which application threads were stopped: 0.0009964 seconds, Stopping threads took: 0.0004201 seconds
[2023-10-30T22:52:33.573+0000][732.227s][debug][safepoint     ] Safepoint synchronization initiated. (185 threads)
[2023-10-30T22:52:33.574+0000][732.228s][info ][safepoint     ] Application time: 1.0009310 seconds
[2023-10-30T22:52:33.575+0000][732.228s][info ][safepoint     ] Entering safepoint region: Cleanup
[2023-10-30T22:52:33.575+0000][732.229s][info ][safepoint     ] Leaving safepoint region
[2023-10-30T22:52:33.576+0000][732.229s][info ][safepoint     ] Total time for which application threads were stopped: 0.0011608 seconds, Stopping threads took: 0.0005471 seconds
[2023-10-30T22:52:34.577+0000][733.230s][debug][safepoint     ] Safepoint synchronization initiated. (185 threads)
[2023-10-30T22:52:34.577+0000][733.231s][info ][safepoint     ] Application time: 1.0007769 seconds
[2023-10-30T22:52:34.578+0000][733.231s][info ][safepoint     ] Entering safepoint region: Cleanup
[2023-10-30T22:52:34.579+0000][733.233s][info ][safepoint     ] Leaving safepoint region
[2023-10-30T22:52:34.580+0000][733.234s][info ][safepoint     ] Total time for which application threads were stopped: 0.0024782 seconds, Stopping threads took: 0.0004720 seconds
[2023-10-30T22:52:35.581+0000][734.235s][debug][safepoint     ] Safepoint synchronization initiated. (185 threads)
[2023-10-30T22:52:35.582+0000][734.236s][info ][safepoint     ] Application time: 1.0009187 seconds
[2023-10-30T22:52:35.582+0000][734.236s][info ][safepoint     ] Entering safepoint region: Cleanup
[2023-10-30T22:52:35.583+0000][734.237s][info ][safepoint     ] Leaving safepoint region
[2023-10-30T22:52:35.583+0000][734.237s][info ][safepoint     ] Total time for which application threads were stopped: 0.0010759 seconds, Stopping threads took: 0.0004493 seconds
[2023-10-30T22:52:36.584+0000][735.238s][debug][safepoint     ] Safepoint synchronization initiated. (185 threads)
[2023-10-30T22:52:36.585+0000][735.238s][info ][safepoint     ] Application time: 1.0007882 seconds
[2023-10-30T22:52:36.585+0000][735.239s][info ][safepoint     ] Entering safepoint region: Cleanup
[2023-10-30T22:52:36.586+0000][735.239s][info ][safepoint     ] Leaving safepoint region
[2023-10-30T22:52:36.586+0000][735.240s][info ][safepoint     ] Total time for which application threads were stopped: 0.0011854 seconds, Stopping threads took: 0.0004954 seconds
[2023-10-30T22:52:37.587+0000][736.240s][debug][safepoint     ] Safepoint synchronization initiated. (185 threads)
[2023-10-30T22:52:37.587+0000][736.241s][info ][safepoint     ] Application time: 1.0006512 seconds
[2023-10-30T22:52:37.588+0000][736.241s][info ][safepoint     ] Entering safepoint region: Cleanup
[2023-10-30T22:52:37.589+0000][736.242s][info ][safepoint     ] Leaving safepoint region
[2023-10-30T22:52:37.589+0000][736.242s][info ][safepoint     ] Total time for which application threads were stopped: 0.0009706 seconds, Stopping threads took: 0.0004782 seconds
[2023-10-30T22:52:38.589+0000][737.243s][debug][safepoint     ] Safepoint synchronization initiated. (185 threads)
[2023-10-30T22:52:38.590+0000][737.243s][info ][safepoint     ] Application time: 1.0007397 seconds
[2023-10-30T22:52:38.590+0000][737.244s][info ][safepoint     ] Entering safepoint region: Cleanup
[2023-10-30T22:52:38.591+0000][737.245s][info ][safepoint     ] Leaving safepoint region
[2023-10-30T22:52:38.592+0000][737.245s][info ][safepoint     ] Total time for which application threads were stopped: 0.0012535 seconds, Stopping threads took: 0.0005858 seconds
[2023-10-30T22:52:39.592+0000][738.246s][debug][safepoint     ] Safepoint synchronization initiated. (185 threads)
[2023-10-30T22:52:39.593+0000][738.247s][info ][safepoint     ] Application time: 1.0008246 seconds
[2023-10-30T22:52:39.594+0000][738.247s][info ][safepoint     ] Entering safepoint region: Cleanup
[2023-10-30T22:52:39.594+0000][738.248s][info ][safepoint     ] Leaving safepoint region
[2023-10-30T22:52:39.595+0000][738.248s][info ][safepoint     ] Total time for which application threads were stopped: 0.0010633 seconds, Stopping threads took: 0.0004782 seconds
[2023-10-30T22:52:40.595+0000][739.249s][debug][safepoint     ] Safepoint synchronization initiated. (185 threads)
[2023-10-30T22:52:40.596+0000][739.249s][info ][safepoint     ] Application time: 1.0008223 seconds
[2023-10-30T22:52:40.596+0000][739.250s][info ][safepoint     ] Entering safepoint region: Cleanup
[2023-10-30T22:52:40.597+0000][739.250s][info ][safepoint     ] Leaving safepoint region
[2023-10-30T22:52:40.597+0000][739.251s][info ][safepoint     ] Total time for which application threads were stopped: 0.0012392 seconds, Stopping threads took: 0.0005169 seconds
[2023-10-30T22:52:41.598+0000][740.252s][debug][safepoint     ] Safepoint synchronization initiated. (185 threads)
[2023-10-30T22:52:41.599+0000][740.252s][info ][safepoint     ] Application time: 1.0007975 seconds
[2023-10-30T22:52:41.599+0000][740.253s][info ][safepoint     ] Entering safepoint region: Cleanup
[2023-10-30T22:52:41.600+0000][740.253s][info ][safepoint     ] Leaving safepoint region
[2023-10-30T22:52:41.600+0000][740.254s][info ][safepoint     ] Total time for which application threads were stopped: 0.0010133 seconds, Stopping threads took: 0.0004643 seconds
[2023-10-30T22:52:42.601+0000][741.254s][debug][safepoint     ] Safepoint synchronization initiated. (185 threads)
[2023-10-30T22:52:42.601+0000][741.255s][info ][safepoint     ] Application time: 1.0007195 seconds
[2023-10-30T22:52:42.602+0000][741.255s][info ][safepoint     ] Entering safepoint region: Cleanup
[2023-10-30T22:52:42.602+0000][741.256s][info ][safepoint     ] Leaving safepoint region
[2023-10-30T22:52:42.603+0000][741.256s][info ][safepoint     ] Total time for which application threads were stopped: 0.0013028 seconds, Stopping threads took: 0.0005059 seconds
[2023-10-30T22:52:43.603+0000][742.257s][debug][safepoint     ] Safepoint synchronization initiated. (185 threads)
[2023-10-30T22:52:43.604+0000][742.258s][info ][safepoint     ] Application time: 1.0008640 seconds
[2023-10-30T22:52:43.605+0000][742.258s][info ][safepoint     ] Entering safepoint region: Cleanup
[2023-10-30T22:52:43.606+0000][742.259s][info ][safepoint     ] Leaving safepoint region
[2023-10-30T22:52:43.606+0000][742.260s][info ][safepoint     ] Total time for which application threads were stopped: 0.0014347 seconds, Stopping threads took: 0.0005589 seconds
[2023-10-30T22:52:44.607+0000][743.261s][debug][safepoint     ] Safepoint synchronization initiated. (185 threads)
[2023-10-30T22:52:44.608+0000][743.261s][info ][safepoint     ] Application time: 1.0010266 seconds
[2023-10-30T22:52:44.608+0000][743.262s][info ][safepoint     ] Entering safepoint region: Cleanup
[2023-10-30T22:52:44.610+0000][743.263s][info ][safepoint     ] Leaving safepoint region
[2023-10-30T22:52:44.610+0000][743.264s][info ][safepoint     ] Total time for which application threads were stopped: 0.0018455 seconds, Stopping threads took: 0.0008080 seconds
[2023-10-30T22:52:45.611+0000][744.265s][debug][safepoint     ] Safepoint synchronization initiated. (185 threads)
[2023-10-30T22:52:45.612+0000][744.266s][info ][safepoint     ] Application time: 1.0011551 seconds
[2023-10-30T22:52:45.613+0000][744.266s][info ][safepoint     ] Entering safepoint region: Cleanup
[2023-10-30T22:52:45.614+0000][744.267s][info ][safepoint     ] Leaving safepoint region
[2023-10-30T22:52:45.615+0000][744.268s][info ][safepoint     ] Total time for which application threads were stopped: 0.0017567 seconds, Stopping threads took: 0.0007760 seconds
[2023-10-30T22:52:46.615+0000][745.269s][debug][safepoint     ] Safepoint synchronization initiated. (185 threads)
[2023-10-30T22:52:46.616+0000][745.270s][info ][safepoint     ] Application time: 1.0008200 seconds
[2023-10-30T22:52:46.617+0000][745.270s][info ][safepoint     ] Entering safepoint region: Cleanup
[2023-10-30T22:52:46.617+0000][745.271s][info ][safepoint     ] Leaving safepoint region
[2023-10-30T22:52:46.618+0000][745.271s][info ][safepoint     ] Total time for which application threads were stopped: 0.0010828 seconds, Stopping threads took: 0.0004657 seconds
[2023-10-30T22:52:47.618+0000][746.272s][debug][safepoint     ] Safepoint synchronization initiated. (185 threads)
[2023-10-30T22:52:47.619+0000][746.272s][info ][safepoint     ] Application time: 1.0010439 seconds
[2023-10-30T22:52:47.620+0000][746.273s][info ][safepoint     ] Entering safepoint region: Cleanup
[2023-10-30T22:52:47.620+0000][746.274s][info ][safepoint     ] Leaving safepoint region
[2023-10-30T22:52:47.621+0000][746.275s][info ][safepoint     ] Total time for which application threads were stopped: 0.0015696 seconds, Stopping threads took: 0.0006541 seconds
[2023-10-30T22:52:48.622+0000][747.275s][debug][safepoint     ] Safepoint synchronization initiated. (185 threads)
[2023-10-30T22:52:48.623+0000][747.276s][info ][safepoint     ] Application time: 1.0010496 seconds
[2023-10-30T22:52:48.624+0000][747.277s][info ][safepoint     ] Entering safepoint region: Cleanup
[2023-10-30T22:52:48.626+0000][747.279s][info ][safepoint     ] Leaving safepoint region
[2023-10-30T22:52:48.627+0000][747.281s][info ][safepoint     ] Total time for which application threads were stopped: 0.0036212 seconds, Stopping threads took: 0.0014089 seconds
[2023-10-30T22:52:49.628+0000][748.281s][debug][safepoint     ] Safepoint synchronization initiated. (185 threads)
[2023-10-30T22:52:49.628+0000][748.282s][info ][safepoint     ] Application time: 1.0006005 seconds
[2023-10-30T22:52:49.629+0000][748.283s][info ][safepoint     ] Entering safepoint region: Cleanup
[2023-10-30T22:52:49.630+0000][748.284s][info ][safepoint     ] Leaving safepoint region
[2023-10-30T22:52:49.631+0000][748.284s][info ][safepoint     ] Total time for which application threads were stopped: 0.0019577 seconds, Stopping threads took: 0.0012839 seconds
[2023-10-30T22:52:50.632+0000][749.286s][debug][safepoint     ] Safepoint synchronization initiated. (185 threads)
[2023-10-30T22:52:50.633+0000][749.287s][info ][safepoint     ] Application time: 1.0018858 seconds
[2023-10-30T22:52:50.634+0000][749.287s][info ][safepoint     ] Entering safepoint region: Cleanup
[2023-10-30T22:52:50.635+0000][749.288s][info ][safepoint     ] Leaving safepoint region
[2023-10-30T22:52:50.635+0000][749.289s][info ][safepoint     ] Total time for which application threads were stopped: 0.0014207 seconds, Stopping threads took: 0.0006849 seconds
[2023-10-30T22:52:51.636+0000][750.290s][debug][safepoint     ] Safepoint synchronization initiated. (185 threads)
[2023-10-30T22:52:51.637+0000][750.290s][info ][safepoint     ] Application time: 1.0006915 seconds
[2023-10-30T22:52:51.637+0000][750.291s][info ][safepoint     ] Entering safepoint region: Cleanup
[2023-10-30T22:52:51.638+0000][750.291s][info ][safepoint     ] Leaving safepoint region
[2023-10-30T22:52:51.638+0000][750.291s][info ][safepoint     ] Total time for which application threads were stopped: 0.0009906 seconds, Stopping threads took: 0.0004481 seconds
[2023-10-30T22:52:52.639+0000][751.292s][debug][safepoint     ] Safepoint synchronization initiated. (185 threads)
[2023-10-30T22:52:52.639+0000][751.293s][info ][safepoint     ] Application time: 1.0008180 seconds
[2023-10-30T22:52:52.640+0000][751.294s][info ][safepoint     ] Entering safepoint region: Cleanup
[2023-10-30T22:52:52.641+0000][751.294s][info ][safepoint     ] Leaving safepoint region
[2023-10-30T22:52:52.641+0000][751.295s][info ][safepoint     ] Total time for which application threads were stopped: 0.0014268 seconds, Stopping threads took: 0.0005648 seconds
[2023-10-30T22:52:53.642+0000][752.296s][debug][safepoint     ] Safepoint synchronization initiated. (185 threads)
[2023-10-30T22:52:53.642+0000][752.297s][info ][safepoint     ] Application time: 1.0010463 seconds
[2023-10-30T22:52:53.643+0000][752.297s][info ][safepoint     ] Entering safepoint region: Cleanup
[2023-10-30T22:52:53.644+0000][752.298s][info ][safepoint     ] Leaving safepoint region
[2023-10-30T22:52:53.644+0000][752.299s][info ][safepoint     ] Total time for which application threads were stopped: 0.0014914 seconds, Stopping threads took: 0.0007367 seconds
[2023-10-30T22:52:54.645+0000][753.300s][debug][safepoint     ] Safepoint synchronization initiated. (185 threads)
[2023-10-30T22:52:54.646+0000][753.300s][info ][safepoint     ] Application time: 1.0011551 seconds
[2023-10-30T22:52:54.647+0000][753.301s][info ][safepoint     ] Entering safepoint region: Cleanup
[2023-10-30T22:52:54.648+0000][753.302s][info ][safepoint     ] Leaving safepoint region
[2023-10-30T22:52:54.649+0000][753.303s][info ][safepoint     ] Total time for which application threads were stopped: 0.0016082 seconds, Stopping threads took: 0.0007275 seconds
[2023-10-30T22:52:55.649+0000][754.304s][debug][safepoint     ] Safepoint synchronization initiated. (185 threads)
[2023-10-30T22:52:55.651+0000][754.305s][info ][safepoint     ] Application time: 1.0014151 seconds
[2023-10-30T22:52:55.652+0000][754.306s][info ][safepoint     ] Entering safepoint region: Cleanup
[2023-10-30T22:52:55.653+0000][754.308s][info ][safepoint     ] Leaving safepoint region
[2023-10-30T22:52:55.654+0000][754.308s][info ][safepoint     ] Total time for which application threads were stopped: 0.0023489 seconds, Stopping threads took: 0.0010796 seconds
[2023-10-30T22:52:56.655+0000][755.310s][debug][safepoint     ] Safepoint synchronization initiated. (185 threads)
[2023-10-30T22:52:56.656+0000][755.310s][info ][safepoint     ] Application time: 1.0009045 seconds
[2023-10-30T22:52:56.657+0000][755.311s][info ][safepoint     ] Entering safepoint region: Cleanup
[2023-10-30T22:52:56.658+0000][755.312s][info ][safepoint     ] Leaving safepoint region
[2023-10-30T22:52:56.658+0000][755.313s][info ][safepoint     ] Total time for which application threads were stopped: 0.0016356 seconds, Stopping threads took: 0.0009282 seconds
[2023-10-30T22:52:57.659+0000][756.313s][debug][safepoint     ] Safepoint synchronization initiated. (185 threads)
[2023-10-30T22:52:57.659+0000][756.314s][info ][safepoint     ] Application time: 1.0009540 seconds
[2023-10-30T22:52:57.660+0000][756.314s][info ][safepoint     ] Entering safepoint region: Cleanup
[2023-10-30T22:52:57.661+0000][756.315s][info ][safepoint     ] Leaving safepoint region
[2023-10-30T22:52:57.661+0000][756.316s][info ][safepoint     ] Total time for which application threads were stopped: 0.0014096 seconds, Stopping threads took: 0.0006854 seconds
[2023-10-30T22:52:58.662+0000][757.317s][debug][safepoint     ] Safepoint synchronization initiated. (185 threads)
[2023-10-30T22:52:58.663+0000][757.318s][info ][safepoint     ] Application time: 1.0014731 seconds
[2023-10-30T22:52:58.664+0000][757.319s][info ][safepoint     ] Entering safepoint region: Cleanup
[2023-10-30T22:52:58.666+0000][757.320s][info ][safepoint     ] Leaving safepoint region
[2023-10-30T22:52:58.667+0000][757.321s][info ][safepoint     ] Total time for which application threads were stopped: 0.0022609 seconds, Stopping threads took: 0.0010800 seconds
[2023-10-30T22:52:59.668+0000][758.322s][debug][safepoint     ] Safepoint synchronization initiated. (185 threads)
[2023-10-30T22:52:59.669+0000][758.323s][info ][safepoint     ] Application time: 1.0011499 seconds
[2023-10-30T22:52:59.670+0000][758.324s][info ][safepoint     ] Entering safepoint region: Cleanup
[2023-10-30T22:52:59.671+0000][758.325s][info ][safepoint     ] Leaving safepoint region
[2023-10-30T22:52:59.671+0000][758.326s][info ][safepoint     ] Total time for which application threads were stopped: 0.0019111 seconds, Stopping threads took: 0.0007984 seconds
[2023-10-30T22:53:00.672+0000][759.327s][debug][safepoint     ] Safepoint synchronization initiated. (185 threads)
[2023-10-30T22:53:00.673+0000][759.327s][info ][safepoint     ] Application time: 1.0006573 seconds
[2023-10-30T22:53:00.673+0000][759.328s][info ][safepoint     ] Entering safepoint region: Cleanup
[2023-10-30T22:53:00.674+0000][759.328s][info ][safepoint     ] Leaving safepoint region
[2023-10-30T22:53:00.674+0000][759.329s][info ][safepoint     ] Total time for which application threads were stopped: 0.0010619 seconds, Stopping threads took: 0.0003812 seconds
[2023-10-30T22:53:01.675+0000][760.329s][debug][safepoint     ] Safepoint synchronization initiated. (185 threads)
[2023-10-30T22:53:01.675+0000][760.330s][info ][safepoint     ] Application time: 1.0006720 seconds
[2023-10-30T22:53:01.676+0000][760.330s][info ][safepoint     ] Entering safepoint region: Cleanup
[2023-10-30T22:53:01.676+0000][760.331s][info ][safepoint     ] Leaving safepoint region
[2023-10-30T22:53:01.677+0000][760.331s][info ][safepoint     ] Total time for which application threads were stopped: 0.0009328 seconds, Stopping threads took: 0.0003981 seconds
[2023-10-30T22:53:02.677+0000][761.332s][debug][safepoint     ] Safepoint synchronization initiated. (185 threads)
[2023-10-30T22:53:02.679+0000][761.333s][info ][safepoint     ] Application time: 1.0020423 seconds
[2023-10-30T22:53:02.679+0000][761.334s][info ][safepoint     ] Entering safepoint region: Cleanup
[2023-10-30T22:53:02.680+0000][761.335s][info ][safepoint     ] Leaving safepoint region
[2023-10-30T22:53:02.680+0000][761.335s][info ][safepoint     ] Total time for which application threads were stopped: 0.0010225 seconds, Stopping threads took: 0.0005181 seconds
[2023-10-30T22:53:03.681+0000][762.335s][debug][safepoint     ] Safepoint synchronization initiated. (184 threads)
[2023-10-30T22:53:03.682+0000][762.336s][info ][safepoint     ] Application time: 1.0011672 seconds
[2023-10-30T22:53:03.683+0000][762.337s][info ][safepoint     ] Entering safepoint region: Cleanup
[2023-10-30T22:53:03.684+0000][762.338s][info ][safepoint     ] Leaving safepoint region
[2023-10-30T22:53:03.684+0000][762.339s][info ][safepoint     ] Total time for which application threads were stopped: 0.0016704 seconds, Stopping threads took: 0.0007947 seconds
[2023-10-30T22:53:04.686+0000][763.340s][debug][safepoint     ] Safepoint synchronization initiated. (184 threads)
[2023-10-30T22:53:04.695+0000][763.349s][info ][safepoint     ] Application time: 1.0098004 seconds
[2023-10-30T22:53:04.699+0000][763.354s][info ][safepoint     ] Entering safepoint region: Cleanup
[2023-10-30T22:53:04.716+0000][763.370s][info ][safepoint     ] Leaving safepoint region
[2023-10-30T22:53:04.723+0000][763.377s][info ][safepoint     ] Total time for which application threads were stopped: 0.0233988 seconds, Stopping threads took: 0.0161684 seconds
[2023-10-30T22:53:05.737+0000][764.391s][debug][safepoint     ] Safepoint synchronization initiated. (184 threads)
[2023-10-30T22:53:05.737+0000][764.392s][info ][safepoint     ] Application time: 1.0006580 seconds
[2023-10-30T22:53:05.738+0000][764.392s][info ][safepoint     ] Entering safepoint region: Cleanup
[2023-10-30T22:53:05.738+0000][764.393s][info ][safepoint     ] Leaving safepoint region
[2023-10-30T22:53:05.739+0000][764.393s][info ][safepoint     ] Total time for which application threads were stopped: 0.0009077 seconds, Stopping threads took: 0.0004108 seconds
[2023-10-30T22:53:06.739+0000][765.394s][debug][safepoint     ] Safepoint synchronization initiated. (184 threads)
[2023-10-30T22:53:06.741+0000][765.395s][info ][safepoint     ] Application time: 1.0020028 seconds
[2023-10-30T22:53:06.741+0000][765.396s][info ][safepoint     ] Entering safepoint region: Cleanup
[2023-10-30T22:53:06.742+0000][765.397s][info ][safepoint     ] Leaving safepoint region
[2023-10-30T22:53:06.743+0000][765.397s][info ][safepoint     ] Total time for which application threads were stopped: 0.0011713 seconds, Stopping threads took: 0.0004825 seconds
[2023-10-30T22:53:07.743+0000][766.398s][debug][safepoint     ] Safepoint synchronization initiated. (184 threads)
[2023-10-30T22:53:07.744+0000][766.399s][info ][safepoint     ] Application time: 1.0011486 seconds
[2023-10-30T22:53:07.745+0000][766.399s][info ][safepoint     ] Entering safepoint region: Cleanup
[2023-10-30T22:53:07.746+0000][766.400s][info ][safepoint     ] Leaving safepoint region
[2023-10-30T22:53:07.746+0000][766.401s][info ][safepoint     ] Total time for which application threads were stopped: 0.0013665 seconds, Stopping threads took: 0.0005650 seconds
[2023-10-30T22:53:08.747+0000][767.401s][debug][safepoint     ] Safepoint synchronization initiated. (184 threads)
[2023-10-30T22:53:08.748+0000][767.402s][info ][safepoint     ] Application time: 1.0007996 seconds
[2023-10-30T22:53:08.748+0000][767.403s][info ][safepoint     ] Entering safepoint region: Cleanup
[2023-10-30T22:53:08.749+0000][767.403s][info ][safepoint     ] Leaving safepoint region
[2023-10-30T22:53:08.749+0000][767.404s][info ][safepoint     ] Total time for which application threads were stopped: 0.0010521 seconds, Stopping threads took: 0.0004908 seconds
[2023-10-30T22:53:09.750+0000][768.404s][debug][safepoint     ] Safepoint synchronization initiated. (184 threads)
[2023-10-30T22:53:09.750+0000][768.405s][info ][safepoint     ] Application time: 1.0008824 seconds
[2023-10-30T22:53:09.751+0000][768.405s][info ][safepoint     ] Entering safepoint region: Cleanup
[2023-10-30T22:53:09.752+0000][768.406s][info ][safepoint     ] Leaving safepoint region
[2023-10-30T22:53:09.752+0000][768.407s][info ][safepoint     ] Total time for which application threads were stopped: 0.0012009 seconds, Stopping threads took: 0.0004972 seconds
[2023-10-30T22:53:10.753+0000][769.407s][debug][safepoint     ] Safepoint synchronization initiated. (184 threads)
[2023-10-30T22:53:10.753+0000][769.408s][info ][safepoint     ] Application time: 1.0008746 seconds
[2023-10-30T22:53:10.754+0000][769.409s][info ][safepoint     ] Entering safepoint region: Cleanup
[2023-10-30T22:53:10.755+0000][769.409s][info ][safepoint     ] Leaving safepoint region
[2023-10-30T22:53:10.755+0000][769.410s][info ][safepoint     ] Total time for which application threads were stopped: 0.0012599 seconds, Stopping threads took: 0.0005338 seconds
[2023-10-30T22:53:11.756+0000][770.410s][debug][safepoint     ] Safepoint synchronization initiated. (184 threads)
[2023-10-30T22:53:11.756+0000][770.411s][info ][safepoint     ] Application time: 1.0005815 seconds
[2023-10-30T22:53:11.757+0000][770.411s][info ][safepoint     ] Entering safepoint region: Cleanup
[2023-10-30T22:53:11.757+0000][770.412s][info ][safepoint     ] Leaving safepoint region
[2023-10-30T22:53:11.758+0000][770.412s][info ][safepoint     ] Total time for which application threads were stopped: 0.0009049 seconds, Stopping threads took: 0.0003767 seconds
[2023-10-30T22:53:12.758+0000][771.413s][debug][safepoint     ] Safepoint synchronization initiated. (184 threads)
[2023-10-30T22:53:12.759+0000][771.414s][info ][safepoint     ] Application time: 1.0011326 seconds
[2023-10-30T22:53:12.760+0000][771.415s][info ][safepoint     ] Entering safepoint region: Cleanup
[2023-10-30T22:53:12.761+0000][771.416s][info ][safepoint     ] Leaving safepoint region
[2023-10-30T22:53:12.762+0000][771.416s][info ][safepoint     ] Total time for which application threads were stopped: 0.0019801 seconds, Stopping threads took: 0.0008910 seconds
[2023-10-30T22:53:13.763+0000][772.417s][debug][safepoint     ] Safepoint synchronization initiated. (186 threads)
[2023-10-30T22:53:13.764+0000][772.418s][info ][safepoint     ] Application time: 1.0011463 seconds
[2023-10-30T22:53:13.765+0000][772.420s][info ][safepoint     ] Entering safepoint region: Cleanup
[2023-10-30T22:53:13.767+0000][772.421s][info ][safepoint     ] Leaving safepoint region
[2023-10-30T22:53:13.767+0000][772.421s][info ][safepoint     ] Total time for which application threads were stopped: 0.0020738 seconds, Stopping threads took: 0.0012386 seconds
[2023-10-30T22:53:14.768+0000][773.422s][debug][safepoint     ] Safepoint synchronization initiated. (186 threads)
[2023-10-30T22:53:14.768+0000][773.423s][info ][safepoint     ] Application time: 1.0005645 seconds
[2023-10-30T22:53:14.769+0000][773.423s][info ][safepoint     ] Entering safepoint region: Cleanup
[2023-10-30T22:53:14.769+0000][773.424s][info ][safepoint     ] Leaving safepoint region
[2023-10-30T22:53:14.769+0000][773.424s][info ][safepoint     ] Total time for which application threads were stopped: 0.0008022 seconds, Stopping threads took: 0.0003360 seconds
[2023-10-30T22:53:15.770+0000][774.424s][debug][safepoint     ] Safepoint synchronization initiated. (186 threads)
[2023-10-30T22:53:15.770+0000][774.425s][info ][safepoint     ] Application time: 1.0006697 seconds
[2023-10-30T22:53:15.771+0000][774.425s][info ][safepoint     ] Entering safepoint region: Cleanup
[2023-10-30T22:53:15.771+0000][774.426s][info ][safepoint     ] Leaving safepoint region
[2023-10-30T22:53:15.771+0000][774.426s][info ][safepoint     ] Total time for which application threads were stopped: 0.0008176 seconds, Stopping threads took: 0.0003360 seconds
[2023-10-30T22:53:16.772+0000][775.426s][debug][safepoint     ] Safepoint synchronization initiated. (186 threads)
[2023-10-30T22:53:16.773+0000][775.427s][info ][safepoint     ] Application time: 1.0008653 seconds
[2023-10-30T22:53:16.773+0000][775.428s][info ][safepoint     ] Entering safepoint region: Cleanup
[2023-10-30T22:53:16.774+0000][775.428s][info ][safepoint     ] Leaving safepoint region
[2023-10-30T22:53:16.774+0000][775.429s][info ][safepoint     ] Total time for which application threads were stopped: 0.0013044 seconds, Stopping threads took: 0.0005001 seconds
[2023-10-30T22:53:17.775+0000][776.429s][debug][safepoint     ] Safepoint synchronization initiated. (186 threads)
[2023-10-30T22:53:17.775+0000][776.430s][info ][safepoint     ] Application time: 1.0006207 seconds
[2023-10-30T22:53:17.776+0000][776.430s][info ][safepoint     ] Entering safepoint region: Cleanup
[2023-10-30T22:53:17.776+0000][776.431s][info ][safepoint     ] Leaving safepoint region
[2023-10-30T22:53:17.777+0000][776.431s][info ][safepoint     ] Total time for which application threads were stopped: 0.0012728 seconds, Stopping threads took: 0.0004300 seconds
[2023-10-30T22:53:18.778+0000][777.432s][debug][safepoint     ] Safepoint synchronization initiated. (186 threads)
[2023-10-30T22:53:18.778+0000][777.433s][info ][safepoint     ] Application time: 1.0009659 seconds
[2023-10-30T22:53:18.779+0000][777.434s][info ][safepoint     ] Entering safepoint region: Cleanup
[2023-10-30T22:53:18.780+0000][777.435s][info ][safepoint     ] Leaving safepoint region
[2023-10-30T22:53:18.781+0000][777.435s][info ][safepoint     ] Total time for which application threads were stopped: 0.0016304 seconds, Stopping threads took: 0.0007536 seconds
[2023-10-30T22:53:19.782+0000][778.436s][debug][safepoint     ] Safepoint synchronization initiated. (186 threads)
[2023-10-30T22:53:19.782+0000][778.437s][info ][safepoint     ] Application time: 1.0007509 seconds
[2023-10-30T22:53:19.783+0000][778.437s][info ][safepoint     ] Entering safepoint region: Cleanup
[2023-10-30T22:53:19.784+0000][778.438s][info ][safepoint     ] Leaving safepoint region
[2023-10-30T22:53:19.784+0000][778.439s][info ][safepoint     ] Total time for which application threads were stopped: 0.0012094 seconds, Stopping threads took: 0.0004952 seconds
[2023-10-30T22:53:20.785+0000][779.439s][debug][safepoint     ] Safepoint synchronization initiated. (186 threads)
[2023-10-30T22:53:20.785+0000][779.440s][info ][safepoint     ] Application time: 1.0005827 seconds
[2023-10-30T22:53:20.785+0000][779.440s][info ][safepoint     ] Entering safepoint region: Cleanup
[2023-10-30T22:53:20.786+0000][779.440s][info ][safepoint     ] Leaving safepoint region
[2023-10-30T22:53:20.786+0000][779.441s][info ][safepoint     ] Total time for which application threads were stopped: 0.0008209 seconds, Stopping threads took: 0.0003414 seconds
[2023-10-30T22:53:21.787+0000][780.441s][debug][safepoint     ] Safepoint synchronization initiated. (186 threads)
[2023-10-30T22:53:21.787+0000][780.442s][info ][safepoint     ] Application time: 1.0006949 seconds
[2023-10-30T22:53:21.788+0000][780.442s][info ][safepoint     ] Entering safepoint region: Cleanup
[2023-10-30T22:53:21.788+0000][780.443s][info ][safepoint     ] Leaving safepoint region
[2023-10-30T22:53:21.789+0000][780.443s][info ][safepoint     ] Total time for which application threads were stopped: 0.0012169 seconds, Stopping threads took: 0.0005048 seconds
[2023-10-30T22:53:22.790+0000][781.444s][debug][safepoint     ] Safepoint synchronization initiated. (186 threads)
[2023-10-30T22:53:22.791+0000][781.445s][info ][safepoint     ] Application time: 1.0010141 seconds
[2023-10-30T22:53:22.792+0000][781.446s][info ][safepoint     ] Entering safepoint region: Cleanup
[2023-10-30T22:53:22.792+0000][781.447s][info ][safepoint     ] Leaving safepoint region
[2023-10-30T22:53:22.793+0000][781.447s][info ][safepoint     ] Total time for which application threads were stopped: 0.0014320 seconds, Stopping threads took: 0.0006381 seconds
[2023-10-30T22:53:23.794+0000][782.448s][debug][safepoint     ] Safepoint synchronization initiated. (186 threads)
[2023-10-30T22:53:23.795+0000][782.449s][info ][safepoint     ] Application time: 1.0010834 seconds
[2023-10-30T22:53:23.796+0000][782.450s][info ][safepoint     ] Entering safepoint region: Cleanup
[2023-10-30T22:53:23.796+0000][782.450s][info ][safepoint     ] Leaving safepoint region
[2023-10-30T22:53:23.797+0000][782.451s][info ][safepoint     ] Total time for which application threads were stopped: 0.0012352 seconds, Stopping threads took: 0.0005496 seconds
[2023-10-30T22:53:27.798+0000][786.452s][debug][safepoint     ] Safepoint synchronization initiated. (186 threads)
[2023-10-30T22:53:27.799+0000][786.453s][info ][safepoint     ] Application time: 4.0015461 seconds
[2023-10-30T22:53:27.799+0000][786.453s][info ][safepoint     ] Entering safepoint region: Cleanup
[2023-10-30T22:53:27.800+0000][786.454s][info ][safepoint     ] Leaving safepoint region
[2023-10-30T22:53:27.801+0000][786.454s][info ][safepoint     ] Total time for which application threads were stopped: 0.0011600 seconds, Stopping threads took: 0.0005145 seconds
[2023-10-30T22:53:29.801+0000][788.455s][debug][safepoint     ] Safepoint synchronization initiated. (191 threads)
[2023-10-30T22:53:29.802+0000][788.456s][info ][safepoint     ] Application time: 2.0008226 seconds
[2023-10-30T22:53:29.802+0000][788.456s][info ][safepoint     ] Entering safepoint region: Cleanup
[2023-10-30T22:53:29.803+0000][788.457s][info ][safepoint     ] Leaving safepoint region
[2023-10-30T22:53:29.803+0000][788.457s][info ][safepoint     ] Total time for which application threads were stopped: 0.0012931 seconds, Stopping threads took: 0.0006529 seconds
[2023-10-30T22:53:30.804+0000][789.458s][debug][safepoint     ] Safepoint synchronization initiated. (190 threads)
[2023-10-30T22:53:30.805+0000][789.458s][info ][safepoint     ] Application time: 1.0007093 seconds
[2023-10-30T22:53:30.805+0000][789.459s][info ][safepoint     ] Entering safepoint region: Cleanup
[2023-10-30T22:53:30.806+0000][789.459s][info ][safepoint     ] Leaving safepoint region
[2023-10-30T22:53:30.806+0000][789.460s][info ][safepoint     ] Total time for which application threads were stopped: 0.0010953 seconds, Stopping threads took: 0.0004836 seconds
[2023-10-30T22:53:31.807+0000][790.460s][debug][safepoint     ] Safepoint synchronization initiated. (190 threads)
[2023-10-30T22:53:31.807+0000][790.461s][info ][safepoint     ] Application time: 1.0010427 seconds
[2023-10-30T22:53:31.808+0000][790.462s][info ][safepoint     ] Entering safepoint region: Cleanup
[2023-10-30T22:53:31.809+0000][790.463s][info ][safepoint     ] Leaving safepoint region
[2023-10-30T22:53:31.810+0000][790.464s][info ][safepoint     ] Total time for which application threads were stopped: 0.0017382 seconds, Stopping threads took: 0.0009104 seconds
[2023-10-30T22:53:32.811+0000][791.465s][debug][safepoint     ] Safepoint synchronization initiated. (190 threads)
[2023-10-30T22:53:32.811+0000][791.465s][info ][safepoint     ] Application time: 1.0006188 seconds
[2023-10-30T22:53:32.812+0000][791.465s][info ][safepoint     ] Entering safepoint region: Cleanup
[2023-10-30T22:53:32.812+0000][791.466s][info ][safepoint     ] Leaving safepoint region
[2023-10-30T22:53:32.812+0000][791.466s][info ][safepoint     ] Total time for which application threads were stopped: 0.0008535 seconds, Stopping threads took: 0.0003540 seconds
[2023-10-30T22:53:33.813+0000][792.467s][debug][safepoint     ] Safepoint synchronization initiated. (190 threads)
[2023-10-30T22:53:33.814+0000][792.468s][info ][safepoint     ] Application time: 1.0014590 seconds
[2023-10-30T22:53:33.815+0000][792.469s][info ][safepoint     ] Entering safepoint region: Cleanup
[2023-10-30T22:53:33.816+0000][792.470s][info ][safepoint     ] Leaving safepoint region
[2023-10-30T22:53:33.817+0000][792.471s][info ][safepoint     ] Total time for which application threads were stopped: 0.0021251 seconds, Stopping threads took: 0.0010630 seconds
[2023-10-30T22:53:34.818+0000][793.472s][debug][safepoint     ] Safepoint synchronization initiated. (190 threads)
[2023-10-30T22:53:34.819+0000][793.473s][info ][safepoint     ] Application time: 1.0012219 seconds
[2023-10-30T22:53:34.820+0000][793.474s][info ][safepoint     ] Entering safepoint region: Cleanup
[2023-10-30T22:53:34.821+0000][793.475s][info ][safepoint     ] Leaving safepoint region
[2023-10-30T22:53:34.822+0000][793.476s][info ][safepoint     ] Total time for which application threads were stopped: 0.0017535 seconds, Stopping threads took: 0.0007962 seconds
[2023-10-30T22:53:35.823+0000][794.477s][debug][safepoint     ] Safepoint synchronization initiated. (190 threads)
[2023-10-30T22:53:35.824+0000][794.478s][info ][safepoint     ] Application time: 1.0012756 seconds
[2023-10-30T22:53:35.825+0000][794.479s][info ][safepoint     ] Entering safepoint region: Cleanup
[2023-10-30T22:53:35.826+0000][794.480s][info ][safepoint     ] Leaving safepoint region
[2023-10-30T22:53:35.827+0000][794.481s][info ][safepoint     ] Total time for which application threads were stopped: 0.0022462 seconds, Stopping threads took: 0.0010041 seconds
[2023-10-30T22:53:36.828+0000][795.482s][debug][safepoint     ] Safepoint synchronization initiated. (190 threads)
[2023-10-30T22:53:36.830+0000][795.484s][info ][safepoint     ] Application time: 1.0018170 seconds
[2023-10-30T22:53:36.831+0000][795.485s][info ][safepoint     ] Entering safepoint region: Cleanup
[2023-10-30T22:53:36.832+0000][795.486s][info ][safepoint     ] Leaving safepoint region
[2023-10-30T22:53:36.833+0000][795.487s][info ][safepoint     ] Total time for which application threads were stopped: 0.0022288 seconds, Stopping threads took: 0.0009397 seconds
[2023-10-30T22:53:37.835+0000][796.488s][debug][safepoint     ] Safepoint synchronization initiated. (190 threads)
[2023-10-30T22:53:37.836+0000][796.490s][info ][safepoint     ] Application time: 1.0015982 seconds
[2023-10-30T22:53:37.837+0000][796.491s][info ][safepoint     ] Entering safepoint region: Cleanup
[2023-10-30T22:53:37.838+0000][796.492s][info ][safepoint     ] Leaving safepoint region
[2023-10-30T22:53:37.839+0000][796.492s][info ][safepoint     ] Total time for which application threads were stopped: 0.0019126 seconds, Stopping threads took: 0.0008775 seconds
[2023-10-30T22:53:38.840+0000][797.493s][debug][safepoint     ] Safepoint synchronization initiated. (190 threads)
[2023-10-30T22:53:38.841+0000][797.494s][info ][safepoint     ] Application time: 1.0012855 seconds
[2023-10-30T22:53:38.842+0000][797.495s][info ][safepoint     ] Entering safepoint region: Cleanup
[2023-10-30T22:53:38.843+0000][797.497s][info ][safepoint     ] Leaving safepoint region
[2023-10-30T22:53:38.843+0000][797.497s][info ][safepoint     ] Total time for which application threads were stopped: 0.0019157 seconds, Stopping threads took: 0.0009526 seconds
[2023-10-30T22:53:39.844+0000][798.498s][debug][safepoint     ] Safepoint synchronization initiated. (190 threads)
[2023-10-30T22:53:39.845+0000][798.499s][info ][safepoint     ] Application time: 1.0012642 seconds
[2023-10-30T22:53:39.846+0000][798.500s][info ][safepoint     ] Entering safepoint region: Cleanup
[2023-10-30T22:53:39.848+0000][798.501s][info ][safepoint     ] Leaving safepoint region
[2023-10-30T22:53:39.848+0000][798.502s][info ][safepoint     ] Total time for which application threads were stopped: 0.0020097 seconds, Stopping threads took: 0.0009426 seconds
[2023-10-30T22:53:40.849+0000][799.503s][debug][safepoint     ] Safepoint synchronization initiated. (190 threads)
[2023-10-30T22:53:40.850+0000][799.504s][info ][safepoint     ] Application time: 1.0013008 seconds
[2023-10-30T22:53:40.851+0000][799.505s][info ][safepoint     ] Entering safepoint region: Cleanup
[2023-10-30T22:53:40.852+0000][799.506s][info ][safepoint     ] Leaving safepoint region
[2023-10-30T22:53:40.853+0000][799.507s][info ][safepoint     ] Total time for which application threads were stopped: 0.0018341 seconds, Stopping threads took: 0.0007966 seconds
[2023-10-30T22:53:41.854+0000][800.508s][debug][safepoint     ] Safepoint synchronization initiated. (190 threads)
[2023-10-30T22:53:41.855+0000][800.509s][info ][safepoint     ] Application time: 1.0012444 seconds
[2023-10-30T22:53:41.856+0000][800.509s][info ][safepoint     ] Entering safepoint region: Cleanup
[2023-10-30T22:53:41.857+0000][800.510s][info ][safepoint     ] Leaving safepoint region
[2023-10-30T22:53:41.857+0000][800.511s][info ][safepoint     ] Total time for which application threads were stopped: 0.0015542 seconds, Stopping threads took: 0.0006560 seconds
[2023-10-30T22:53:42.858+0000][801.512s][debug][safepoint     ] Safepoint synchronization initiated. (190 threads)
[2023-10-30T22:53:42.859+0000][801.513s][info ][safepoint     ] Application time: 1.0011643 seconds
[2023-10-30T22:53:42.860+0000][801.514s][info ][safepoint     ] Entering safepoint region: Cleanup
[2023-10-30T22:53:42.861+0000][801.515s][info ][safepoint     ] Leaving safepoint region
[2023-10-30T22:53:42.861+0000][801.515s][info ][safepoint     ] Total time for which application threads were stopped: 0.0013860 seconds, Stopping threads took: 0.0006296 seconds
[2023-10-30T22:53:43.862+0000][802.516s][debug][safepoint     ] Safepoint synchronization initiated. (190 threads)
[2023-10-30T22:53:43.863+0000][802.517s][info ][safepoint     ] Application time: 1.0011166 seconds
[2023-10-30T22:53:43.865+0000][802.519s][info ][safepoint     ] Entering safepoint region: Cleanup
[2023-10-30T22:53:43.866+0000][802.520s][info ][safepoint     ] Leaving safepoint region
[2023-10-30T22:53:43.867+0000][802.521s][info ][safepoint     ] Total time for which application threads were stopped: 0.0018348 seconds, Stopping threads took: 0.0008061 seconds
[2023-10-30T22:53:44.868+0000][803.522s][debug][safepoint     ] Safepoint synchronization initiated. (190 threads)
[2023-10-30T22:53:44.869+0000][803.523s][info ][safepoint     ] Application time: 1.0016102 seconds
[2023-10-30T22:53:44.870+0000][803.524s][info ][safepoint     ] Entering safepoint region: Cleanup
[2023-10-30T22:53:44.872+0000][803.526s][info ][safepoint     ] Leaving safepoint region
[2023-10-30T22:53:44.873+0000][803.526s][info ][safepoint     ] Total time for which application threads were stopped: 0.0023422 seconds, Stopping threads took: 0.0010204 seconds
[2023-10-30T22:53:45.874+0000][804.527s][debug][safepoint     ] Safepoint synchronization initiated. (190 threads)
[2023-10-30T22:53:45.875+0000][804.528s][info ][safepoint     ] Application time: 1.0010686 seconds
[2023-10-30T22:53:45.875+0000][804.529s][info ][safepoint     ] Entering safepoint region: Cleanup
[2023-10-30T22:53:45.876+0000][804.530s][info ][safepoint     ] Leaving safepoint region
[2023-10-30T22:53:45.877+0000][804.530s][info ][safepoint     ] Total time for which application threads were stopped: 0.0013653 seconds, Stopping threads took: 0.0006981 seconds
[2023-10-30T22:53:46.877+0000][805.531s][debug][safepoint     ] Safepoint synchronization initiated. (190 threads)
[2023-10-30T22:53:46.878+0000][805.532s][info ][safepoint     ] Application time: 1.0012559 seconds
[2023-10-30T22:53:46.879+0000][805.533s][info ][safepoint     ] Entering safepoint region: Cleanup
[2023-10-30T22:53:46.880+0000][805.534s][info ][safepoint     ] Leaving safepoint region
[2023-10-30T22:53:46.881+0000][805.535s][info ][safepoint     ] Total time for which application threads were stopped: 0.0020610 seconds, Stopping threads took: 0.0008752 seconds
[2023-10-30T22:53:47.882+0000][806.536s][debug][safepoint     ] Safepoint synchronization initiated. (190 threads)
[2023-10-30T22:53:47.884+0000][806.537s][info ][safepoint     ] Application time: 1.0015093 seconds
[2023-10-30T22:53:47.885+0000][806.539s][info ][safepoint     ] Entering safepoint region: Cleanup
[2023-10-30T22:53:47.886+0000][806.540s][info ][safepoint     ] Leaving safepoint region
[2023-10-30T22:53:47.887+0000][806.541s][info ][safepoint     ] Total time for which application threads were stopped: 0.0022205 seconds, Stopping threads took: 0.0009328 seconds
[2023-10-30T22:53:48.888+0000][807.542s][debug][safepoint     ] Safepoint synchronization initiated. (190 threads)
[2023-10-30T22:53:48.889+0000][807.543s][info ][safepoint     ] Application time: 1.0012256 seconds
[2023-10-30T22:53:48.890+0000][807.544s][info ][safepoint     ] Entering safepoint region: Cleanup
[2023-10-30T22:53:48.891+0000][807.545s][info ][safepoint     ] Leaving safepoint region
[2023-10-30T22:53:48.892+0000][807.546s][info ][safepoint     ] Total time for which application threads were stopped: 0.0020390 seconds, Stopping threads took: 0.0008957 seconds
[2023-10-30T22:53:49.893+0000][808.547s][debug][safepoint     ] Safepoint synchronization initiated. (190 threads)
[2023-10-30T22:53:49.894+0000][808.547s][info ][safepoint     ] Application time: 1.0007524 seconds
[2023-10-30T22:53:49.894+0000][808.548s][info ][safepoint     ] Entering safepoint region: Cleanup
[2023-10-30T22:53:49.895+0000][808.548s][info ][safepoint     ] Leaving safepoint region
[2023-10-30T22:53:49.895+0000][808.549s][info ][safepoint     ] Total time for which application threads were stopped: 0.0010756 seconds, Stopping threads took: 0.0004175 seconds
[2023-10-30T22:53:50.896+0000][809.549s][debug][safepoint     ] Safepoint synchronization initiated. (190 threads)
[2023-10-30T22:53:50.896+0000][809.550s][info ][safepoint     ] Application time: 1.0008999 seconds
[2023-10-30T22:53:50.897+0000][809.551s][info ][safepoint     ] Entering safepoint region: Cleanup
[2023-10-30T22:53:50.898+0000][809.552s][info ][safepoint     ] Leaving safepoint region
[2023-10-30T22:53:50.899+0000][809.552s][info ][safepoint     ] Total time for which application threads were stopped: 0.0015786 seconds, Stopping threads took: 0.0006024 seconds
[2023-10-30T22:53:51.899+0000][810.553s][debug][safepoint     ] Safepoint synchronization initiated. (190 threads)
[2023-10-30T22:53:51.900+0000][810.554s][info ][safepoint     ] Application time: 1.0006500 seconds
[2023-10-30T22:53:51.900+0000][810.554s][info ][safepoint     ] Entering safepoint region: Cleanup
[2023-10-30T22:53:51.901+0000][810.555s][info ][safepoint     ] Leaving safepoint region
[2023-10-30T22:53:51.901+0000][810.555s][info ][safepoint     ] Total time for which application threads were stopped: 0.0010452 seconds, Stopping threads took: 0.0004250 seconds
[2023-10-30T22:53:52.809+0000][811.463s][debug][safepoint     ] Safepoint synchronization initiated. (190 threads)
[2023-10-30T22:53:52.810+0000][811.463s][info ][safepoint     ] Application time: 0.9080575 seconds
[2023-10-30T22:53:52.810+0000][811.464s][debug][safepoint     ] Waiting for 1 thread(s) to block
[2023-10-30T22:53:52.811+0000][811.465s][info ][safepoint     ] Entering safepoint region: G1CollectForAllocation
[2023-10-30T22:53:52.811+0000][811.465s][info ][gc,start      ] GC(65) Pause Young (Normal) (G1 Evacuation Pause)
[2023-10-30T22:53:52.812+0000][811.466s][info ][gc,task       ] GC(65) Using 8 workers of 8 for evacuation
[2023-10-30T22:53:52.835+0000][811.488s][info ][gc,phases     ] GC(65)   Pre Evacuate Collection Set: 0.1ms
[2023-10-30T22:53:52.835+0000][811.489s][info ][gc,phases     ] GC(65)   Evacuate Collection Set: 16.2ms
[2023-10-30T22:53:52.836+0000][811.489s][info ][gc,phases     ] GC(65)   Post Evacuate Collection Set: 5.4ms
[2023-10-30T22:53:52.836+0000][811.490s][info ][gc,phases     ] GC(65)   Other: 1.5ms
[2023-10-30T22:53:52.837+0000][811.491s][info ][gc,heap       ] GC(65) Eden regions: 175->0(163)
[2023-10-30T22:53:52.837+0000][811.491s][info ][gc,heap       ] GC(65) Survivor regions: 14->14(24)
[2023-10-30T22:53:52.838+0000][811.492s][info ][gc,heap       ] GC(65) Old regions: 146->148
[2023-10-30T22:53:52.838+0000][811.492s][info ][gc,heap       ] GC(65) Humongous regions: 30->30
[2023-10-30T22:53:52.839+0000][811.493s][info ][gc,metaspace  ] GC(65) Metaspace: 169772K(175396K)->169772K(175396K) NonClass: 150086K(153508K)->150086K(153508K) Class: 19685K(21888K)->19685K(21888K)
[2023-10-30T22:53:52.840+0000][811.493s][info ][gc            ] GC(65) Pause Young (Normal) (G1 Evacuation Pause) 363M->189M(411M) 28.149ms
[2023-10-30T22:53:52.840+0000][811.494s][info ][gc,cpu        ] GC(65) User=0.16s Sys=0.00s Real=0.03s
[2023-10-30T22:53:52.841+0000][811.494s][info ][safepoint     ] Leaving safepoint region
[2023-10-30T22:53:52.841+0000][811.495s][info ][safepoint     ] Total time for which application threads were stopped: 0.0313871 seconds, Stopping threads took: 0.0009604 seconds
[2023-10-30T22:53:52.843+0000][811.496s][info ][gc,stringdedup] Concurrent String Deduplication (811.496s)
[2023-10-30T22:53:52.844+0000][811.498s][info ][gc,stringdedup] Concurrent String Deduplication 9648.0B->2760.0B(6888.0B) avg 54.3% (811.496s, 811.498s) 1.690ms
[2023-10-30T22:53:53.843+0000][812.497s][debug][safepoint     ] Safepoint synchronization initiated. (190 threads)
[2023-10-30T22:53:53.844+0000][812.498s][info ][safepoint     ] Application time: 1.0014167 seconds
[2023-10-30T22:53:53.845+0000][812.499s][info ][safepoint     ] Entering safepoint region: Cleanup
[2023-10-30T22:53:53.847+0000][812.500s][info ][safepoint     ] Leaving safepoint region
[2023-10-30T22:53:53.847+0000][812.501s][info ][safepoint     ] Total time for which application threads were stopped: 0.0022099 seconds, Stopping threads took: 0.0010013 seconds
[2023-10-30T22:53:54.848+0000][813.502s][debug][safepoint     ] Safepoint synchronization initiated. (190 threads)
[2023-10-30T22:53:54.849+0000][813.502s][info ][safepoint     ] Application time: 1.0005320 seconds
[2023-10-30T22:53:54.849+0000][813.503s][info ][safepoint     ] Entering safepoint region: Cleanup
[2023-10-30T22:53:54.850+0000][813.503s][info ][safepoint     ] Leaving safepoint region
[2023-10-30T22:53:54.850+0000][813.504s][info ][safepoint     ] Total time for which application threads were stopped: 0.0009130 seconds, Stopping threads took: 0.0003833 seconds
[2023-10-30T22:53:55.851+0000][814.504s][debug][safepoint     ] Safepoint synchronization initiated. (190 threads)
[2023-10-30T22:53:55.852+0000][814.505s][info ][safepoint     ] Application time: 1.0011476 seconds
[2023-10-30T22:53:55.852+0000][814.506s][info ][safepoint     ] Entering safepoint region: Cleanup
[2023-10-30T22:53:55.853+0000][814.507s][info ][safepoint     ] Leaving safepoint region
[2023-10-30T22:53:55.854+0000][814.508s][info ][safepoint     ] Total time for which application threads were stopped: 0.0018675 seconds, Stopping threads took: 0.0008275 seconds
[2023-10-30T22:53:56.855+0000][815.509s][debug][safepoint     ] Safepoint synchronization initiated. (190 threads)
[2023-10-30T22:53:56.856+0000][815.510s][info ][safepoint     ] Application time: 1.0012550 seconds
[2023-10-30T22:53:56.857+0000][815.511s][info ][safepoint     ] Entering safepoint region: Cleanup
[2023-10-30T22:53:56.858+0000][815.512s][info ][safepoint     ] Leaving safepoint region
[2023-10-30T22:53:56.859+0000][815.513s][info ][safepoint     ] Total time for which application threads were stopped: 0.0020296 seconds, Stopping threads took: 0.0008830 seconds
[2023-10-30T22:53:57.860+0000][816.514s][debug][safepoint     ] Safepoint synchronization initiated. (190 threads)
[2023-10-30T22:53:57.861+0000][816.515s][info ][safepoint     ] Application time: 1.0013721 seconds
[2023-10-30T22:53:57.862+0000][816.516s][info ][safepoint     ] Entering safepoint region: Cleanup
[2023-10-30T22:53:57.863+0000][816.517s][info ][safepoint     ] Leaving safepoint region
[2023-10-30T22:53:57.864+0000][816.518s][info ][safepoint     ] Total time for which application threads were stopped: 0.0017679 seconds, Stopping threads took: 0.0008372 seconds
[2023-10-30T22:53:58.865+0000][817.519s][debug][safepoint     ] Safepoint synchronization initiated. (190 threads)
[2023-10-30T22:53:58.866+0000][817.519s][info ][safepoint     ] Application time: 1.0010963 seconds
[2023-10-30T22:53:58.868+0000][817.521s][info ][safepoint     ] Entering safepoint region: Cleanup
[2023-10-30T22:53:58.869+0000][817.522s][info ][safepoint     ] Leaving safepoint region
[2023-10-30T22:53:58.869+0000][817.523s][info ][safepoint     ] Total time for which application threads were stopped: 0.0016261 seconds, Stopping threads took: 0.0009204 seconds
[2023-10-30T22:53:59.870+0000][818.524s][debug][safepoint     ] Safepoint synchronization initiated. (190 threads)
[2023-10-30T22:53:59.871+0000][818.525s][info ][safepoint     ] Application time: 1.0013712 seconds
[2023-10-30T22:53:59.872+0000][818.525s][info ][safepoint     ] Entering safepoint region: Cleanup
[2023-10-30T22:53:59.873+0000][818.526s][info ][safepoint     ] Leaving safepoint region
[2023-10-30T22:53:59.874+0000][818.527s][info ][safepoint     ] Total time for which application threads were stopped: 0.0017697 seconds, Stopping threads took: 0.0007405 seconds
[2023-10-30T22:54:00.875+0000][819.528s][debug][safepoint     ] Safepoint synchronization initiated. (190 threads)
[2023-10-30T22:54:00.876+0000][819.529s][info ][safepoint     ] Application time: 1.0012415 seconds
[2023-10-30T22:54:00.876+0000][819.530s][info ][safepoint     ] Entering safepoint region: Cleanup
[2023-10-30T22:54:00.877+0000][819.531s][info ][safepoint     ] Leaving safepoint region
[2023-10-30T22:54:00.878+0000][819.532s][info ][safepoint     ] Total time for which application threads were stopped: 0.0017841 seconds, Stopping threads took: 0.0007674 seconds
[2023-10-30T22:54:01.879+0000][820.532s][debug][safepoint     ] Safepoint synchronization initiated. (190 threads)
[2023-10-30T22:54:01.880+0000][820.533s][info ][safepoint     ] Application time: 1.0011928 seconds
[2023-10-30T22:54:01.881+0000][820.534s][info ][safepoint     ] Entering safepoint region: Cleanup
[2023-10-30T22:54:01.882+0000][820.536s][info ][safepoint     ] Leaving safepoint region
[2023-10-30T22:54:01.883+0000][820.536s][info ][safepoint     ] Total time for which application threads were stopped: 0.0020932 seconds, Stopping threads took: 0.0010500 seconds
[2023-10-30T22:54:02.884+0000][821.537s][debug][safepoint     ] Safepoint synchronization initiated. (190 threads)
[2023-10-30T22:54:02.885+0000][821.539s][info ][safepoint     ] Application time: 1.0014075 seconds
[2023-10-30T22:54:02.886+0000][821.539s][info ][safepoint     ] Entering safepoint region: Cleanup
[2023-10-30T22:54:02.887+0000][821.541s][info ][safepoint     ] Leaving safepoint region
[2023-10-30T22:54:02.888+0000][821.541s][info ][safepoint     ] Total time for which application threads were stopped: 0.0020377 seconds, Stopping threads took: 0.0009941 seconds
[2023-10-30T22:54:03.889+0000][822.542s][debug][safepoint     ] Safepoint synchronization initiated. (190 threads)
[2023-10-30T22:54:03.890+0000][822.544s][info ][safepoint     ] Application time: 1.0013958 seconds
[2023-10-30T22:54:03.891+0000][822.545s][info ][safepoint     ] Entering safepoint region: Cleanup
[2023-10-30T22:54:03.892+0000][822.546s][info ][safepoint     ] Leaving safepoint region
[2023-10-30T22:54:03.893+0000][822.547s][info ][safepoint     ] Total time for which application threads were stopped: 0.0020958 seconds, Stopping threads took: 0.0008650 seconds
[2023-10-30T22:54:04.894+0000][823.548s][debug][safepoint     ] Safepoint synchronization initiated. (190 threads)
[2023-10-30T22:54:04.895+0000][823.549s][info ][safepoint     ] Application time: 1.0011885 seconds
[2023-10-30T22:54:04.896+0000][823.549s][info ][safepoint     ] Entering safepoint region: Cleanup
[2023-10-30T22:54:04.897+0000][823.551s][info ][safepoint     ] Leaving safepoint region
[2023-10-30T22:54:04.898+0000][823.551s][info ][safepoint     ] Total time for which application threads were stopped: 0.0019309 seconds, Stopping threads took: 0.0008778 seconds
[2023-10-30T22:54:05.899+0000][824.552s][debug][safepoint     ] Safepoint synchronization initiated. (190 threads)
[2023-10-30T22:54:05.900+0000][824.554s][info ][safepoint     ] Application time: 1.0014430 seconds
[2023-10-30T22:54:05.901+0000][824.555s][info ][safepoint     ] Entering safepoint region: Cleanup
[2023-10-30T22:54:05.902+0000][824.556s][info ][safepoint     ] Leaving safepoint region
[2023-10-30T22:54:05.903+0000][824.556s][info ][safepoint     ] Total time for which application threads were stopped: 0.0019586 seconds, Stopping threads took: 0.0008775 seconds
[2023-10-30T22:54:06.904+0000][825.557s][debug][safepoint     ] Safepoint synchronization initiated. (190 threads)
[2023-10-30T22:54:06.905+0000][825.559s][info ][safepoint     ] Application time: 1.0013231 seconds
[2023-10-30T22:54:06.906+0000][825.559s][info ][safepoint     ] Entering safepoint region: Cleanup
[2023-10-30T22:54:06.907+0000][825.560s][info ][safepoint     ] Leaving safepoint region
[2023-10-30T22:54:06.907+0000][825.561s][info ][safepoint     ] Total time for which application threads were stopped: 0.0015182 seconds, Stopping threads took: 0.0007002 seconds
[2023-10-30T22:54:07.908+0000][826.562s][debug][safepoint     ] Safepoint synchronization initiated. (190 threads)
[2023-10-30T22:54:07.909+0000][826.563s][info ][safepoint     ] Application time: 1.0013287 seconds
[2023-10-30T22:54:07.910+0000][826.564s][info ][safepoint     ] Entering safepoint region: Cleanup
[2023-10-30T22:54:07.911+0000][826.565s][info ][safepoint     ] Leaving safepoint region
[2023-10-30T22:54:07.912+0000][826.566s][info ][safepoint     ] Total time for which application threads were stopped: 0.0020807 seconds, Stopping threads took: 0.0009371 seconds
[2023-10-30T22:54:08.913+0000][827.567s][debug][safepoint     ] Safepoint synchronization initiated. (190 threads)
[2023-10-30T22:54:08.914+0000][827.568s][info ][safepoint     ] Application time: 1.0013869 seconds
[2023-10-30T22:54:08.915+0000][827.569s][info ][safepoint     ] Entering safepoint region: Cleanup
[2023-10-30T22:54:08.916+0000][827.570s][info ][safepoint     ] Leaving safepoint region
[2023-10-30T22:54:08.917+0000][827.571s][info ][safepoint     ] Total time for which application threads were stopped: 0.0019852 seconds, Stopping threads took: 0.0007493 seconds
[2023-10-30T22:54:09.918+0000][828.572s][debug][safepoint     ] Safepoint synchronization initiated. (190 threads)
[2023-10-30T22:54:09.919+0000][828.573s][info ][safepoint     ] Application time: 1.0012392 seconds
[2023-10-30T22:54:09.920+0000][828.573s][info ][safepoint     ] Entering safepoint region: Cleanup
[2023-10-30T22:54:09.921+0000][828.575s][info ][safepoint     ] Leaving safepoint region
[2023-10-30T22:54:09.922+0000][828.575s][info ][safepoint     ] Total time for which application threads were stopped: 0.0019950 seconds, Stopping threads took: 0.0009743 seconds
[2023-10-30T22:54:10.923+0000][829.576s][debug][safepoint     ] Safepoint synchronization initiated. (190 threads)
[2023-10-30T22:54:10.924+0000][829.578s][info ][safepoint     ] Application time: 1.0016672 seconds
[2023-10-30T22:54:10.925+0000][829.579s][info ][safepoint     ] Entering safepoint region: Cleanup
[2023-10-30T22:54:10.927+0000][829.580s][info ][safepoint     ] Leaving safepoint region
[2023-10-30T22:54:10.927+0000][829.581s][info ][safepoint     ] Total time for which application threads were stopped: 0.0022636 seconds, Stopping threads took: 0.0009088 seconds
[2023-10-30T22:54:11.928+0000][830.582s][debug][safepoint     ] Safepoint synchronization initiated. (190 threads)
[2023-10-30T22:54:11.929+0000][830.583s][info ][safepoint     ] Application time: 1.0012657 seconds
[2023-10-30T22:54:11.930+0000][830.584s][info ][safepoint     ] Entering safepoint region: Cleanup
[2023-10-30T22:54:11.931+0000][830.585s][info ][safepoint     ] Leaving safepoint region
[2023-10-30T22:54:11.932+0000][830.586s][info ][safepoint     ] Total time for which application threads were stopped: 0.0018761 seconds, Stopping threads took: 0.0009282 seconds
[2023-10-30T22:54:12.933+0000][831.587s][debug][safepoint     ] Safepoint synchronization initiated. (190 threads)
[2023-10-30T22:54:12.934+0000][831.588s][info ][safepoint     ] Application time: 1.0015487 seconds
[2023-10-30T22:54:12.935+0000][831.589s][info ][safepoint     ] Entering safepoint region: Cleanup
[2023-10-30T22:54:12.936+0000][831.590s][info ][safepoint     ] Leaving safepoint region
[2023-10-30T22:54:12.937+0000][831.590s][info ][safepoint     ] Total time for which application threads were stopped: 0.0016845 seconds, Stopping threads took: 0.0006615 seconds
[2023-10-30T22:54:13.938+0000][832.591s][debug][safepoint     ] Safepoint synchronization initiated. (190 threads)
[2023-10-30T22:54:13.939+0000][832.593s][info ][safepoint     ] Application time: 1.0016302 seconds
[2023-10-30T22:54:13.940+0000][832.593s][info ][safepoint     ] Entering safepoint region: Cleanup
[2023-10-30T22:54:13.941+0000][832.594s][info ][safepoint     ] Leaving safepoint region
[2023-10-30T22:54:13.941+0000][832.595s][info ][safepoint     ] Total time for which application threads were stopped: 0.0015946 seconds, Stopping threads took: 0.0006890 seconds
[2023-10-30T22:54:14.942+0000][833.596s][debug][safepoint     ] Safepoint synchronization initiated. (190 threads)
[2023-10-30T22:54:14.943+0000][833.597s][info ][safepoint     ] Application time: 1.0012626 seconds
[2023-10-30T22:54:14.944+0000][833.598s][info ][safepoint     ] Entering safepoint region: Cleanup
[2023-10-30T22:54:14.945+0000][833.599s][info ][safepoint     ] Leaving safepoint region
[2023-10-30T22:54:14.946+0000][833.599s][info ][safepoint     ] Total time for which application threads were stopped: 0.0019202 seconds, Stopping threads took: 0.0008412 seconds
[2023-10-30T22:54:15.947+0000][834.600s][debug][safepoint     ] Safepoint synchronization initiated. (190 threads)
[2023-10-30T22:54:15.947+0000][834.601s][info ][safepoint     ] Application time: 1.0005055 seconds
[2023-10-30T22:54:15.947+0000][834.601s][info ][safepoint     ] Entering safepoint region: Cleanup
[2023-10-30T22:54:15.948+0000][834.602s][info ][safepoint     ] Leaving safepoint region
[2023-10-30T22:54:15.948+0000][834.602s][info ][safepoint     ] Total time for which application threads were stopped: 0.0009101 seconds, Stopping threads took: 0.0003997 seconds
[2023-10-30T22:54:16.949+0000][835.602s][debug][safepoint     ] Safepoint synchronization initiated. (190 threads)
[2023-10-30T22:54:16.950+0000][835.604s][info ][safepoint     ] Application time: 1.0014985 seconds
[2023-10-30T22:54:16.951+0000][835.605s][info ][safepoint     ] Entering safepoint region: Cleanup
[2023-10-30T22:54:16.952+0000][835.606s][info ][safepoint     ] Leaving safepoint region
[2023-10-30T22:54:16.953+0000][835.607s][info ][safepoint     ] Total time for which application threads were stopped: 0.0020742 seconds, Stopping threads took: 0.0009438 seconds
[2023-10-30T22:54:17.954+0000][836.608s][debug][safepoint     ] Safepoint synchronization initiated. (190 threads)
[2023-10-30T22:54:17.955+0000][836.609s][info ][safepoint     ] Application time: 1.0013536 seconds
[2023-10-30T22:54:17.956+0000][836.610s][info ][safepoint     ] Entering safepoint region: Cleanup
[2023-10-30T22:54:17.958+0000][836.611s][info ][safepoint     ] Leaving safepoint region
[2023-10-30T22:54:17.958+0000][836.612s][info ][safepoint     ] Total time for which application threads were stopped: 0.0022134 seconds, Stopping threads took: 0.0009093 seconds
[2023-10-30T22:54:18.960+0000][837.613s][debug][safepoint     ] Safepoint synchronization initiated. (190 threads)
[2023-10-30T22:54:18.961+0000][837.614s][info ][safepoint     ] Application time: 1.0015118 seconds
[2023-10-30T22:54:18.962+0000][837.615s][info ][safepoint     ] Entering safepoint region: Cleanup
[2023-10-30T22:54:18.963+0000][837.617s][info ][safepoint     ] Leaving safepoint region
[2023-10-30T22:54:18.964+0000][837.618s][info ][safepoint     ] Total time for which application threads were stopped: 0.0022273 seconds, Stopping threads took: 0.0010309 seconds
[2023-10-30T22:54:19.965+0000][838.619s][debug][safepoint     ] Safepoint synchronization initiated. (190 threads)
[2023-10-30T22:54:19.966+0000][838.619s][info ][safepoint     ] Application time: 1.0011027 seconds
[2023-10-30T22:54:19.967+0000][838.620s][info ][safepoint     ] Entering safepoint region: Cleanup
[2023-10-30T22:54:19.967+0000][838.621s][info ][safepoint     ] Leaving safepoint region
[2023-10-30T22:54:19.968+0000][838.622s][info ][safepoint     ] Total time for which application threads were stopped: 0.0014778 seconds, Stopping threads took: 0.0006433 seconds
[2023-10-30T22:54:20.969+0000][839.622s][debug][safepoint     ] Safepoint synchronization initiated. (190 threads)
[2023-10-30T22:54:20.970+0000][839.624s][info ][safepoint     ] Application time: 1.0014940 seconds
[2023-10-30T22:54:20.971+0000][839.625s][info ][safepoint     ] Entering safepoint region: Cleanup
[2023-10-30T22:54:20.972+0000][839.626s][info ][safepoint     ] Leaving safepoint region
[2023-10-30T22:54:20.973+0000][839.627s][info ][safepoint     ] Total time for which application threads were stopped: 0.0022036 seconds, Stopping threads took: 0.0010428 seconds
[2023-10-30T22:54:21.974+0000][840.628s][debug][safepoint     ] Safepoint synchronization initiated. (190 threads)
[2023-10-30T22:54:21.975+0000][840.628s][info ][safepoint     ] Application time: 1.0006234 seconds
[2023-10-30T22:54:21.975+0000][840.629s][info ][safepoint     ] Entering safepoint region: Cleanup
[2023-10-30T22:54:21.976+0000][840.629s][info ][safepoint     ] Leaving safepoint region
[2023-10-30T22:54:21.976+0000][840.630s][info ][safepoint     ] Total time for which application threads were stopped: 0.0012021 seconds, Stopping threads took: 0.0004919 seconds
[2023-10-30T22:54:22.977+0000][841.631s][debug][safepoint     ] Safepoint synchronization initiated. (190 threads)
[2023-10-30T22:54:22.978+0000][841.632s][info ][safepoint     ] Application time: 1.0015112 seconds
[2023-10-30T22:54:22.979+0000][841.633s][info ][safepoint     ] Entering safepoint region: Cleanup
[2023-10-30T22:54:22.981+0000][841.635s][info ][safepoint     ] Leaving safepoint region
[2023-10-30T22:54:22.982+0000][841.635s][info ][safepoint     ] Total time for which application threads were stopped: 0.0025779 seconds, Stopping threads took: 0.0012114 seconds
[2023-10-30T22:54:23.983+0000][842.637s][debug][safepoint     ] Safepoint synchronization initiated. (190 threads)
[2023-10-30T22:54:23.984+0000][842.638s][info ][safepoint     ] Application time: 1.0015626 seconds
[2023-10-30T22:54:23.986+0000][842.639s][info ][safepoint     ] Entering safepoint region: Cleanup
[2023-10-30T22:54:23.987+0000][842.641s][info ][safepoint     ] Leaving safepoint region
[2023-10-30T22:54:23.988+0000][842.642s][info ][safepoint     ] Total time for which application threads were stopped: 0.0026790 seconds, Stopping threads took: 0.0011916 seconds
[2023-10-30T22:54:24.990+0000][843.643s][debug][safepoint     ] Safepoint synchronization initiated. (190 threads)
[2023-10-30T22:54:24.991+0000][843.644s][info ][safepoint     ] Application time: 1.0016407 seconds
[2023-10-30T22:54:24.992+0000][843.645s][info ][safepoint     ] Entering safepoint region: Cleanup
[2023-10-30T22:54:24.993+0000][843.646s][info ][safepoint     ] Leaving safepoint region
[2023-10-30T22:54:24.994+0000][843.647s][info ][safepoint     ] Total time for which application threads were stopped: 0.0023813 seconds, Stopping threads took: 0.0010473 seconds
[2023-10-30T22:54:25.995+0000][844.649s][debug][safepoint     ] Safepoint synchronization initiated. (190 threads)
[2023-10-30T22:54:25.996+0000][844.649s][info ][safepoint     ] Application time: 1.0008696 seconds
[2023-10-30T22:54:25.996+0000][844.650s][info ][safepoint     ] Entering safepoint region: Cleanup
[2023-10-30T22:54:25.997+0000][844.651s][info ][safepoint     ] Leaving safepoint region
[2023-10-30T22:54:25.998+0000][844.651s][info ][safepoint     ] Total time for which application threads were stopped: 0.0013116 seconds, Stopping threads took: 0.0006476 seconds
[2023-10-30T22:54:26.998+0000][845.652s][debug][safepoint     ] Safepoint synchronization initiated. (190 threads)
[2023-10-30T22:54:26.999+0000][845.653s][info ][safepoint     ] Application time: 1.0012107 seconds
[2023-10-30T22:54:27.000+0000][845.654s][info ][safepoint     ] Entering safepoint region: Cleanup
[2023-10-30T22:54:27.001+0000][845.655s][info ][safepoint     ] Leaving safepoint region
[2023-10-30T22:54:27.002+0000][845.656s][info ][safepoint     ] Total time for which application threads were stopped: 0.0019226 seconds, Stopping threads took: 0.0008304 seconds
[2023-10-30T22:54:28.003+0000][846.657s][debug][safepoint     ] Safepoint synchronization initiated. (190 threads)
[2023-10-30T22:54:28.004+0000][846.658s][info ][safepoint     ] Application time: 1.0015278 seconds
[2023-10-30T22:54:28.006+0000][846.659s][info ][safepoint     ] Entering safepoint region: Cleanup
[2023-10-30T22:54:28.007+0000][846.660s][info ][safepoint     ] Leaving safepoint region
[2023-10-30T22:54:28.008+0000][846.661s][info ][safepoint     ] Total time for which application threads were stopped: 0.0023017 seconds, Stopping threads took: 0.0010272 seconds
[2023-10-30T22:54:29.009+0000][847.662s][debug][safepoint     ] Safepoint synchronization initiated. (190 threads)
[2023-10-30T22:54:29.010+0000][847.663s][info ][safepoint     ] Application time: 1.0014251 seconds
[2023-10-30T22:54:29.011+0000][847.665s][info ][safepoint     ] Entering safepoint region: Cleanup
[2023-10-30T22:54:29.012+0000][847.666s][info ][safepoint     ] Leaving safepoint region
[2023-10-30T22:54:29.013+0000][847.667s][info ][safepoint     ] Total time for which application threads were stopped: 0.0021737 seconds, Stopping threads took: 0.0010087 seconds
[2023-10-30T22:54:30.014+0000][848.667s][debug][safepoint     ] Safepoint synchronization initiated. (189 threads)
[2023-10-30T22:54:30.015+0000][848.669s][info ][safepoint     ] Application time: 1.0013378 seconds
[2023-10-30T22:54:30.016+0000][848.670s][info ][safepoint     ] Entering safepoint region: Cleanup
[2023-10-30T22:54:30.018+0000][848.671s][info ][safepoint     ] Leaving safepoint region
[2023-10-30T22:54:30.019+0000][848.672s][info ][safepoint     ] Total time for which application threads were stopped: 0.0026400 seconds, Stopping threads took: 0.0011257 seconds
[2023-10-30T22:54:31.020+0000][849.673s][debug][safepoint     ] Safepoint synchronization initiated. (189 threads)
[2023-10-30T22:54:31.021+0000][849.674s][info ][safepoint     ] Application time: 1.0011624 seconds
[2023-10-30T22:54:31.022+0000][849.675s][info ][safepoint     ] Entering safepoint region: Cleanup
[2023-10-30T22:54:31.022+0000][849.676s][info ][safepoint     ] Leaving safepoint region
[2023-10-30T22:54:31.023+0000][849.676s][info ][safepoint     ] Total time for which application threads were stopped: 0.0012981 seconds, Stopping threads took: 0.0005880 seconds
[2023-10-30T22:54:31.022+0000][849.676s][debug][safepoint     ] ... found polling page return exception at pc = 0x00007f934935f056, stub =0x00007f9340840600
[2023-10-30T22:54:32.024+0000][850.677s][debug][safepoint     ] Safepoint synchronization initiated. (189 threads)
[2023-10-30T22:54:32.025+0000][850.678s][info ][safepoint     ] Application time: 1.0014320 seconds
[2023-10-30T22:54:32.026+0000][850.679s][info ][safepoint     ] Entering safepoint region: Cleanup
[2023-10-30T22:54:32.027+0000][850.681s][info ][safepoint     ] Leaving safepoint region
[2023-10-30T22:54:32.028+0000][850.681s][info ][safepoint     ] Total time for which application threads were stopped: 0.0021587 seconds, Stopping threads took: 0.0010371 seconds
[2023-10-30T22:54:33.029+0000][851.682s][debug][safepoint     ] Safepoint synchronization initiated. (189 threads)
[2023-10-30T22:54:33.030+0000][851.683s][info ][safepoint     ] Application time: 1.0012423 seconds
[2023-10-30T22:54:33.031+0000][851.684s][info ][safepoint     ] Entering safepoint region: Cleanup
[2023-10-30T22:54:33.032+0000][851.685s][info ][safepoint     ] Leaving safepoint region
[2023-10-30T22:54:33.033+0000][851.686s][info ][safepoint     ] Total time for which application threads were stopped: 0.0018923 seconds, Stopping threads took: 0.0008218 seconds
[2023-10-30T22:54:34.034+0000][852.687s][debug][safepoint     ] Safepoint synchronization initiated. (189 threads)
[2023-10-30T22:54:34.034+0000][852.688s][info ][safepoint     ] Application time: 1.0010520 seconds
[2023-10-30T22:54:34.035+0000][852.689s][info ][safepoint     ] Entering safepoint region: Cleanup
[2023-10-30T22:54:34.036+0000][852.689s][info ][safepoint     ] Leaving safepoint region
[2023-10-30T22:54:34.036+0000][852.690s][info ][safepoint     ] Total time for which application threads were stopped: 0.0013355 seconds, Stopping threads took: 0.0006172 seconds
[2023-10-30T22:54:35.037+0000][853.691s][debug][safepoint     ] Safepoint synchronization initiated. (189 threads)
[2023-10-30T22:54:35.038+0000][853.692s][info ][safepoint     ] Application time: 1.0013907 seconds
[2023-10-30T22:54:35.039+0000][853.693s][info ][safepoint     ] Entering safepoint region: Cleanup
[2023-10-30T22:54:35.041+0000][853.694s][info ][safepoint     ] Leaving safepoint region
[2023-10-30T22:54:35.042+0000][853.695s][info ][safepoint     ] Total time for which application threads were stopped: 0.0024732 seconds, Stopping threads took: 0.0012325 seconds
[2023-10-30T22:54:36.043+0000][854.696s][debug][safepoint     ] Safepoint synchronization initiated. (189 threads)
[2023-10-30T22:54:36.044+0000][854.697s][info ][safepoint     ] Application time: 1.0008912 seconds
[2023-10-30T22:54:36.044+0000][854.698s][info ][safepoint     ] Entering safepoint region: Cleanup
[2023-10-30T22:54:36.045+0000][854.699s][info ][safepoint     ] Leaving safepoint region
[2023-10-30T22:54:36.046+0000][854.699s][info ][safepoint     ] Total time for which application threads were stopped: 0.0015096 seconds, Stopping threads took: 0.0007193 seconds
[2023-10-30T22:54:37.047+0000][855.700s][debug][safepoint     ] Safepoint synchronization initiated. (189 threads)
[2023-10-30T22:54:37.048+0000][855.701s][info ][safepoint     ] Application time: 1.0014449 seconds
[2023-10-30T22:54:37.049+0000][855.702s][info ][safepoint     ] Entering safepoint region: Cleanup
[2023-10-30T22:54:37.050+0000][855.703s][info ][safepoint     ] Leaving safepoint region
[2023-10-30T22:54:37.051+0000][855.704s][info ][safepoint     ] Total time for which application threads were stopped: 0.0019414 seconds, Stopping threads took: 0.0008807 seconds
[2023-10-30T22:54:38.052+0000][856.705s][debug][safepoint     ] Safepoint synchronization initiated. (189 threads)
[2023-10-30T22:54:38.053+0000][856.706s][info ][safepoint     ] Application time: 1.0014314 seconds
[2023-10-30T22:54:38.054+0000][856.707s][info ][safepoint     ] Entering safepoint region: Cleanup
[2023-10-30T22:54:38.055+0000][856.709s][info ][safepoint     ] Leaving safepoint region
[2023-10-30T22:54:38.056+0000][856.710s][info ][safepoint     ] Total time for which application threads were stopped: 0.0023670 seconds, Stopping threads took: 0.0010435 seconds
[2023-10-30T22:54:39.057+0000][857.711s][debug][safepoint     ] Safepoint synchronization initiated. (189 threads)
[2023-10-30T22:54:39.058+0000][857.712s][info ][safepoint     ] Application time: 1.0012522 seconds
[2023-10-30T22:54:39.059+0000][857.713s][info ][safepoint     ] Entering safepoint region: Cleanup
[2023-10-30T22:54:39.060+0000][857.714s][info ][safepoint     ] Leaving safepoint region
[2023-10-30T22:54:39.061+0000][857.714s][info ][safepoint     ] Total time for which application threads were stopped: 0.0015786 seconds, Stopping threads took: 0.0007104 seconds
[2023-10-30T22:54:40.062+0000][858.715s][debug][safepoint     ] Safepoint synchronization initiated. (189 threads)
[2023-10-30T22:54:40.063+0000][858.716s][info ][safepoint     ] Application time: 1.0011582 seconds
[2023-10-30T22:54:40.063+0000][858.717s][info ][safepoint     ] Entering safepoint region: Cleanup
[2023-10-30T22:54:40.064+0000][858.718s][info ][safepoint     ] Leaving safepoint region
[2023-10-30T22:54:40.065+0000][858.718s][info ][safepoint     ] Total time for which application threads were stopped: 0.0014634 seconds, Stopping threads took: 0.0005763 seconds
[2023-10-30T22:54:41.066+0000][859.719s][debug][safepoint     ] Safepoint synchronization initiated. (189 threads)
[2023-10-30T22:54:41.066+0000][859.720s][info ][safepoint     ] Application time: 1.0009830 seconds
[2023-10-30T22:54:41.067+0000][859.721s][info ][safepoint     ] Entering safepoint region: Cleanup
[2023-10-30T22:54:41.068+0000][859.722s][info ][safepoint     ] Leaving safepoint region
[2023-10-30T22:54:41.069+0000][859.722s][info ][safepoint     ] Total time for which application threads were stopped: 0.0014783 seconds, Stopping threads took: 0.0007573 seconds
[2023-10-30T22:54:42.069+0000][860.723s][debug][safepoint     ] Safepoint synchronization initiated. (189 threads)
[2023-10-30T22:54:42.070+0000][860.723s][info ][safepoint     ] Application time: 1.0008758 seconds
[2023-10-30T22:54:42.071+0000][860.724s][info ][safepoint     ] Entering safepoint region: Cleanup
[2023-10-30T22:54:42.071+0000][860.725s][info ][safepoint     ] Leaving safepoint region
[2023-10-30T22:54:42.072+0000][860.725s][info ][safepoint     ] Total time for which application threads were stopped: 0.0013141 seconds, Stopping threads took: 0.0005757 seconds
[2023-10-30T22:54:43.073+0000][861.726s][debug][safepoint     ] Safepoint synchronization initiated. (189 threads)
[2023-10-30T22:54:43.074+0000][861.727s][info ][safepoint     ] Application time: 1.0011402 seconds
[2023-10-30T22:54:43.074+0000][861.728s][info ][safepoint     ] Entering safepoint region: Cleanup
[2023-10-30T22:54:43.076+0000][861.729s][info ][safepoint     ] Leaving safepoint region
[2023-10-30T22:54:43.076+0000][861.730s][info ][safepoint     ] Total time for which application threads were stopped: 0.0020138 seconds, Stopping threads took: 0.0009048 seconds
[2023-10-30T22:54:44.077+0000][862.731s][debug][safepoint     ] Safepoint synchronization initiated. (189 threads)
[2023-10-30T22:54:44.078+0000][862.732s][info ][safepoint     ] Application time: 1.0011262 seconds
[2023-10-30T22:54:44.079+0000][862.732s][info ][safepoint     ] Entering safepoint region: Cleanup
[2023-10-30T22:54:44.080+0000][862.734s][info ][safepoint     ] Leaving safepoint region
[2023-10-30T22:54:44.081+0000][862.734s][info ][safepoint     ] Total time for which application threads were stopped: 0.0018133 seconds, Stopping threads took: 0.0008720 seconds
[2023-10-30T22:54:45.082+0000][863.735s][debug][safepoint     ] Safepoint synchronization initiated. (189 threads)
[2023-10-30T22:54:45.083+0000][863.736s][info ][safepoint     ] Application time: 1.0013561 seconds
[2023-10-30T22:54:45.084+0000][863.737s][info ][safepoint     ] Entering safepoint region: Cleanup
[2023-10-30T22:54:45.085+0000][863.739s][info ][safepoint     ] Leaving safepoint region
[2023-10-30T22:54:45.086+0000][863.740s][info ][safepoint     ] Total time for which application threads were stopped: 0.0023631 seconds, Stopping threads took: 0.0010258 seconds
[2023-10-30T22:54:46.087+0000][864.741s][debug][safepoint     ] Safepoint synchronization initiated. (189 threads)
[2023-10-30T22:54:46.088+0000][864.741s][info ][safepoint     ] Application time: 1.0008878 seconds
[2023-10-30T22:54:46.088+0000][864.742s][info ][safepoint     ] Entering safepoint region: Cleanup
[2023-10-30T22:54:46.089+0000][864.743s][info ][safepoint     ] Leaving safepoint region
[2023-10-30T22:54:46.090+0000][864.743s][info ][safepoint     ] Total time for which application threads were stopped: 0.0013928 seconds, Stopping threads took: 0.0005511 seconds
[2023-10-30T22:54:47.091+0000][865.744s][debug][safepoint     ] Safepoint synchronization initiated. (189 threads)
[2023-10-30T22:54:47.092+0000][865.745s][info ][safepoint     ] Application time: 1.0012926 seconds
[2023-10-30T22:54:47.092+0000][865.746s][info ][safepoint     ] Entering safepoint region: Cleanup
[2023-10-30T22:54:47.094+0000][865.747s][info ][safepoint     ] Leaving safepoint region
[2023-10-30T22:54:47.094+0000][865.748s][info ][safepoint     ] Total time for which application threads were stopped: 0.0019891 seconds, Stopping threads took: 0.0008646 seconds
[2023-10-30T22:54:48.096+0000][866.749s][debug][safepoint     ] Safepoint synchronization initiated. (189 threads)
[2023-10-30T22:54:48.097+0000][866.750s][info ][safepoint     ] Application time: 1.0014537 seconds
[2023-10-30T22:54:48.098+0000][866.751s][info ][safepoint     ] Entering safepoint region: Cleanup
[2023-10-30T22:54:48.099+0000][866.752s][info ][safepoint     ] Leaving safepoint region
[2023-10-30T22:54:48.100+0000][866.753s][info ][safepoint     ] Total time for which application threads were stopped: 0.0019891 seconds, Stopping threads took: 0.0007354 seconds
[2023-10-30T22:54:49.101+0000][867.754s][debug][safepoint     ] Safepoint synchronization initiated. (189 threads)
[2023-10-30T22:54:49.102+0000][867.755s][info ][safepoint     ] Application time: 1.0012174 seconds
[2023-10-30T22:54:49.103+0000][867.756s][info ][safepoint     ] Entering safepoint region: Cleanup
[2023-10-30T22:54:49.104+0000][867.757s][info ][safepoint     ] Leaving safepoint region
[2023-10-30T22:54:49.105+0000][867.758s][info ][safepoint     ] Total time for which application threads were stopped: 0.0020415 seconds, Stopping threads took: 0.0007754 seconds
[2023-10-30T22:54:50.106+0000][868.759s][debug][safepoint     ] Safepoint synchronization initiated. (189 threads)
[2023-10-30T22:54:50.107+0000][868.760s][info ][safepoint     ] Application time: 1.0013699 seconds
[2023-10-30T22:54:50.108+0000][868.761s][info ][safepoint     ] Entering safepoint region: Cleanup
[2023-10-30T22:54:50.109+0000][868.762s][info ][safepoint     ] Leaving safepoint region
[2023-10-30T22:54:50.110+0000][868.763s][info ][safepoint     ] Total time for which application threads were stopped: 0.0022353 seconds, Stopping threads took: 0.0010080 seconds
[2023-10-30T22:54:51.111+0000][869.765s][debug][safepoint     ] Safepoint synchronization initiated. (189 threads)
[2023-10-30T22:54:51.112+0000][869.765s][info ][safepoint     ] Application time: 1.0009491 seconds
[2023-10-30T22:54:51.113+0000][869.766s][info ][safepoint     ] Entering safepoint region: Cleanup
[2023-10-30T22:54:51.113+0000][869.767s][info ][safepoint     ] Leaving safepoint region
[2023-10-30T22:54:51.114+0000][869.767s][info ][safepoint     ] Total time for which application threads were stopped: 0.0011415 seconds, Stopping threads took: 0.0005208 seconds
[2023-10-30T22:54:52.114+0000][870.768s][debug][safepoint     ] Safepoint synchronization initiated. (189 threads)
[2023-10-30T22:54:52.115+0000][870.769s][info ][safepoint     ] Application time: 1.0011501 seconds
[2023-10-30T22:54:52.116+0000][870.770s][info ][safepoint     ] Entering safepoint region: Cleanup
[2023-10-30T22:54:52.117+0000][870.771s][info ][safepoint     ] Leaving safepoint region
[2023-10-30T22:54:52.118+0000][870.771s][info ][safepoint     ] Total time for which application threads were stopped: 0.0020099 seconds, Stopping threads took: 0.0009340 seconds
[2023-10-30T22:54:53.119+0000][871.773s][debug][safepoint     ] Safepoint synchronization initiated. (189 threads)
[2023-10-30T22:54:53.120+0000][871.774s][info ][safepoint     ] Application time: 1.0012787 seconds
[2023-10-30T22:54:53.121+0000][871.775s][info ][safepoint     ] Entering safepoint region: Cleanup
[2023-10-30T22:54:53.123+0000][871.776s][info ][safepoint     ] Leaving safepoint region
[2023-10-30T22:54:53.123+0000][871.777s][info ][safepoint     ] Total time for which application threads were stopped: 0.0021630 seconds, Stopping threads took: 0.0009919 seconds
[2023-10-30T22:54:54.125+0000][872.778s][debug][safepoint     ] Safepoint synchronization initiated. (189 threads)
[2023-10-30T22:54:54.126+0000][872.779s][info ][safepoint     ] Application time: 1.0012168 seconds
[2023-10-30T22:54:54.126+0000][872.780s][info ][safepoint     ] Entering safepoint region: Cleanup
[2023-10-30T22:54:54.127+0000][872.781s][info ][safepoint     ] Leaving safepoint region
[2023-10-30T22:54:54.128+0000][872.781s][info ][safepoint     ] Total time for which application threads were stopped: 0.0018131 seconds, Stopping threads took: 0.0008042 seconds
[2023-10-30T22:54:55.129+0000][873.782s][debug][safepoint     ] Safepoint synchronization initiated. (189 threads)
[2023-10-30T22:54:55.130+0000][873.783s][info ][safepoint     ] Application time: 1.0013058 seconds
[2023-10-30T22:54:55.131+0000][873.784s][info ][safepoint     ] Entering safepoint region: Cleanup
[2023-10-30T22:54:55.132+0000][873.786s][info ][safepoint     ] Leaving safepoint region
[2023-10-30T22:54:55.133+0000][873.786s][info ][safepoint     ] Total time for which application threads were stopped: 0.0022121 seconds, Stopping threads took: 0.0010975 seconds
[2023-10-30T22:54:56.134+0000][874.787s][debug][safepoint     ] Safepoint synchronization initiated. (189 threads)
[2023-10-30T22:54:56.135+0000][874.788s][info ][safepoint     ] Application time: 1.0006783 seconds
[2023-10-30T22:54:56.135+0000][874.788s][info ][safepoint     ] Entering safepoint region: Cleanup
[2023-10-30T22:54:56.136+0000][874.789s][info ][safepoint     ] Leaving safepoint region
[2023-10-30T22:54:56.136+0000][874.789s][info ][safepoint     ] Total time for which application threads were stopped: 0.0009878 seconds, Stopping threads took: 0.0004225 seconds
[2023-10-30T22:54:57.137+0000][875.790s][debug][safepoint     ] Safepoint synchronization initiated. (189 threads)
[2023-10-30T22:54:57.138+0000][875.791s][info ][safepoint     ] Application time: 1.0011663 seconds
[2023-10-30T22:54:57.139+0000][875.792s][info ][safepoint     ] Entering safepoint region: Cleanup
[2023-10-30T22:54:57.140+0000][875.793s][info ][safepoint     ] Leaving safepoint region
[2023-10-30T22:54:57.140+0000][875.794s][info ][safepoint     ] Total time for which application threads were stopped: 0.0019815 seconds, Stopping threads took: 0.0009527 seconds
[2023-10-30T22:54:58.141+0000][876.795s][debug][safepoint     ] Safepoint synchronization initiated. (189 threads)
[2023-10-30T22:54:58.142+0000][876.796s][info ][safepoint     ] Application time: 1.0013086 seconds
[2023-10-30T22:54:58.143+0000][876.797s][info ][safepoint     ] Entering safepoint region: Cleanup
[2023-10-30T22:54:58.145+0000][876.798s][info ][safepoint     ] Leaving safepoint region
[2023-10-30T22:54:58.145+0000][876.798s][info ][safepoint     ] Total time for which application threads were stopped: 0.0019182 seconds, Stopping threads took: 0.0008493 seconds
[2023-10-30T22:54:59.146+0000][877.799s][debug][safepoint     ] Safepoint synchronization initiated. (189 threads)
[2023-10-30T22:54:59.147+0000][877.800s][info ][safepoint     ] Application time: 1.0012848 seconds
[2023-10-30T22:54:59.148+0000][877.801s][info ][safepoint     ] Entering safepoint region: Cleanup
[2023-10-30T22:54:59.149+0000][877.802s][info ][safepoint     ] Leaving safepoint region
[2023-10-30T22:54:59.150+0000][877.803s][info ][safepoint     ] Total time for which application threads were stopped: 0.0017246 seconds, Stopping threads took: 0.0006824 seconds
[2023-10-30T22:55:00.150+0000][878.804s][debug][safepoint     ] Safepoint synchronization initiated. (189 threads)
[2023-10-30T22:55:00.151+0000][878.804s][info ][safepoint     ] Application time: 1.0005623 seconds
[2023-10-30T22:55:00.151+0000][878.804s][info ][safepoint     ] Entering safepoint region: Cleanup
[2023-10-30T22:55:00.152+0000][878.805s][info ][safepoint     ] Leaving safepoint region
[2023-10-30T22:55:00.152+0000][878.805s][info ][safepoint     ] Total time for which application threads were stopped: 0.0007599 seconds, Stopping threads took: 0.0002968 seconds
[2023-10-30T22:55:01.152+0000][879.806s][debug][safepoint     ] Safepoint synchronization initiated. (189 threads)
[2023-10-30T22:55:01.153+0000][879.807s][info ][safepoint     ] Application time: 1.0011316 seconds
[2023-10-30T22:55:01.154+0000][879.807s][info ][safepoint     ] Entering safepoint region: Cleanup
[2023-10-30T22:55:01.155+0000][879.809s][info ][safepoint     ] Leaving safepoint region
[2023-10-30T22:55:01.156+0000][879.809s][info ][safepoint     ] Total time for which application threads were stopped: 0.0018521 seconds, Stopping threads took: 0.0007885 seconds
[2023-10-30T22:55:02.157+0000][880.810s][debug][safepoint     ] Safepoint synchronization initiated. (189 threads)
[2023-10-30T22:55:02.158+0000][880.811s][info ][safepoint     ] Application time: 1.0010322 seconds
[2023-10-30T22:55:02.159+0000][880.812s][info ][safepoint     ] Entering safepoint region: Cleanup
[2023-10-30T22:55:02.160+0000][880.813s][info ][safepoint     ] Leaving safepoint region
[2023-10-30T22:55:02.160+0000][880.813s][info ][safepoint     ] Total time for which application threads were stopped: 0.0016701 seconds, Stopping threads took: 0.0006827 seconds
[2023-10-30T22:55:03.161+0000][881.814s][debug][safepoint     ] Safepoint synchronization initiated. (188 threads)
[2023-10-30T22:55:03.162+0000][881.815s][info ][safepoint     ] Application time: 1.0009122 seconds
[2023-10-30T22:55:03.162+0000][881.815s][info ][safepoint     ] Entering safepoint region: Cleanup
[2023-10-30T22:55:03.163+0000][881.816s][info ][safepoint     ] Leaving safepoint region
[2023-10-30T22:55:03.163+0000][881.817s][info ][safepoint     ] Total time for which application threads were stopped: 0.0011652 seconds, Stopping threads took: 0.0006192 seconds
[2023-10-30T22:55:04.164+0000][882.817s][debug][safepoint     ] Safepoint synchronization initiated. (188 threads)
[2023-10-30T22:55:04.164+0000][882.818s][info ][safepoint     ] Application time: 1.0006517 seconds
[2023-10-30T22:55:04.165+0000][882.818s][info ][safepoint     ] Entering safepoint region: Cleanup
[2023-10-30T22:55:04.166+0000][882.819s][info ][safepoint     ] Leaving safepoint region
[2023-10-30T22:55:04.166+0000][882.819s][info ][safepoint     ] Total time for which application threads were stopped: 0.0010647 seconds, Stopping threads took: 0.0004644 seconds
[2023-10-30T22:55:05.166+0000][883.820s][debug][safepoint     ] Safepoint synchronization initiated. (188 threads)
[2023-10-30T22:55:05.194+0000][883.847s][info ][safepoint     ] Application time: 1.0275557 seconds
[2023-10-30T22:55:05.201+0000][883.854s][info ][safepoint     ] Entering safepoint region: Cleanup
[2023-10-30T22:55:05.208+0000][883.861s][info ][safepoint     ] Leaving safepoint region
[2023-10-30T22:55:05.221+0000][883.874s][info ][safepoint     ] Total time for which application threads were stopped: 0.0194146 seconds, Stopping threads took: 0.0066918 seconds
[2023-10-30T22:55:06.239+0000][884.892s][debug][safepoint     ] Safepoint synchronization initiated. (188 threads)
[2023-10-30T22:55:06.240+0000][884.893s][info ][safepoint     ] Application time: 1.0008889 seconds
[2023-10-30T22:55:06.241+0000][884.894s][info ][safepoint     ] Entering safepoint region: Cleanup
[2023-10-30T22:55:06.241+0000][884.894s][info ][safepoint     ] Leaving safepoint region
[2023-10-30T22:55:06.242+0000][884.895s][info ][safepoint     ] Total time for which application threads were stopped: 0.0012091 seconds, Stopping threads took: 0.0005404 seconds
[2023-10-30T22:55:07.243+0000][885.896s][debug][safepoint     ] Safepoint synchronization initiated. (188 threads)
[2023-10-30T22:55:07.244+0000][885.897s][info ][safepoint     ] Application time: 1.0008208 seconds
[2023-10-30T22:55:07.244+0000][885.897s][info ][safepoint     ] Entering safepoint region: Cleanup
[2023-10-30T22:55:07.245+0000][885.898s][info ][safepoint     ] Leaving safepoint region
[2023-10-30T22:55:07.245+0000][885.899s][info ][safepoint     ] Total time for which application threads were stopped: 0.0013488 seconds, Stopping threads took: 0.0005603 seconds
[2023-10-30T22:55:08.246+0000][886.899s][debug][safepoint     ] Safepoint synchronization initiated. (188 threads)
[2023-10-30T22:55:08.247+0000][886.900s][info ][safepoint     ] Application time: 1.0006848 seconds
[2023-10-30T22:55:08.247+0000][886.900s][info ][safepoint     ] Entering safepoint region: Cleanup
[2023-10-30T22:55:08.248+0000][886.901s][info ][safepoint     ] Leaving safepoint region
[2023-10-30T22:55:08.248+0000][886.901s][info ][safepoint     ] Total time for which application threads were stopped: 0.0010898 seconds, Stopping threads took: 0.0004545 seconds
[2023-10-30T22:55:09.249+0000][887.902s][debug][safepoint     ] Safepoint synchronization initiated. (188 threads)
[2023-10-30T22:55:09.250+0000][887.903s][info ][safepoint     ] Application time: 1.0009599 seconds
[2023-10-30T22:55:09.250+0000][887.904s][info ][safepoint     ] Entering safepoint region: Cleanup
[2023-10-30T22:55:09.251+0000][887.904s][info ][safepoint     ] Leaving safepoint region
[2023-10-30T22:55:09.252+0000][887.905s][info ][safepoint     ] Total time for which application threads were stopped: 0.0015704 seconds, Stopping threads took: 0.0007405 seconds
[2023-10-30T22:55:10.253+0000][888.906s][debug][safepoint     ] Safepoint synchronization initiated. (188 threads)
[2023-10-30T22:55:10.254+0000][888.907s][info ][safepoint     ] Application time: 1.0011972 seconds
[2023-10-30T22:55:10.254+0000][888.908s][info ][safepoint     ] Entering safepoint region: Cleanup
[2023-10-30T22:55:10.256+0000][888.909s][info ][safepoint     ] Leaving safepoint region
[2023-10-30T22:55:10.256+0000][888.909s][info ][safepoint     ] Total time for which application threads were stopped: 0.0017258 seconds, Stopping threads took: 0.0008879 seconds
[2023-10-30T22:55:11.257+0000][889.910s][debug][safepoint     ] Safepoint synchronization initiated. (188 threads)
[2023-10-30T22:55:11.258+0000][889.911s][info ][safepoint     ] Application time: 1.0008877 seconds
[2023-10-30T22:55:11.258+0000][889.912s][info ][safepoint     ] Entering safepoint region: Cleanup
[2023-10-30T22:55:11.260+0000][889.913s][info ][safepoint     ] Leaving safepoint region
[2023-10-30T22:55:11.260+0000][889.914s][info ][safepoint     ] Total time for which application threads were stopped: 0.0019318 seconds, Stopping threads took: 0.0008763 seconds
[2023-10-30T22:55:12.261+0000][890.914s][debug][safepoint     ] Safepoint synchronization initiated. (188 threads)
[2023-10-30T22:55:12.262+0000][890.915s][info ][safepoint     ] Application time: 1.0007000 seconds
[2023-10-30T22:55:12.262+0000][890.915s][info ][safepoint     ] Entering safepoint region: Cleanup
[2023-10-30T22:55:12.263+0000][890.916s][info ][safepoint     ] Leaving safepoint region
[2023-10-30T22:55:12.263+0000][890.916s][info ][safepoint     ] Total time for which application threads were stopped: 0.0009742 seconds, Stopping threads took: 0.0003443 seconds
[2023-10-30T22:55:13.264+0000][891.917s][debug][safepoint     ] Safepoint synchronization initiated. (188 threads)
[2023-10-30T22:55:13.265+0000][891.918s][info ][safepoint     ] Application time: 1.0011230 seconds
[2023-10-30T22:55:13.265+0000][891.919s][info ][safepoint     ] Entering safepoint region: Cleanup
[2023-10-30T22:55:13.266+0000][891.919s][info ][safepoint     ] Leaving safepoint region
[2023-10-30T22:55:13.267+0000][891.920s][info ][safepoint     ] Total time for which application threads were stopped: 0.0017670 seconds, Stopping threads took: 0.0006412 seconds
[2023-10-30T22:55:14.268+0000][892.921s][debug][safepoint     ] Safepoint synchronization initiated. (188 threads)
[2023-10-30T22:55:14.269+0000][892.922s][info ][safepoint     ] Application time: 1.0013009 seconds
[2023-10-30T22:55:14.270+0000][892.923s][info ][safepoint     ] Entering safepoint region: Cleanup
[2023-10-30T22:55:14.271+0000][892.924s][info ][safepoint     ] Leaving safepoint region
[2023-10-30T22:55:14.271+0000][892.925s][info ][safepoint     ] Total time for which application threads were stopped: 0.0016141 seconds, Stopping threads took: 0.0008514 seconds
[2023-10-30T22:55:15.272+0000][893.926s][debug][safepoint     ] Safepoint synchronization initiated. (188 threads)
[2023-10-30T22:55:15.273+0000][893.926s][info ][safepoint     ] Application time: 1.0012138 seconds
[2023-10-30T22:55:15.274+0000][893.927s][info ][safepoint     ] Entering safepoint region: Cleanup
[2023-10-30T22:55:15.275+0000][893.929s][info ][safepoint     ] Leaving safepoint region
[2023-10-30T22:55:15.276+0000][893.930s][info ][safepoint     ] Total time for which application threads were stopped: 0.0022076 seconds, Stopping threads took: 0.0008499 seconds
[2023-10-30T22:55:16.277+0000][894.930s][debug][safepoint     ] Safepoint synchronization initiated. (187 threads)
[2023-10-30T22:55:16.278+0000][894.931s][info ][safepoint     ] Application time: 1.0008984 seconds
[2023-10-30T22:55:16.279+0000][894.932s][info ][safepoint     ] Entering safepoint region: Cleanup
[2023-10-30T22:55:16.279+0000][894.932s][info ][safepoint     ] Leaving safepoint region
[2023-10-30T22:55:16.280+0000][894.933s][info ][safepoint     ] Total time for which application threads were stopped: 0.0013275 seconds, Stopping threads took: 0.0004458 seconds
[2023-10-30T22:55:17.281+0000][895.934s][debug][safepoint     ] Safepoint synchronization initiated. (187 threads)
[2023-10-30T22:55:17.281+0000][895.934s][info ][safepoint     ] Application time: 1.0005494 seconds
[2023-10-30T22:55:17.281+0000][895.935s][info ][safepoint     ] Entering safepoint region: Cleanup
[2023-10-30T22:55:17.282+0000][895.935s][info ][safepoint     ] Leaving safepoint region
[2023-10-30T22:55:17.282+0000][895.935s][info ][safepoint     ] Total time for which application threads were stopped: 0.0007745 seconds, Stopping threads took: 0.0003352 seconds
[2023-10-30T22:55:18.283+0000][896.936s][debug][safepoint     ] Safepoint synchronization initiated. (187 threads)
[2023-10-30T22:55:18.284+0000][896.937s][info ][safepoint     ] Application time: 1.0012529 seconds
[2023-10-30T22:55:18.285+0000][896.938s][info ][safepoint     ] Entering safepoint region: Cleanup
[2023-10-30T22:55:18.286+0000][896.939s][info ][safepoint     ] Leaving safepoint region
[2023-10-30T22:55:18.286+0000][896.939s][info ][safepoint     ] Total time for which application threads were stopped: 0.0017250 seconds, Stopping threads took: 0.0007539 seconds
[2023-10-30T22:55:19.287+0000][897.940s][debug][safepoint     ] Safepoint synchronization initiated. (187 threads)
[2023-10-30T22:55:19.289+0000][897.942s][info ][safepoint     ] Application time: 1.0017983 seconds
[2023-10-30T22:55:19.289+0000][897.942s][info ][safepoint     ] Entering safepoint region: Cleanup
[2023-10-30T22:55:19.290+0000][897.943s][info ][safepoint     ] Leaving safepoint region
[2023-10-30T22:55:19.290+0000][897.943s][info ][safepoint     ] Total time for which application threads were stopped: 0.0011846 seconds, Stopping threads took: 0.0005029 seconds
[2023-10-30T22:55:20.291+0000][898.944s][debug][safepoint     ] Safepoint synchronization initiated. (187 threads)
[2023-10-30T22:55:20.292+0000][898.945s][info ][safepoint     ] Application time: 1.0011355 seconds
[2023-10-30T22:55:20.292+0000][898.946s][info ][safepoint     ] Entering safepoint region: Cleanup
[2023-10-30T22:55:20.293+0000][898.946s][info ][safepoint     ] Leaving safepoint region
[2023-10-30T22:55:20.294+0000][898.947s][info ][safepoint     ] Total time for which application threads were stopped: 0.0016103 seconds, Stopping threads took: 0.0007007 seconds
[2023-10-30T22:55:21.295+0000][899.948s][debug][safepoint     ] Safepoint synchronization initiated. (187 threads)
[2023-10-30T22:55:21.296+0000][899.949s][info ][safepoint     ] Application time: 1.0013076 seconds
[2023-10-30T22:55:21.297+0000][899.950s][info ][safepoint     ] Entering safepoint region: Cleanup
[2023-10-30T22:55:21.298+0000][899.951s][info ][safepoint     ] Leaving safepoint region
[2023-10-30T22:55:21.298+0000][899.952s][info ][safepoint     ] Total time for which application threads were stopped: 0.0017839 seconds, Stopping threads took: 0.0009070 seconds
[2023-10-30T22:55:22.299+0000][900.952s][debug][safepoint     ] Safepoint synchronization initiated. (187 threads)
[2023-10-30T22:55:22.300+0000][900.953s][info ][safepoint     ] Application time: 1.0008663 seconds
[2023-10-30T22:55:22.300+0000][900.954s][info ][safepoint     ] Entering safepoint region: Cleanup
[2023-10-30T22:55:22.301+0000][900.954s][info ][safepoint     ] Leaving safepoint region
[2023-10-30T22:55:22.302+0000][900.955s][info ][safepoint     ] Total time for which application threads were stopped: 0.0012452 seconds, Stopping threads took: 0.0005654 seconds
[2023-10-30T22:55:23.302+0000][901.955s][debug][safepoint     ] Safepoint synchronization initiated. (187 threads)
[2023-10-30T22:55:23.303+0000][901.956s][info ][safepoint     ] Application time: 1.0012806 seconds
[2023-10-30T22:55:23.304+0000][901.957s][debug][safepoint     ] ... found polling page return exception at pc = 0x00007f934932ecda, stub =0x00007f9340840600
[2023-10-30T22:55:23.305+0000][901.958s][debug][safepoint     ] Waiting for 1 thread(s) to block
[2023-10-30T22:55:23.306+0000][901.959s][info ][safepoint     ] Entering safepoint region: Cleanup
[2023-10-30T22:55:23.307+0000][901.960s][info ][safepoint     ] Leaving safepoint region
[2023-10-30T22:55:23.308+0000][901.961s][info ][safepoint     ] Total time for which application threads were stopped: 0.0034783 seconds, Stopping threads took: 0.0026322 seconds
[2023-10-30T22:55:24.308+0000][902.961s][debug][safepoint     ] Safepoint synchronization initiated. (187 threads)
[2023-10-30T22:55:24.309+0000][902.962s][info ][safepoint     ] Application time: 1.0007272 seconds
[2023-10-30T22:55:24.310+0000][902.963s][info ][safepoint     ] Entering safepoint region: Cleanup
[2023-10-30T22:55:24.310+0000][902.963s][info ][safepoint     ] Leaving safepoint region
[2023-10-30T22:55:24.311+0000][902.964s][info ][safepoint     ] Total time for which application threads were stopped: 0.0012692 seconds, Stopping threads took: 0.0005853 seconds
[2023-10-30T22:55:25.312+0000][903.965s][debug][safepoint     ] Safepoint synchronization initiated. (187 threads)
[2023-10-30T22:55:25.312+0000][903.965s][info ][safepoint     ] Application time: 1.0011339 seconds
[2023-10-30T22:55:25.313+0000][903.966s][info ][safepoint     ] Entering safepoint region: Cleanup
[2023-10-30T22:55:25.314+0000][903.967s][info ][safepoint     ] Leaving safepoint region
[2023-10-30T22:55:25.315+0000][903.968s][info ][safepoint     ] Total time for which application threads were stopped: 0.0017936 seconds, Stopping threads took: 0.0008165 seconds
[2023-10-30T22:55:26.316+0000][904.969s][debug][safepoint     ] Safepoint synchronization initiated. (187 threads)
[2023-10-30T22:55:26.318+0000][904.971s][info ][safepoint     ] Application time: 1.0014597 seconds
[2023-10-30T22:55:26.319+0000][904.972s][info ][safepoint     ] Entering safepoint region: Cleanup
[2023-10-30T22:55:26.320+0000][904.973s][info ][safepoint     ] Leaving safepoint region
[2023-10-30T22:55:26.321+0000][904.974s][info ][safepoint     ] Total time for which application threads were stopped: 0.0022750 seconds, Stopping threads took: 0.0008907 seconds
[2023-10-30T22:55:27.322+0000][905.975s][debug][safepoint     ] Safepoint synchronization initiated. (187 threads)
[2023-10-30T22:55:27.323+0000][905.976s][info ][safepoint     ] Application time: 1.0012549 seconds
[2023-10-30T22:55:27.324+0000][905.977s][info ][safepoint     ] Entering safepoint region: Cleanup
[2023-10-30T22:55:27.325+0000][905.978s][info ][safepoint     ] Leaving safepoint region
[2023-10-30T22:55:27.326+0000][905.979s][info ][safepoint     ] Total time for which application threads were stopped: 0.0019417 seconds, Stopping threads took: 0.0008715 seconds
[2023-10-30T22:55:28.327+0000][906.980s][debug][safepoint     ] Safepoint synchronization initiated. (187 threads)
[2023-10-30T22:55:28.328+0000][906.981s][info ][safepoint     ] Application time: 1.0012600 seconds
[2023-10-30T22:55:28.329+0000][906.982s][info ][safepoint     ] Entering safepoint region: Cleanup
[2023-10-30T22:55:28.330+0000][906.983s][info ][safepoint     ] Leaving safepoint region
[2023-10-30T22:55:28.331+0000][906.984s][info ][safepoint     ] Total time for which application threads were stopped: 0.0020276 seconds, Stopping threads took: 0.0008212 seconds
[2023-10-30T22:55:29.332+0000][907.985s][debug][safepoint     ] Safepoint synchronization initiated. (187 threads)
[2023-10-30T22:55:29.333+0000][907.986s][info ][safepoint     ] Application time: 1.0012302 seconds
[2023-10-30T22:55:29.334+0000][907.987s][info ][safepoint     ] Entering safepoint region: Cleanup
[2023-10-30T22:55:29.335+0000][907.988s][info ][safepoint     ] Leaving safepoint region
[2023-10-30T22:55:29.335+0000][907.988s][info ][safepoint     ] Total time for which application threads were stopped: 0.0018106 seconds, Stopping threads took: 0.0008571 seconds
[2023-10-30T22:55:30.336+0000][908.989s][debug][safepoint     ] Safepoint synchronization initiated. (186 threads)
[2023-10-30T22:55:30.337+0000][908.990s][info ][safepoint     ] Application time: 1.0012315 seconds
[2023-10-30T22:55:30.338+0000][908.991s][info ][safepoint     ] Entering safepoint region: Cleanup
[2023-10-30T22:55:30.339+0000][908.992s][info ][safepoint     ] Leaving safepoint region
[2023-10-30T22:55:30.340+0000][908.993s][info ][safepoint     ] Total time for which application threads were stopped: 0.0018404 seconds, Stopping threads took: 0.0006896 seconds
[2023-10-30T22:55:31.341+0000][909.994s][debug][safepoint     ] Safepoint synchronization initiated. (186 threads)
[2023-10-30T22:55:31.342+0000][909.995s][info ][safepoint     ] Application time: 1.0009359 seconds
[2023-10-30T22:55:31.342+0000][909.995s][info ][safepoint     ] Entering safepoint region: Cleanup
[2023-10-30T22:55:31.343+0000][909.996s][info ][safepoint     ] Leaving safepoint region
[2023-10-30T22:55:31.344+0000][909.997s][info ][safepoint     ] Total time for which application threads were stopped: 0.0013359 seconds, Stopping threads took: 0.0006462 seconds
[2023-10-30T22:55:32.344+0000][910.997s][debug][safepoint     ] Safepoint synchronization initiated. (186 threads)
[2023-10-30T22:55:32.346+0000][910.999s][info ][safepoint     ] Application time: 1.0014273 seconds
[2023-10-30T22:55:32.347+0000][911.000s][info ][safepoint     ] Entering safepoint region: Cleanup
[2023-10-30T22:55:32.348+0000][911.001s][info ][safepoint     ] Leaving safepoint region
[2023-10-30T22:55:32.349+0000][911.002s][info ][safepoint     ] Total time for which application threads were stopped: 0.0019536 seconds, Stopping threads took: 0.0008364 seconds
[2023-10-30T22:55:33.349+0000][912.002s][debug][safepoint     ] Safepoint synchronization initiated. (186 threads)
[2023-10-30T22:55:33.350+0000][912.003s][info ][safepoint     ] Application time: 1.0013147 seconds
[2023-10-30T22:55:33.351+0000][912.004s][info ][safepoint     ] Entering safepoint region: Cleanup
[2023-10-30T22:55:33.353+0000][912.006s][info ][safepoint     ] Leaving safepoint region
[2023-10-30T22:55:33.353+0000][912.006s][info ][safepoint     ] Total time for which application threads were stopped: 0.0020062 seconds, Stopping threads took: 0.0009132 seconds
[2023-10-30T22:55:34.354+0000][913.007s][debug][safepoint     ] Safepoint synchronization initiated. (186 threads)
[2023-10-30T22:55:34.355+0000][913.008s][info ][safepoint     ] Application time: 1.0006582 seconds
[2023-10-30T22:55:34.355+0000][913.008s][info ][safepoint     ] Entering safepoint region: Cleanup
[2023-10-30T22:55:34.356+0000][913.009s][info ][safepoint     ] Leaving safepoint region
[2023-10-30T22:55:34.356+0000][913.009s][info ][safepoint     ] Total time for which application threads were stopped: 0.0011087 seconds, Stopping threads took: 0.0005000 seconds
[2023-10-30T22:55:35.357+0000][914.010s][debug][safepoint     ] Safepoint synchronization initiated. (186 threads)
[2023-10-30T22:55:35.358+0000][914.011s][info ][safepoint     ] Application time: 1.0014955 seconds
[2023-10-30T22:55:35.359+0000][914.012s][info ][safepoint     ] Entering safepoint region: Cleanup
[2023-10-30T22:55:35.360+0000][914.013s][info ][safepoint     ] Leaving safepoint region
[2023-10-30T22:55:35.361+0000][914.014s][info ][safepoint     ] Total time for which application threads were stopped: 0.0023182 seconds, Stopping threads took: 0.0011230 seconds
[2023-10-30T22:55:36.362+0000][915.015s][debug][safepoint     ] Safepoint synchronization initiated. (186 threads)
[2023-10-30T22:55:36.363+0000][915.016s][info ][safepoint     ] Application time: 1.0007498 seconds
[2023-10-30T22:55:36.363+0000][915.016s][info ][safepoint     ] Entering safepoint region: Cleanup
[2023-10-30T22:55:36.364+0000][915.017s][info ][safepoint     ] Leaving safepoint region
[2023-10-30T22:55:36.365+0000][915.018s][info ][safepoint     ] Total time for which application threads were stopped: 0.0012326 seconds, Stopping threads took: 0.0005377 seconds
[2023-10-30T22:55:37.365+0000][916.018s][debug][safepoint     ] Safepoint synchronization initiated. (186 threads)
[2023-10-30T22:55:37.366+0000][916.019s][info ][safepoint     ] Application time: 1.0013013 seconds
[2023-10-30T22:55:37.367+0000][916.020s][info ][safepoint     ] Entering safepoint region: Cleanup
[2023-10-30T22:55:37.368+0000][916.021s][info ][safepoint     ] Leaving safepoint region
[2023-10-30T22:55:37.369+0000][916.022s][info ][safepoint     ] Total time for which application threads were stopped: 0.0020066 seconds, Stopping threads took: 0.0009595 seconds
[2023-10-30T22:55:38.370+0000][917.023s][debug][safepoint     ] Safepoint synchronization initiated. (186 threads)
[2023-10-30T22:55:38.371+0000][917.024s][info ][safepoint     ] Application time: 1.0009716 seconds
[2023-10-30T22:55:38.371+0000][917.024s][info ][safepoint     ] Entering safepoint region: Cleanup
[2023-10-30T22:55:38.372+0000][917.025s][info ][safepoint     ] Leaving safepoint region
[2023-10-30T22:55:38.373+0000][917.026s][info ][safepoint     ] Total time for which application threads were stopped: 0.0012950 seconds, Stopping threads took: 0.0005721 seconds
[2023-10-30T22:55:39.373+0000][918.026s][debug][safepoint     ] Safepoint synchronization initiated. (186 threads)
[2023-10-30T22:55:39.374+0000][918.027s][info ][safepoint     ] Application time: 1.0011054 seconds
[2023-10-30T22:55:39.375+0000][918.028s][info ][safepoint     ] Entering safepoint region: Cleanup
[2023-10-30T22:55:39.376+0000][918.029s][info ][safepoint     ] Leaving safepoint region
[2023-10-30T22:55:39.377+0000][918.030s][info ][safepoint     ] Total time for which application threads were stopped: 0.0017407 seconds, Stopping threads took: 0.0007817 seconds
[2023-10-30T22:55:40.378+0000][919.031s][debug][safepoint     ] Safepoint synchronization initiated. (186 threads)
[2023-10-30T22:55:40.379+0000][919.032s][info ][safepoint     ] Application time: 1.0014788 seconds
[2023-10-30T22:55:40.380+0000][919.033s][info ][safepoint     ] Entering safepoint region: Cleanup
[2023-10-30T22:55:40.381+0000][919.034s][info ][safepoint     ] Leaving safepoint region
[2023-10-30T22:55:40.382+0000][919.035s][info ][safepoint     ] Total time for which application threads were stopped: 0.0019205 seconds, Stopping threads took: 0.0007886 seconds
[2023-10-30T22:55:41.382+0000][920.035s][debug][safepoint     ] Safepoint synchronization initiated. (186 threads)
[2023-10-30T22:55:41.383+0000][920.036s][info ][safepoint     ] Application time: 1.0011254 seconds
[2023-10-30T22:55:41.384+0000][920.037s][info ][safepoint     ] Entering safepoint region: Cleanup
[2023-10-30T22:55:41.385+0000][920.038s][info ][safepoint     ] Leaving safepoint region
[2023-10-30T22:55:41.386+0000][920.039s][info ][safepoint     ] Total time for which application threads were stopped: 0.0016867 seconds, Stopping threads took: 0.0006647 seconds
[2023-10-30T22:55:42.387+0000][921.040s][debug][safepoint     ] Safepoint synchronization initiated. (186 threads)
[2023-10-30T22:55:42.388+0000][921.041s][info ][safepoint     ] Application time: 1.0015791 seconds
[2023-10-30T22:55:42.389+0000][921.042s][info ][safepoint     ] Entering safepoint region: Cleanup
[2023-10-30T22:55:42.390+0000][921.043s][info ][safepoint     ] Leaving safepoint region
[2023-10-30T22:55:42.391+0000][921.044s][info ][safepoint     ] Total time for which application threads were stopped: 0.0024903 seconds, Stopping threads took: 0.0011438 seconds
[2023-10-30T22:55:43.393+0000][922.046s][debug][safepoint     ] Safepoint synchronization initiated. (186 threads)
[2023-10-30T22:55:43.393+0000][922.046s][info ][safepoint     ] Application time: 1.0007558 seconds
[2023-10-30T22:55:43.394+0000][922.047s][info ][safepoint     ] Entering safepoint region: Cleanup
[2023-10-30T22:55:43.394+0000][922.047s][info ][safepoint     ] Leaving safepoint region
[2023-10-30T22:55:43.395+0000][922.048s][info ][safepoint     ] Total time for which application threads were stopped: 0.0012467 seconds, Stopping threads took: 0.0004985 seconds
[2023-10-30T22:55:44.395+0000][923.048s][debug][safepoint     ] Safepoint synchronization initiated. (186 threads)
[2023-10-30T22:55:44.396+0000][923.049s][info ][safepoint     ] Application time: 1.0006413 seconds
[2023-10-30T22:55:44.396+0000][923.049s][debug][safepoint     ] ... found polling page return exception at pc = 0x00007f93493f09d6, stub =0x00007f9340840600
[2023-10-30T22:55:44.396+0000][923.049s][debug][safepoint     ] ... found polling page return exception at pc = 0x00007f93493f09d6, stub =0x00007f9340840600
[2023-10-30T22:55:44.396+0000][923.049s][debug][safepoint     ] ... found polling page return exception at pc = 0x00007f93493f09d6, stub =0x00007f9340840600
[2023-10-30T22:55:44.396+0000][923.049s][debug][safepoint     ] ... found polling page return exception at pc = 0x00007f93493f09d6, stub =0x00007f9340840600
[2023-10-30T22:55:44.399+0000][923.052s][debug][safepoint     ] Waiting for 5 thread(s) to block
[2023-10-30T22:55:44.400+0000][923.053s][info ][safepoint     ] Entering safepoint region: Cleanup
[2023-10-30T22:55:44.401+0000][923.053s][info ][safepoint     ] Leaving safepoint region
[2023-10-30T22:55:44.401+0000][923.054s][info ][safepoint     ] Total time for which application threads were stopped: 0.0047128 seconds, Stopping threads took: 0.0040786 seconds
[2023-10-30T22:55:45.402+0000][924.055s][debug][safepoint     ] Safepoint synchronization initiated. (186 threads)
[2023-10-30T22:55:45.403+0000][924.056s][info ][safepoint     ] Application time: 1.0013000 seconds
[2023-10-30T22:55:45.404+0000][924.057s][info ][safepoint     ] Entering safepoint region: Cleanup
[2023-10-30T22:55:45.405+0000][924.058s][info ][safepoint     ] Leaving safepoint region
[2023-10-30T22:55:45.406+0000][924.059s][info ][safepoint     ] Total time for which application threads were stopped: 0.0018553 seconds, Stopping threads took: 0.0007786 seconds
[2023-10-30T22:55:46.407+0000][925.060s][debug][safepoint     ] Safepoint synchronization initiated. (186 threads)
[2023-10-30T22:55:46.408+0000][925.061s][info ][safepoint     ] Application time: 1.0016454 seconds
[2023-10-30T22:55:46.409+0000][925.062s][info ][safepoint     ] Entering safepoint region: Cleanup
[2023-10-30T22:55:46.410+0000][925.063s][info ][safepoint     ] Leaving safepoint region
[2023-10-30T22:55:46.411+0000][925.064s][info ][safepoint     ] Total time for which application threads were stopped: 0.0018174 seconds, Stopping threads took: 0.0007942 seconds
[2023-10-30T22:55:47.412+0000][926.065s][debug][safepoint     ] Safepoint synchronization initiated. (186 threads)
[2023-10-30T22:55:47.413+0000][926.066s][info ][safepoint     ] Application time: 1.0012500 seconds
[2023-10-30T22:55:47.414+0000][926.067s][info ][safepoint     ] Entering safepoint region: Cleanup
[2023-10-30T22:55:47.415+0000][926.068s][info ][safepoint     ] Leaving safepoint region
[2023-10-30T22:55:47.415+0000][926.068s][info ][safepoint     ] Total time for which application threads were stopped: 0.0018572 seconds, Stopping threads took: 0.0008319 seconds
[2023-10-30T22:55:48.416+0000][927.069s][debug][safepoint     ] Safepoint synchronization initiated. (186 threads)
[2023-10-30T22:55:48.417+0000][927.070s][info ][safepoint     ] Application time: 1.0007785 seconds
[2023-10-30T22:55:48.417+0000][927.070s][info ][safepoint     ] Entering safepoint region: Cleanup
[2023-10-30T22:55:48.418+0000][927.071s][info ][safepoint     ] Leaving safepoint region
[2023-10-30T22:55:48.419+0000][927.072s][info ][safepoint     ] Total time for which application threads were stopped: 0.0013473 seconds, Stopping threads took: 0.0005676 seconds
[2023-10-30T22:55:49.420+0000][928.073s][debug][safepoint     ] Safepoint synchronization initiated. (186 threads)
[2023-10-30T22:55:49.421+0000][928.074s][info ][safepoint     ] Application time: 1.0013758 seconds
[2023-10-30T22:55:49.422+0000][928.075s][info ][safepoint     ] Entering safepoint region: Cleanup
[2023-10-30T22:55:49.423+0000][928.076s][info ][safepoint     ] Leaving safepoint region
[2023-10-30T22:55:49.424+0000][928.077s][info ][safepoint     ] Total time for which application threads were stopped: 0.0021961 seconds, Stopping threads took: 0.0010364 seconds
[2023-10-30T22:55:50.425+0000][929.078s][debug][safepoint     ] Safepoint synchronization initiated. (186 threads)
[2023-10-30T22:55:50.426+0000][929.079s][info ][safepoint     ] Application time: 1.0012039 seconds
[2023-10-30T22:55:50.427+0000][929.080s][info ][safepoint     ] Entering safepoint region: Cleanup
[2023-10-30T22:55:50.428+0000][929.081s][info ][safepoint     ] Leaving safepoint region
[2023-10-30T22:55:50.428+0000][929.081s][info ][safepoint     ] Total time for which application threads were stopped: 0.0016941 seconds, Stopping threads took: 0.0006789 seconds
[2023-10-30T22:55:51.429+0000][930.082s][debug][safepoint     ] Safepoint synchronization initiated. (186 threads)
[2023-10-30T22:55:51.430+0000][930.083s][info ][safepoint     ] Application time: 1.0012948 seconds
[2023-10-30T22:55:51.431+0000][930.084s][info ][safepoint     ] Entering safepoint region: Cleanup
[2023-10-30T22:55:51.432+0000][930.085s][info ][safepoint     ] Leaving safepoint region
[2023-10-30T22:55:51.433+0000][930.086s][info ][safepoint     ] Total time for which application threads were stopped: 0.0015813 seconds, Stopping threads took: 0.0007247 seconds
[2023-10-30T22:55:51.432+0000][930.085s][debug][safepoint     ] ... found polling page return exception at pc = 0x00007f93492e2b44, stub =0x00007f9340840600
[2023-10-30T22:55:51.432+0000][930.085s][debug][safepoint     ] ... found polling page return exception at pc = 0x00007f93492e2b44, stub =0x00007f9340840600
[2023-10-30T22:55:51.432+0000][930.085s][debug][safepoint     ] ... found polling page return exception at pc = 0x00007f93492e2b44, stub =0x00007f9340840600
[2023-10-30T22:55:52.434+0000][931.086s][debug][safepoint     ] Safepoint synchronization initiated. (186 threads)
[2023-10-30T22:55:52.435+0000][931.088s][info ][safepoint     ] Application time: 1.0013836 seconds
[2023-10-30T22:55:52.435+0000][931.088s][info ][safepoint     ] Entering safepoint region: Cleanup
[2023-10-30T22:55:52.437+0000][931.090s][info ][safepoint     ] Leaving safepoint region
[2023-10-30T22:55:52.437+0000][931.090s][info ][safepoint     ] Total time for which application threads were stopped: 0.0019552 seconds, Stopping threads took: 0.0008977 seconds
[2023-10-30T22:55:53.438+0000][932.091s][debug][safepoint     ] Safepoint synchronization initiated. (186 threads)
[2023-10-30T22:55:53.439+0000][932.092s][info ][safepoint     ] Application time: 1.0008085 seconds
[2023-10-30T22:55:53.439+0000][932.092s][info ][safepoint     ] Entering safepoint region: Cleanup
[2023-10-30T22:55:53.440+0000][932.093s][info ][safepoint     ] Leaving safepoint region
[2023-10-30T22:55:53.441+0000][932.093s][info ][safepoint     ] Total time for which application threads were stopped: 0.0011387 seconds, Stopping threads took: 0.0004683 seconds
[2023-10-30T22:55:54.441+0000][933.094s][debug][safepoint     ] Safepoint synchronization initiated. (186 threads)
[2023-10-30T22:55:54.442+0000][933.095s][info ][safepoint     ] Application time: 1.0007834 seconds
[2023-10-30T22:55:54.442+0000][933.095s][info ][safepoint     ] Entering safepoint region: Cleanup
[2023-10-30T22:55:54.443+0000][933.096s][info ][safepoint     ] Leaving safepoint region
[2023-10-30T22:55:54.443+0000][933.096s][info ][safepoint     ] Total time for which application threads were stopped: 0.0012807 seconds, Stopping threads took: 0.0005160 seconds
[2023-10-30T22:55:55.444+0000][934.097s][debug][safepoint     ] Safepoint synchronization initiated. (186 threads)
[2023-10-30T22:55:55.445+0000][934.098s][info ][safepoint     ] Application time: 1.0009339 seconds
[2023-10-30T22:55:55.445+0000][934.098s][info ][safepoint     ] Entering safepoint region: Cleanup
[2023-10-30T22:55:55.446+0000][934.099s][info ][safepoint     ] Leaving safepoint region
[2023-10-30T22:55:55.447+0000][934.100s][info ][safepoint     ] Total time for which application threads were stopped: 0.0014372 seconds, Stopping threads took: 0.0006161 seconds
[2023-10-30T22:55:56.448+0000][935.100s][debug][safepoint     ] Safepoint synchronization initiated. (186 threads)
[2023-10-30T22:55:56.449+0000][935.101s][info ][safepoint     ] Application time: 1.0012747 seconds
[2023-10-30T22:55:56.450+0000][935.103s][info ][safepoint     ] Entering safepoint region: Cleanup
[2023-10-30T22:55:56.451+0000][935.104s][info ][safepoint     ] Leaving safepoint region
[2023-10-30T22:55:56.452+0000][935.105s][info ][safepoint     ] Total time for which application threads were stopped: 0.0021421 seconds, Stopping threads took: 0.0010059 seconds
[2023-10-30T22:55:57.453+0000][936.106s][debug][safepoint     ] Safepoint synchronization initiated. (186 threads)
[2023-10-30T22:55:57.453+0000][936.106s][info ][safepoint     ] Application time: 1.0009129 seconds
[2023-10-30T22:55:57.454+0000][936.107s][info ][safepoint     ] Entering safepoint region: Cleanup
[2023-10-30T22:55:57.455+0000][936.108s][info ][safepoint     ] Leaving safepoint region
[2023-10-30T22:55:57.457+0000][936.110s][info ][safepoint     ] Total time for which application threads were stopped: 0.0024849 seconds, Stopping threads took: 0.0006381 seconds
[2023-10-30T22:55:58.458+0000][937.111s][debug][safepoint     ] Safepoint synchronization initiated. (186 threads)
[2023-10-30T22:55:58.459+0000][937.112s][info ][safepoint     ] Application time: 1.0017474 seconds
[2023-10-30T22:55:58.460+0000][937.113s][info ][safepoint     ] Entering safepoint region: Cleanup
[2023-10-30T22:55:58.461+0000][937.114s][info ][safepoint     ] Leaving safepoint region
[2023-10-30T22:55:58.462+0000][937.115s][info ][safepoint     ] Total time for which application threads were stopped: 0.0019102 seconds, Stopping threads took: 0.0009017 seconds
[2023-10-30T22:55:59.463+0000][938.116s][debug][safepoint     ] Safepoint synchronization initiated. (186 threads)
[2023-10-30T22:55:59.463+0000][938.116s][info ][safepoint     ] Application time: 1.0005699 seconds
[2023-10-30T22:55:59.464+0000][938.117s][info ][safepoint     ] Entering safepoint region: Cleanup
[2023-10-30T22:55:59.464+0000][938.117s][info ][safepoint     ] Leaving safepoint region
[2023-10-30T22:55:59.465+0000][938.117s][info ][safepoint     ] Total time for which application threads were stopped: 0.0008754 seconds, Stopping threads took: 0.0003804 seconds
[2023-10-30T22:56:00.465+0000][939.118s][debug][safepoint     ] Safepoint synchronization initiated. (186 threads)
[2023-10-30T22:56:00.465+0000][939.118s][info ][safepoint     ] Application time: 1.0005593 seconds
[2023-10-30T22:56:00.466+0000][939.119s][info ][safepoint     ] Entering safepoint region: Cleanup
[2023-10-30T22:56:00.466+0000][939.119s][info ][safepoint     ] Leaving safepoint region
[2023-10-30T22:56:00.467+0000][939.120s][info ][safepoint     ] Total time for which application threads were stopped: 0.0009339 seconds, Stopping threads took: 0.0003342 seconds
[2023-10-30T22:56:01.467+0000][940.120s][debug][safepoint     ] Safepoint synchronization initiated. (186 threads)
[2023-10-30T22:56:01.468+0000][940.121s][info ][safepoint     ] Application time: 1.0011783 seconds
[2023-10-30T22:56:01.469+0000][940.122s][info ][safepoint     ] Entering safepoint region: Cleanup
[2023-10-30T22:56:01.470+0000][940.123s][info ][safepoint     ] Leaving safepoint region
[2023-10-30T22:56:01.471+0000][940.124s][info ][safepoint     ] Total time for which application threads were stopped: 0.0017024 seconds, Stopping threads took: 0.0007961 seconds
[2023-10-30T22:56:02.472+0000][941.125s][debug][safepoint     ] Safepoint synchronization initiated. (186 threads)
[2023-10-30T22:56:02.473+0000][941.125s][info ][safepoint     ] Application time: 1.0011239 seconds
[2023-10-30T22:56:02.473+0000][941.126s][info ][safepoint     ] Entering safepoint region: Cleanup
[2023-10-30T22:56:02.474+0000][941.127s][info ][safepoint     ] Leaving safepoint region
[2023-10-30T22:56:02.475+0000][941.128s][info ][safepoint     ] Total time for which application threads were stopped: 0.0015511 seconds, Stopping threads took: 0.0007716 seconds
[2023-10-30T22:56:03.476+0000][942.129s][debug][safepoint     ] Safepoint synchronization initiated. (185 threads)
[2023-10-30T22:56:03.477+0000][942.130s][info ][safepoint     ] Application time: 1.0013646 seconds
[2023-10-30T22:56:03.477+0000][942.130s][info ][safepoint     ] Entering safepoint region: Cleanup
[2023-10-30T22:56:03.478+0000][942.131s][info ][safepoint     ] Leaving safepoint region
[2023-10-30T22:56:03.478+0000][942.131s][info ][safepoint     ] Total time for which application threads were stopped: 0.0011508 seconds, Stopping threads took: 0.0004433 seconds
[2023-10-30T22:56:04.479+0000][943.132s][debug][safepoint     ] Safepoint synchronization initiated. (185 threads)
[2023-10-30T22:56:04.480+0000][943.132s][info ][safepoint     ] Application time: 1.0007379 seconds
[2023-10-30T22:56:04.480+0000][943.133s][info ][safepoint     ] Entering safepoint region: Cleanup
[2023-10-30T22:56:04.481+0000][943.134s][info ][safepoint     ] Leaving safepoint region
[2023-10-30T22:56:04.481+0000][943.134s][info ][safepoint     ] Total time for which application threads were stopped: 0.0011037 seconds, Stopping threads took: 0.0005024 seconds
[2023-10-30T22:56:05.482+0000][944.135s][debug][safepoint     ] Safepoint synchronization initiated. (185 threads)
[2023-10-30T22:56:05.483+0000][944.136s][info ][safepoint     ] Application time: 1.0014271 seconds
[2023-10-30T22:56:05.484+0000][944.137s][info ][safepoint     ] Entering safepoint region: Cleanup
[2023-10-30T22:56:05.486+0000][944.138s][info ][safepoint     ] Leaving safepoint region
[2023-10-30T22:56:05.486+0000][944.139s][info ][safepoint     ] Total time for which application threads were stopped: 0.0023835 seconds, Stopping threads took: 0.0010935 seconds
[2023-10-30T22:56:06.488+0000][945.140s][debug][safepoint     ] Safepoint synchronization initiated. (185 threads)
[2023-10-30T22:56:06.489+0000][945.141s][info ][safepoint     ] Application time: 1.0011475 seconds
[2023-10-30T22:56:06.489+0000][945.142s][info ][safepoint     ] Entering safepoint region: Cleanup
[2023-10-30T22:56:06.490+0000][945.143s][info ][safepoint     ] Leaving safepoint region
[2023-10-30T22:56:06.491+0000][945.144s][info ][safepoint     ] Total time for which application threads were stopped: 0.0016134 seconds, Stopping threads took: 0.0006941 seconds
[2023-10-30T22:56:07.492+0000][946.145s][debug][safepoint     ] Safepoint synchronization initiated. (185 threads)
[2023-10-30T22:56:07.493+0000][946.146s][info ][safepoint     ] Application time: 1.0014841 seconds
[2023-10-30T22:56:07.494+0000][946.147s][info ][safepoint     ] Entering safepoint region: Cleanup
[2023-10-30T22:56:07.495+0000][946.148s][info ][safepoint     ] Leaving safepoint region
[2023-10-30T22:56:07.496+0000][946.149s][info ][safepoint     ] Total time for which application threads were stopped: 0.0018712 seconds, Stopping threads took: 0.0008951 seconds
[2023-10-30T22:56:08.497+0000][947.150s][debug][safepoint     ] Safepoint synchronization initiated. (185 threads)
[2023-10-30T22:56:08.498+0000][947.151s][info ][safepoint     ] Application time: 1.0015666 seconds
[2023-10-30T22:56:08.499+0000][947.152s][info ][safepoint     ] Entering safepoint region: Cleanup
[2023-10-30T22:56:08.500+0000][947.153s][info ][safepoint     ] Leaving safepoint region
[2023-10-30T22:56:08.500+0000][947.153s][info ][safepoint     ] Total time for which application threads were stopped: 0.0015901 seconds, Stopping threads took: 0.0008237 seconds
[2023-10-30T22:56:09.501+0000][948.154s][debug][safepoint     ] Safepoint synchronization initiated. (185 threads)
[2023-10-30T22:56:09.502+0000][948.155s][info ][safepoint     ] Application time: 1.0013263 seconds
[2023-10-30T22:56:09.503+0000][948.156s][info ][safepoint     ] Entering safepoint region: Cleanup
[2023-10-30T22:56:09.504+0000][948.157s][info ][safepoint     ] Leaving safepoint region
[2023-10-30T22:56:09.505+0000][948.158s][info ][safepoint     ] Total time for which application threads were stopped: 0.0020030 seconds, Stopping threads took: 0.0009745 seconds
[2023-10-30T22:56:10.506+0000][949.159s][debug][safepoint     ] Safepoint synchronization initiated. (185 threads)
[2023-10-30T22:56:10.507+0000][949.160s][info ][safepoint     ] Application time: 1.0012511 seconds
[2023-10-30T22:56:10.508+0000][949.161s][info ][safepoint     ] Entering safepoint region: Cleanup
[2023-10-30T22:56:10.509+0000][949.162s][info ][safepoint     ] Leaving safepoint region
[2023-10-30T22:56:10.510+0000][949.163s][info ][safepoint     ] Total time for which application threads were stopped: 0.0018712 seconds, Stopping threads took: 0.0007113 seconds
[2023-10-30T22:56:11.511+0000][950.164s][debug][safepoint     ] Safepoint synchronization initiated. (185 threads)
[2023-10-30T22:56:11.512+0000][950.165s][info ][safepoint     ] Application time: 1.0013601 seconds
[2023-10-30T22:56:11.513+0000][950.166s][info ][safepoint     ] Entering safepoint region: Cleanup
[2023-10-30T22:56:11.514+0000][950.167s][info ][safepoint     ] Leaving safepoint region
[2023-10-30T22:56:11.515+0000][950.168s][info ][safepoint     ] Total time for which application threads were stopped: 0.0019957 seconds, Stopping threads took: 0.0008971 seconds
[2023-10-30T22:56:12.516+0000][951.169s][debug][safepoint     ] Safepoint synchronization initiated. (185 threads)
[2023-10-30T22:56:12.517+0000][951.170s][info ][safepoint     ] Application time: 1.0015815 seconds
[2023-10-30T22:56:12.518+0000][951.171s][info ][safepoint     ] Entering safepoint region: Cleanup
[2023-10-30T22:56:12.519+0000][951.172s][info ][safepoint     ] Leaving safepoint region
[2023-10-30T22:56:12.520+0000][951.173s][info ][safepoint     ] Total time for which application threads were stopped: 0.0019613 seconds, Stopping threads took: 0.0008117 seconds
[2023-10-30T22:56:13.521+0000][952.174s][debug][safepoint     ] Safepoint synchronization initiated. (185 threads)
[2023-10-30T22:56:13.522+0000][952.174s][info ][safepoint     ] Application time: 1.0007126 seconds
[2023-10-30T22:56:13.522+0000][952.175s][info ][safepoint     ] Entering safepoint region: Cleanup
[2023-10-30T22:56:13.523+0000][952.176s][info ][safepoint     ] Leaving safepoint region
[2023-10-30T22:56:13.523+0000][952.176s][info ][safepoint     ] Total time for which application threads were stopped: 0.0011834 seconds, Stopping threads took: 0.0005338 seconds
[2023-10-30T22:56:14.524+0000][953.177s][debug][safepoint     ] Safepoint synchronization initiated. (185 threads)
[2023-10-30T22:56:14.524+0000][953.177s][info ][safepoint     ] Application time: 1.0005234 seconds
[2023-10-30T22:56:14.525+0000][953.178s][info ][safepoint     ] Entering safepoint region: Cleanup
[2023-10-30T22:56:14.525+0000][953.178s][info ][safepoint     ] Leaving safepoint region
[2023-10-30T22:56:14.526+0000][953.178s][info ][safepoint     ] Total time for which application threads were stopped: 0.0009032 seconds, Stopping threads took: 0.0002793 seconds
[2023-10-30T22:56:15.526+0000][954.179s][debug][safepoint     ] Safepoint synchronization initiated. (183 threads)
[2023-10-30T22:56:15.526+0000][954.179s][info ][safepoint     ] Application time: 1.0004182 seconds
[2023-10-30T22:56:15.527+0000][954.179s][info ][safepoint     ] Entering safepoint region: Cleanup
[2023-10-30T22:56:15.527+0000][954.180s][info ][safepoint     ] Leaving safepoint region
[2023-10-30T22:56:15.527+0000][954.180s][info ][safepoint     ] Total time for which application threads were stopped: 0.0007493 seconds, Stopping threads took: 0.0002821 seconds
[2023-10-30T22:56:16.528+0000][955.180s][debug][safepoint     ] Safepoint synchronization initiated. (183 threads)
[2023-10-30T22:56:16.528+0000][955.181s][info ][safepoint     ] Application time: 1.0006607 seconds
[2023-10-30T22:56:16.529+0000][955.181s][info ][safepoint     ] Entering safepoint region: Cleanup
[2023-10-30T22:56:16.529+0000][955.182s][info ][safepoint     ] Leaving safepoint region
[2023-10-30T22:56:16.530+0000][955.182s][info ][safepoint     ] Total time for which application threads were stopped: 0.0009833 seconds, Stopping threads took: 0.0004035 seconds
[2023-10-30T22:56:17.530+0000][956.183s][debug][safepoint     ] Safepoint synchronization initiated. (183 threads)
[2023-10-30T22:56:17.531+0000][956.184s][info ][safepoint     ] Application time: 1.0007242 seconds
[2023-10-30T22:56:17.531+0000][956.184s][info ][safepoint     ] Entering safepoint region: Cleanup
[2023-10-30T22:56:17.532+0000][956.185s][info ][safepoint     ] Leaving safepoint region
[2023-10-30T22:56:17.532+0000][956.185s][info ][safepoint     ] Total time for which application threads were stopped: 0.0010264 seconds, Stopping threads took: 0.0004215 seconds
[2023-10-30T22:56:18.533+0000][957.186s][debug][safepoint     ] Safepoint synchronization initiated. (184 threads)
[2023-10-30T22:56:18.533+0000][957.186s][info ][safepoint     ] Application time: 1.0007942 seconds
[2023-10-30T22:56:18.534+0000][957.187s][info ][safepoint     ] Entering safepoint region: Cleanup
[2023-10-30T22:56:18.534+0000][957.187s][info ][safepoint     ] Leaving safepoint region
[2023-10-30T22:56:18.535+0000][957.188s][info ][safepoint     ] Total time for which application threads were stopped: 0.0011244 seconds, Stopping threads took: 0.0004965 seconds
[2023-10-30T22:56:19.535+0000][958.188s][debug][safepoint     ] Safepoint synchronization initiated. (184 threads)
[2023-10-30T22:56:19.536+0000][958.189s][info ][safepoint     ] Application time: 1.0006530 seconds
[2023-10-30T22:56:19.536+0000][958.189s][info ][safepoint     ] Entering safepoint region: Cleanup
[2023-10-30T22:56:19.537+0000][958.190s][info ][safepoint     ] Leaving safepoint region
[2023-10-30T22:56:19.537+0000][958.190s][info ][safepoint     ] Total time for which application threads were stopped: 0.0012472 seconds, Stopping threads took: 0.0005608 seconds
[2023-10-30T22:56:20.538+0000][959.191s][debug][safepoint     ] Safepoint synchronization initiated. (184 threads)
[2023-10-30T22:56:20.538+0000][959.191s][info ][safepoint     ] Application time: 1.0007193 seconds
[2023-10-30T22:56:20.539+0000][959.192s][info ][safepoint     ] Entering safepoint region: Cleanup
[2023-10-30T22:56:20.539+0000][959.192s][info ][safepoint     ] Leaving safepoint region
[2023-10-30T22:56:20.540+0000][959.192s][info ][safepoint     ] Total time for which application threads were stopped: 0.0008482 seconds, Stopping threads took: 0.0003535 seconds
[2023-10-30T22:56:21.540+0000][960.193s][debug][safepoint     ] Safepoint synchronization initiated. (184 threads)
[2023-10-30T22:56:21.541+0000][960.194s][info ][safepoint     ] Application time: 1.0008409 seconds
[2023-10-30T22:56:21.541+0000][960.194s][info ][safepoint     ] Entering safepoint region: Cleanup
[2023-10-30T22:56:21.542+0000][960.195s][info ][safepoint     ] Leaving safepoint region
[2023-10-30T22:56:21.542+0000][960.195s][info ][safepoint     ] Total time for which application threads were stopped: 0.0011215 seconds, Stopping threads took: 0.0004807 seconds
[2023-10-30T22:56:22.543+0000][961.196s][debug][safepoint     ] Safepoint synchronization initiated. (184 threads)
[2023-10-30T22:56:22.544+0000][961.197s][info ][safepoint     ] Application time: 1.0010185 seconds
[2023-10-30T22:56:22.544+0000][961.197s][info ][safepoint     ] Entering safepoint region: Cleanup
[2023-10-30T22:56:22.545+0000][961.198s][info ][safepoint     ] Leaving safepoint region
[2023-10-30T22:56:22.546+0000][961.198s][info ][safepoint     ] Total time for which application threads were stopped: 0.0013263 seconds, Stopping threads took: 0.0006329 seconds
[2023-10-30T22:56:23.547+0000][962.199s][debug][safepoint     ] Safepoint synchronization initiated. (184 threads)
[2023-10-30T22:56:23.547+0000][962.200s][info ][safepoint     ] Application time: 1.0007852 seconds
[2023-10-30T22:56:23.548+0000][962.200s][info ][safepoint     ] Entering safepoint region: Cleanup
[2023-10-30T22:56:23.548+0000][962.201s][info ][safepoint     ] Leaving safepoint region
[2023-10-30T22:56:23.549+0000][962.202s][info ][safepoint     ] Total time for which application threads were stopped: 0.0012751 seconds, Stopping threads took: 0.0006070 seconds
[2023-10-30T22:56:24.549+0000][963.202s][debug][safepoint     ] Safepoint synchronization initiated. (184 threads)
[2023-10-30T22:56:24.550+0000][963.203s][info ][safepoint     ] Application time: 1.0007258 seconds
[2023-10-30T22:56:24.550+0000][963.203s][info ][safepoint     ] Entering safepoint region: Cleanup
[2023-10-30T22:56:24.551+0000][963.204s][info ][safepoint     ] Leaving safepoint region
[2023-10-30T22:56:24.551+0000][963.204s][info ][safepoint     ] Total time for which application threads were stopped: 0.0009874 seconds, Stopping threads took: 0.0004851 seconds
[2023-10-30T22:56:25.552+0000][964.204s][debug][safepoint     ] Safepoint synchronization initiated. (184 threads)
[2023-10-30T22:56:25.552+0000][964.205s][info ][safepoint     ] Application time: 1.0006910 seconds
[2023-10-30T22:56:25.553+0000][964.206s][info ][safepoint     ] Entering safepoint region: Cleanup
[2023-10-30T22:56:25.554+0000][964.206s][info ][safepoint     ] Leaving safepoint region
[2023-10-30T22:56:25.554+0000][964.207s][info ][safepoint     ] Total time for which application threads were stopped: 0.0010446 seconds, Stopping threads took: 0.0004665 seconds
[2023-10-30T22:56:26.554+0000][965.207s][debug][safepoint     ] Safepoint synchronization initiated. (184 threads)
[2023-10-30T22:56:26.555+0000][965.208s][info ][safepoint     ] Application time: 1.0008247 seconds
[2023-10-30T22:56:26.556+0000][965.208s][info ][safepoint     ] Entering safepoint region: Cleanup
[2023-10-30T22:56:26.557+0000][965.209s][info ][safepoint     ] Leaving safepoint region
[2023-10-30T22:56:26.557+0000][965.210s][info ][safepoint     ] Total time for which application threads were stopped: 0.0012598 seconds, Stopping threads took: 0.0006039 seconds
[2023-10-30T22:56:27.558+0000][966.210s][debug][safepoint     ] Safepoint synchronization initiated. (184 threads)
[2023-10-30T22:56:27.558+0000][966.211s][info ][safepoint     ] Application time: 1.0006212 seconds
[2023-10-30T22:56:27.559+0000][966.211s][info ][safepoint     ] Entering safepoint region: Cleanup
[2023-10-30T22:56:27.559+0000][966.212s][info ][safepoint     ] Leaving safepoint region
[2023-10-30T22:56:27.560+0000][966.212s][info ][safepoint     ] Total time for which application threads were stopped: 0.0010432 seconds, Stopping threads took: 0.0004217 seconds
[2023-10-30T22:56:28.560+0000][967.213s][debug][safepoint     ] Safepoint synchronization initiated. (184 threads)
[2023-10-30T22:56:28.561+0000][967.213s][info ][safepoint     ] Application time: 1.0006669 seconds
[2023-10-30T22:56:28.561+0000][967.214s][info ][safepoint     ] Entering safepoint region: Cleanup
[2023-10-30T22:56:28.562+0000][967.215s][info ][safepoint     ] Leaving safepoint region
[2023-10-30T22:56:28.562+0000][967.215s][info ][safepoint     ] Total time for which application threads were stopped: 0.0011698 seconds, Stopping threads took: 0.0005096 seconds
[2023-10-30T22:56:29.563+0000][968.216s][debug][safepoint     ] Safepoint synchronization initiated. (183 threads)
[2023-10-30T22:56:29.564+0000][968.217s][info ][safepoint     ] Application time: 1.0011616 seconds
[2023-10-30T22:56:29.565+0000][968.217s][info ][safepoint     ] Entering safepoint region: Cleanup
[2023-10-30T22:56:29.566+0000][968.219s][info ][safepoint     ] Leaving safepoint region
[2023-10-30T22:56:29.567+0000][968.219s][info ][safepoint     ] Total time for which application threads were stopped: 0.0021018 seconds, Stopping threads took: 0.0009338 seconds
[2023-10-30T22:56:30.568+0000][969.221s][debug][safepoint     ] Safepoint synchronization initiated. (183 threads)
[2023-10-30T22:56:30.569+0000][969.222s][info ][safepoint     ] Application time: 1.0017285 seconds
[2023-10-30T22:56:30.570+0000][969.222s][info ][safepoint     ] Entering safepoint region: Cleanup
[2023-10-30T22:56:30.571+0000][969.223s][info ][safepoint     ] Leaving safepoint region
[2023-10-30T22:56:30.571+0000][969.224s][info ][safepoint     ] Total time for which application threads were stopped: 0.0012770 seconds, Stopping threads took: 0.0003976 seconds
[2023-10-30T22:56:31.572+0000][970.224s][debug][safepoint     ] Safepoint synchronization initiated. (183 threads)
[2023-10-30T22:56:31.573+0000][970.226s][info ][safepoint     ] Application time: 1.0022300 seconds
[2023-10-30T22:56:31.574+0000][970.227s][info ][safepoint     ] Entering safepoint region: Cleanup
[2023-10-30T22:56:31.575+0000][970.227s][info ][safepoint     ] Leaving safepoint region
[2023-10-30T22:56:31.575+0000][970.228s][info ][safepoint     ] Total time for which application threads were stopped: 0.0011180 seconds, Stopping threads took: 0.0005090 seconds
[2023-10-30T22:56:32.576+0000][971.228s][debug][safepoint     ] Safepoint synchronization initiated. (183 threads)
[2023-10-30T22:56:32.576+0000][971.229s][info ][safepoint     ] Application time: 1.0006217 seconds
[2023-10-30T22:56:32.577+0000][971.229s][info ][safepoint     ] Entering safepoint region: Cleanup
[2023-10-30T22:56:32.577+0000][971.230s][info ][safepoint     ] Leaving safepoint region
[2023-10-30T22:56:32.577+0000][971.230s][info ][safepoint     ] Total time for which application threads were stopped: 0.0009635 seconds, Stopping threads took: 0.0003700 seconds
[2023-10-30T22:56:33.578+0000][972.231s][debug][safepoint     ] Safepoint synchronization initiated. (183 threads)
[2023-10-30T22:56:33.579+0000][972.232s][info ][safepoint     ] Application time: 1.0008972 seconds
[2023-10-30T22:56:33.579+0000][972.232s][info ][safepoint     ] Entering safepoint region: Cleanup
[2023-10-30T22:56:33.580+0000][972.233s][info ][safepoint     ] Leaving safepoint region
[2023-10-30T22:56:33.581+0000][972.233s][info ][safepoint     ] Total time for which application threads were stopped: 0.0011932 seconds, Stopping threads took: 0.0005796 seconds
[2023-10-30T22:56:34.581+0000][973.234s][debug][safepoint     ] Safepoint synchronization initiated. (183 threads)
[2023-10-30T22:56:34.582+0000][973.235s][info ][safepoint     ] Application time: 1.0012291 seconds
[2023-10-30T22:56:34.583+0000][973.235s][info ][safepoint     ] Entering safepoint region: Cleanup
[2023-10-30T22:56:34.583+0000][973.236s][info ][safepoint     ] Leaving safepoint region
[2023-10-30T22:56:34.584+0000][973.237s][info ][safepoint     ] Total time for which application threads were stopped: 0.0015575 seconds, Stopping threads took: 0.0004365 seconds
[2023-10-30T22:56:35.585+0000][974.237s][debug][safepoint     ] Safepoint synchronization initiated. (183 threads)
[2023-10-30T22:56:35.585+0000][974.238s][info ][safepoint     ] Application time: 1.0008517 seconds
[2023-10-30T22:56:35.586+0000][974.239s][info ][safepoint     ] Entering safepoint region: Cleanup
[2023-10-30T22:56:35.587+0000][974.239s][info ][safepoint     ] Leaving safepoint region
[2023-10-30T22:56:35.587+0000][974.240s][info ][safepoint     ] Total time for which application threads were stopped: 0.0011759 seconds, Stopping threads took: 0.0005330 seconds
[2023-10-30T22:56:36.588+0000][975.240s][debug][safepoint     ] Safepoint synchronization initiated. (183 threads)
[2023-10-30T22:56:36.589+0000][975.241s][info ][safepoint     ] Application time: 1.0009282 seconds
[2023-10-30T22:56:36.589+0000][975.242s][info ][safepoint     ] Entering safepoint region: Cleanup
[2023-10-30T22:56:36.590+0000][975.242s][info ][safepoint     ] Leaving safepoint region
[2023-10-30T22:56:36.590+0000][975.243s][info ][safepoint     ] Total time for which application threads were stopped: 0.0012604 seconds, Stopping threads took: 0.0005103 seconds
[2023-10-30T22:56:37.591+0000][976.243s][debug][safepoint     ] Safepoint synchronization initiated. (183 threads)
[2023-10-30T22:56:37.591+0000][976.244s][info ][safepoint     ] Application time: 1.0007219 seconds
[2023-10-30T22:56:37.592+0000][976.244s][info ][safepoint     ] Entering safepoint region: Cleanup
[2023-10-30T22:56:37.592+0000][976.245s][info ][safepoint     ] Leaving safepoint region
[2023-10-30T22:56:37.592+0000][976.245s][info ][safepoint     ] Total time for which application threads were stopped: 0.0007567 seconds, Stopping threads took: 0.0003079 seconds
[2023-10-30T22:56:38.593+0000][977.245s][debug][safepoint     ] Safepoint synchronization initiated. (183 threads)
[2023-10-30T22:56:38.593+0000][977.246s][info ][safepoint     ] Application time: 1.0005895 seconds
[2023-10-30T22:56:38.594+0000][977.246s][info ][safepoint     ] Entering safepoint region: Cleanup
[2023-10-30T22:56:38.594+0000][977.247s][info ][safepoint     ] Leaving safepoint region
[2023-10-30T22:56:38.594+0000][977.247s][info ][safepoint     ] Total time for which application threads were stopped: 0.0008771 seconds, Stopping threads took: 0.0004209 seconds
[2023-10-30T22:56:39.595+0000][978.248s][debug][safepoint     ] Safepoint synchronization initiated. (183 threads)
[2023-10-30T22:56:39.596+0000][978.249s][info ][safepoint     ] Application time: 1.0014454 seconds
[2023-10-30T22:56:39.597+0000][978.250s][info ][safepoint     ] Entering safepoint region: Cleanup
[2023-10-30T22:56:39.599+0000][978.251s][info ][safepoint     ] Leaving safepoint region
[2023-10-30T22:56:39.600+0000][978.252s][info ][safepoint     ] Total time for which application threads were stopped: 0.0023589 seconds, Stopping threads took: 0.0010149 seconds
[2023-10-30T22:56:40.601+0000][979.253s][debug][safepoint     ] Safepoint synchronization initiated. (183 threads)
[2023-10-30T22:56:40.602+0000][979.254s][info ][safepoint     ] Application time: 1.0011899 seconds
[2023-10-30T22:56:40.603+0000][979.255s][info ][safepoint     ] Entering safepoint region: Cleanup
[2023-10-30T22:56:40.604+0000][979.256s][info ][safepoint     ] Leaving safepoint region
[2023-10-30T22:56:40.605+0000][979.257s][info ][safepoint     ] Total time for which application threads were stopped: 0.0020343 seconds, Stopping threads took: 0.0008943 seconds
[2023-10-30T22:56:41.606+0000][980.259s][debug][safepoint     ] Safepoint synchronization initiated. (183 threads)
[2023-10-30T22:56:41.607+0000][980.260s][info ][safepoint     ] Application time: 1.0016099 seconds
[2023-10-30T22:56:41.608+0000][980.260s][info ][safepoint     ] Entering safepoint region: Cleanup
[2023-10-30T22:56:41.609+0000][980.262s][info ][safepoint     ] Leaving safepoint region
[2023-10-30T22:56:41.610+0000][980.262s][info ][safepoint     ] Total time for which application threads were stopped: 0.0019225 seconds, Stopping threads took: 0.0011850 seconds
[2023-10-30T22:56:42.610+0000][981.263s][debug][safepoint     ] Safepoint synchronization initiated. (183 threads)
[2023-10-30T22:56:42.611+0000][981.264s][info ][safepoint     ] Application time: 1.0014243 seconds
[2023-10-30T22:56:42.612+0000][981.265s][info ][safepoint     ] Entering safepoint region: Cleanup
[2023-10-30T22:56:42.614+0000][981.266s][info ][safepoint     ] Leaving safepoint region
[2023-10-30T22:56:42.614+0000][981.267s][info ][safepoint     ] Total time for which application threads were stopped: 0.0020365 seconds, Stopping threads took: 0.0008665 seconds
[2023-10-30T22:56:43.615+0000][982.268s][debug][safepoint     ] Safepoint synchronization initiated. (183 threads)
[2023-10-30T22:56:43.616+0000][982.268s][info ][safepoint     ] Application time: 1.0006837 seconds
[2023-10-30T22:56:43.616+0000][982.269s][info ][safepoint     ] Entering safepoint region: Cleanup
[2023-10-30T22:56:43.617+0000][982.269s][info ][safepoint     ] Leaving safepoint region
[2023-10-30T22:56:43.617+0000][982.270s][info ][safepoint     ] Total time for which application threads were stopped: 0.0012554 seconds, Stopping threads took: 0.0005017 seconds
[2023-10-30T22:56:44.618+0000][983.271s][debug][safepoint     ] Safepoint synchronization initiated. (183 threads)
[2023-10-30T22:56:44.619+0000][983.272s][info ][safepoint     ] Application time: 1.0011566 seconds
[2023-10-30T22:56:44.620+0000][983.273s][info ][safepoint     ] Entering safepoint region: Cleanup
[2023-10-30T22:56:44.621+0000][983.273s][info ][safepoint     ] Leaving safepoint region
[2023-10-30T22:56:44.621+0000][983.274s][info ][safepoint     ] Total time for which application threads were stopped: 0.0015793 seconds, Stopping threads took: 0.0006947 seconds
[2023-10-30T22:56:45.622+0000][984.275s][debug][safepoint     ] Safepoint synchronization initiated. (183 threads)
[2023-10-30T22:56:45.623+0000][984.276s][info ][safepoint     ] Application time: 1.0011980 seconds
[2023-10-30T22:56:45.624+0000][984.277s][info ][safepoint     ] Entering safepoint region: Cleanup
[2023-10-30T22:56:45.625+0000][984.278s][info ][safepoint     ] Leaving safepoint region
[2023-10-30T22:56:45.626+0000][984.278s][info ][safepoint     ] Total time for which application threads were stopped: 0.0017395 seconds, Stopping threads took: 0.0007905 seconds
[2023-10-30T22:56:46.627+0000][985.279s][debug][safepoint     ] Safepoint synchronization initiated. (183 threads)
[2023-10-30T22:56:46.628+0000][985.280s][info ][safepoint     ] Application time: 1.0011047 seconds
[2023-10-30T22:56:46.628+0000][985.281s][info ][safepoint     ] Entering safepoint region: Cleanup
[2023-10-30T22:56:46.630+0000][985.282s][info ][safepoint     ] Leaving safepoint region
[2023-10-30T22:56:46.630+0000][985.283s][info ][safepoint     ] Total time for which application threads were stopped: 0.0018239 seconds, Stopping threads took: 0.0007991 seconds
[2023-10-30T22:56:47.631+0000][986.284s][debug][safepoint     ] Safepoint synchronization initiated. (183 threads)
[2023-10-30T22:56:47.632+0000][986.285s][info ][safepoint     ] Application time: 1.0011525 seconds
[2023-10-30T22:56:47.633+0000][986.286s][info ][safepoint     ] Entering safepoint region: Cleanup
[2023-10-30T22:56:47.634+0000][986.287s][info ][safepoint     ] Leaving safepoint region
[2023-10-30T22:56:47.635+0000][986.288s][info ][safepoint     ] Total time for which application threads were stopped: 0.0021658 seconds, Stopping threads took: 0.0010458 seconds
[2023-10-30T22:56:48.636+0000][987.288s][debug][safepoint     ] Safepoint synchronization initiated. (183 threads)
[2023-10-30T22:56:48.636+0000][987.289s][info ][safepoint     ] Application time: 1.0008224 seconds
[2023-10-30T22:56:48.637+0000][987.290s][info ][safepoint     ] Entering safepoint region: Cleanup
[2023-10-30T22:56:48.638+0000][987.290s][info ][safepoint     ] Leaving safepoint region
[2023-10-30T22:56:48.638+0000][987.291s][info ][safepoint     ] Total time for which application threads were stopped: 0.0011344 seconds, Stopping threads took: 0.0004897 seconds
[2023-10-30T22:56:49.639+0000][988.292s][debug][safepoint     ] Safepoint synchronization initiated. (183 threads)
[2023-10-30T22:56:49.640+0000][988.293s][info ][safepoint     ] Application time: 1.0012838 seconds
[2023-10-30T22:56:49.641+0000][988.293s][info ][safepoint     ] Entering safepoint region: Cleanup
[2023-10-30T22:56:49.642+0000][988.295s][info ][safepoint     ] Leaving safepoint region
[2023-10-30T22:56:49.643+0000][988.295s][info ][safepoint     ] Total time for which application threads were stopped: 0.0018867 seconds, Stopping threads took: 0.0009709 seconds
[2023-10-30T22:56:50.643+0000][989.296s][debug][safepoint     ] Safepoint synchronization initiated. (183 threads)
[2023-10-30T22:56:50.644+0000][989.296s][info ][safepoint     ] Application time: 1.0005752 seconds
[2023-10-30T22:56:50.644+0000][989.297s][info ][safepoint     ] Entering safepoint region: Cleanup
[2023-10-30T22:56:50.645+0000][989.297s][info ][safepoint     ] Leaving safepoint region
[2023-10-30T22:56:50.645+0000][989.298s][info ][safepoint     ] Total time for which application threads were stopped: 0.0009736 seconds, Stopping threads took: 0.0003809 seconds
[2023-10-30T22:56:51.646+0000][990.298s][debug][safepoint     ] Safepoint synchronization initiated. (183 threads)
[2023-10-30T22:56:51.647+0000][990.299s][info ][safepoint     ] Application time: 1.0013196 seconds
[2023-10-30T22:56:51.648+0000][990.300s][info ][safepoint     ] Entering safepoint region: Cleanup
[2023-10-30T22:56:51.649+0000][990.301s][info ][safepoint     ] Leaving safepoint region
[2023-10-30T22:56:51.649+0000][990.302s][info ][safepoint     ] Total time for which application threads were stopped: 0.0017452 seconds, Stopping threads took: 0.0007638 seconds
[2023-10-30T22:56:52.650+0000][991.303s][debug][safepoint     ] Safepoint synchronization initiated. (183 threads)
[2023-10-30T22:56:52.651+0000][991.303s][info ][safepoint     ] Application time: 1.0007365 seconds
[2023-10-30T22:56:52.651+0000][991.304s][info ][safepoint     ] Entering safepoint region: Cleanup
[2023-10-30T22:56:52.652+0000][991.305s][info ][safepoint     ] Leaving safepoint region
[2023-10-30T22:56:52.652+0000][991.305s][info ][safepoint     ] Total time for which application threads were stopped: 0.0010192 seconds, Stopping threads took: 0.0005322 seconds
[2023-10-30T22:56:53.653+0000][992.305s][debug][safepoint     ] Safepoint synchronization initiated. (183 threads)
[2023-10-30T22:56:53.653+0000][992.306s][info ][safepoint     ] Application time: 1.0005414 seconds
[2023-10-30T22:56:53.654+0000][992.306s][info ][safepoint     ] Entering safepoint region: Cleanup
[2023-10-30T22:56:53.654+0000][992.307s][info ][safepoint     ] Leaving safepoint region
[2023-10-30T22:56:53.654+0000][992.307s][info ][safepoint     ] Total time for which application threads were stopped: 0.0007629 seconds, Stopping threads took: 0.0003195 seconds
[2023-10-30T22:56:54.565+0000][993.218s][debug][safepoint     ] Safepoint synchronization initiated. (183 threads)
[2023-10-30T22:56:54.565+0000][993.218s][info ][safepoint     ] Application time: 0.9109106 seconds
[2023-10-30T22:56:54.566+0000][993.218s][info ][safepoint     ] Entering safepoint region: G1CollectForAllocation
[2023-10-30T22:56:54.566+0000][993.219s][info ][gc,start      ] GC(66) Pause Young (Normal) (G1 Evacuation Pause)
[2023-10-30T22:56:54.567+0000][993.219s][info ][gc,task       ] GC(66) Using 8 workers of 8 for evacuation
[2023-10-30T22:56:54.576+0000][993.228s][info ][gc,phases     ] GC(66)   Pre Evacuate Collection Set: 0.0ms
[2023-10-30T22:56:54.576+0000][993.229s][info ][gc,phases     ] GC(66)   Evacuate Collection Set: 5.9ms
[2023-10-30T22:56:54.576+0000][993.229s][info ][gc,phases     ] GC(66)   Post Evacuate Collection Set: 2.8ms
[2023-10-30T22:56:54.577+0000][993.229s][info ][gc,phases     ] GC(66)   Other: 0.7ms
[2023-10-30T22:56:54.577+0000][993.230s][info ][gc,heap       ] GC(66) Eden regions: 163->0(166)
[2023-10-30T22:56:54.578+0000][993.230s][info ][gc,heap       ] GC(66) Survivor regions: 14->12(23)
[2023-10-30T22:56:54.578+0000][993.230s][info ][gc,heap       ] GC(66) Old regions: 148->149
[2023-10-30T22:56:54.578+0000][993.231s][info ][gc,heap       ] GC(66) Humongous regions: 30->30
[2023-10-30T22:56:54.579+0000][993.231s][info ][gc,metaspace  ] GC(66) Metaspace: 169867K(175652K)->169867K(175652K) NonClass: 150178K(153764K)->150178K(153764K) Class: 19689K(21888K)->19689K(21888K)
[2023-10-30T22:56:54.579+0000][993.231s][info ][gc            ] GC(66) Pause Young (Normal) (G1 Evacuation Pause) 352M->189M(411M) 12.575ms
[2023-10-30T22:56:54.579+0000][993.232s][info ][gc,cpu        ] GC(66) User=0.06s Sys=0.01s Real=0.01s
[2023-10-30T22:56:54.579+0000][993.232s][info ][safepoint     ] Leaving safepoint region
[2023-10-30T22:56:54.580+0000][993.232s][info ][safepoint     ] Total time for which application threads were stopped: 0.0139779 seconds, Stopping threads took: 0.0003229 seconds
[2023-10-30T22:56:54.580+0000][993.233s][info ][gc,stringdedup] Concurrent String Deduplication (993.233s)
[2023-10-30T22:56:54.581+0000][993.234s][info ][gc,stringdedup] Concurrent String Deduplication 125.0K->65512.0B(62504.0B) avg 54.2% (993.233s, 993.234s) 1.278ms
[2023-10-30T22:56:55.580+0000][994.233s][debug][safepoint     ] Safepoint synchronization initiated. (183 threads)
[2023-10-30T22:56:55.581+0000][994.233s][info ][safepoint     ] Application time: 1.0006933 seconds
[2023-10-30T22:56:55.581+0000][994.234s][info ][safepoint     ] Entering safepoint region: Cleanup
[2023-10-30T22:56:55.582+0000][994.234s][info ][safepoint     ] Leaving safepoint region
[2023-10-30T22:56:55.582+0000][994.234s][info ][safepoint     ] Total time for which application threads were stopped: 0.0008942 seconds, Stopping threads took: 0.0004037 seconds
[2023-10-30T22:56:56.582+0000][995.235s][debug][safepoint     ] Safepoint synchronization initiated. (183 threads)
[2023-10-30T22:56:56.583+0000][995.235s][info ][safepoint     ] Application time: 1.0006632 seconds
[2023-10-30T22:56:56.583+0000][995.236s][info ][safepoint     ] Entering safepoint region: Cleanup
[2023-10-30T22:56:56.584+0000][995.237s][info ][safepoint     ] Leaving safepoint region
[2023-10-30T22:56:56.585+0000][995.237s][info ][safepoint     ] Total time for which application threads were stopped: 0.0011443 seconds, Stopping threads took: 0.0004221 seconds
[2023-10-30T22:56:57.585+0000][996.238s][debug][safepoint     ] Safepoint synchronization initiated. (183 threads)
[2023-10-30T22:56:57.586+0000][996.238s][info ][safepoint     ] Application time: 1.0010634 seconds
[2023-10-30T22:56:57.587+0000][996.239s][info ][safepoint     ] Entering safepoint region: Cleanup
[2023-10-30T22:56:57.588+0000][996.240s][info ][safepoint     ] Leaving safepoint region
[2023-10-30T22:56:57.588+0000][996.241s][info ][safepoint     ] Total time for which application threads were stopped: 0.0017578 seconds, Stopping threads took: 0.0008135 seconds
[2023-10-30T22:56:58.589+0000][997.242s][debug][safepoint     ] Safepoint synchronization initiated. (183 threads)
[2023-10-30T22:56:58.591+0000][997.243s][info ][safepoint     ] Application time: 1.0015150 seconds
[2023-10-30T22:56:58.592+0000][997.244s][debug][safepoint     ] ... found polling page return exception at pc = 0x00007f93484e1d79, stub =0x00007f9340840600
[2023-10-30T22:56:58.593+0000][997.245s][debug][safepoint     ] Waiting for 1 thread(s) to block
[2023-10-30T22:56:58.594+0000][997.246s][info ][safepoint     ] Entering safepoint region: Cleanup
[2023-10-30T22:56:58.595+0000][997.247s][info ][safepoint     ] Leaving safepoint region
[2023-10-30T22:56:58.595+0000][997.248s][info ][safepoint     ] Total time for which application threads were stopped: 0.0038567 seconds, Stopping threads took: 0.0027123 seconds
[2023-10-30T22:56:59.597+0000][998.249s][debug][safepoint     ] Safepoint synchronization initiated. (183 threads)
[2023-10-30T22:56:59.598+0000][998.250s][info ][safepoint     ] Application time: 1.0016890 seconds
[2023-10-30T22:56:59.599+0000][998.251s][info ][safepoint     ] Entering safepoint region: Cleanup
[2023-10-30T22:56:59.600+0000][998.253s][info ][safepoint     ] Leaving safepoint region
[2023-10-30T22:56:59.601+0000][998.253s][info ][safepoint     ] Total time for which application threads were stopped: 0.0020394 seconds, Stopping threads took: 0.0009441 seconds
[2023-10-30T22:57:00.602+0000][999.254s][debug][safepoint     ] Safepoint synchronization initiated. (183 threads)
[2023-10-30T22:57:00.603+0000][999.255s][info ][safepoint     ] Application time: 1.0011023 seconds
[2023-10-30T22:57:00.603+0000][999.256s][info ][safepoint     ] Entering safepoint region: Cleanup
[2023-10-30T22:57:00.605+0000][999.257s][info ][safepoint     ] Leaving safepoint region
[2023-10-30T22:57:00.605+0000][999.258s][info ][safepoint     ] Total time for which application threads were stopped: 0.0018327 seconds, Stopping threads took: 0.0009003 seconds
[2023-10-30T22:57:01.606+0000][1000.259s][debug][safepoint     ] Safepoint synchronization initiated. (183 threads)
[2023-10-30T22:57:01.607+0000][1000.259s][info ][safepoint     ] Application time: 1.0008565 seconds
[2023-10-30T22:57:01.607+0000][1000.260s][info ][safepoint     ] Entering safepoint region: Cleanup
[2023-10-30T22:57:01.608+0000][1000.261s][info ][safepoint     ] Leaving safepoint region
[2023-10-30T22:57:01.609+0000][1000.261s][info ][safepoint     ] Total time for which application threads were stopped: 0.0013241 seconds, Stopping threads took: 0.0005667 seconds
[2023-10-30T22:57:02.609+0000][1001.262s][debug][safepoint     ] Safepoint synchronization initiated. (183 threads)
[2023-10-30T22:57:02.610+0000][1001.263s][info ][safepoint     ] Application time: 1.0010388 seconds
[2023-10-30T22:57:02.611+0000][1001.264s][info ][safepoint     ] Entering safepoint region: Cleanup
[2023-10-30T22:57:02.612+0000][1001.265s][info ][safepoint     ] Leaving safepoint region
[2023-10-30T22:57:02.613+0000][1001.265s][info ][safepoint     ] Total time for which application threads were stopped: 0.0017340 seconds, Stopping threads took: 0.0007345 seconds
[2023-10-30T22:57:03.614+0000][1002.266s][debug][safepoint     ] Safepoint synchronization initiated. (183 threads)
[2023-10-30T22:57:03.615+0000][1002.268s][info ][safepoint     ] Application time: 1.0014830 seconds
[2023-10-30T22:57:03.616+0000][1002.269s][info ][safepoint     ] Entering safepoint region: Cleanup
[2023-10-30T22:57:03.618+0000][1002.270s][info ][safepoint     ] Leaving safepoint region
[2023-10-30T22:57:03.618+0000][1002.271s][info ][safepoint     ] Total time for which application threads were stopped: 0.0023685 seconds, Stopping threads took: 0.0010309 seconds
[2023-10-30T22:57:04.620+0000][1003.272s][debug][safepoint     ] Safepoint synchronization initiated. (183 threads)
[2023-10-30T22:57:04.620+0000][1003.272s][info ][safepoint     ] Application time: 1.0006001 seconds
[2023-10-30T22:57:04.620+0000][1003.273s][info ][safepoint     ] Entering safepoint region: Cleanup
[2023-10-30T22:57:04.621+0000][1003.273s][info ][safepoint     ] Leaving safepoint region
[2023-10-30T22:57:04.621+0000][1003.274s][info ][safepoint     ] Total time for which application threads were stopped: 0.0010810 seconds, Stopping threads took: 0.0004523 seconds
[2023-10-30T22:57:05.622+0000][1004.275s][debug][safepoint     ] Safepoint synchronization initiated. (183 threads)
[2023-10-30T22:57:05.623+0000][1004.275s][info ][safepoint     ] Application time: 1.0011412 seconds
[2023-10-30T22:57:05.624+0000][1004.276s][info ][safepoint     ] Entering safepoint region: Cleanup
[2023-10-30T22:57:05.625+0000][1004.277s][info ][safepoint     ] Leaving safepoint region
[2023-10-30T22:57:05.625+0000][1004.278s][info ][safepoint     ] Total time for which application threads were stopped: 0.0016339 seconds, Stopping threads took: 0.0008188 seconds
[2023-10-30T22:57:06.626+0000][1005.279s][debug][safepoint     ] Safepoint synchronization initiated. (183 threads)
[2023-10-30T22:57:06.627+0000][1005.279s][info ][safepoint     ] Application time: 1.0009085 seconds
[2023-10-30T22:57:06.627+0000][1005.280s][info ][safepoint     ] Entering safepoint region: Cleanup
[2023-10-30T22:57:06.628+0000][1005.281s][info ][safepoint     ] Leaving safepoint region
[2023-10-30T22:57:06.629+0000][1005.282s][info ][safepoint     ] Total time for which application threads were stopped: 0.0015778 seconds, Stopping threads took: 0.0006716 seconds
[2023-10-30T22:57:07.630+0000][1006.282s][debug][safepoint     ] Safepoint synchronization initiated. (183 threads)
[2023-10-30T22:57:07.631+0000][1006.284s][info ][safepoint     ] Application time: 1.0014793 seconds
[2023-10-30T22:57:07.632+0000][1006.285s][info ][safepoint     ] Entering safepoint region: Cleanup
[2023-10-30T22:57:07.633+0000][1006.286s][info ][safepoint     ] Leaving safepoint region
[2023-10-30T22:57:07.634+0000][1006.287s][info ][safepoint     ] Total time for which application threads were stopped: 0.0020829 seconds, Stopping threads took: 0.0009432 seconds
[2023-10-30T22:57:08.635+0000][1007.288s][debug][safepoint     ] Safepoint synchronization initiated. (183 threads)
[2023-10-30T22:57:08.636+0000][1007.289s][info ][safepoint     ] Application time: 1.0011933 seconds
[2023-10-30T22:57:08.637+0000][1007.290s][info ][safepoint     ] Entering safepoint region: Cleanup
[2023-10-30T22:57:08.638+0000][1007.291s][info ][safepoint     ] Leaving safepoint region
[2023-10-30T22:57:08.639+0000][1007.291s][info ][safepoint     ] Total time for which application threads were stopped: 0.0017721 seconds, Stopping threads took: 0.0007216 seconds
[2023-10-30T22:57:09.640+0000][1008.292s][debug][safepoint     ] Safepoint synchronization initiated. (183 threads)
[2023-10-30T22:57:09.640+0000][1008.293s][info ][safepoint     ] Application time: 1.0008801 seconds
[2023-10-30T22:57:09.641+0000][1008.293s][info ][safepoint     ] Entering safepoint region: Cleanup
[2023-10-30T22:57:09.642+0000][1008.294s][info ][safepoint     ] Leaving safepoint region
[2023-10-30T22:57:09.642+0000][1008.295s][info ][safepoint     ] Total time for which application threads were stopped: 0.0012909 seconds, Stopping threads took: 0.0006276 seconds
[2023-10-30T22:57:10.643+0000][1009.295s][debug][safepoint     ] Safepoint synchronization initiated. (183 threads)
[2023-10-30T22:57:10.644+0000][1009.296s][info ][safepoint     ] Application time: 1.0010257 seconds
[2023-10-30T22:57:10.644+0000][1009.297s][info ][safepoint     ] Entering safepoint region: Cleanup
[2023-10-30T22:57:10.645+0000][1009.298s][info ][safepoint     ] Leaving safepoint region
[2023-10-30T22:57:10.646+0000][1009.299s][info ][safepoint     ] Total time for which application threads were stopped: 0.0016942 seconds, Stopping threads took: 0.0008188 seconds
[2023-10-30T22:57:11.647+0000][1010.299s][debug][safepoint     ] Safepoint synchronization initiated. (183 threads)
[2023-10-30T22:57:11.647+0000][1010.300s][info ][safepoint     ] Application time: 1.0008622 seconds
[2023-10-30T22:57:11.648+0000][1010.300s][info ][safepoint     ] Entering safepoint region: Cleanup
[2023-10-30T22:57:11.649+0000][1010.301s][info ][safepoint     ] Leaving safepoint region
[2023-10-30T22:57:11.649+0000][1010.302s][info ][safepoint     ] Total time for which application threads were stopped: 0.0013505 seconds, Stopping threads took: 0.0006314 seconds
[2023-10-30T22:57:12.650+0000][1011.302s][debug][safepoint     ] Safepoint synchronization initiated. (183 threads)
[2023-10-30T22:57:12.650+0000][1011.303s][info ][safepoint     ] Application time: 1.0004842 seconds
[2023-10-30T22:57:12.650+0000][1011.303s][info ][safepoint     ] Entering safepoint region: Cleanup
[2023-10-30T22:57:12.651+0000][1011.304s][info ][safepoint     ] Leaving safepoint region
[2023-10-30T22:57:12.651+0000][1011.304s][info ][safepoint     ] Total time for which application threads were stopped: 0.0007975 seconds, Stopping threads took: 0.0003426 seconds
[2023-10-30T22:57:13.652+0000][1012.304s][debug][safepoint     ] Safepoint synchronization initiated. (183 threads)
[2023-10-30T22:57:13.652+0000][1012.305s][info ][safepoint     ] Application time: 1.0007635 seconds
[2023-10-30T22:57:13.653+0000][1012.305s][info ][safepoint     ] Entering safepoint region: Cleanup
[2023-10-30T22:57:13.653+0000][1012.306s][info ][safepoint     ] Leaving safepoint region
[2023-10-30T22:57:13.654+0000][1012.306s][info ][safepoint     ] Total time for which application threads were stopped: 0.0011249 seconds, Stopping threads took: 0.0005177 seconds
[2023-10-30T22:57:14.655+0000][1013.307s][debug][safepoint     ] Safepoint synchronization initiated. (183 threads)
[2023-10-30T22:57:14.656+0000][1013.308s][info ][safepoint     ] Application time: 1.0012300 seconds
[2023-10-30T22:57:14.657+0000][1013.309s][info ][safepoint     ] Entering safepoint region: Cleanup
[2023-10-30T22:57:14.658+0000][1013.311s][info ][safepoint     ] Leaving safepoint region
[2023-10-30T22:57:14.659+0000][1013.311s][info ][safepoint     ] Total time for which application threads were stopped: 0.0025004 seconds, Stopping threads took: 0.0011292 seconds
[2023-10-30T22:57:15.660+0000][1014.312s][debug][safepoint     ] Safepoint synchronization initiated. (183 threads)
[2023-10-30T22:57:15.660+0000][1014.313s][info ][safepoint     ] Application time: 1.0005843 seconds
[2023-10-30T22:57:15.661+0000][1014.313s][info ][safepoint     ] Entering safepoint region: Cleanup
[2023-10-30T22:57:15.661+0000][1014.314s][info ][safepoint     ] Leaving safepoint region
[2023-10-30T22:57:15.662+0000][1014.314s][info ][safepoint     ] Total time for which application threads were stopped: 0.0010060 seconds, Stopping threads took: 0.0004750 seconds
[2023-10-30T22:57:16.662+0000][1015.315s][debug][safepoint     ] Safepoint synchronization initiated. (183 threads)
[2023-10-30T22:57:16.663+0000][1015.316s][info ][safepoint     ] Application time: 1.0013381 seconds
[2023-10-30T22:57:16.664+0000][1015.317s][info ][safepoint     ] Entering safepoint region: Cleanup
[2023-10-30T22:57:16.665+0000][1015.318s][info ][safepoint     ] Leaving safepoint region
[2023-10-30T22:57:16.666+0000][1015.319s][info ][safepoint     ] Total time for which application threads were stopped: 0.0020378 seconds, Stopping threads took: 0.0008410 seconds
[2023-10-30T22:57:17.667+0000][1016.320s][debug][safepoint     ] Safepoint synchronization initiated. (183 threads)
[2023-10-30T22:57:17.668+0000][1016.321s][info ][safepoint     ] Application time: 1.0010069 seconds
[2023-10-30T22:57:17.669+0000][1016.321s][info ][safepoint     ] Entering safepoint region: Cleanup
[2023-10-30T22:57:17.670+0000][1016.322s][info ][safepoint     ] Leaving safepoint region
[2023-10-30T22:57:17.670+0000][1016.323s][info ][safepoint     ] Total time for which application threads were stopped: 0.0016915 seconds, Stopping threads took: 0.0007119 seconds
[2023-10-30T22:57:18.671+0000][1017.324s][debug][safepoint     ] Safepoint synchronization initiated. (183 threads)
[2023-10-30T22:57:18.672+0000][1017.325s][info ][safepoint     ] Application time: 1.0015072 seconds
[2023-10-30T22:57:18.674+0000][1017.326s][info ][safepoint     ] Entering safepoint region: Cleanup
[2023-10-30T22:57:18.675+0000][1017.328s][info ][safepoint     ] Leaving safepoint region
[2023-10-30T22:57:18.676+0000][1017.329s][info ][safepoint     ] Total time for which application threads were stopped: 0.0026382 seconds, Stopping threads took: 0.0011616 seconds
[2023-10-30T22:57:19.677+0000][1018.330s][debug][safepoint     ] Safepoint synchronization initiated. (183 threads)
[2023-10-30T22:57:19.677+0000][1018.330s][info ][safepoint     ] Application time: 1.0005008 seconds
[2023-10-30T22:57:19.678+0000][1018.330s][info ][safepoint     ] Entering safepoint region: Cleanup
[2023-10-30T22:57:19.678+0000][1018.331s][info ][safepoint     ] Leaving safepoint region
[2023-10-30T22:57:19.679+0000][1018.331s][info ][safepoint     ] Total time for which application threads were stopped: 0.0008523 seconds, Stopping threads took: 0.0003303 seconds
[2023-10-30T22:57:20.679+0000][1019.332s][debug][safepoint     ] Safepoint synchronization initiated. (183 threads)
[2023-10-30T22:57:20.680+0000][1019.332s][info ][safepoint     ] Application time: 1.0006647 seconds
[2023-10-30T22:57:20.680+0000][1019.333s][info ][safepoint     ] Entering safepoint region: Cleanup
[2023-10-30T22:57:20.681+0000][1019.333s][info ][safepoint     ] Leaving safepoint region
[2023-10-30T22:57:20.681+0000][1019.334s][info ][safepoint     ] Total time for which application threads were stopped: 0.0011996 seconds, Stopping threads took: 0.0005340 seconds
[2023-10-30T22:57:21.682+0000][1020.334s][debug][safepoint     ] Safepoint synchronization initiated. (183 threads)
[2023-10-30T22:57:21.683+0000][1020.336s][info ][safepoint     ] Application time: 1.0013638 seconds
[2023-10-30T22:57:21.684+0000][1020.336s][info ][safepoint     ] Entering safepoint region: Cleanup
[2023-10-30T22:57:21.685+0000][1020.337s][info ][safepoint     ] Leaving safepoint region
[2023-10-30T22:57:21.686+0000][1020.338s][info ][safepoint     ] Total time for which application threads were stopped: 0.0016910 seconds, Stopping threads took: 0.0007435 seconds
[2023-10-30T22:57:21.685+0000][1020.337s][debug][safepoint     ] ... found polling page return exception at pc = 0x00007f93492e2b44, stub =0x00007f9340840600
[2023-10-30T22:57:21.685+0000][1020.337s][debug][safepoint     ] ... found polling page return exception at pc = 0x00007f93492e2b44, stub =0x00007f9340840600
[2023-10-30T22:57:21.685+0000][1020.337s][debug][safepoint     ] ... found polling page return exception at pc = 0x00007f93492e2b44, stub =0x00007f9340840600
[2023-10-30T22:57:21.685+0000][1020.337s][debug][safepoint     ] ... found polling page return exception at pc = 0x00007f93492e2b44, stub =0x00007f9340840600
[2023-10-30T22:57:22.686+0000][1021.339s][debug][safepoint     ] Safepoint synchronization initiated. (183 threads)
[2023-10-30T22:57:22.687+0000][1021.340s][info ][safepoint     ] Application time: 1.0010816 seconds
[2023-10-30T22:57:22.688+0000][1021.341s][info ][safepoint     ] Entering safepoint region: Cleanup
[2023-10-30T22:57:22.689+0000][1021.342s][info ][safepoint     ] Leaving safepoint region
[2023-10-30T22:57:22.690+0000][1021.342s][info ][safepoint     ] Total time for which application threads were stopped: 0.0016037 seconds, Stopping threads took: 0.0006578 seconds
[2023-10-30T22:57:23.690+0000][1022.343s][debug][safepoint     ] Safepoint synchronization initiated. (183 threads)
[2023-10-30T22:57:23.691+0000][1022.344s][info ][safepoint     ] Application time: 1.0014331 seconds
[2023-10-30T22:57:23.692+0000][1022.345s][info ][safepoint     ] Entering safepoint region: Cleanup
[2023-10-30T22:57:23.693+0000][1022.346s][info ][safepoint     ] Leaving safepoint region
[2023-10-30T22:57:23.694+0000][1022.347s][info ][safepoint     ] Total time for which application threads were stopped: 0.0022271 seconds, Stopping threads took: 0.0010212 seconds
[2023-10-30T22:57:24.696+0000][1023.348s][debug][safepoint     ] Safepoint synchronization initiated. (183 threads)
[2023-10-30T22:57:24.697+0000][1023.350s][info ][safepoint     ] Application time: 1.0016299 seconds
[2023-10-30T22:57:24.698+0000][1023.351s][info ][safepoint     ] Entering safepoint region: Cleanup
[2023-10-30T22:57:24.699+0000][1023.352s][info ][safepoint     ] Leaving safepoint region
[2023-10-30T22:57:24.700+0000][1023.353s][info ][safepoint     ] Total time for which application threads were stopped: 0.0021553 seconds, Stopping threads took: 0.0009021 seconds
[2023-10-30T22:57:25.701+0000][1024.354s][debug][safepoint     ] Safepoint synchronization initiated. (183 threads)
[2023-10-30T22:57:25.702+0000][1024.355s][info ][safepoint     ] Application time: 1.0012923 seconds
[2023-10-30T22:57:25.703+0000][1024.356s][info ][safepoint     ] Entering safepoint region: Cleanup
[2023-10-30T22:57:25.704+0000][1024.357s][info ][safepoint     ] Leaving safepoint region
[2023-10-30T22:57:25.705+0000][1024.358s][info ][safepoint     ] Total time for which application threads were stopped: 0.0019768 seconds, Stopping threads took: 0.0008442 seconds
[2023-10-30T22:57:26.706+0000][1025.359s][debug][safepoint     ] Safepoint synchronization initiated. (183 threads)
[2023-10-30T22:57:26.707+0000][1025.360s][info ][safepoint     ] Application time: 1.0014910 seconds
[2023-10-30T22:57:26.708+0000][1025.361s][info ][safepoint     ] Entering safepoint region: Cleanup
[2023-10-30T22:57:26.709+0000][1025.362s][info ][safepoint     ] Leaving safepoint region
[2023-10-30T22:57:26.710+0000][1025.363s][info ][safepoint     ] Total time for which application threads were stopped: 0.0020029 seconds, Stopping threads took: 0.0009703 seconds
[2023-10-30T22:57:27.711+0000][1026.364s][debug][safepoint     ] Safepoint synchronization initiated. (183 threads)
[2023-10-30T22:57:27.712+0000][1026.365s][info ][safepoint     ] Application time: 1.0015652 seconds
[2023-10-30T22:57:27.713+0000][1026.366s][info ][safepoint     ] Entering safepoint region: Cleanup
[2023-10-30T22:57:27.715+0000][1026.367s][info ][safepoint     ] Leaving safepoint region
[2023-10-30T22:57:27.715+0000][1026.368s][info ][safepoint     ] Total time for which application threads were stopped: 0.0021471 seconds, Stopping threads took: 0.0009737 seconds
[2023-10-30T22:57:28.716+0000][1027.369s][debug][safepoint     ] Safepoint synchronization initiated. (183 threads)
[2023-10-30T22:57:28.718+0000][1027.371s][info ][safepoint     ] Application time: 1.0015331 seconds
[2023-10-30T22:57:28.718+0000][1027.371s][info ][safepoint     ] Entering safepoint region: Cleanup
[2023-10-30T22:57:28.720+0000][1027.373s][info ][safepoint     ] Leaving safepoint region
[2023-10-30T22:57:28.721+0000][1027.374s][info ][safepoint     ] Total time for which application threads were stopped: 0.0022830 seconds, Stopping threads took: 0.0010252 seconds
[2023-10-30T22:57:29.722+0000][1028.375s][debug][safepoint     ] Safepoint synchronization initiated. (182 threads)
[2023-10-30T22:57:29.723+0000][1028.376s][info ][safepoint     ] Application time: 1.0012198 seconds
[2023-10-30T22:57:29.724+0000][1028.377s][info ][safepoint     ] Entering safepoint region: Cleanup
[2023-10-30T22:57:29.725+0000][1028.378s][info ][safepoint     ] Leaving safepoint region
[2023-10-30T22:57:29.726+0000][1028.378s][info ][safepoint     ] Total time for which application threads were stopped: 0.0019135 seconds, Stopping threads took: 0.0008715 seconds
[2023-10-30T22:57:30.726+0000][1029.379s][debug][safepoint     ] Safepoint synchronization initiated. (182 threads)
[2023-10-30T22:57:30.727+0000][1029.380s][info ][safepoint     ] Application time: 1.0010292 seconds
[2023-10-30T22:57:30.728+0000][1029.381s][info ][safepoint     ] Entering safepoint region: Cleanup
[2023-10-30T22:57:30.729+0000][1029.382s][info ][safepoint     ] Leaving safepoint region
[2023-10-30T22:57:30.729+0000][1029.382s][info ][safepoint     ] Total time for which application threads were stopped: 0.0012929 seconds, Stopping threads took: 0.0005124 seconds
[2023-10-30T22:57:31.730+0000][1030.383s][debug][safepoint     ] Safepoint synchronization initiated. (182 threads)
[2023-10-30T22:57:31.731+0000][1030.384s][info ][safepoint     ] Application time: 1.0013375 seconds
[2023-10-30T22:57:31.732+0000][1030.385s][info ][safepoint     ] Entering safepoint region: Cleanup
[2023-10-30T22:57:31.733+0000][1030.386s][info ][safepoint     ] Leaving safepoint region
[2023-10-30T22:57:31.734+0000][1030.387s][info ][safepoint     ] Total time for which application threads were stopped: 0.0021355 seconds, Stopping threads took: 0.0010426 seconds
[2023-10-30T22:57:32.735+0000][1031.388s][debug][safepoint     ] Safepoint synchronization initiated. (182 threads)
[2023-10-30T22:57:32.736+0000][1031.389s][info ][safepoint     ] Application time: 1.0007701 seconds
[2023-10-30T22:57:32.736+0000][1031.389s][info ][safepoint     ] Entering safepoint region: Cleanup
[2023-10-30T22:57:32.737+0000][1031.390s][info ][safepoint     ] Leaving safepoint region
[2023-10-30T22:57:32.737+0000][1031.390s][info ][safepoint     ] Total time for which application threads were stopped: 0.0010418 seconds, Stopping threads took: 0.0004092 seconds
[2023-10-30T22:57:33.738+0000][1032.390s][debug][safepoint     ] Safepoint synchronization initiated. (182 threads)
[2023-10-30T22:57:33.738+0000][1032.391s][info ][safepoint     ] Application time: 1.0007293 seconds
[2023-10-30T22:57:33.739+0000][1032.392s][info ][safepoint     ] Entering safepoint region: Cleanup
[2023-10-30T22:57:33.739+0000][1032.392s][info ][safepoint     ] Leaving safepoint region
[2023-10-30T22:57:33.740+0000][1032.393s][info ][safepoint     ] Total time for which application threads were stopped: 0.0009893 seconds, Stopping threads took: 0.0004044 seconds
[2023-10-30T22:57:34.740+0000][1033.393s][debug][safepoint     ] Safepoint synchronization initiated. (182 threads)
[2023-10-30T22:57:34.741+0000][1033.394s][info ][safepoint     ] Application time: 1.0009287 seconds
[2023-10-30T22:57:34.741+0000][1033.394s][info ][safepoint     ] Entering safepoint region: Cleanup
[2023-10-30T22:57:34.742+0000][1033.395s][info ][safepoint     ] Leaving safepoint region
[2023-10-30T22:57:34.743+0000][1033.396s][info ][safepoint     ] Total time for which application threads were stopped: 0.0013414 seconds, Stopping threads took: 0.0005863 seconds
[2023-10-30T22:57:35.744+0000][1034.397s][debug][safepoint     ] Safepoint synchronization initiated. (182 threads)
[2023-10-30T22:57:35.744+0000][1034.397s][info ][safepoint     ] Application time: 1.0011408 seconds
[2023-10-30T22:57:35.745+0000][1034.398s][info ][safepoint     ] Entering safepoint region: Cleanup
[2023-10-30T22:57:35.746+0000][1034.399s][info ][safepoint     ] Leaving safepoint region
[2023-10-30T22:57:35.747+0000][1034.400s][info ][safepoint     ] Total time for which application threads were stopped: 0.0014723 seconds, Stopping threads took: 0.0006225 seconds
[2023-10-30T22:57:36.748+0000][1035.401s][debug][safepoint     ] Safepoint synchronization initiated. (182 threads)
[2023-10-30T22:57:36.749+0000][1035.402s][info ][safepoint     ] Application time: 1.0014038 seconds
[2023-10-30T22:57:36.749+0000][1035.402s][info ][safepoint     ] Entering safepoint region: Cleanup
[2023-10-30T22:57:36.750+0000][1035.403s][info ][safepoint     ] Leaving safepoint region
[2023-10-30T22:57:36.751+0000][1035.404s][info ][safepoint     ] Total time for which application threads were stopped: 0.0014639 seconds, Stopping threads took: 0.0006571 seconds
[2023-10-30T22:57:37.751+0000][1036.404s][debug][safepoint     ] Safepoint synchronization initiated. (182 threads)
[2023-10-30T22:57:37.752+0000][1036.405s][info ][safepoint     ] Application time: 1.0009443 seconds
[2023-10-30T22:57:37.753+0000][1036.406s][info ][safepoint     ] Entering safepoint region: Cleanup
[2023-10-30T22:57:37.754+0000][1036.407s][info ][safepoint     ] Leaving safepoint region
[2023-10-30T22:57:37.755+0000][1036.408s][info ][safepoint     ] Total time for which application threads were stopped: 0.0021977 seconds, Stopping threads took: 0.0014526 seconds
[2023-10-30T22:57:38.756+0000][1037.409s][debug][safepoint     ] Safepoint synchronization initiated. (182 threads)
[2023-10-30T22:57:38.757+0000][1037.410s][info ][safepoint     ] Application time: 1.0011576 seconds
[2023-10-30T22:57:38.757+0000][1037.410s][info ][safepoint     ] Entering safepoint region: Cleanup
[2023-10-30T22:57:38.758+0000][1037.411s][info ][safepoint     ] Leaving safepoint region
[2023-10-30T22:57:38.759+0000][1037.412s][info ][safepoint     ] Total time for which application threads were stopped: 0.0013323 seconds, Stopping threads took: 0.0005944 seconds
[2023-10-30T22:57:39.759+0000][1038.412s][debug][safepoint     ] Safepoint synchronization initiated. (182 threads)
[2023-10-30T22:57:39.760+0000][1038.413s][info ][safepoint     ] Application time: 1.0007729 seconds
[2023-10-30T22:57:39.760+0000][1038.413s][info ][safepoint     ] Entering safepoint region: Cleanup
[2023-10-30T22:57:39.762+0000][1038.415s][info ][safepoint     ] Leaving safepoint region
[2023-10-30T22:57:39.763+0000][1038.416s][info ][safepoint     ] Total time for which application threads were stopped: 0.0023930 seconds, Stopping threads took: 0.0006524 seconds
[2023-10-30T22:57:40.764+0000][1039.417s][debug][safepoint     ] Safepoint synchronization initiated. (182 threads)
[2023-10-30T22:57:40.764+0000][1039.417s][info ][safepoint     ] Application time: 1.0011376 seconds
[2023-10-30T22:57:40.765+0000][1039.418s][info ][safepoint     ] Entering safepoint region: Cleanup
[2023-10-30T22:57:40.766+0000][1039.419s][info ][safepoint     ] Leaving safepoint region
[2023-10-30T22:57:40.766+0000][1039.419s][info ][safepoint     ] Total time for which application threads were stopped: 0.0013489 seconds, Stopping threads took: 0.0005772 seconds
[2023-10-30T22:57:41.767+0000][1040.420s][debug][safepoint     ] Safepoint synchronization initiated. (182 threads)
[2023-10-30T22:57:41.768+0000][1040.421s][info ][safepoint     ] Application time: 1.0010557 seconds
[2023-10-30T22:57:41.769+0000][1040.422s][info ][safepoint     ] Entering safepoint region: Cleanup
[2023-10-30T22:57:41.770+0000][1040.422s][info ][safepoint     ] Leaving safepoint region
[2023-10-30T22:57:41.770+0000][1040.423s][info ][safepoint     ] Total time for which application threads were stopped: 0.0014770 seconds, Stopping threads took: 0.0005010 seconds
[2023-10-30T22:57:42.771+0000][1041.424s][debug][safepoint     ] Safepoint synchronization initiated. (182 threads)
[2023-10-30T22:57:42.772+0000][1041.425s][info ][safepoint     ] Application time: 1.0008478 seconds
[2023-10-30T22:57:42.772+0000][1041.425s][info ][safepoint     ] Entering safepoint region: Cleanup
[2023-10-30T22:57:42.773+0000][1041.426s][info ][safepoint     ] Leaving safepoint region
[2023-10-30T22:57:42.774+0000][1041.426s][info ][safepoint     ] Total time for which application threads were stopped: 0.0012945 seconds, Stopping threads took: 0.0005343 seconds
[2023-10-30T22:57:43.774+0000][1042.427s][debug][safepoint     ] Safepoint synchronization initiated. (182 threads)
[2023-10-30T22:57:43.775+0000][1042.428s][info ][safepoint     ] Application time: 1.0014146 seconds
[2023-10-30T22:57:43.776+0000][1042.429s][info ][safepoint     ] Entering safepoint region: Cleanup
[2023-10-30T22:57:43.778+0000][1042.430s][info ][safepoint     ] Leaving safepoint region
[2023-10-30T22:57:43.778+0000][1042.431s][info ][safepoint     ] Total time for which application threads were stopped: 0.0019173 seconds, Stopping threads took: 0.0008513 seconds
[2023-10-30T22:57:44.779+0000][1043.432s][debug][safepoint     ] Safepoint synchronization initiated. (182 threads)
[2023-10-30T22:57:44.780+0000][1043.433s][info ][safepoint     ] Application time: 1.0013631 seconds
[2023-10-30T22:57:44.781+0000][1043.434s][info ][safepoint     ] Entering safepoint region: Cleanup
[2023-10-30T22:57:44.782+0000][1043.435s][info ][safepoint     ] Leaving safepoint region
[2023-10-30T22:57:44.783+0000][1043.436s][info ][safepoint     ] Total time for which application threads were stopped: 0.0019027 seconds, Stopping threads took: 0.0009466 seconds
[2023-10-30T22:57:45.784+0000][1044.437s][debug][safepoint     ] Safepoint synchronization initiated. (182 threads)
[2023-10-30T22:57:45.785+0000][1044.438s][info ][safepoint     ] Application time: 1.0013133 seconds
[2023-10-30T22:57:45.786+0000][1044.439s][info ][safepoint     ] Entering safepoint region: Cleanup
[2023-10-30T22:57:45.787+0000][1044.440s][info ][safepoint     ] Leaving safepoint region
[2023-10-30T22:57:45.788+0000][1044.441s][info ][safepoint     ] Total time for which application threads were stopped: 0.0018861 seconds, Stopping threads took: 0.0008725 seconds
[2023-10-30T22:57:46.789+0000][1045.442s][debug][safepoint     ] Safepoint synchronization initiated. (182 threads)
[2023-10-30T22:57:46.790+0000][1045.443s][info ][safepoint     ] Application time: 1.0011046 seconds
[2023-10-30T22:57:46.791+0000][1045.444s][info ][safepoint     ] Entering safepoint region: Cleanup
[2023-10-30T22:57:46.792+0000][1045.445s][info ][safepoint     ] Leaving safepoint region
[2023-10-30T22:57:46.792+0000][1045.445s][info ][safepoint     ] Total time for which application threads were stopped: 0.0015777 seconds, Stopping threads took: 0.0007989 seconds
[2023-10-30T22:57:47.793+0000][1046.446s][debug][safepoint     ] Safepoint synchronization initiated. (182 threads)
[2023-10-30T22:57:47.794+0000][1046.447s][info ][safepoint     ] Application time: 1.0012246 seconds
[2023-10-30T22:57:47.795+0000][1046.448s][info ][safepoint     ] Entering safepoint region: Cleanup
[2023-10-30T22:57:47.796+0000][1046.449s][info ][safepoint     ] Leaving safepoint region
[2023-10-30T22:57:47.797+0000][1046.450s][info ][safepoint     ] Total time for which application threads were stopped: 0.0017237 seconds, Stopping threads took: 0.0007212 seconds
[2023-10-30T22:57:48.798+0000][1047.451s][debug][safepoint     ] Safepoint synchronization initiated. (182 threads)
[2023-10-30T22:57:48.799+0000][1047.452s][info ][safepoint     ] Application time: 1.0013265 seconds
[2023-10-30T22:57:48.800+0000][1047.453s][info ][safepoint     ] Entering safepoint region: Cleanup
[2023-10-30T22:57:48.801+0000][1047.453s][info ][safepoint     ] Leaving safepoint region
[2023-10-30T22:57:48.801+0000][1047.454s][info ][safepoint     ] Total time for which application threads were stopped: 0.0017100 seconds, Stopping threads took: 0.0006870 seconds
[2023-10-30T22:57:49.802+0000][1048.455s][debug][safepoint     ] Safepoint synchronization initiated. (182 threads)
[2023-10-30T22:57:49.803+0000][1048.456s][info ][safepoint     ] Application time: 1.0011244 seconds
[2023-10-30T22:57:49.804+0000][1048.457s][info ][safepoint     ] Entering safepoint region: Cleanup
[2023-10-30T22:57:49.805+0000][1048.458s][info ][safepoint     ] Leaving safepoint region
[2023-10-30T22:57:49.806+0000][1048.459s][info ][safepoint     ] Total time for which application threads were stopped: 0.0018012 seconds, Stopping threads took: 0.0007964 seconds
[2023-10-30T22:57:50.807+0000][1049.460s][debug][safepoint     ] Safepoint synchronization initiated. (182 threads)
[2023-10-30T22:57:50.808+0000][1049.461s][info ][safepoint     ] Application time: 1.0016435 seconds
[2023-10-30T22:57:50.809+0000][1049.462s][info ][safepoint     ] Entering safepoint region: Cleanup
[2023-10-30T22:57:50.811+0000][1049.464s][info ][safepoint     ] Leaving safepoint region
[2023-10-30T22:57:50.812+0000][1049.465s][info ][safepoint     ] Total time for which application threads were stopped: 0.0025722 seconds, Stopping threads took: 0.0010481 seconds
[2023-10-30T22:57:51.813+0000][1050.466s][debug][safepoint     ] Safepoint synchronization initiated. (182 threads)
[2023-10-30T22:57:51.814+0000][1050.467s][info ][safepoint     ] Application time: 1.0009931 seconds
[2023-10-30T22:57:51.814+0000][1050.467s][info ][safepoint     ] Entering safepoint region: Cleanup
[2023-10-30T22:57:51.815+0000][1050.468s][info ][safepoint     ] Leaving safepoint region
[2023-10-30T22:57:51.816+0000][1050.468s][info ][safepoint     ] Total time for which application threads were stopped: 0.0013381 seconds, Stopping threads took: 0.0006027 seconds
[2023-10-30T22:57:52.816+0000][1051.469s][debug][safepoint     ] Safepoint synchronization initiated. (182 threads)
[2023-10-30T22:57:52.817+0000][1051.470s][info ][safepoint     ] Application time: 1.0009300 seconds
[2023-10-30T22:57:52.818+0000][1051.471s][info ][safepoint     ] Entering safepoint region: Cleanup
[2023-10-30T22:57:52.818+0000][1051.471s][info ][safepoint     ] Leaving safepoint region
[2023-10-30T22:57:52.819+0000][1051.472s][info ][safepoint     ] Total time for which application threads were stopped: 0.0013204 seconds, Stopping threads took: 0.0005334 seconds
[2023-10-30T22:57:53.820+0000][1052.473s][debug][safepoint     ] Safepoint synchronization initiated. (182 threads)
[2023-10-30T22:57:53.821+0000][1052.474s][info ][safepoint     ] Application time: 1.0015803 seconds
[2023-10-30T22:57:53.822+0000][1052.475s][info ][safepoint     ] Entering safepoint region: Cleanup
[2023-10-30T22:57:53.823+0000][1052.476s][info ][safepoint     ] Leaving safepoint region
[2023-10-30T22:57:53.824+0000][1052.477s][info ][safepoint     ] Total time for which application threads were stopped: 0.0018184 seconds, Stopping threads took: 0.0008887 seconds
[2023-10-30T22:57:54.825+0000][1053.478s][debug][safepoint     ] Safepoint synchronization initiated. (182 threads)
[2023-10-30T22:57:54.826+0000][1053.479s][info ][safepoint     ] Application time: 1.0014909 seconds
[2023-10-30T22:57:54.827+0000][1053.480s][info ][safepoint     ] Entering safepoint region: Cleanup
[2023-10-30T22:57:54.828+0000][1053.481s][info ][safepoint     ] Leaving safepoint region
[2023-10-30T22:57:54.829+0000][1053.482s][info ][safepoint     ] Total time for which application threads were stopped: 0.0020887 seconds, Stopping threads took: 0.0008381 seconds
[2023-10-30T22:57:55.830+0000][1054.483s][debug][safepoint     ] Safepoint synchronization initiated. (182 threads)
[2023-10-30T22:57:55.831+0000][1054.484s][info ][safepoint     ] Application time: 1.0014937 seconds
[2023-10-30T22:57:55.832+0000][1054.485s][info ][safepoint     ] Entering safepoint region: Cleanup
[2023-10-30T22:57:55.833+0000][1054.486s][info ][safepoint     ] Leaving safepoint region
[2023-10-30T22:57:55.834+0000][1054.487s][info ][safepoint     ] Total time for which application threads were stopped: 0.0017848 seconds, Stopping threads took: 0.0008525 seconds
[2023-10-30T22:57:56.835+0000][1055.488s][debug][safepoint     ] Safepoint synchronization initiated. (182 threads)
[2023-10-30T22:57:56.836+0000][1055.488s][info ][safepoint     ] Application time: 1.0011839 seconds
[2023-10-30T22:57:56.836+0000][1055.489s][info ][safepoint     ] Entering safepoint region: Cleanup
[2023-10-30T22:57:56.837+0000][1055.490s][info ][safepoint     ] Leaving safepoint region
[2023-10-30T22:57:56.838+0000][1055.491s][info ][safepoint     ] Total time for which application threads were stopped: 0.0018469 seconds, Stopping threads took: 0.0007707 seconds
[2023-10-30T22:57:57.839+0000][1056.492s][debug][safepoint     ] Safepoint synchronization initiated. (182 threads)
[2023-10-30T22:57:57.840+0000][1056.493s][info ][safepoint     ] Application time: 1.0012272 seconds
[2023-10-30T22:57:57.841+0000][1056.494s][info ][safepoint     ] Entering safepoint region: Cleanup
[2023-10-30T22:57:57.842+0000][1056.495s][info ][safepoint     ] Leaving safepoint region
[2023-10-30T22:57:57.843+0000][1056.496s][info ][safepoint     ] Total time for which application threads were stopped: 0.0017659 seconds, Stopping threads took: 0.0007353 seconds
[2023-10-30T22:57:58.844+0000][1057.497s][debug][safepoint     ] Safepoint synchronization initiated. (182 threads)
[2023-10-30T22:57:58.845+0000][1057.498s][info ][safepoint     ] Application time: 1.0016974 seconds
[2023-10-30T22:57:58.846+0000][1057.499s][info ][safepoint     ] Entering safepoint region: Cleanup
[2023-10-30T22:57:58.847+0000][1057.500s][info ][safepoint     ] Leaving safepoint region
[2023-10-30T22:57:58.848+0000][1057.501s][info ][safepoint     ] Total time for which application threads were stopped: 0.0023975 seconds, Stopping threads took: 0.0009899 seconds
[2023-10-30T22:57:59.850+0000][1058.502s][debug][safepoint     ] Safepoint synchronization initiated. (182 threads)
[2023-10-30T22:57:59.850+0000][1058.503s][info ][safepoint     ] Application time: 1.0013153 seconds
[2023-10-30T22:57:59.851+0000][1058.504s][info ][safepoint     ] Entering safepoint region: Cleanup
[2023-10-30T22:57:59.852+0000][1058.505s][info ][safepoint     ] Leaving safepoint region
[2023-10-30T22:57:59.853+0000][1058.506s][info ][safepoint     ] Total time for which application threads were stopped: 0.0016563 seconds, Stopping threads took: 0.0008043 seconds
[2023-10-30T22:58:00.854+0000][1059.507s][debug][safepoint     ] Safepoint synchronization initiated. (182 threads)
[2023-10-30T22:58:00.855+0000][1059.508s][info ][safepoint     ] Application time: 1.0014715 seconds
[2023-10-30T22:58:00.856+0000][1059.509s][info ][safepoint     ] Entering safepoint region: Cleanup
[2023-10-30T22:58:00.857+0000][1059.510s][info ][safepoint     ] Leaving safepoint region
[2023-10-30T22:58:00.858+0000][1059.510s][info ][safepoint     ] Total time for which application threads were stopped: 0.0016798 seconds, Stopping threads took: 0.0007098 seconds
[2023-10-30T22:58:01.858+0000][1060.511s][debug][safepoint     ] Safepoint synchronization initiated. (182 threads)
[2023-10-30T22:58:01.859+0000][1060.512s][info ][safepoint     ] Application time: 1.0010392 seconds
[2023-10-30T22:58:01.860+0000][1060.513s][info ][safepoint     ] Entering safepoint region: Cleanup
[2023-10-30T22:58:01.861+0000][1060.514s][info ][safepoint     ] Leaving safepoint region
[2023-10-30T22:58:01.862+0000][1060.514s][info ][safepoint     ] Total time for which application threads were stopped: 0.0016455 seconds, Stopping threads took: 0.0006900 seconds
[2023-10-30T22:58:02.862+0000][1061.515s][debug][safepoint     ] Safepoint synchronization initiated. (182 threads)
[2023-10-30T22:58:02.863+0000][1061.516s][info ][safepoint     ] Application time: 1.0006444 seconds
[2023-10-30T22:58:02.863+0000][1061.516s][info ][safepoint     ] Entering safepoint region: Cleanup
[2023-10-30T22:58:02.864+0000][1061.517s][info ][safepoint     ] Leaving safepoint region
[2023-10-30T22:58:02.864+0000][1061.517s][info ][safepoint     ] Total time for which application threads were stopped: 0.0010248 seconds, Stopping threads took: 0.0003848 seconds
[2023-10-30T22:58:03.865+0000][1062.518s][debug][safepoint     ] Safepoint synchronization initiated. (182 threads)
[2023-10-30T22:58:03.866+0000][1062.519s][info ][safepoint     ] Application time: 1.0012306 seconds
[2023-10-30T22:58:03.867+0000][1062.520s][info ][safepoint     ] Entering safepoint region: Cleanup
[2023-10-30T22:58:03.868+0000][1062.521s][info ][safepoint     ] Leaving safepoint region
[2023-10-30T22:58:03.869+0000][1062.521s][info ][safepoint     ] Total time for which application threads were stopped: 0.0019669 seconds, Stopping threads took: 0.0008308 seconds
[2023-10-30T22:58:04.869+0000][1063.522s][debug][safepoint     ] Safepoint synchronization initiated. (182 threads)
[2023-10-30T22:58:04.870+0000][1063.523s][info ][safepoint     ] Application time: 1.0007689 seconds
[2023-10-30T22:58:04.870+0000][1063.523s][info ][safepoint     ] Entering safepoint region: Cleanup
[2023-10-30T22:58:04.871+0000][1063.524s][info ][safepoint     ] Leaving safepoint region
[2023-10-30T22:58:04.871+0000][1063.524s][info ][safepoint     ] Total time for which application threads were stopped: 0.0010977 seconds, Stopping threads took: 0.0004140 seconds
[2023-10-30T22:58:05.872+0000][1064.525s][debug][safepoint     ] Safepoint synchronization initiated. (182 threads)
[2023-10-30T22:58:05.880+0000][1064.533s][info ][safepoint     ] Application time: 1.0083783 seconds
[2023-10-30T22:58:05.888+0000][1064.541s][info ][safepoint     ] Entering safepoint region: Cleanup
[2023-10-30T22:58:05.897+0000][1064.550s][info ][safepoint     ] Leaving safepoint region
[2023-10-30T22:58:05.905+0000][1064.558s][info ][safepoint     ] Total time for which application threads were stopped: 0.0166991 seconds, Stopping threads took: 0.0086675 seconds
[2023-10-30T22:58:06.910+0000][1065.563s][debug][safepoint     ] Safepoint synchronization initiated. (182 threads)
[2023-10-30T22:58:06.911+0000][1065.564s][info ][safepoint     ] Application time: 1.0016657 seconds
[2023-10-30T22:58:06.912+0000][1065.565s][info ][safepoint     ] Entering safepoint region: Cleanup
[2023-10-30T22:58:06.914+0000][1065.567s][info ][safepoint     ] Leaving safepoint region
[2023-10-30T22:58:06.915+0000][1065.567s][info ][safepoint     ] Total time for which application threads were stopped: 0.0022977 seconds, Stopping threads took: 0.0010422 seconds
[2023-10-30T22:58:07.916+0000][1066.568s][debug][safepoint     ] Safepoint synchronization initiated. (182 threads)
[2023-10-30T22:58:07.916+0000][1066.569s][info ][safepoint     ] Application time: 1.0007518 seconds
[2023-10-30T22:58:07.917+0000][1066.569s][info ][safepoint     ] Entering safepoint region: Cleanup
[2023-10-30T22:58:07.917+0000][1066.570s][info ][safepoint     ] Leaving safepoint region
[2023-10-30T22:58:07.918+0000][1066.570s][info ][safepoint     ] Total time for which application threads were stopped: 0.0009865 seconds, Stopping threads took: 0.0004290 seconds
[2023-10-30T22:58:08.918+0000][1067.571s][debug][safepoint     ] Safepoint synchronization initiated. (182 threads)
[2023-10-30T22:58:08.926+0000][1067.579s][info ][safepoint     ] Application time: 1.0082997 seconds
[2023-10-30T22:58:08.933+0000][1067.586s][info ][safepoint     ] Entering safepoint region: Cleanup
[2023-10-30T22:58:08.937+0000][1067.590s][info ][safepoint     ] Leaving safepoint region
[2023-10-30T22:58:08.938+0000][1067.591s][info ][safepoint     ] Total time for which application threads were stopped: 0.0045433 seconds, Stopping threads took: 0.0037614 seconds
[2023-10-30T22:58:09.938+0000][1068.591s][debug][safepoint     ] Safepoint synchronization initiated. (182 threads)
[2023-10-30T22:58:09.939+0000][1068.592s][info ][safepoint     ] Application time: 1.0007589 seconds
[2023-10-30T22:58:09.940+0000][1068.593s][info ][safepoint     ] Entering safepoint region: Cleanup
[2023-10-30T22:58:09.940+0000][1068.593s][info ][safepoint     ] Leaving safepoint region
[2023-10-30T22:58:09.941+0000][1068.594s][info ][safepoint     ] Total time for which application threads were stopped: 0.0012034 seconds, Stopping threads took: 0.0005119 seconds
[2023-10-30T22:58:10.942+0000][1069.594s][debug][safepoint     ] Safepoint synchronization initiated. (182 threads)
[2023-10-30T22:58:10.943+0000][1069.596s][info ][safepoint     ] Application time: 1.0013460 seconds
[2023-10-30T22:58:10.944+0000][1069.596s][info ][safepoint     ] Entering safepoint region: Cleanup
[2023-10-30T22:58:10.945+0000][1069.598s][info ][safepoint     ] Leaving safepoint region
[2023-10-30T22:58:10.945+0000][1069.598s][info ][safepoint     ] Total time for which application threads were stopped: 0.0018828 seconds, Stopping threads took: 0.0008591 seconds
[2023-10-30T22:58:11.946+0000][1070.599s][debug][safepoint     ] Safepoint synchronization initiated. (182 threads)
[2023-10-30T22:58:11.948+0000][1070.600s][info ][safepoint     ] Application time: 1.0015094 seconds
[2023-10-30T22:58:11.948+0000][1070.601s][info ][safepoint     ] Entering safepoint region: Cleanup
[2023-10-30T22:58:11.949+0000][1070.602s][info ][safepoint     ] Leaving safepoint region
[2023-10-30T22:58:11.950+0000][1070.603s][info ][safepoint     ] Total time for which application threads were stopped: 0.0017733 seconds, Stopping threads took: 0.0005639 seconds
[2023-10-30T22:58:12.950+0000][1071.603s][debug][safepoint     ] Safepoint synchronization initiated. (182 threads)
[2023-10-30T22:58:12.951+0000][1071.604s][info ][safepoint     ] Application time: 1.0007371 seconds
[2023-10-30T22:58:12.951+0000][1071.604s][info ][safepoint     ] Entering safepoint region: Cleanup
[2023-10-30T22:58:12.952+0000][1071.605s][info ][safepoint     ] Leaving safepoint region
[2023-10-30T22:58:12.953+0000][1071.605s][info ][safepoint     ] Total time for which application threads were stopped: 0.0012315 seconds, Stopping threads took: 0.0005326 seconds
[2023-10-30T22:58:13.953+0000][1072.606s][debug][safepoint     ] Safepoint synchronization initiated. (182 threads)
[2023-10-30T22:58:13.954+0000][1072.607s][info ][safepoint     ] Application time: 1.0009823 seconds
[2023-10-30T22:58:13.955+0000][1072.608s][info ][safepoint     ] Entering safepoint region: Cleanup
[2023-10-30T22:58:13.956+0000][1072.608s][info ][safepoint     ] Leaving safepoint region
[2023-10-30T22:58:13.956+0000][1072.609s][info ][safepoint     ] Total time for which application threads were stopped: 0.0013520 seconds, Stopping threads took: 0.0007043 seconds
[2023-10-30T22:58:14.957+0000][1073.610s][debug][safepoint     ] Safepoint synchronization initiated. (182 threads)
[2023-10-30T22:58:14.958+0000][1073.610s][info ][safepoint     ] Application time: 1.0011282 seconds
[2023-10-30T22:58:14.958+0000][1073.611s][info ][safepoint     ] Entering safepoint region: Cleanup
[2023-10-30T22:58:14.959+0000][1073.612s][info ][safepoint     ] Leaving safepoint region
[2023-10-30T22:58:14.960+0000][1073.613s][info ][safepoint     ] Total time for which application threads were stopped: 0.0014372 seconds, Stopping threads took: 0.0005450 seconds
[2023-10-30T22:58:15.961+0000][1074.613s][debug][safepoint     ] Safepoint synchronization initiated. (182 threads)
[2023-10-30T22:58:15.962+0000][1074.614s][info ][safepoint     ] Application time: 1.0012349 seconds
[2023-10-30T22:58:15.963+0000][1074.615s][info ][safepoint     ] Entering safepoint region: Cleanup
[2023-10-30T22:58:15.964+0000][1074.617s][info ][safepoint     ] Leaving safepoint region
[2023-10-30T22:58:15.965+0000][1074.617s][info ][safepoint     ] Total time for which application threads were stopped: 0.0019813 seconds, Stopping threads took: 0.0009063 seconds
[2023-10-30T22:58:16.966+0000][1075.618s][debug][safepoint     ] Safepoint synchronization initiated. (182 threads)
[2023-10-30T22:58:16.966+0000][1075.619s][info ][safepoint     ] Application time: 1.0011278 seconds
[2023-10-30T22:58:16.967+0000][1075.620s][info ][safepoint     ] Entering safepoint region: Cleanup
[2023-10-30T22:58:16.968+0000][1075.621s][info ][safepoint     ] Leaving safepoint region
[2023-10-30T22:58:16.969+0000][1075.622s][info ][safepoint     ] Total time for which application threads were stopped: 0.0015321 seconds, Stopping threads took: 0.0007450 seconds
[2023-10-30T22:58:17.969+0000][1076.622s][debug][safepoint     ] Safepoint synchronization initiated. (182 threads)
[2023-10-30T22:58:17.970+0000][1076.623s][info ][safepoint     ] Application time: 1.0008821 seconds
[2023-10-30T22:58:17.971+0000][1076.623s][info ][safepoint     ] Entering safepoint region: Cleanup
[2023-10-30T22:58:17.971+0000][1076.624s][info ][safepoint     ] Leaving safepoint region
[2023-10-30T22:58:17.972+0000][1076.625s][info ][safepoint     ] Total time for which application threads were stopped: 0.0012899 seconds, Stopping threads took: 0.0005645 seconds
[2023-10-30T22:58:18.973+0000][1077.626s][debug][safepoint     ] Safepoint synchronization initiated. (182 threads)
[2023-10-30T22:58:18.973+0000][1077.626s][info ][safepoint     ] Application time: 1.0009710 seconds
[2023-10-30T22:58:18.974+0000][1077.627s][debug][safepoint     ] ... found polling page loop exception at pc = 0x00007f9349402285, stub =0x00007f9340843680
[2023-10-30T22:58:18.974+0000][1077.627s][debug][safepoint     ] Waiting for 1 thread(s) to block
[2023-10-30T22:58:18.975+0000][1077.628s][info ][safepoint     ] Entering safepoint region: Cleanup
[2023-10-30T22:58:18.976+0000][1077.628s][info ][safepoint     ] Leaving safepoint region
[2023-10-30T22:58:18.976+0000][1077.629s][info ][safepoint     ] Total time for which application threads were stopped: 0.0019172 seconds, Stopping threads took: 0.0014247 seconds
[2023-10-30T22:58:19.976+0000][1078.629s][debug][safepoint     ] Safepoint synchronization initiated. (182 threads)
[2023-10-30T22:58:19.977+0000][1078.630s][info ][safepoint     ] Application time: 1.0009876 seconds
[2023-10-30T22:58:19.978+0000][1078.631s][info ][safepoint     ] Entering safepoint region: Cleanup
[2023-10-30T22:58:19.979+0000][1078.631s][info ][safepoint     ] Leaving safepoint region
[2023-10-30T22:58:19.979+0000][1078.632s][info ][safepoint     ] Total time for which application threads were stopped: 0.0013341 seconds, Stopping threads took: 0.0005886 seconds
[2023-10-30T22:58:20.980+0000][1079.633s][debug][safepoint     ] Safepoint synchronization initiated. (182 threads)
[2023-10-30T22:58:20.980+0000][1079.633s][info ][safepoint     ] Application time: 1.0007486 seconds
[2023-10-30T22:58:20.981+0000][1079.634s][info ][safepoint     ] Entering safepoint region: Cleanup
[2023-10-30T22:58:20.982+0000][1079.634s][info ][safepoint     ] Leaving safepoint region
[2023-10-30T22:58:20.982+0000][1079.635s][info ][safepoint     ] Total time for which application threads were stopped: 0.0014254 seconds, Stopping threads took: 0.0007053 seconds
[2023-10-30T22:58:21.983+0000][1080.636s][debug][safepoint     ] Safepoint synchronization initiated. (182 threads)
[2023-10-30T22:58:21.983+0000][1080.636s][info ][safepoint     ] Application time: 1.0005223 seconds
[2023-10-30T22:58:21.984+0000][1080.637s][info ][safepoint     ] Entering safepoint region: Cleanup
[2023-10-30T22:58:21.984+0000][1080.637s][info ][safepoint     ] Leaving safepoint region
[2023-10-30T22:58:21.985+0000][1080.638s][info ][safepoint     ] Total time for which application threads were stopped: 0.0012733 seconds, Stopping threads took: 0.0005224 seconds
[2023-10-30T22:58:22.986+0000][1081.639s][debug][safepoint     ] Safepoint synchronization initiated. (182 threads)
[2023-10-30T22:58:22.986+0000][1081.639s][info ][safepoint     ] Application time: 1.0008216 seconds
[2023-10-30T22:58:22.987+0000][1081.640s][debug][safepoint     ] Waiting for 1 thread(s) to block
[2023-10-30T22:58:22.987+0000][1081.640s][info ][safepoint     ] Entering safepoint region: Cleanup
[2023-10-30T22:58:22.988+0000][1081.641s][info ][safepoint     ] Leaving safepoint region
[2023-10-30T22:58:22.989+0000][1081.641s][info ][safepoint     ] Total time for which application threads were stopped: 0.0017768 seconds, Stopping threads took: 0.0010384 seconds
[2023-10-30T22:58:23.988+0000][1082.642s][debug][safepoint     ] Safepoint synchronization initiated. (182 threads)
[2023-10-30T22:58:23.989+0000][1082.643s][info ][safepoint     ] Application time: 1.0008035 seconds
[2023-10-30T22:58:23.990+0000][1082.643s][info ][safepoint     ] Entering safepoint region: Cleanup
[2023-10-30T22:58:23.990+0000][1082.644s][info ][safepoint     ] Leaving safepoint region
[2023-10-30T22:58:23.991+0000][1082.644s][info ][safepoint     ] Total time for which application threads were stopped: 0.0011810 seconds, Stopping threads took: 0.0005293 seconds
[2023-10-30T22:58:24.992+0000][1083.645s][debug][safepoint     ] Safepoint synchronization initiated. (182 threads)
[2023-10-30T22:58:24.992+0000][1083.646s][info ][safepoint     ] Application time: 1.0007725 seconds
[2023-10-30T22:58:24.993+0000][1083.646s][info ][safepoint     ] Entering safepoint region: Cleanup
[2023-10-30T22:58:24.993+0000][1083.647s][info ][safepoint     ] Leaving safepoint region
[2023-10-30T22:58:24.994+0000][1083.647s][info ][safepoint     ] Total time for which application threads were stopped: 0.0011907 seconds, Stopping threads took: 0.0004580 seconds
[2023-10-30T22:58:25.995+0000][1084.648s][debug][safepoint     ] Safepoint synchronization initiated. (182 threads)
[2023-10-30T22:58:25.995+0000][1084.649s][info ][safepoint     ] Application time: 1.0006985 seconds
[2023-10-30T22:58:25.996+0000][1084.649s][info ][safepoint     ] Entering safepoint region: Cleanup
[2023-10-30T22:58:25.996+0000][1084.650s][info ][safepoint     ] Leaving safepoint region
[2023-10-30T22:58:25.997+0000][1084.650s][info ][safepoint     ] Total time for which application threads were stopped: 0.0012761 seconds, Stopping threads took: 0.0005020 seconds
[2023-10-30T22:58:26.997+0000][1085.651s][debug][safepoint     ] Safepoint synchronization initiated. (182 threads)
[2023-10-30T22:58:26.998+0000][1085.652s][info ][safepoint     ] Application time: 1.0008411 seconds
[2023-10-30T22:58:26.999+0000][1085.652s][info ][safepoint     ] Entering safepoint region: Cleanup
[2023-10-30T22:58:26.999+0000][1085.653s][info ][safepoint     ] Leaving safepoint region
[2023-10-30T22:58:27.000+0000][1085.654s][info ][safepoint     ] Total time for which application threads were stopped: 0.0013796 seconds, Stopping threads took: 0.0005903 seconds
[2023-10-30T22:58:28.001+0000][1086.654s][debug][safepoint     ] Safepoint synchronization initiated. (182 threads)
[2023-10-30T22:58:28.001+0000][1086.655s][info ][safepoint     ] Application time: 1.0009652 seconds
[2023-10-30T22:58:28.002+0000][1086.655s][info ][safepoint     ] Entering safepoint region: Cleanup
[2023-10-30T22:58:28.003+0000][1086.656s][info ][safepoint     ] Leaving safepoint region
[2023-10-30T22:58:28.003+0000][1086.657s][info ][safepoint     ] Total time for which application threads were stopped: 0.0012184 seconds, Stopping threads took: 0.0005310 seconds
[2023-10-30T22:58:29.004+0000][1087.657s][debug][safepoint     ] Safepoint synchronization initiated. (182 threads)
[2023-10-30T22:58:29.005+0000][1087.658s][info ][safepoint     ] Application time: 1.0008710 seconds
[2023-10-30T22:58:29.005+0000][1087.659s][debug][safepoint     ] ... found polling page return exception at pc = 0x00007f9348b00774, stub =0x00007f9340840600
[2023-10-30T22:58:29.005+0000][1087.659s][debug][safepoint     ] Waiting for 1 thread(s) to block
[2023-10-30T22:58:29.006+0000][1087.660s][info ][safepoint     ] Entering safepoint region: Cleanup
[2023-10-30T22:58:29.007+0000][1087.660s][info ][safepoint     ] Leaving safepoint region
[2023-10-30T22:58:29.007+0000][1087.661s][info ][safepoint     ] Total time for which application threads were stopped: 0.0020983 seconds, Stopping threads took: 0.0014638 seconds
[2023-10-30T22:58:30.008+0000][1088.661s][debug][safepoint     ] Safepoint synchronization initiated. (182 threads)
[2023-10-30T22:58:30.010+0000][1088.664s][info ][safepoint     ] Application time: 1.0029847 seconds
[2023-10-30T22:58:30.011+0000][1088.665s][info ][safepoint     ] Entering safepoint region: Cleanup
[2023-10-30T22:58:30.012+0000][1088.666s][info ][safepoint     ] Leaving safepoint region
[2023-10-30T22:58:30.013+0000][1088.666s][info ][safepoint     ] Total time for which application threads were stopped: 0.0011573 seconds, Stopping threads took: 0.0004722 seconds
[2023-10-30T22:58:30.012+0000][1088.666s][debug][safepoint     ] ... found polling page return exception at pc = 0x00007f93492e2b44, stub =0x00007f9340840600
[2023-10-30T22:58:30.012+0000][1088.666s][debug][safepoint     ] ... found polling page return exception at pc = 0x00007f93492e2b44, stub =0x00007f9340840600
[2023-10-30T22:58:30.012+0000][1088.666s][debug][safepoint     ] ... found polling page return exception at pc = 0x00007f93492e2b44, stub =0x00007f9340840600
[2023-10-30T22:58:30.012+0000][1088.666s][debug][safepoint     ] ... found polling page return exception at pc = 0x00007f93492e2b44, stub =0x00007f9340840600
[2023-10-30T22:58:31.013+0000][1089.667s][debug][safepoint     ] Safepoint synchronization initiated. (182 threads)
[2023-10-30T22:58:31.014+0000][1089.668s][info ][safepoint     ] Application time: 1.0011814 seconds
[2023-10-30T22:58:31.015+0000][1089.668s][info ][safepoint     ] Entering safepoint region: Cleanup
[2023-10-30T22:58:31.016+0000][1089.670s][info ][safepoint     ] Leaving safepoint region
[2023-10-30T22:58:31.017+0000][1089.670s][info ][safepoint     ] Total time for which application threads were stopped: 0.0017524 seconds, Stopping threads took: 0.0007424 seconds
[2023-10-30T22:58:32.018+0000][1090.671s][debug][safepoint     ] Safepoint synchronization initiated. (182 threads)
[2023-10-30T22:58:32.018+0000][1090.672s][info ][safepoint     ] Application time: 1.0011196 seconds
[2023-10-30T22:58:32.019+0000][1090.673s][info ][safepoint     ] Entering safepoint region: Cleanup
[2023-10-30T22:58:32.021+0000][1090.674s][info ][safepoint     ] Leaving safepoint region
[2023-10-30T22:58:32.021+0000][1090.675s][info ][safepoint     ] Total time for which application threads were stopped: 0.0019297 seconds, Stopping threads took: 0.0008008 seconds
[2023-10-30T22:58:33.022+0000][1091.676s][debug][safepoint     ] Safepoint synchronization initiated. (182 threads)
[2023-10-30T22:58:33.023+0000][1091.676s][info ][safepoint     ] Application time: 1.0011136 seconds
[2023-10-30T22:58:33.024+0000][1091.677s][info ][safepoint     ] Entering safepoint region: Cleanup
[2023-10-30T22:58:33.025+0000][1091.678s][info ][safepoint     ] Leaving safepoint region
[2023-10-30T22:58:33.025+0000][1091.679s][info ][safepoint     ] Total time for which application threads were stopped: 0.0016825 seconds, Stopping threads took: 0.0007497 seconds
[2023-10-30T22:58:34.026+0000][1092.680s][debug][safepoint     ] Safepoint synchronization initiated. (182 threads)
[2023-10-30T22:58:34.027+0000][1092.680s][info ][safepoint     ] Application time: 1.0009618 seconds
[2023-10-30T22:58:34.027+0000][1092.681s][info ][safepoint     ] Entering safepoint region: Cleanup
[2023-10-30T22:58:34.029+0000][1092.682s][info ][safepoint     ] Leaving safepoint region
[2023-10-30T22:58:34.029+0000][1092.683s][info ][safepoint     ] Total time for which application threads were stopped: 0.0018213 seconds, Stopping threads took: 0.0008059 seconds
[2023-10-30T22:58:35.030+0000][1093.683s][debug][safepoint     ] Safepoint synchronization initiated. (182 threads)
[2023-10-30T22:58:35.030+0000][1093.684s][info ][safepoint     ] Application time: 1.0005470 seconds
[2023-10-30T22:58:35.031+0000][1093.684s][info ][safepoint     ] Entering safepoint region: Cleanup
[2023-10-30T22:58:35.031+0000][1093.685s][info ][safepoint     ] Leaving safepoint region
[2023-10-30T22:58:35.032+0000][1093.685s][info ][safepoint     ] Total time for which application threads were stopped: 0.0010799 seconds, Stopping threads took: 0.0003559 seconds
[2023-10-30T22:58:36.032+0000][1094.686s][debug][safepoint     ] Safepoint synchronization initiated. (182 threads)
[2023-10-30T22:58:36.033+0000][1094.686s][info ][safepoint     ] Application time: 1.0007633 seconds
[2023-10-30T22:58:36.033+0000][1094.687s][info ][safepoint     ] Entering safepoint region: Cleanup
[2023-10-30T22:58:36.034+0000][1094.688s][info ][safepoint     ] Leaving safepoint region
[2023-10-30T22:58:36.034+0000][1094.688s][info ][safepoint     ] Total time for which application threads were stopped: 0.0011401 seconds, Stopping threads took: 0.0005190 seconds
[2023-10-30T22:58:37.035+0000][1095.689s][debug][safepoint     ] Safepoint synchronization initiated. (182 threads)
[2023-10-30T22:58:37.036+0000][1095.690s][info ][safepoint     ] Application time: 1.0011389 seconds
[2023-10-30T22:58:37.037+0000][1095.690s][info ][safepoint     ] Entering safepoint region: Cleanup
[2023-10-30T22:58:37.038+0000][1095.692s][info ][safepoint     ] Leaving safepoint region
[2023-10-30T22:58:37.039+0000][1095.692s][info ][safepoint     ] Total time for which application threads were stopped: 0.0019257 seconds, Stopping threads took: 0.0008449 seconds
[2023-10-30T22:58:38.040+0000][1096.693s][debug][safepoint     ] Safepoint synchronization initiated. (182 threads)
[2023-10-30T22:58:38.040+0000][1096.694s][info ][safepoint     ] Application time: 1.0011922 seconds
[2023-10-30T22:58:38.041+0000][1096.695s][info ][safepoint     ] Entering safepoint region: Cleanup
[2023-10-30T22:58:38.042+0000][1096.696s][info ][safepoint     ] Leaving safepoint region
[2023-10-30T22:58:38.043+0000][1096.696s][info ][safepoint     ] Total time for which application threads were stopped: 0.0016049 seconds, Stopping threads took: 0.0006444 seconds
[2023-10-30T22:58:39.044+0000][1097.697s][debug][safepoint     ] Safepoint synchronization initiated. (182 threads)
[2023-10-30T22:58:39.044+0000][1097.698s][info ][safepoint     ] Application time: 1.0010856 seconds
[2023-10-30T22:58:39.045+0000][1097.699s][info ][safepoint     ] Entering safepoint region: Cleanup
[2023-10-30T22:58:39.046+0000][1097.700s][info ][safepoint     ] Leaving safepoint region
[2023-10-30T22:58:39.047+0000][1097.700s][info ][safepoint     ] Total time for which application threads were stopped: 0.0016521 seconds, Stopping threads took: 0.0006962 seconds
[2023-10-30T22:58:40.048+0000][1098.701s][debug][safepoint     ] Safepoint synchronization initiated. (182 threads)
[2023-10-30T22:58:40.048+0000][1098.702s][info ][safepoint     ] Application time: 1.0008087 seconds
[2023-10-30T22:58:40.049+0000][1098.703s][info ][safepoint     ] Entering safepoint region: Cleanup
[2023-10-30T22:58:40.050+0000][1098.703s][info ][safepoint     ] Leaving safepoint region
[2023-10-30T22:58:40.050+0000][1098.704s][info ][safepoint     ] Total time for which application threads were stopped: 0.0011766 seconds, Stopping threads took: 0.0005270 seconds
[2023-10-30T22:58:41.051+0000][1099.704s][debug][safepoint     ] Safepoint synchronization initiated. (182 threads)
[2023-10-30T22:58:41.052+0000][1099.705s][info ][safepoint     ] Application time: 1.0009691 seconds
[2023-10-30T22:58:41.052+0000][1099.706s][info ][safepoint     ] Entering safepoint region: Cleanup
[2023-10-30T22:58:41.053+0000][1099.707s][info ][safepoint     ] Leaving safepoint region
[2023-10-30T22:58:41.054+0000][1099.707s][info ][safepoint     ] Total time for which application threads were stopped: 0.0012853 seconds, Stopping threads took: 0.0005120 seconds
[2023-10-30T22:58:42.054+0000][1100.708s][debug][safepoint     ] Safepoint synchronization initiated. (182 threads)
[2023-10-30T22:58:42.055+0000][1100.709s][info ][safepoint     ] Application time: 1.0012802 seconds
[2023-10-30T22:58:42.056+0000][1100.710s][info ][safepoint     ] Entering safepoint region: Cleanup
[2023-10-30T22:58:42.057+0000][1100.711s][info ][safepoint     ] Leaving safepoint region
[2023-10-30T22:58:42.058+0000][1100.711s][info ][safepoint     ] Total time for which application threads were stopped: 0.0019357 seconds, Stopping threads took: 0.0009216 seconds
[2023-10-30T22:58:43.059+0000][1101.712s][debug][safepoint     ] Safepoint synchronization initiated. (182 threads)
[2023-10-30T22:58:43.060+0000][1101.713s][info ][safepoint     ] Application time: 1.0010887 seconds
[2023-10-30T22:58:43.061+0000][1101.714s][info ][safepoint     ] Entering safepoint region: Cleanup
[2023-10-30T22:58:43.062+0000][1101.715s][info ][safepoint     ] Leaving safepoint region
[2023-10-30T22:58:43.063+0000][1101.716s][info ][safepoint     ] Total time for which application threads were stopped: 0.0020538 seconds, Stopping threads took: 0.0009255 seconds
[2023-10-30T22:58:44.064+0000][1102.717s][debug][safepoint     ] Safepoint synchronization initiated. (182 threads)
[2023-10-30T22:58:44.065+0000][1102.718s][info ][safepoint     ] Application time: 1.0012659 seconds
[2023-10-30T22:58:44.066+0000][1102.719s][info ][safepoint     ] Entering safepoint region: Cleanup
[2023-10-30T22:58:44.067+0000][1102.720s][info ][safepoint     ] Leaving safepoint region
[2023-10-30T22:58:44.068+0000][1102.721s][info ][safepoint     ] Total time for which application threads were stopped: 0.0020564 seconds, Stopping threads took: 0.0008376 seconds
[2023-10-30T22:58:45.069+0000][1103.722s][debug][safepoint     ] Safepoint synchronization initiated. (182 threads)
[2023-10-30T22:58:45.070+0000][1103.723s][info ][safepoint     ] Application time: 1.0012584 seconds
[2023-10-30T22:58:45.071+0000][1103.724s][info ][safepoint     ] Entering safepoint region: Cleanup
[2023-10-30T22:58:45.072+0000][1103.726s][info ][safepoint     ] Leaving safepoint region
[2023-10-30T22:58:45.073+0000][1103.727s][info ][safepoint     ] Total time for which application threads were stopped: 0.0024322 seconds, Stopping threads took: 0.0016202 seconds
[2023-10-30T22:58:46.074+0000][1104.727s][debug][safepoint     ] Safepoint synchronization initiated. (182 threads)
[2023-10-30T22:58:46.075+0000][1104.728s][info ][safepoint     ] Application time: 1.0009313 seconds
[2023-10-30T22:58:46.076+0000][1104.729s][info ][safepoint     ] Entering safepoint region: Cleanup
[2023-10-30T22:58:46.076+0000][1104.730s][info ][safepoint     ] Leaving safepoint region
[2023-10-30T22:58:46.077+0000][1104.730s][info ][safepoint     ] Total time for which application threads were stopped: 0.0012606 seconds, Stopping threads took: 0.0005638 seconds
[2023-10-30T22:58:47.078+0000][1105.731s][debug][safepoint     ] Safepoint synchronization initiated. (182 threads)
[2023-10-30T22:58:47.079+0000][1105.732s][info ][safepoint     ] Application time: 1.0014112 seconds
[2023-10-30T22:58:47.080+0000][1105.733s][info ][safepoint     ] Entering safepoint region: Cleanup
[2023-10-30T22:58:47.081+0000][1105.734s][info ][safepoint     ] Leaving safepoint region
[2023-10-30T22:58:47.082+0000][1105.735s][info ][safepoint     ] Total time for which application threads were stopped: 0.0019763 seconds, Stopping threads took: 0.0009270 seconds
[2023-10-30T22:58:48.083+0000][1106.736s][debug][safepoint     ] Safepoint synchronization initiated. (182 threads)
[2023-10-30T22:58:48.083+0000][1106.737s][info ][safepoint     ] Application time: 1.0008049 seconds
[2023-10-30T22:58:48.084+0000][1106.738s][info ][safepoint     ] Entering safepoint region: Cleanup
[2023-10-30T22:58:48.086+0000][1106.739s][info ][safepoint     ] Leaving safepoint region
[2023-10-30T22:58:48.086+0000][1106.739s][info ][safepoint     ] Total time for which application threads were stopped: 0.0018007 seconds, Stopping threads took: 0.0012539 seconds
[2023-10-30T22:58:49.086+0000][1107.740s][debug][safepoint     ] Safepoint synchronization initiated. (182 threads)
[2023-10-30T22:58:49.087+0000][1107.741s][info ][safepoint     ] Application time: 1.0007541 seconds
[2023-10-30T22:58:49.088+0000][1107.741s][info ][safepoint     ] Entering safepoint region: Cleanup
[2023-10-30T22:58:49.089+0000][1107.742s][info ][safepoint     ] Leaving safepoint region
[2023-10-30T22:58:49.089+0000][1107.743s][info ][safepoint     ] Total time for which application threads were stopped: 0.0013564 seconds, Stopping threads took: 0.0005696 seconds
[2023-10-30T22:58:50.090+0000][1108.743s][debug][safepoint     ] Safepoint synchronization initiated. (182 threads)
[2023-10-30T22:58:50.091+0000][1108.744s][info ][safepoint     ] Application time: 1.0015614 seconds
[2023-10-30T22:58:50.092+0000][1108.745s][info ][safepoint     ] Entering safepoint region: Cleanup
[2023-10-30T22:58:50.093+0000][1108.746s][info ][safepoint     ] Leaving safepoint region
[2023-10-30T22:58:50.093+0000][1108.747s][info ][safepoint     ] Total time for which application threads were stopped: 0.0016401 seconds, Stopping threads took: 0.0006887 seconds
[2023-10-30T22:58:51.094+0000][1109.748s][debug][safepoint     ] Safepoint synchronization initiated. (182 threads)
[2023-10-30T22:58:51.096+0000][1109.749s][info ][safepoint     ] Application time: 1.0016248 seconds
[2023-10-30T22:58:51.097+0000][1109.750s][info ][safepoint     ] Entering safepoint region: Cleanup
[2023-10-30T22:58:51.098+0000][1109.752s][info ][safepoint     ] Leaving safepoint region
[2023-10-30T22:58:51.099+0000][1109.753s][info ][safepoint     ] Total time for which application threads were stopped: 0.0025388 seconds, Stopping threads took: 0.0010843 seconds
[2023-10-30T22:58:52.100+0000][1110.754s][debug][safepoint     ] Safepoint synchronization initiated. (182 threads)
[2023-10-30T22:58:52.102+0000][1110.756s][info ][safepoint     ] Application time: 1.0020726 seconds
[2023-10-30T22:58:52.103+0000][1110.756s][info ][safepoint     ] Entering safepoint region: Cleanup
[2023-10-30T22:58:52.104+0000][1110.757s][info ][safepoint     ] Leaving safepoint region
[2023-10-30T22:58:52.105+0000][1110.758s][info ][safepoint     ] Total time for which application threads were stopped: 0.0018069 seconds, Stopping threads took: 0.0006226 seconds
[2023-10-30T22:58:53.105+0000][1111.759s][debug][safepoint     ] Safepoint synchronization initiated. (182 threads)
[2023-10-30T22:58:53.106+0000][1111.760s][info ][safepoint     ] Application time: 1.0013161 seconds
[2023-10-30T22:58:53.107+0000][1111.761s][info ][safepoint     ] Entering safepoint region: Cleanup
[2023-10-30T22:58:53.108+0000][1111.762s][info ][safepoint     ] Leaving safepoint region
[2023-10-30T22:58:53.109+0000][1111.763s][info ][safepoint     ] Total time for which application threads were stopped: 0.0018815 seconds, Stopping threads took: 0.0007988 seconds
[2023-10-30T22:58:54.109+0000][1112.763s][debug][safepoint     ] Safepoint synchronization initiated. (182 threads)
[2023-10-30T22:58:54.111+0000][1112.765s][info ][safepoint     ] Application time: 1.0018040 seconds
[2023-10-30T22:58:54.112+0000][1112.766s][info ][safepoint     ] Entering safepoint region: Cleanup
[2023-10-30T22:58:54.112+0000][1112.767s][info ][safepoint     ] Leaving safepoint region
[2023-10-30T22:58:54.113+0000][1112.767s][info ][safepoint     ] Total time for which application threads were stopped: 0.0010705 seconds, Stopping threads took: 0.0004625 seconds
[2023-10-30T22:58:55.114+0000][1113.768s][debug][safepoint     ] Safepoint synchronization initiated. (182 threads)
[2023-10-30T22:58:55.114+0000][1113.769s][info ][safepoint     ] Application time: 1.0011301 seconds
[2023-10-30T22:58:55.115+0000][1113.769s][info ][safepoint     ] Entering safepoint region: Cleanup
[2023-10-30T22:58:55.116+0000][1113.770s][info ][safepoint     ] Leaving safepoint region
[2023-10-30T22:58:55.117+0000][1113.771s][info ][safepoint     ] Total time for which application threads were stopped: 0.0015880 seconds, Stopping threads took: 0.0007552 seconds
[2023-10-30T22:58:56.118+0000][1114.772s][debug][safepoint     ] Safepoint synchronization initiated. (182 threads)
[2023-10-30T22:58:56.119+0000][1114.773s][info ][safepoint     ] Application time: 1.0012620 seconds
[2023-10-30T22:58:56.120+0000][1114.774s][info ][safepoint     ] Entering safepoint region: Cleanup
[2023-10-30T22:58:56.121+0000][1114.775s][info ][safepoint     ] Leaving safepoint region
[2023-10-30T22:58:56.121+0000][1114.776s][info ][safepoint     ] Total time for which application threads were stopped: 0.0019112 seconds, Stopping threads took: 0.0008458 seconds
[2023-10-30T22:58:57.123+0000][1115.777s][debug][safepoint     ] Safepoint synchronization initiated. (183 threads)
[2023-10-30T22:58:57.124+0000][1115.778s][info ][safepoint     ] Application time: 1.0016875 seconds
[2023-10-30T22:58:57.125+0000][1115.779s][info ][safepoint     ] Entering safepoint region: Cleanup
[2023-10-30T22:58:57.126+0000][1115.780s][info ][safepoint     ] Leaving safepoint region
[2023-10-30T22:58:57.127+0000][1115.781s][info ][safepoint     ] Total time for which application threads were stopped: 0.0019990 seconds, Stopping threads took: 0.0007955 seconds
[2023-10-30T22:58:58.128+0000][1116.782s][debug][safepoint     ] Safepoint synchronization initiated. (186 threads)
[2023-10-30T22:58:58.129+0000][1116.783s][info ][safepoint     ] Application time: 1.0011621 seconds
[2023-10-30T22:58:58.130+0000][1116.784s][info ][safepoint     ] Entering safepoint region: Cleanup
[2023-10-30T22:58:58.131+0000][1116.785s][info ][safepoint     ] Leaving safepoint region
[2023-10-30T22:58:58.132+0000][1116.786s][info ][safepoint     ] Total time for which application threads were stopped: 0.0020627 seconds, Stopping threads took: 0.0008560 seconds
[2023-10-30T22:58:59.133+0000][1117.787s][debug][safepoint     ] Safepoint synchronization initiated. (186 threads)
[2023-10-30T22:58:59.133+0000][1117.788s][info ][safepoint     ] Application time: 1.0010453 seconds
[2023-10-30T22:58:59.134+0000][1117.788s][info ][safepoint     ] Entering safepoint region: Cleanup
[2023-10-30T22:58:59.134+0000][1117.789s][info ][safepoint     ] Leaving safepoint region
[2023-10-30T22:58:59.135+0000][1117.789s][info ][safepoint     ] Total time for which application threads were stopped: 0.0011939 seconds, Stopping threads took: 0.0004875 seconds
[2023-10-30T22:59:00.136+0000][1118.790s][debug][safepoint     ] Safepoint synchronization initiated. (186 threads)
[2023-10-30T22:59:00.136+0000][1118.791s][info ][safepoint     ] Application time: 1.0009723 seconds
[2023-10-30T22:59:00.137+0000][1118.791s][info ][safepoint     ] Entering safepoint region: Cleanup
[2023-10-30T22:59:00.138+0000][1118.792s][info ][safepoint     ] Leaving safepoint region
[2023-10-30T22:59:00.138+0000][1118.793s][info ][safepoint     ] Total time for which application threads were stopped: 0.0012188 seconds, Stopping threads took: 0.0006668 seconds
[2023-10-30T22:59:01.139+0000][1119.793s][debug][safepoint     ] Safepoint synchronization initiated. (187 threads)
[2023-10-30T22:59:01.140+0000][1119.794s][info ][safepoint     ] Application time: 1.0012946 seconds
[2023-10-30T22:59:01.141+0000][1119.796s][info ][safepoint     ] Entering safepoint region: Cleanup
[2023-10-30T22:59:01.143+0000][1119.797s][info ][safepoint     ] Leaving safepoint region
[2023-10-30T22:59:01.143+0000][1119.798s][info ][safepoint     ] Total time for which application threads were stopped: 0.0021983 seconds, Stopping threads took: 0.0010263 seconds
[2023-10-30T22:59:02.144+0000][1120.799s][debug][safepoint     ] Safepoint synchronization initiated. (187 threads)
[2023-10-30T22:59:02.146+0000][1120.800s][info ][safepoint     ] Application time: 1.0014414 seconds
[2023-10-30T22:59:02.147+0000][1120.801s][info ][safepoint     ] Entering safepoint region: Cleanup
[2023-10-30T22:59:02.148+0000][1120.802s][info ][safepoint     ] Leaving safepoint region
[2023-10-30T22:59:02.148+0000][1120.803s][info ][safepoint     ] Total time for which application threads were stopped: 0.0018711 seconds, Stopping threads took: 0.0009418 seconds
[2023-10-30T22:59:03.149+0000][1121.804s][debug][safepoint     ] Safepoint synchronization initiated. (187 threads)
[2023-10-30T22:59:03.150+0000][1121.804s][info ][safepoint     ] Application time: 1.0007761 seconds
[2023-10-30T22:59:03.150+0000][1121.805s][info ][safepoint     ] Entering safepoint region: Cleanup
[2023-10-30T22:59:03.151+0000][1121.805s][info ][safepoint     ] Leaving safepoint region
[2023-10-30T22:59:03.152+0000][1121.806s][info ][safepoint     ] Total time for which application threads were stopped: 0.0011772 seconds, Stopping threads took: 0.0005503 seconds
[2023-10-30T22:59:04.152+0000][1122.806s][debug][safepoint     ] Safepoint synchronization initiated. (187 threads)
[2023-10-30T22:59:04.153+0000][1122.807s][info ][safepoint     ] Application time: 1.0013457 seconds
[2023-10-30T22:59:04.154+0000][1122.808s][info ][safepoint     ] Entering safepoint region: Cleanup
[2023-10-30T22:59:04.155+0000][1122.810s][info ][safepoint     ] Leaving safepoint region
[2023-10-30T22:59:04.156+0000][1122.810s][info ][safepoint     ] Total time for which application threads were stopped: 0.0020035 seconds, Stopping threads took: 0.0007931 seconds
[2023-10-30T22:59:05.157+0000][1123.811s][debug][safepoint     ] Safepoint synchronization initiated. (187 threads)
[2023-10-30T22:59:05.158+0000][1123.812s][info ][safepoint     ] Application time: 1.0013332 seconds
[2023-10-30T22:59:05.160+0000][1123.814s][info ][safepoint     ] Entering safepoint region: Cleanup
[2023-10-30T22:59:05.161+0000][1123.815s][info ][safepoint     ] Leaving safepoint region
[2023-10-30T22:59:05.162+0000][1123.816s][info ][safepoint     ] Total time for which application threads were stopped: 0.0020910 seconds, Stopping threads took: 0.0009887 seconds
[2023-10-30T22:59:06.163+0000][1124.817s][debug][safepoint     ] Safepoint synchronization initiated. (187 threads)
[2023-10-30T22:59:06.163+0000][1124.818s][info ][safepoint     ] Application time: 1.0008733 seconds
[2023-10-30T22:59:06.164+0000][1124.818s][info ][safepoint     ] Entering safepoint region: Cleanup
[2023-10-30T22:59:06.165+0000][1124.819s][info ][safepoint     ] Leaving safepoint region
[2023-10-30T22:59:06.165+0000][1124.819s][info ][safepoint     ] Total time for which application threads were stopped: 0.0012018 seconds, Stopping threads took: 0.0005278 seconds
[2023-10-30T22:59:07.166+0000][1125.820s][debug][safepoint     ] Safepoint synchronization initiated. (187 threads)
[2023-10-30T22:59:07.166+0000][1125.820s][info ][safepoint     ] Application time: 1.0004836 seconds
[2023-10-30T22:59:07.166+0000][1125.820s][info ][safepoint     ] Entering safepoint region: Cleanup
[2023-10-30T22:59:07.167+0000][1125.821s][info ][safepoint     ] Leaving safepoint region
[2023-10-30T22:59:07.167+0000][1125.821s][info ][safepoint     ] Total time for which application threads were stopped: 0.0007352 seconds, Stopping threads took: 0.0002986 seconds
[2023-10-30T22:59:08.167+0000][1126.822s][debug][safepoint     ] Safepoint synchronization initiated. (187 threads)
[2023-10-30T22:59:08.168+0000][1126.822s][info ][safepoint     ] Application time: 1.0007543 seconds
[2023-10-30T22:59:08.168+0000][1126.823s][info ][safepoint     ] Entering safepoint region: Cleanup
[2023-10-30T22:59:08.169+0000][1126.823s][info ][safepoint     ] Leaving safepoint region
[2023-10-30T22:59:08.170+0000][1126.824s][info ][safepoint     ] Total time for which application threads were stopped: 0.0011773 seconds, Stopping threads took: 0.0005459 seconds
[2023-10-30T22:59:09.170+0000][1127.824s][debug][safepoint     ] Safepoint synchronization initiated. (187 threads)
[2023-10-30T22:59:09.171+0000][1127.825s][info ][safepoint     ] Application time: 1.0006008 seconds
[2023-10-30T22:59:09.171+0000][1127.825s][info ][safepoint     ] Entering safepoint region: Cleanup
[2023-10-30T22:59:09.172+0000][1127.826s][info ][safepoint     ] Leaving safepoint region
[2023-10-30T22:59:09.172+0000][1127.826s][info ][safepoint     ] Total time for which application threads were stopped: 0.0010245 seconds, Stopping threads took: 0.0004884 seconds
[2023-10-30T22:59:10.173+0000][1128.827s][debug][safepoint     ] Safepoint synchronization initiated. (187 threads)
[2023-10-30T22:59:10.173+0000][1128.827s][info ][safepoint     ] Application time: 1.0005934 seconds
[2023-10-30T22:59:10.173+0000][1128.828s][info ][safepoint     ] Entering safepoint region: Cleanup
[2023-10-30T22:59:10.174+0000][1128.828s][info ][safepoint     ] Leaving safepoint region
[2023-10-30T22:59:10.174+0000][1128.828s][info ][safepoint     ] Total time for which application threads were stopped: 0.0008491 seconds, Stopping threads took: 0.0003475 seconds
[2023-10-30T22:59:11.175+0000][1129.829s][debug][safepoint     ] Safepoint synchronization initiated. (187 threads)
[2023-10-30T22:59:11.175+0000][1129.830s][info ][safepoint     ] Application time: 1.0010762 seconds
[2023-10-30T22:59:11.176+0000][1129.831s][info ][safepoint     ] Entering safepoint region: Cleanup
[2023-10-30T22:59:11.178+0000][1129.833s][info ][safepoint     ] Leaving safepoint region
[2023-10-30T22:59:11.179+0000][1129.833s][info ][safepoint     ] Total time for which application threads were stopped: 0.0029016 seconds, Stopping threads took: 0.0014145 seconds
[2023-10-30T22:59:12.180+0000][1130.834s][debug][safepoint     ] Safepoint synchronization initiated. (187 threads)
[2023-10-30T22:59:12.181+0000][1130.835s][info ][safepoint     ] Application time: 1.0014715 seconds
[2023-10-30T22:59:12.182+0000][1130.836s][info ][safepoint     ] Entering safepoint region: Cleanup
[2023-10-30T22:59:12.184+0000][1130.838s][info ][safepoint     ] Leaving safepoint region
[2023-10-30T22:59:12.184+0000][1130.839s][info ][safepoint     ] Total time for which application threads were stopped: 0.0023944 seconds, Stopping threads took: 0.0008899 seconds
[2023-10-30T22:59:13.185+0000][1131.839s][debug][safepoint     ] Safepoint synchronization initiated. (187 threads)
[2023-10-30T22:59:13.186+0000][1131.840s][info ][safepoint     ] Application time: 1.0009126 seconds
[2023-10-30T22:59:13.187+0000][1131.841s][info ][safepoint     ] Entering safepoint region: Cleanup
[2023-10-30T22:59:13.187+0000][1131.842s][info ][safepoint     ] Leaving safepoint region
[2023-10-30T22:59:13.188+0000][1131.842s][info ][safepoint     ] Total time for which application threads were stopped: 0.0012808 seconds, Stopping threads took: 0.0005272 seconds
[2023-10-30T22:59:14.188+0000][1132.843s][debug][safepoint     ] Safepoint synchronization initiated. (187 threads)
[2023-10-30T22:59:14.189+0000][1132.843s][info ][safepoint     ] Application time: 1.0008665 seconds
[2023-10-30T22:59:14.190+0000][1132.844s][info ][safepoint     ] Entering safepoint region: Cleanup
[2023-10-30T22:59:14.190+0000][1132.845s][info ][safepoint     ] Leaving safepoint region
[2023-10-30T22:59:14.191+0000][1132.845s][info ][safepoint     ] Total time for which application threads were stopped: 0.0012096 seconds, Stopping threads took: 0.0005848 seconds
[2023-10-30T22:59:15.191+0000][1133.845s][debug][safepoint     ] Safepoint synchronization initiated. (187 threads)
[2023-10-30T22:59:15.192+0000][1133.846s][info ][safepoint     ] Application time: 1.0008886 seconds
[2023-10-30T22:59:15.192+0000][1133.847s][info ][safepoint     ] Entering safepoint region: Cleanup
[2023-10-30T22:59:15.193+0000][1133.847s][info ][safepoint     ] Leaving safepoint region
[2023-10-30T22:59:15.193+0000][1133.848s][info ][safepoint     ] Total time for which application threads were stopped: 0.0009705 seconds, Stopping threads took: 0.0003936 seconds
[2023-10-30T22:59:16.194+0000][1134.848s][debug][safepoint     ] Safepoint synchronization initiated. (187 threads)
[2023-10-30T22:59:16.194+0000][1134.849s][info ][safepoint     ] Application time: 1.0006025 seconds
[2023-10-30T22:59:16.195+0000][1134.849s][info ][safepoint     ] Entering safepoint region: Cleanup
[2023-10-30T22:59:16.195+0000][1134.850s][info ][safepoint     ] Leaving safepoint region
[2023-10-30T22:59:16.196+0000][1134.850s][info ][safepoint     ] Total time for which application threads were stopped: 0.0009754 seconds, Stopping threads took: 0.0003650 seconds
[2023-10-30T22:59:17.196+0000][1135.851s][debug][safepoint     ] Safepoint synchronization initiated. (187 threads)
[2023-10-30T22:59:17.197+0000][1135.851s][info ][safepoint     ] Application time: 1.0008847 seconds
[2023-10-30T22:59:17.198+0000][1135.852s][info ][safepoint     ] Entering safepoint region: Cleanup
[2023-10-30T22:59:17.199+0000][1135.853s][info ][safepoint     ] Leaving safepoint region
[2023-10-30T22:59:17.200+0000][1135.854s][info ][safepoint     ] Total time for which application threads were stopped: 0.0017122 seconds, Stopping threads took: 0.0004270 seconds
[2023-10-30T22:59:18.200+0000][1136.854s][debug][safepoint     ] Safepoint synchronization initiated. (187 threads)
[2023-10-30T22:59:18.201+0000][1136.855s][info ][safepoint     ] Application time: 1.0008371 seconds
[2023-10-30T22:59:18.201+0000][1136.856s][info ][safepoint     ] Entering safepoint region: Cleanup
[2023-10-30T22:59:18.202+0000][1136.856s][info ][safepoint     ] Leaving safepoint region
[2023-10-30T22:59:18.203+0000][1136.857s][info ][safepoint     ] Total time for which application threads were stopped: 0.0013028 seconds, Stopping threads took: 0.0006237 seconds
[2023-10-30T22:59:19.203+0000][1137.857s][debug][safepoint     ] Safepoint synchronization initiated. (191 threads)
[2023-10-30T22:59:19.204+0000][1137.858s][info ][safepoint     ] Application time: 1.0008560 seconds
[2023-10-30T22:59:19.204+0000][1137.859s][info ][safepoint     ] Entering safepoint region: Cleanup
[2023-10-30T22:59:19.205+0000][1137.860s][info ][safepoint     ] Leaving safepoint region
[2023-10-30T22:59:19.206+0000][1137.860s][info ][safepoint     ] Total time for which application threads were stopped: 0.0014866 seconds, Stopping threads took: 0.0006444 seconds
[2023-10-30T22:59:20.206+0000][1138.861s][debug][safepoint     ] Safepoint synchronization initiated. (191 threads)
[2023-10-30T22:59:20.207+0000][1138.861s][info ][safepoint     ] Application time: 1.0006303 seconds
[2023-10-30T22:59:20.207+0000][1138.862s][info ][safepoint     ] Entering safepoint region: Cleanup
[2023-10-30T22:59:20.208+0000][1138.862s][info ][safepoint     ] Leaving safepoint region
[2023-10-30T22:59:20.209+0000][1138.863s][info ][safepoint     ] Total time for which application threads were stopped: 0.0012170 seconds, Stopping threads took: 0.0005083 seconds
[2023-10-30T22:59:21.209+0000][1139.863s][debug][safepoint     ] Safepoint synchronization initiated. (191 threads)
[2023-10-30T22:59:21.210+0000][1139.864s][info ][safepoint     ] Application time: 1.0008608 seconds
[2023-10-30T22:59:21.211+0000][1139.865s][info ][safepoint     ] Entering safepoint region: Cleanup
[2023-10-30T22:59:21.211+0000][1139.865s][info ][safepoint     ] Leaving safepoint region
[2023-10-30T22:59:21.211+0000][1139.866s][info ][safepoint     ] Total time for which application threads were stopped: 0.0009899 seconds, Stopping threads took: 0.0004435 seconds
[2023-10-30T22:59:22.212+0000][1140.866s][debug][safepoint     ] Safepoint synchronization initiated. (191 threads)
[2023-10-30T22:59:22.213+0000][1140.867s][info ][safepoint     ] Application time: 1.0007552 seconds
[2023-10-30T22:59:22.213+0000][1140.868s][info ][safepoint     ] Entering safepoint region: Cleanup
[2023-10-30T22:59:22.214+0000][1140.868s][info ][safepoint     ] Leaving safepoint region
[2023-10-30T22:59:22.215+0000][1140.869s][info ][safepoint     ] Total time for which application threads were stopped: 0.0014293 seconds, Stopping threads took: 0.0006437 seconds
[2023-10-30T22:59:23.215+0000][1141.870s][debug][safepoint     ] Safepoint synchronization initiated. (191 threads)
[2023-10-30T22:59:23.216+0000][1141.870s][info ][safepoint     ] Application time: 1.0008882 seconds
[2023-10-30T22:59:23.217+0000][1141.871s][info ][safepoint     ] Entering safepoint region: Cleanup
[2023-10-30T22:59:23.217+0000][1141.872s][info ][safepoint     ] Leaving safepoint region
[2023-10-30T22:59:23.218+0000][1141.872s][info ][safepoint     ] Total time for which application threads were stopped: 0.0012476 seconds, Stopping threads took: 0.0006054 seconds
[2023-10-30T22:59:24.217+0000][1142.873s][debug][safepoint     ] Safepoint synchronization initiated. (191 threads)
[2023-10-30T22:59:24.218+0000][1142.873s][info ][safepoint     ] Application time: 1.0007411 seconds
[2023-10-30T22:59:24.219+0000][1142.874s][info ][safepoint     ] Entering safepoint region: Cleanup
[2023-10-30T22:59:24.219+0000][1142.875s][info ][safepoint     ] Leaving safepoint region
[2023-10-30T22:59:24.220+0000][1142.875s][info ][safepoint     ] Total time for which application threads were stopped: 0.0013112 seconds, Stopping threads took: 0.0005097 seconds
[2023-10-30T22:59:25.220+0000][1143.876s][debug][safepoint     ] Safepoint synchronization initiated. (191 threads)
[2023-10-30T22:59:25.221+0000][1143.876s][info ][safepoint     ] Application time: 1.0005496 seconds
[2023-10-30T22:59:25.221+0000][1143.877s][info ][safepoint     ] Entering safepoint region: Cleanup
[2023-10-30T22:59:25.222+0000][1143.877s][info ][safepoint     ] Leaving safepoint region
[2023-10-30T22:59:25.222+0000][1143.877s][info ][safepoint     ] Total time for which application threads were stopped: 0.0008681 seconds, Stopping threads took: 0.0003682 seconds
[2023-10-30T22:59:26.223+0000][1144.878s][debug][safepoint     ] Safepoint synchronization initiated. (191 threads)
[2023-10-30T22:59:26.223+0000][1144.879s][info ][safepoint     ] Application time: 1.0008566 seconds
[2023-10-30T22:59:26.224+0000][1144.879s][info ][safepoint     ] Entering safepoint region: Cleanup
[2023-10-30T22:59:26.225+0000][1144.880s][info ][safepoint     ] Leaving safepoint region
[2023-10-30T22:59:26.225+0000][1144.880s][info ][safepoint     ] Total time for which application threads were stopped: 0.0012223 seconds, Stopping threads took: 0.0005576 seconds
[2023-10-30T22:59:27.226+0000][1145.881s][debug][safepoint     ] Safepoint synchronization initiated. (191 threads)
[2023-10-30T22:59:27.226+0000][1145.882s][info ][safepoint     ] Application time: 1.0009373 seconds
[2023-10-30T22:59:27.227+0000][1145.882s][info ][safepoint     ] Entering safepoint region: Cleanup
[2023-10-30T22:59:27.228+0000][1145.883s][info ][safepoint     ] Leaving safepoint region
[2023-10-30T22:59:27.228+0000][1145.883s][info ][safepoint     ] Total time for which application threads were stopped: 0.0012517 seconds, Stopping threads took: 0.0005434 seconds
[2023-10-30T22:59:28.229+0000][1146.884s][debug][safepoint     ] Safepoint synchronization initiated. (191 threads)
[2023-10-30T22:59:28.229+0000][1146.884s][info ][safepoint     ] Application time: 1.0006661 seconds
[2023-10-30T22:59:28.230+0000][1146.885s][info ][safepoint     ] Entering safepoint region: Cleanup
[2023-10-30T22:59:28.230+0000][1146.886s][info ][safepoint     ] Leaving safepoint region
[2023-10-30T22:59:28.231+0000][1146.886s][info ][safepoint     ] Total time for which application threads were stopped: 0.0011314 seconds, Stopping threads took: 0.0004684 seconds
[2023-10-30T22:59:29.231+0000][1147.887s][debug][safepoint     ] Safepoint synchronization initiated. (191 threads)
[2023-10-30T22:59:29.232+0000][1147.887s][info ][safepoint     ] Application time: 1.0010420 seconds
[2023-10-30T22:59:29.233+0000][1147.888s][info ][safepoint     ] Entering safepoint region: Cleanup
[2023-10-30T22:59:29.233+0000][1147.889s][info ][safepoint     ] Leaving safepoint region
[2023-10-30T22:59:29.234+0000][1147.889s][info ][safepoint     ] Total time for which application threads were stopped: 0.0012031 seconds, Stopping threads took: 0.0004929 seconds
[2023-10-30T22:59:30.235+0000][1148.890s][debug][safepoint     ] Safepoint synchronization initiated. (191 threads)
[2023-10-30T22:59:30.235+0000][1148.890s][info ][safepoint     ] Application time: 1.0008078 seconds
[2023-10-30T22:59:30.236+0000][1148.891s][info ][safepoint     ] Entering safepoint region: Cleanup
[2023-10-30T22:59:30.236+0000][1148.892s][info ][safepoint     ] Leaving safepoint region
[2023-10-30T22:59:30.237+0000][1148.892s][info ][safepoint     ] Total time for which application threads were stopped: 0.0012071 seconds, Stopping threads took: 0.0004554 seconds
[2023-10-30T22:59:31.238+0000][1149.893s][debug][safepoint     ] Safepoint synchronization initiated. (191 threads)
[2023-10-30T22:59:31.238+0000][1149.894s][info ][safepoint     ] Application time: 1.0009145 seconds
[2023-10-30T22:59:31.239+0000][1149.894s][info ][safepoint     ] Entering safepoint region: Cleanup
[2023-10-30T22:59:31.240+0000][1149.895s][info ][safepoint     ] Leaving safepoint region
[2023-10-30T22:59:31.240+0000][1149.895s][info ][safepoint     ] Total time for which application threads were stopped: 0.0011937 seconds, Stopping threads took: 0.0005778 seconds
[2023-10-30T22:59:32.243+0000][1150.898s][debug][safepoint     ] Safepoint synchronization initiated. (191 threads)
[2023-10-30T22:59:32.245+0000][1150.900s][info ][safepoint     ] Application time: 1.0029213 seconds
[2023-10-30T22:59:32.247+0000][1150.902s][info ][safepoint     ] Entering safepoint region: Cleanup
[2023-10-30T22:59:32.248+0000][1150.903s][info ][safepoint     ] Leaving safepoint region
[2023-10-30T22:59:32.248+0000][1150.903s][info ][safepoint     ] Total time for which application threads were stopped: 0.0013047 seconds, Stopping threads took: 0.0006118 seconds
[2023-10-30T22:59:33.249+0000][1151.904s][debug][safepoint     ] Safepoint synchronization initiated. (191 threads)
[2023-10-30T22:59:33.250+0000][1151.906s][info ][safepoint     ] Application time: 1.0018388 seconds
[2023-10-30T22:59:33.251+0000][1151.906s][info ][safepoint     ] Entering safepoint region: Cleanup
[2023-10-30T22:59:33.252+0000][1151.907s][info ][safepoint     ] Leaving safepoint region
[2023-10-30T22:59:33.252+0000][1151.907s][info ][safepoint     ] Total time for which application threads were stopped: 0.0009421 seconds, Stopping threads took: 0.0004726 seconds
[2023-10-30T22:59:34.253+0000][1152.908s][debug][safepoint     ] Safepoint synchronization initiated. (191 threads)
[2023-10-30T22:59:34.253+0000][1152.908s][info ][safepoint     ] Application time: 1.0008274 seconds
[2023-10-30T22:59:34.254+0000][1152.909s][info ][safepoint     ] Entering safepoint region: Cleanup
[2023-10-30T22:59:34.254+0000][1152.910s][info ][safepoint     ] Leaving safepoint region
[2023-10-30T22:59:34.255+0000][1152.911s][info ][safepoint     ] Total time for which application threads were stopped: 0.0018735 seconds, Stopping threads took: 0.0005823 seconds
[2023-10-30T22:59:35.257+0000][1153.912s][debug][safepoint     ] Safepoint synchronization initiated. (191 threads)
[2023-10-30T22:59:35.258+0000][1153.913s][info ][safepoint     ] Application time: 1.0012091 seconds
[2023-10-30T22:59:35.258+0000][1153.914s][info ][safepoint     ] Entering safepoint region: Cleanup
[2023-10-30T22:59:35.259+0000][1153.914s][info ][safepoint     ] Leaving safepoint region
[2023-10-30T22:59:35.260+0000][1153.915s][info ][safepoint     ] Total time for which application threads were stopped: 0.0016288 seconds, Stopping threads took: 0.0007555 seconds
[2023-10-30T22:59:36.261+0000][1154.916s][debug][safepoint     ] Safepoint synchronization initiated. (191 threads)
[2023-10-30T22:59:36.261+0000][1154.916s][info ][safepoint     ] Application time: 1.0006745 seconds
[2023-10-30T22:59:36.262+0000][1154.917s][info ][safepoint     ] Entering safepoint region: Cleanup
[2023-10-30T22:59:36.262+0000][1154.917s][info ][safepoint     ] Leaving safepoint region
[2023-10-30T22:59:36.262+0000][1154.918s][info ][safepoint     ] Total time for which application threads were stopped: 0.0008348 seconds, Stopping threads took: 0.0003483 seconds
[2023-10-30T22:59:37.263+0000][1155.918s][debug][safepoint     ] Safepoint synchronization initiated. (191 threads)
[2023-10-30T22:59:37.264+0000][1155.919s][info ][safepoint     ] Application time: 1.0007486 seconds
[2023-10-30T22:59:37.264+0000][1155.919s][info ][safepoint     ] Entering safepoint region: Cleanup
[2023-10-30T22:59:37.265+0000][1155.920s][info ][safepoint     ] Leaving safepoint region
[2023-10-30T22:59:37.265+0000][1155.920s][info ][safepoint     ] Total time for which application threads were stopped: 0.0010377 seconds, Stopping threads took: 0.0004485 seconds
[2023-10-30T22:59:38.266+0000][1156.921s][debug][safepoint     ] Safepoint synchronization initiated. (191 threads)
[2023-10-30T22:59:38.266+0000][1156.922s][info ][safepoint     ] Application time: 1.0009562 seconds
[2023-10-30T22:59:38.267+0000][1156.923s][info ][safepoint     ] Entering safepoint region: Cleanup
[2023-10-30T22:59:38.268+0000][1156.923s][info ][safepoint     ] Leaving safepoint region
[2023-10-30T22:59:38.269+0000][1156.924s][info ][safepoint     ] Total time for which application threads were stopped: 0.0016185 seconds, Stopping threads took: 0.0007053 seconds
[2023-10-30T22:59:39.270+0000][1157.925s][debug][safepoint     ] Safepoint synchronization initiated. (191 threads)
[2023-10-30T22:59:39.271+0000][1157.926s][info ][safepoint     ] Application time: 1.0008955 seconds
[2023-10-30T22:59:39.271+0000][1157.926s][info ][safepoint     ] Entering safepoint region: Cleanup
[2023-10-30T22:59:39.272+0000][1157.927s][info ][safepoint     ] Leaving safepoint region
[2023-10-30T22:59:39.272+0000][1157.928s][info ][safepoint     ] Total time for which application threads were stopped: 0.0013450 seconds, Stopping threads took: 0.0007289 seconds
[2023-10-30T22:59:40.273+0000][1158.928s][debug][safepoint     ] Safepoint synchronization initiated. (191 threads)
[2023-10-30T22:59:40.274+0000][1158.929s][info ][safepoint     ] Application time: 1.0008525 seconds
[2023-10-30T22:59:40.274+0000][1158.929s][info ][safepoint     ] Entering safepoint region: Cleanup
[2023-10-30T22:59:40.275+0000][1158.930s][info ][safepoint     ] Leaving safepoint region
[2023-10-30T22:59:40.275+0000][1158.930s][info ][safepoint     ] Total time for which application threads were stopped: 0.0010194 seconds, Stopping threads took: 0.0005333 seconds
[2023-10-30T22:59:41.275+0000][1159.931s][debug][safepoint     ] Safepoint synchronization initiated. (191 threads)
[2023-10-30T22:59:41.276+0000][1159.931s][info ][safepoint     ] Application time: 1.0007676 seconds
[2023-10-30T22:59:41.277+0000][1159.932s][info ][safepoint     ] Entering safepoint region: Cleanup
[2023-10-30T22:59:41.277+0000][1159.933s][info ][safepoint     ] Leaving safepoint region
[2023-10-30T22:59:41.278+0000][1159.933s][info ][safepoint     ] Total time for which application threads were stopped: 0.0012376 seconds, Stopping threads took: 0.0006363 seconds
[2023-10-30T22:59:42.278+0000][1160.933s][debug][safepoint     ] Safepoint synchronization initiated. (191 threads)
[2023-10-30T22:59:42.279+0000][1160.934s][info ][safepoint     ] Application time: 1.0006935 seconds
[2023-10-30T22:59:42.279+0000][1160.935s][info ][safepoint     ] Entering safepoint region: Cleanup
[2023-10-30T22:59:42.280+0000][1160.935s][info ][safepoint     ] Leaving safepoint region
[2023-10-30T22:59:42.281+0000][1160.936s][info ][safepoint     ] Total time for which application threads were stopped: 0.0012815 seconds, Stopping threads took: 0.0005621 seconds
[2023-10-30T22:59:43.281+0000][1161.937s][debug][safepoint     ] Safepoint synchronization initiated. (191 threads)
[2023-10-30T22:59:43.282+0000][1161.937s][info ][safepoint     ] Application time: 1.0008590 seconds
[2023-10-30T22:59:43.283+0000][1161.938s][info ][safepoint     ] Entering safepoint region: Cleanup
[2023-10-30T22:59:43.283+0000][1161.938s][info ][safepoint     ] Leaving safepoint region
[2023-10-30T22:59:43.283+0000][1161.939s][info ][safepoint     ] Total time for which application threads were stopped: 0.0009624 seconds, Stopping threads took: 0.0004435 seconds
[2023-10-30T22:59:44.284+0000][1162.940s][debug][safepoint     ] Safepoint synchronization initiated. (191 threads)
[2023-10-30T22:59:44.285+0000][1162.941s][info ][safepoint     ] Application time: 1.0015682 seconds
[2023-10-30T22:59:44.286+0000][1162.942s][info ][safepoint     ] Entering safepoint region: Cleanup
[2023-10-30T22:59:44.288+0000][1162.943s][info ][safepoint     ] Leaving safepoint region
[2023-10-30T22:59:44.288+0000][1162.944s][info ][safepoint     ] Total time for which application threads were stopped: 0.0019452 seconds, Stopping threads took: 0.0008857 seconds
[2023-10-30T22:59:45.289+0000][1163.945s][debug][safepoint     ] Safepoint synchronization initiated. (191 threads)
[2023-10-30T22:59:45.290+0000][1163.946s][info ][safepoint     ] Application time: 1.0012856 seconds
[2023-10-30T22:59:45.291+0000][1163.947s][debug][safepoint     ] ... found polling page return exception at pc = 0x00007f9349413f98, stub =0x00007f9340840600
[2023-10-30T22:59:45.292+0000][1163.947s][debug][safepoint     ] Waiting for 1 thread(s) to block
[2023-10-30T22:59:45.293+0000][1163.948s][info ][safepoint     ] Entering safepoint region: Cleanup
[2023-10-30T22:59:45.294+0000][1163.949s][info ][safepoint     ] Leaving safepoint region
[2023-10-30T22:59:45.294+0000][1163.950s][info ][safepoint     ] Total time for which application threads were stopped: 0.0031743 seconds, Stopping threads took: 0.0022942 seconds
[2023-10-30T22:59:46.295+0000][1164.950s][debug][safepoint     ] Safepoint synchronization initiated. (191 threads)
[2023-10-30T22:59:46.296+0000][1164.951s][info ][safepoint     ] Application time: 1.0008772 seconds
[2023-10-30T22:59:46.297+0000][1164.952s][info ][safepoint     ] Entering safepoint region: Cleanup
[2023-10-30T22:59:46.297+0000][1164.952s][info ][safepoint     ] Leaving safepoint region
[2023-10-30T22:59:46.298+0000][1164.953s][info ][safepoint     ] Total time for which application threads were stopped: 0.0011044 seconds, Stopping threads took: 0.0004945 seconds
[2023-10-30T22:59:46.988+0000][1165.643s][debug][safepoint     ] Safepoint synchronization initiated. (191 threads)
[2023-10-30T22:59:46.989+0000][1165.644s][info ][safepoint     ] Application time: 0.6909496 seconds
[2023-10-30T22:59:46.990+0000][1165.645s][info ][safepoint     ] Entering safepoint region: G1CollectForAllocation
[2023-10-30T22:59:46.991+0000][1165.646s][info ][gc,start      ] GC(67) Pause Young (Normal) (G1 Evacuation Pause)
[2023-10-30T22:59:46.992+0000][1165.647s][info ][gc,task       ] GC(67) Using 8 workers of 8 for evacuation
[2023-10-30T22:59:47.002+0000][1165.657s][info ][gc,phases     ] GC(67)   Pre Evacuate Collection Set: 0.1ms
[2023-10-30T22:59:47.003+0000][1165.658s][info ][gc,phases     ] GC(67)   Evacuate Collection Set: 6.2ms
[2023-10-30T22:59:47.003+0000][1165.658s][info ][gc,phases     ] GC(67)   Post Evacuate Collection Set: 3.2ms
[2023-10-30T22:59:47.003+0000][1165.659s][info ][gc,phases     ] GC(67)   Other: 1.5ms
[2023-10-30T22:59:47.004+0000][1165.659s][info ][gc,heap       ] GC(67) Eden regions: 166->0(159)
[2023-10-30T22:59:47.004+0000][1165.660s][info ][gc,heap       ] GC(67) Survivor regions: 12->13(23)
[2023-10-30T22:59:47.005+0000][1165.660s][info ][gc,heap       ] GC(67) Old regions: 149->149
[2023-10-30T22:59:47.005+0000][1165.661s][info ][gc,heap       ] GC(67) Humongous regions: 35->35
[2023-10-30T22:59:47.006+0000][1165.661s][info ][gc,metaspace  ] GC(67) Metaspace: 170257K(175908K)->170257K(175908K) NonClass: 150551K(154020K)->150551K(154020K) Class: 19705K(21888K)->19705K(21888K)
[2023-10-30T22:59:47.006+0000][1165.662s][info ][gc            ] GC(67) Pause Young (Normal) (G1 Evacuation Pause) 360M->195M(411M) 15.492ms
[2023-10-30T22:59:47.007+0000][1165.662s][info ][gc,cpu        ] GC(67) User=0.06s Sys=0.00s Real=0.02s
[2023-10-30T22:59:47.008+0000][1165.663s][info ][safepoint     ] Leaving safepoint region
[2023-10-30T22:59:47.008+0000][1165.664s][info ][safepoint     ] Total time for which application threads were stopped: 0.0185218 seconds, Stopping threads took: 0.0008388 seconds
[2023-10-30T22:59:47.009+0000][1165.664s][info ][gc,stringdedup] Concurrent String Deduplication (1165.664s)
[2023-10-30T22:59:47.009+0000][1165.665s][info ][gc,stringdedup] Concurrent String Deduplication 10328.0B->3192.0B(7136.0B) avg 54.3% (1165.664s, 1165.665s) 0.528ms
[2023-10-30T22:59:48.009+0000][1166.664s][debug][safepoint     ] Safepoint synchronization initiated. (191 threads)
[2023-10-30T22:59:48.010+0000][1166.665s][info ][safepoint     ] Application time: 1.0011754 seconds
[2023-10-30T22:59:48.011+0000][1166.666s][info ][safepoint     ] Entering safepoint region: Cleanup
[2023-10-30T22:59:48.012+0000][1166.667s][info ][safepoint     ] Leaving safepoint region
[2023-10-30T22:59:48.013+0000][1166.668s][info ][safepoint     ] Total time for which application threads were stopped: 0.0018820 seconds, Stopping threads took: 0.0007914 seconds
[2023-10-30T22:59:49.014+0000][1167.669s][debug][safepoint     ] Safepoint synchronization initiated. (191 threads)
[2023-10-30T22:59:49.015+0000][1167.670s][info ][safepoint     ] Application time: 1.0015714 seconds
[2023-10-30T22:59:49.016+0000][1167.671s][info ][safepoint     ] Entering safepoint region: Cleanup
[2023-10-30T22:59:49.017+0000][1167.673s][info ][safepoint     ] Leaving safepoint region
[2023-10-30T22:59:49.018+0000][1167.673s][info ][safepoint     ] Total time for which application threads were stopped: 0.0022667 seconds, Stopping threads took: 0.0010468 seconds
[2023-10-30T22:59:50.019+0000][1168.674s][debug][safepoint     ] Safepoint synchronization initiated. (191 threads)
[2023-10-30T22:59:50.020+0000][1168.676s][info ][safepoint     ] Application time: 1.0014345 seconds
[2023-10-30T22:59:50.021+0000][1168.677s][info ][safepoint     ] Entering safepoint region: Cleanup
[2023-10-30T22:59:50.022+0000][1168.678s][info ][safepoint     ] Leaving safepoint region
[2023-10-30T22:59:50.023+0000][1168.678s][info ][safepoint     ] Total time for which application threads were stopped: 0.0018098 seconds, Stopping threads took: 0.0008469 seconds
[2023-10-30T22:59:51.024+0000][1169.679s][debug][safepoint     ] Safepoint synchronization initiated. (191 threads)
[2023-10-30T22:59:51.025+0000][1169.680s][info ][safepoint     ] Application time: 1.0009086 seconds
[2023-10-30T22:59:51.025+0000][1169.681s][info ][safepoint     ] Entering safepoint region: Cleanup
[2023-10-30T22:59:51.026+0000][1169.681s][info ][safepoint     ] Leaving safepoint region
[2023-10-30T22:59:51.027+0000][1169.682s][info ][safepoint     ] Total time for which application threads were stopped: 0.0012924 seconds, Stopping threads took: 0.0005293 seconds
[2023-10-30T22:59:52.027+0000][1170.682s][debug][safepoint     ] Safepoint synchronization initiated. (191 threads)
[2023-10-30T22:59:52.028+0000][1170.683s][info ][safepoint     ] Application time: 1.0006829 seconds
[2023-10-30T22:59:52.028+0000][1170.684s][info ][safepoint     ] Entering safepoint region: Cleanup
[2023-10-30T22:59:52.029+0000][1170.684s][info ][safepoint     ] Leaving safepoint region
[2023-10-30T22:59:52.029+0000][1170.685s][info ][safepoint     ] Total time for which application threads were stopped: 0.0012435 seconds, Stopping threads took: 0.0006248 seconds
[2023-10-30T22:59:53.030+0000][1171.685s][debug][safepoint     ] Safepoint synchronization initiated. (191 threads)
[2023-10-30T22:59:53.031+0000][1171.686s][info ][safepoint     ] Application time: 1.0013928 seconds
[2023-10-30T22:59:53.032+0000][1171.687s][info ][safepoint     ] Entering safepoint region: Cleanup
[2023-10-30T22:59:53.033+0000][1171.689s][info ][safepoint     ] Leaving safepoint region
[2023-10-30T22:59:53.034+0000][1171.689s][info ][safepoint     ] Total time for which application threads were stopped: 0.0020709 seconds, Stopping threads took: 0.0009893 seconds
[2023-10-30T22:59:54.035+0000][1172.690s][debug][safepoint     ] Safepoint synchronization initiated. (191 threads)
[2023-10-30T22:59:54.036+0000][1172.691s][info ][safepoint     ] Application time: 1.0012716 seconds
[2023-10-30T22:59:54.037+0000][1172.692s][info ][safepoint     ] Entering safepoint region: Cleanup
[2023-10-30T22:59:54.038+0000][1172.693s][info ][safepoint     ] Leaving safepoint region
[2023-10-30T22:59:54.038+0000][1172.694s][info ][safepoint     ] Total time for which application threads were stopped: 0.0018118 seconds, Stopping threads took: 0.0007927 seconds
[2023-10-30T22:59:55.039+0000][1173.695s][debug][safepoint     ] Safepoint synchronization initiated. (191 threads)
[2023-10-30T22:59:55.040+0000][1173.696s][info ][safepoint     ] Application time: 1.0009786 seconds
[2023-10-30T22:59:55.041+0000][1173.696s][info ][safepoint     ] Entering safepoint region: Cleanup
[2023-10-30T22:59:55.041+0000][1173.697s][info ][safepoint     ] Leaving safepoint region
[2023-10-30T22:59:55.042+0000][1173.697s][info ][safepoint     ] Total time for which application threads were stopped: 0.0013775 seconds, Stopping threads took: 0.0006716 seconds
[2023-10-30T22:59:56.043+0000][1174.698s][debug][safepoint     ] Safepoint synchronization initiated. (191 threads)
[2023-10-30T22:59:56.043+0000][1174.699s][info ][safepoint     ] Application time: 1.0009060 seconds
[2023-10-30T22:59:56.044+0000][1174.700s][info ][safepoint     ] Entering safepoint region: Cleanup
[2023-10-30T22:59:56.045+0000][1174.700s][info ][safepoint     ] Leaving safepoint region
[2023-10-30T22:59:56.046+0000][1174.701s][info ][safepoint     ] Total time for which application threads were stopped: 0.0016637 seconds, Stopping threads took: 0.0006545 seconds
[2023-10-30T22:59:57.047+0000][1175.702s][debug][safepoint     ] Safepoint synchronization initiated. (191 threads)
[2023-10-30T22:59:57.047+0000][1175.703s][info ][safepoint     ] Application time: 1.0007794 seconds
[2023-10-30T22:59:57.048+0000][1175.703s][info ][safepoint     ] Entering safepoint region: Cleanup
[2023-10-30T22:59:57.048+0000][1175.704s][info ][safepoint     ] Leaving safepoint region
[2023-10-30T22:59:57.049+0000][1175.704s][info ][safepoint     ] Total time for which application threads were stopped: 0.0010517 seconds, Stopping threads took: 0.0004833 seconds
[2023-10-30T22:59:58.049+0000][1176.705s][debug][safepoint     ] Safepoint synchronization initiated. (191 threads)
[2023-10-30T22:59:58.050+0000][1176.705s][info ][safepoint     ] Application time: 1.0009608 seconds
[2023-10-30T22:59:58.050+0000][1176.706s][info ][safepoint     ] Entering safepoint region: Cleanup
[2023-10-30T22:59:58.051+0000][1176.707s][info ][safepoint     ] Leaving safepoint region
[2023-10-30T22:59:58.052+0000][1176.707s][info ][safepoint     ] Total time for which application threads were stopped: 0.0013304 seconds, Stopping threads took: 0.0005845 seconds
[2023-10-30T22:59:59.052+0000][1177.708s][debug][safepoint     ] Safepoint synchronization initiated. (191 threads)
[2023-10-30T22:59:59.053+0000][1177.709s][info ][safepoint     ] Application time: 1.0008508 seconds
[2023-10-30T22:59:59.054+0000][1177.709s][info ][safepoint     ] Entering safepoint region: Cleanup
[2023-10-30T22:59:59.054+0000][1177.710s][info ][safepoint     ] Leaving safepoint region
[2023-10-30T22:59:59.055+0000][1177.710s][info ][safepoint     ] Total time for which application threads were stopped: 0.0011932 seconds, Stopping threads took: 0.0005906 seconds
[2023-10-30T23:00:00.055+0000][1178.711s][debug][safepoint     ] Safepoint synchronization initiated. (191 threads)
[2023-10-30T23:00:00.056+0000][1178.711s][info ][safepoint     ] Application time: 1.0008927 seconds
[2023-10-30T23:00:00.057+0000][1178.712s][info ][safepoint     ] Entering safepoint region: Cleanup
[2023-10-30T23:00:00.057+0000][1178.713s][info ][safepoint     ] Leaving safepoint region
[2023-10-30T23:00:00.058+0000][1178.713s][info ][safepoint     ] Total time for which application threads were stopped: 0.0012657 seconds, Stopping threads took: 0.0005274 seconds
[2023-10-30T23:00:01.058+0000][1179.714s][debug][safepoint     ] Safepoint synchronization initiated. (191 threads)
[2023-10-30T23:00:01.059+0000][1179.714s][info ][safepoint     ] Application time: 1.0006655 seconds
[2023-10-30T23:00:01.060+0000][1179.715s][info ][safepoint     ] Entering safepoint region: Cleanup
[2023-10-30T23:00:01.061+0000][1179.716s][info ][safepoint     ] Leaving safepoint region
[2023-10-30T23:00:01.061+0000][1179.716s][info ][safepoint     ] Total time for which application threads were stopped: 0.0014362 seconds, Stopping threads took: 0.0007145 seconds
[2023-10-30T23:00:02.062+0000][1180.717s][debug][safepoint     ] Safepoint synchronization initiated. (191 threads)
[2023-10-30T23:00:02.062+0000][1180.718s][info ][safepoint     ] Application time: 1.0007785 seconds
[2023-10-30T23:00:02.063+0000][1180.718s][info ][safepoint     ] Entering safepoint region: Cleanup
[2023-10-30T23:00:02.063+0000][1180.719s][info ][safepoint     ] Leaving safepoint region
[2023-10-30T23:00:02.064+0000][1180.719s][info ][safepoint     ] Total time for which application threads were stopped: 0.0012495 seconds, Stopping threads took: 0.0003809 seconds
[2023-10-30T23:00:03.065+0000][1181.720s][debug][safepoint     ] Safepoint synchronization initiated. (191 threads)
[2023-10-30T23:00:03.066+0000][1181.721s][info ][safepoint     ] Application time: 1.0009455 seconds
[2023-10-30T23:00:03.066+0000][1181.721s][info ][safepoint     ] Entering safepoint region: Cleanup
[2023-10-30T23:00:03.067+0000][1181.722s][info ][safepoint     ] Leaving safepoint region
[2023-10-30T23:00:03.067+0000][1181.722s][info ][safepoint     ] Total time for which application threads were stopped: 0.0011469 seconds, Stopping threads took: 0.0004896 seconds
[2023-10-30T23:00:04.068+0000][1182.723s][debug][safepoint     ] Safepoint synchronization initiated. (191 threads)
[2023-10-30T23:00:04.068+0000][1182.724s][info ][safepoint     ] Application time: 1.0008464 seconds
[2023-10-30T23:00:04.069+0000][1182.724s][info ][safepoint     ] Entering safepoint region: Cleanup
[2023-10-30T23:00:04.070+0000][1182.725s][info ][safepoint     ] Leaving safepoint region
[2023-10-30T23:00:04.070+0000][1182.726s][info ][safepoint     ] Total time for which application threads were stopped: 0.0011892 seconds, Stopping threads took: 0.0005678 seconds
[2023-10-30T23:00:05.071+0000][1183.726s][debug][safepoint     ] Safepoint synchronization initiated. (191 threads)
[2023-10-30T23:00:05.071+0000][1183.727s][info ][safepoint     ] Application time: 1.0006468 seconds
[2023-10-30T23:00:05.072+0000][1183.727s][info ][safepoint     ] Entering safepoint region: Cleanup
[2023-10-30T23:00:05.072+0000][1183.728s][info ][safepoint     ] Leaving safepoint region
[2023-10-30T23:00:05.073+0000][1183.728s][info ][safepoint     ] Total time for which application threads were stopped: 0.0009680 seconds, Stopping threads took: 0.0004484 seconds
[2023-10-30T23:00:06.073+0000][1184.729s][debug][safepoint     ] Safepoint synchronization initiated. (191 threads)
[2023-10-30T23:00:06.074+0000][1184.729s][info ][safepoint     ] Application time: 1.0007797 seconds
[2023-10-30T23:00:06.074+0000][1184.730s][info ][safepoint     ] Entering safepoint region: Cleanup
[2023-10-30T23:00:06.075+0000][1184.730s][info ][safepoint     ] Leaving safepoint region
[2023-10-30T23:00:06.076+0000][1184.731s][info ][safepoint     ] Total time for which application threads were stopped: 0.0013090 seconds, Stopping threads took: 0.0005455 seconds
[2023-10-30T23:00:07.076+0000][1185.732s][debug][safepoint     ] Safepoint synchronization initiated. (191 threads)
[2023-10-30T23:00:07.077+0000][1185.732s][info ][safepoint     ] Application time: 1.0009145 seconds
[2023-10-30T23:00:07.078+0000][1185.733s][info ][safepoint     ] Entering safepoint region: Cleanup
[2023-10-30T23:00:07.079+0000][1185.734s][info ][safepoint     ] Leaving safepoint region
[2023-10-30T23:00:07.079+0000][1185.734s][info ][safepoint     ] Total time for which application threads were stopped: 0.0013799 seconds, Stopping threads took: 0.0005590 seconds
[2023-10-30T23:00:08.080+0000][1186.735s][debug][safepoint     ] Safepoint synchronization initiated. (191 threads)
[2023-10-30T23:00:08.080+0000][1186.736s][info ][safepoint     ] Application time: 1.0008321 seconds
[2023-10-30T23:00:08.081+0000][1186.736s][info ][safepoint     ] Entering safepoint region: Cleanup
[2023-10-30T23:00:08.082+0000][1186.737s][info ][safepoint     ] Leaving safepoint region
[2023-10-30T23:00:08.082+0000][1186.737s][info ][safepoint     ] Total time for which application threads were stopped: 0.0011436 seconds, Stopping threads took: 0.0005133 seconds
[2023-10-30T23:00:09.083+0000][1187.738s][debug][safepoint     ] Safepoint synchronization initiated. (191 threads)
[2023-10-30T23:00:09.084+0000][1187.739s][info ][safepoint     ] Application time: 1.0010726 seconds
[2023-10-30T23:00:09.084+0000][1187.740s][info ][safepoint     ] Entering safepoint region: Cleanup
[2023-10-30T23:00:09.085+0000][1187.741s][info ][safepoint     ] Leaving safepoint region
[2023-10-30T23:00:09.086+0000][1187.741s][info ][safepoint     ] Total time for which application threads were stopped: 0.0012720 seconds, Stopping threads took: 0.0005773 seconds
[2023-10-30T23:00:10.086+0000][1188.742s][debug][safepoint     ] Safepoint synchronization initiated. (191 threads)
[2023-10-30T23:00:10.087+0000][1188.743s][info ][safepoint     ] Application time: 1.0009838 seconds
[2023-10-30T23:00:10.088+0000][1188.743s][info ][safepoint     ] Entering safepoint region: Cleanup
[2023-10-30T23:00:10.089+0000][1188.744s][info ][safepoint     ] Leaving safepoint region
[2023-10-30T23:00:10.089+0000][1188.745s][info ][safepoint     ] Total time for which application threads were stopped: 0.0012731 seconds, Stopping threads took: 0.0005563 seconds
[2023-10-30T23:00:11.090+0000][1189.745s][debug][safepoint     ] Safepoint synchronization initiated. (191 threads)
[2023-10-30T23:00:11.091+0000][1189.746s][info ][safepoint     ] Application time: 1.0011689 seconds
[2023-10-30T23:00:11.092+0000][1189.747s][info ][safepoint     ] Entering safepoint region: Cleanup
[2023-10-30T23:00:11.093+0000][1189.748s][info ][safepoint     ] Leaving safepoint region
[2023-10-30T23:00:11.093+0000][1189.749s][info ][safepoint     ] Total time for which application threads were stopped: 0.0018154 seconds, Stopping threads took: 0.0007940 seconds
[2023-10-30T23:00:12.094+0000][1190.750s][debug][safepoint     ] Safepoint synchronization initiated. (191 threads)
[2023-10-30T23:00:12.095+0000][1190.750s][info ][safepoint     ] Application time: 1.0010413 seconds
[2023-10-30T23:00:12.096+0000][1190.751s][info ][safepoint     ] Entering safepoint region: Cleanup
[2023-10-30T23:00:12.096+0000][1190.752s][info ][safepoint     ] Leaving safepoint region
[2023-10-30T23:00:12.097+0000][1190.752s][info ][safepoint     ] Total time for which application threads were stopped: 0.0011493 seconds, Stopping threads took: 0.0004566 seconds
[2023-10-30T23:00:13.097+0000][1191.753s][debug][safepoint     ] Safepoint synchronization initiated. (191 threads)
[2023-10-30T23:00:13.098+0000][1191.754s][info ][safepoint     ] Application time: 1.0013363 seconds
[2023-10-30T23:00:13.100+0000][1191.755s][info ][safepoint     ] Entering safepoint region: Cleanup
[2023-10-30T23:00:13.101+0000][1191.756s][info ][safepoint     ] Leaving safepoint region
[2023-10-30T23:00:13.101+0000][1191.757s][info ][safepoint     ] Total time for which application threads were stopped: 0.0020090 seconds, Stopping threads took: 0.0008848 seconds
[2023-10-30T23:00:14.102+0000][1192.758s][debug][safepoint     ] Safepoint synchronization initiated. (191 threads)
[2023-10-30T23:00:14.103+0000][1192.759s][info ][safepoint     ] Application time: 1.0008346 seconds
[2023-10-30T23:00:14.104+0000][1192.759s][info ][safepoint     ] Entering safepoint region: Cleanup
[2023-10-30T23:00:14.105+0000][1192.760s][info ][safepoint     ] Leaving safepoint region
[2023-10-30T23:00:14.105+0000][1192.761s][info ][safepoint     ] Total time for which application threads were stopped: 0.0013978 seconds, Stopping threads took: 0.0006928 seconds
[2023-10-30T23:00:15.106+0000][1193.761s][debug][safepoint     ] Safepoint synchronization initiated. (191 threads)
[2023-10-30T23:00:15.107+0000][1193.762s][info ][safepoint     ] Application time: 1.0011362 seconds
[2023-10-30T23:00:15.107+0000][1193.763s][info ][safepoint     ] Entering safepoint region: Cleanup
[2023-10-30T23:00:15.108+0000][1193.764s][info ][safepoint     ] Leaving safepoint region
[2023-10-30T23:00:15.109+0000][1193.764s][info ][safepoint     ] Total time for which application threads were stopped: 0.0012309 seconds, Stopping threads took: 0.0005207 seconds
[2023-10-30T23:00:16.109+0000][1194.765s][debug][safepoint     ] Safepoint synchronization initiated. (191 threads)
[2023-10-30T23:00:16.110+0000][1194.766s][info ][safepoint     ] Application time: 1.0009805 seconds
[2023-10-30T23:00:16.111+0000][1194.766s][info ][safepoint     ] Entering safepoint region: Cleanup
[2023-10-30T23:00:16.111+0000][1194.767s][info ][safepoint     ] Leaving safepoint region
[2023-10-30T23:00:16.112+0000][1194.767s][info ][safepoint     ] Total time for which application threads were stopped: 0.0012930 seconds, Stopping threads took: 0.0006255 seconds
[2023-10-30T23:00:17.113+0000][1195.768s][debug][safepoint     ] Safepoint synchronization initiated. (191 threads)
[2023-10-30T23:00:17.114+0000][1195.769s][info ][safepoint     ] Application time: 1.0012966 seconds
[2023-10-30T23:00:17.115+0000][1195.770s][info ][safepoint     ] Entering safepoint region: Cleanup
[2023-10-30T23:00:17.116+0000][1195.771s][info ][safepoint     ] Leaving safepoint region
[2023-10-30T23:00:17.117+0000][1195.772s][info ][safepoint     ] Total time for which application threads were stopped: 0.0020370 seconds, Stopping threads took: 0.0009305 seconds
[2023-10-30T23:00:18.118+0000][1196.773s][debug][safepoint     ] Safepoint synchronization initiated. (191 threads)
[2023-10-30T23:00:18.118+0000][1196.774s][info ][safepoint     ] Application time: 1.0008822 seconds
[2023-10-30T23:00:18.119+0000][1196.774s][info ][safepoint     ] Entering safepoint region: Cleanup
[2023-10-30T23:00:18.120+0000][1196.775s][info ][safepoint     ] Leaving safepoint region
[2023-10-30T23:00:18.120+0000][1196.776s][info ][safepoint     ] Total time for which application threads were stopped: 0.0014671 seconds, Stopping threads took: 0.0007577 seconds
[2023-10-30T23:00:19.121+0000][1197.777s][debug][safepoint     ] Safepoint synchronization initiated. (190 threads)
[2023-10-30T23:00:19.122+0000][1197.778s][info ][safepoint     ] Application time: 1.0012069 seconds
[2023-10-30T23:00:19.123+0000][1197.779s][info ][safepoint     ] Entering safepoint region: Cleanup
[2023-10-30T23:00:19.124+0000][1197.780s][info ][safepoint     ] Leaving safepoint region
[2023-10-30T23:00:19.125+0000][1197.781s][info ][safepoint     ] Total time for which application threads were stopped: 0.0021742 seconds, Stopping threads took: 0.0009927 seconds
[2023-10-30T23:00:20.126+0000][1198.782s][debug][safepoint     ] Safepoint synchronization initiated. (190 threads)
[2023-10-30T23:00:20.127+0000][1198.783s][info ][safepoint     ] Application time: 1.0013419 seconds
[2023-10-30T23:00:20.128+0000][1198.783s][info ][safepoint     ] Entering safepoint region: Cleanup
[2023-10-30T23:00:20.129+0000][1198.784s][info ][safepoint     ] Leaving safepoint region
[2023-10-30T23:00:20.129+0000][1198.785s][info ][safepoint     ] Total time for which application threads were stopped: 0.0015561 seconds, Stopping threads took: 0.0007238 seconds
[2023-10-30T23:00:21.130+0000][1199.786s][debug][safepoint     ] Safepoint synchronization initiated. (190 threads)
[2023-10-30T23:00:21.131+0000][1199.787s][info ][safepoint     ] Application time: 1.0011782 seconds
[2023-10-30T23:00:21.132+0000][1199.787s][info ][safepoint     ] Entering safepoint region: Cleanup
[2023-10-30T23:00:21.133+0000][1199.788s][info ][safepoint     ] Leaving safepoint region
[2023-10-30T23:00:21.134+0000][1199.789s][info ][safepoint     ] Total time for which application threads were stopped: 0.0016903 seconds, Stopping threads took: 0.0007387 seconds
[2023-10-30T23:00:22.134+0000][1200.790s][debug][safepoint     ] Safepoint synchronization initiated. (190 threads)
[2023-10-30T23:00:22.135+0000][1200.790s][info ][safepoint     ] Application time: 1.0004822 seconds
[2023-10-30T23:00:22.135+0000][1200.791s][info ][safepoint     ] Entering safepoint region: Cleanup
[2023-10-30T23:00:22.136+0000][1200.791s][info ][safepoint     ] Leaving safepoint region
[2023-10-30T23:00:22.136+0000][1200.791s][info ][safepoint     ] Total time for which application threads were stopped: 0.0007914 seconds, Stopping threads took: 0.0003105 seconds
[2023-10-30T23:00:23.136+0000][1201.792s][debug][safepoint     ] Safepoint synchronization initiated. (190 threads)
[2023-10-30T23:00:23.137+0000][1201.793s][info ][safepoint     ] Application time: 1.0010918 seconds
[2023-10-30T23:00:23.138+0000][1201.794s][info ][safepoint     ] Entering safepoint region: Cleanup
[2023-10-30T23:00:23.139+0000][1201.795s][info ][safepoint     ] Leaving safepoint region
[2023-10-30T23:00:23.140+0000][1201.795s][info ][safepoint     ] Total time for which application threads were stopped: 0.0017760 seconds, Stopping threads took: 0.0008170 seconds
[2023-10-30T23:00:24.140+0000][1202.796s][debug][safepoint     ] Safepoint synchronization initiated. (190 threads)
[2023-10-30T23:00:24.141+0000][1202.797s][info ][safepoint     ] Application time: 1.0011900 seconds
[2023-10-30T23:00:24.142+0000][1202.798s][info ][safepoint     ] Entering safepoint region: Cleanup
[2023-10-30T23:00:24.143+0000][1202.799s][info ][safepoint     ] Leaving safepoint region
[2023-10-30T23:00:24.144+0000][1202.800s][info ][safepoint     ] Total time for which application threads were stopped: 0.0018642 seconds, Stopping threads took: 0.0007813 seconds
[2023-10-30T23:00:25.144+0000][1203.800s][debug][safepoint     ] Safepoint synchronization initiated. (190 threads)
[2023-10-30T23:00:25.145+0000][1203.801s][info ][safepoint     ] Application time: 1.0006009 seconds
[2023-10-30T23:00:25.145+0000][1203.801s][info ][safepoint     ] Entering safepoint region: Cleanup
[2023-10-30T23:00:25.146+0000][1203.802s][info ][safepoint     ] Leaving safepoint region
[2023-10-30T23:00:25.146+0000][1203.802s][info ][safepoint     ] Total time for which application threads were stopped: 0.0010855 seconds, Stopping threads took: 0.0004476 seconds
[2023-10-30T23:00:26.147+0000][1204.803s][debug][safepoint     ] Safepoint synchronization initiated. (190 threads)
[2023-10-30T23:00:26.148+0000][1204.804s][info ][safepoint     ] Application time: 1.0009724 seconds
[2023-10-30T23:00:26.148+0000][1204.804s][info ][safepoint     ] Entering safepoint region: Cleanup
[2023-10-30T23:00:26.149+0000][1204.805s][info ][safepoint     ] Leaving safepoint region
[2023-10-30T23:00:26.150+0000][1204.806s][info ][safepoint     ] Total time for which application threads were stopped: 0.0016390 seconds, Stopping threads took: 0.0006502 seconds
[2023-10-30T23:00:27.151+0000][1205.807s][debug][safepoint     ] Safepoint synchronization initiated. (190 threads)
[2023-10-30T23:00:27.151+0000][1205.807s][info ][safepoint     ] Application time: 1.0005624 seconds
[2023-10-30T23:00:27.152+0000][1205.807s][info ][safepoint     ] Entering safepoint region: Cleanup
[2023-10-30T23:00:27.152+0000][1205.808s][info ][safepoint     ] Leaving safepoint region
[2023-10-30T23:00:27.153+0000][1205.809s][info ][safepoint     ] Total time for which application threads were stopped: 0.0012094 seconds, Stopping threads took: 0.0006624 seconds
[2023-10-30T23:00:28.153+0000][1206.809s][debug][safepoint     ] Safepoint synchronization initiated. (190 threads)
[2023-10-30T23:00:28.154+0000][1206.810s][info ][safepoint     ] Application time: 1.0011900 seconds
[2023-10-30T23:00:28.155+0000][1206.811s][info ][safepoint     ] Entering safepoint region: Cleanup
[2023-10-30T23:00:28.156+0000][1206.812s][info ][safepoint     ] Leaving safepoint region
[2023-10-30T23:00:28.157+0000][1206.813s][info ][safepoint     ] Total time for which application threads were stopped: 0.0017130 seconds, Stopping threads took: 0.0008512 seconds
[2023-10-30T23:00:29.158+0000][1207.814s][debug][safepoint     ] Safepoint synchronization initiated. (190 threads)
[2023-10-30T23:00:29.159+0000][1207.815s][info ][safepoint     ] Application time: 1.0016572 seconds
[2023-10-30T23:00:29.160+0000][1207.816s][info ][safepoint     ] Entering safepoint region: Cleanup
[2023-10-30T23:00:29.162+0000][1207.817s][info ][safepoint     ] Leaving safepoint region
[2023-10-30T23:00:29.162+0000][1207.818s][info ][safepoint     ] Total time for which application threads were stopped: 0.0020364 seconds, Stopping threads took: 0.0009831 seconds
[2023-10-30T23:00:30.163+0000][1208.819s][debug][safepoint     ] Safepoint synchronization initiated. (190 threads)
[2023-10-30T23:00:30.164+0000][1208.820s][info ][safepoint     ] Application time: 1.0013430 seconds
[2023-10-30T23:00:30.165+0000][1208.821s][info ][safepoint     ] Entering safepoint region: Cleanup
[2023-10-30T23:00:30.167+0000][1208.823s][info ][safepoint     ] Leaving safepoint region
[2023-10-30T23:00:30.168+0000][1208.823s][info ][safepoint     ] Total time for which application threads were stopped: 0.0021538 seconds, Stopping threads took: 0.0009452 seconds
[2023-10-30T23:00:31.169+0000][1209.824s][debug][safepoint     ] Safepoint synchronization initiated. (190 threads)
[2023-10-30T23:00:31.170+0000][1209.826s][info ][safepoint     ] Application time: 1.0013905 seconds
[2023-10-30T23:00:31.171+0000][1209.827s][info ][safepoint     ] Entering safepoint region: Cleanup
[2023-10-30T23:00:31.172+0000][1209.828s][info ][safepoint     ] Leaving safepoint region
[2023-10-30T23:00:31.173+0000][1209.829s][info ][safepoint     ] Total time for which application threads were stopped: 0.0020727 seconds, Stopping threads took: 0.0009057 seconds
[2023-10-30T23:00:32.174+0000][1210.830s][debug][safepoint     ] Safepoint synchronization initiated. (190 threads)
[2023-10-30T23:00:32.175+0000][1210.831s][info ][safepoint     ] Application time: 1.0012735 seconds
[2023-10-30T23:00:32.176+0000][1210.831s][info ][safepoint     ] Entering safepoint region: Cleanup
[2023-10-30T23:00:32.177+0000][1210.833s][info ][safepoint     ] Leaving safepoint region
[2023-10-30T23:00:32.177+0000][1210.833s][info ][safepoint     ] Total time for which application threads were stopped: 0.0019527 seconds, Stopping threads took: 0.0008463 seconds
[2023-10-30T23:00:33.178+0000][1211.834s][debug][safepoint     ] Safepoint synchronization initiated. (190 threads)
[2023-10-30T23:00:33.179+0000][1211.835s][info ][safepoint     ] Application time: 1.0006064 seconds
[2023-10-30T23:00:33.179+0000][1211.835s][info ][safepoint     ] Entering safepoint region: Cleanup
[2023-10-30T23:00:33.180+0000][1211.836s][info ][safepoint     ] Leaving safepoint region
[2023-10-30T23:00:33.180+0000][1211.836s][info ][safepoint     ] Total time for which application threads were stopped: 0.0008677 seconds, Stopping threads took: 0.0003741 seconds
[2023-10-30T23:00:34.180+0000][1212.836s][debug][safepoint     ] Safepoint synchronization initiated. (190 threads)
[2023-10-30T23:00:34.181+0000][1212.837s][info ][safepoint     ] Application time: 1.0006706 seconds
[2023-10-30T23:00:34.181+0000][1212.837s][info ][safepoint     ] Entering safepoint region: Cleanup
[2023-10-30T23:00:34.182+0000][1212.838s][info ][safepoint     ] Leaving safepoint region
[2023-10-30T23:00:34.182+0000][1212.838s][info ][safepoint     ] Total time for which application threads were stopped: 0.0011174 seconds, Stopping threads took: 0.0005332 seconds
[2023-10-30T23:00:34.918+0000][1213.574s][debug][safepoint     ] Safepoint synchronization initiated. (191 threads)
[2023-10-30T23:00:34.918+0000][1213.574s][info ][safepoint     ] Application time: 0.7352560 seconds
[2023-10-30T23:00:34.919+0000][1213.575s][info ][safepoint     ] Entering safepoint region: G1CollectForAllocation
[2023-10-30T23:00:34.919+0000][1213.575s][info ][gc,start      ] GC(68) Pause Young (Concurrent Start) (G1 Humongous Allocation)
[2023-10-30T23:00:34.920+0000][1213.576s][info ][gc,task       ] GC(68) Using 8 workers of 8 for evacuation
[2023-10-30T23:00:34.934+0000][1213.590s][info ][gc,phases     ] GC(68)   Pre Evacuate Collection Set: 1.0ms
[2023-10-30T23:00:34.935+0000][1213.591s][info ][gc,phases     ] GC(68)   Evacuate Collection Set: 10.0ms
[2023-10-30T23:00:34.935+0000][1213.591s][info ][gc,phases     ] GC(68)   Post Evacuate Collection Set: 2.9ms
[2023-10-30T23:00:34.936+0000][1213.592s][info ][gc,phases     ] GC(68)   Other: 1.1ms
[2023-10-30T23:00:34.936+0000][1213.592s][info ][gc,heap       ] GC(68) Eden regions: 45->0(132)
[2023-10-30T23:00:34.937+0000][1213.593s][info ][gc,heap       ] GC(68) Survivor regions: 13->9(22)
[2023-10-30T23:00:34.937+0000][1213.593s][info ][gc,heap       ] GC(68) Old regions: 149->154
[2023-10-30T23:00:34.938+0000][1213.594s][info ][gc,heap       ] GC(68) Humongous regions: 35->35
[2023-10-30T23:00:34.938+0000][1213.594s][info ][gc,metaspace  ] GC(68) Metaspace: 170309K(175908K)->170309K(175908K) NonClass: 150602K(154020K)->150602K(154020K) Class: 19706K(21888K)->19706K(21888K)
[2023-10-30T23:00:34.939+0000][1213.595s][info ][gc            ] GC(68) Pause Young (Concurrent Start) (G1 Humongous Allocation) 239M->194M(411M) 19.763ms
[2023-10-30T23:00:34.940+0000][1213.596s][info ][gc,cpu        ] GC(68) User=0.09s Sys=0.00s Real=0.02s
[2023-10-30T23:00:34.940+0000][1213.596s][info ][safepoint     ] Leaving safepoint region
[2023-10-30T23:00:34.941+0000][1213.597s][info ][safepoint     ] Total time for which application threads were stopped: 0.0219356 seconds, Stopping threads took: 0.0003705 seconds
[2023-10-30T23:00:34.940+0000][1213.596s][info ][gc            ] GC(69) Concurrent Cycle
[2023-10-30T23:00:34.942+0000][1213.598s][info ][gc,marking    ] GC(69) Concurrent Clear Claimed Marks
[2023-10-30T23:00:34.941+0000][1213.597s][info ][gc,stringdedup] Concurrent String Deduplication (1213.597s)
[2023-10-30T23:00:34.943+0000][1213.599s][info ][gc,stringdedup] Concurrent String Deduplication 648.0B->648.0B(0.0B) avg 54.3% (1213.597s, 1213.599s) 1.718ms
[2023-10-30T23:00:34.943+0000][1213.599s][info ][gc,marking    ] GC(69) Concurrent Clear Claimed Marks 1.772ms
[2023-10-30T23:00:34.944+0000][1213.600s][info ][gc,marking    ] GC(69) Concurrent Scan Root Regions
[2023-10-30T23:00:34.948+0000][1213.604s][info ][gc,marking    ] GC(69) Concurrent Scan Root Regions 3.832ms
[2023-10-30T23:00:34.948+0000][1213.604s][info ][gc,marking    ] GC(69) Concurrent Mark (1213.604s)
[2023-10-30T23:00:34.949+0000][1213.605s][info ][gc,marking    ] GC(69) Concurrent Mark From Roots
[2023-10-30T23:00:34.949+0000][1213.605s][info ][gc,task       ] GC(69) Using 2 workers of 2 for marking
[2023-10-30T23:00:35.042+0000][1213.698s][info ][gc,marking    ] GC(69) Concurrent Mark From Roots 93.429ms
[2023-10-30T23:00:35.043+0000][1213.699s][info ][gc,marking    ] GC(69) Concurrent Preclean
[2023-10-30T23:00:35.043+0000][1213.699s][info ][gc,marking    ] GC(69) Concurrent Preclean 0.635ms
[2023-10-30T23:00:35.044+0000][1213.700s][info ][gc,marking    ] GC(69) Concurrent Mark (1213.604s, 1213.700s) 95.623ms
[2023-10-30T23:00:35.045+0000][1213.700s][debug][safepoint     ] Safepoint synchronization initiated. (191 threads)
[2023-10-30T23:00:35.045+0000][1213.701s][info ][safepoint     ] Application time: 0.1039926 seconds
[2023-10-30T23:00:35.046+0000][1213.701s][info ][safepoint     ] Entering safepoint region: CGC_Operation
[2023-10-30T23:00:35.046+0000][1213.702s][info ][gc,start      ] GC(69) Pause Remark
[2023-10-30T23:00:35.062+0000][1213.718s][info ][gc,stringtable] GC(69) Cleaned string and symbol table, strings: 84253 processed, 111 removed, symbols: 411329 processed, 188 removed
[2023-10-30T23:00:35.063+0000][1213.719s][info ][gc            ] GC(69) Pause Remark 202M->202M(411M) 16.556ms
[2023-10-30T23:00:35.063+0000][1213.719s][info ][gc,cpu        ] GC(69) User=0.10s Sys=0.01s Real=0.02s
[2023-10-30T23:00:35.064+0000][1213.720s][info ][safepoint     ] Leaving safepoint region
[2023-10-30T23:00:35.064+0000][1213.720s][info ][safepoint     ] Total time for which application threads were stopped: 0.0188012 seconds, Stopping threads took: 0.0004878 seconds
[2023-10-30T23:00:35.065+0000][1213.721s][info ][gc,marking    ] GC(69) Concurrent Rebuild Remembered Sets
[2023-10-30T23:00:35.140+0000][1213.796s][info ][gc,marking    ] GC(69) Concurrent Rebuild Remembered Sets 75.369ms
[2023-10-30T23:00:35.141+0000][1213.797s][debug][safepoint     ] Safepoint synchronization initiated. (191 threads)
[2023-10-30T23:00:35.141+0000][1213.797s][info ][safepoint     ] Application time: 0.0766274 seconds
[2023-10-30T23:00:35.142+0000][1213.798s][info ][safepoint     ] Entering safepoint region: CGC_Operation
[2023-10-30T23:00:35.142+0000][1213.798s][info ][gc,start      ] GC(69) Pause Cleanup
[2023-10-30T23:00:35.143+0000][1213.799s][info ][gc            ] GC(69) Pause Cleanup 202M->202M(411M) 0.782ms
[2023-10-30T23:00:35.144+0000][1213.800s][info ][gc,cpu        ] GC(69) User=0.00s Sys=0.00s Real=0.01s
[2023-10-30T23:00:35.144+0000][1213.800s][info ][safepoint     ] Leaving safepoint region
[2023-10-30T23:00:35.145+0000][1213.801s][info ][safepoint     ] Total time for which application threads were stopped: 0.0029041 seconds, Stopping threads took: 0.0004495 seconds
[2023-10-30T23:00:35.146+0000][1213.801s][info ][gc,marking    ] GC(69) Concurrent Cleanup for Next Mark
[2023-10-30T23:00:35.147+0000][1213.803s][info ][gc,marking    ] GC(69) Concurrent Cleanup for Next Mark 1.410ms
[2023-10-30T23:00:35.147+0000][1213.803s][info ][gc            ] GC(69) Concurrent Cycle 207.028ms
[2023-10-30T23:00:36.146+0000][1214.802s][debug][safepoint     ] Safepoint synchronization initiated. (191 threads)
[2023-10-30T23:00:36.147+0000][1214.803s][info ][safepoint     ] Application time: 1.0017130 seconds
[2023-10-30T23:00:36.148+0000][1214.804s][info ][safepoint     ] Entering safepoint region: Cleanup
[2023-10-30T23:00:36.150+0000][1214.806s][info ][safepoint     ] Leaving safepoint region
[2023-10-30T23:00:36.151+0000][1214.807s][info ][safepoint     ] Total time for which application threads were stopped: 0.0025066 seconds, Stopping threads took: 0.0008879 seconds
[2023-10-30T23:00:37.152+0000][1215.808s][debug][safepoint     ] Safepoint synchronization initiated. (191 threads)
[2023-10-30T23:00:37.153+0000][1215.809s][info ][safepoint     ] Application time: 1.0013271 seconds
[2023-10-30T23:00:37.154+0000][1215.810s][info ][safepoint     ] Entering safepoint region: Cleanup
[2023-10-30T23:00:37.155+0000][1215.811s][info ][safepoint     ] Leaving safepoint region
[2023-10-30T23:00:37.156+0000][1215.812s][info ][safepoint     ] Total time for which application threads were stopped: 0.0021880 seconds, Stopping threads took: 0.0010283 seconds
[2023-10-30T23:00:38.157+0000][1216.813s][debug][safepoint     ] Safepoint synchronization initiated. (191 threads)
[2023-10-30T23:00:38.158+0000][1216.814s][info ][safepoint     ] Application time: 1.0012796 seconds
[2023-10-30T23:00:38.159+0000][1216.815s][info ][safepoint     ] Entering safepoint region: Cleanup
[2023-10-30T23:00:38.160+0000][1216.816s][info ][safepoint     ] Leaving safepoint region
[2023-10-30T23:00:38.161+0000][1216.817s][info ][safepoint     ] Total time for which application threads were stopped: 0.0021101 seconds, Stopping threads took: 0.0009053 seconds
[2023-10-30T23:00:39.162+0000][1217.818s][debug][safepoint     ] Safepoint synchronization initiated. (191 threads)
[2023-10-30T23:00:39.163+0000][1217.819s][info ][safepoint     ] Application time: 1.0013824 seconds
[2023-10-30T23:00:39.164+0000][1217.820s][info ][safepoint     ] Entering safepoint region: Cleanup
[2023-10-30T23:00:39.165+0000][1217.821s][info ][safepoint     ] Leaving safepoint region
[2023-10-30T23:00:39.165+0000][1217.821s][info ][safepoint     ] Total time for which application threads were stopped: 0.0018156 seconds, Stopping threads took: 0.0009032 seconds
[2023-10-30T23:00:40.167+0000][1218.823s][debug][safepoint     ] Safepoint synchronization initiated. (191 threads)
[2023-10-30T23:00:40.168+0000][1218.824s][info ][safepoint     ] Application time: 1.0018946 seconds
[2023-10-30T23:00:40.169+0000][1218.825s][info ][safepoint     ] Entering safepoint region: Cleanup
[2023-10-30T23:00:40.171+0000][1218.826s][info ][safepoint     ] Leaving safepoint region
[2023-10-30T23:00:40.171+0000][1218.827s][info ][safepoint     ] Total time for which application threads were stopped: 0.0022524 seconds, Stopping threads took: 0.0010566 seconds
[2023-10-30T23:00:41.172+0000][1219.828s][debug][safepoint     ] Safepoint synchronization initiated. (191 threads)
[2023-10-30T23:00:41.173+0000][1219.829s][info ][safepoint     ] Application time: 1.0009488 seconds
[2023-10-30T23:00:41.174+0000][1219.830s][info ][safepoint     ] Entering safepoint region: Cleanup
[2023-10-30T23:00:41.174+0000][1219.830s][info ][safepoint     ] Leaving safepoint region
[2023-10-30T23:00:41.175+0000][1219.831s][info ][safepoint     ] Total time for which application threads were stopped: 0.0011439 seconds, Stopping threads took: 0.0004632 seconds
[2023-10-30T23:00:42.175+0000][1220.831s][debug][safepoint     ] Safepoint synchronization initiated. (191 threads)
[2023-10-30T23:00:42.176+0000][1220.832s][info ][safepoint     ] Application time: 1.0008357 seconds
[2023-10-30T23:00:42.177+0000][1220.833s][info ][safepoint     ] Entering safepoint region: Cleanup
[2023-10-30T23:00:42.177+0000][1220.833s][info ][safepoint     ] Leaving safepoint region
[2023-10-30T23:00:42.178+0000][1220.834s][info ][safepoint     ] Total time for which application threads were stopped: 0.0011142 seconds, Stopping threads took: 0.0005674 seconds
[2023-10-30T23:00:43.178+0000][1221.834s][debug][safepoint     ] Safepoint synchronization initiated. (191 threads)
[2023-10-30T23:00:43.179+0000][1221.835s][info ][safepoint     ] Application time: 1.0005992 seconds
[2023-10-30T23:00:43.179+0000][1221.835s][info ][safepoint     ] Entering safepoint region: Cleanup
[2023-10-30T23:00:43.180+0000][1221.836s][info ][safepoint     ] Leaving safepoint region
[2023-10-30T23:00:43.180+0000][1221.836s][info ][safepoint     ] Total time for which application threads were stopped: 0.0009689 seconds, Stopping threads took: 0.0003875 seconds
[2023-10-30T23:00:44.181+0000][1222.836s][debug][safepoint     ] Safepoint synchronization initiated. (191 threads)
[2023-10-30T23:00:44.181+0000][1222.837s][info ][safepoint     ] Application time: 1.0007204 seconds
[2023-10-30T23:00:44.182+0000][1222.837s][info ][safepoint     ] Entering safepoint region: Cleanup
[2023-10-30T23:00:44.182+0000][1222.838s][info ][safepoint     ] Leaving safepoint region
[2023-10-30T23:00:44.183+0000][1222.839s][info ][safepoint     ] Total time for which application threads were stopped: 0.0012321 seconds, Stopping threads took: 0.0004874 seconds
[2023-10-30T23:00:45.184+0000][1223.839s][debug][safepoint     ] Safepoint synchronization initiated. (191 threads)
[2023-10-30T23:00:45.184+0000][1223.840s][info ][safepoint     ] Application time: 1.0007625 seconds
[2023-10-30T23:00:45.185+0000][1223.841s][info ][safepoint     ] Entering safepoint region: Cleanup
[2023-10-30T23:00:45.185+0000][1223.841s][info ][safepoint     ] Leaving safepoint region
[2023-10-30T23:00:45.186+0000][1223.842s][info ][safepoint     ] Total time for which application threads were stopped: 0.0011695 seconds, Stopping threads took: 0.0004888 seconds
[2023-10-30T23:00:46.186+0000][1224.842s][debug][safepoint     ] Safepoint synchronization initiated. (191 threads)
[2023-10-30T23:00:46.187+0000][1224.843s][info ][safepoint     ] Application time: 1.0009298 seconds
[2023-10-30T23:00:46.188+0000][1224.844s][info ][safepoint     ] Entering safepoint region: Cleanup
[2023-10-30T23:00:46.188+0000][1224.844s][info ][safepoint     ] Leaving safepoint region
[2023-10-30T23:00:46.189+0000][1224.845s][info ][safepoint     ] Total time for which application threads were stopped: 0.0011990 seconds, Stopping threads took: 0.0005489 seconds
[2023-10-30T23:00:47.189+0000][1225.845s][debug][safepoint     ] Safepoint synchronization initiated. (191 threads)
[2023-10-30T23:00:47.190+0000][1225.846s][info ][safepoint     ] Application time: 1.0007948 seconds
[2023-10-30T23:00:47.191+0000][1225.847s][debug][safepoint     ] Waiting for 1 thread(s) to block
[2023-10-30T23:00:47.191+0000][1225.847s][info ][safepoint     ] Entering safepoint region: Cleanup
[2023-10-30T23:00:47.192+0000][1225.848s][info ][safepoint     ] Leaving safepoint region
[2023-10-30T23:00:47.193+0000][1225.849s][info ][safepoint     ] Total time for which application threads were stopped: 0.0019809 seconds, Stopping threads took: 0.0013164 seconds
[2023-10-30T23:00:48.193+0000][1226.849s][debug][safepoint     ] Safepoint synchronization initiated. (191 threads)
[2023-10-30T23:00:48.194+0000][1226.850s][info ][safepoint     ] Application time: 1.0008566 seconds
[2023-10-30T23:00:48.195+0000][1226.850s][info ][safepoint     ] Entering safepoint region: Cleanup
[2023-10-30T23:00:48.195+0000][1226.851s][info ][safepoint     ] Leaving safepoint region
[2023-10-30T23:00:48.196+0000][1226.852s][info ][safepoint     ] Total time for which application threads were stopped: 0.0013589 seconds, Stopping threads took: 0.0005500 seconds
[2023-10-30T23:00:49.197+0000][1227.853s][debug][safepoint     ] Safepoint synchronization initiated. (191 threads)
[2023-10-30T23:00:49.197+0000][1227.853s][info ][safepoint     ] Application time: 1.0009337 seconds
[2023-10-30T23:00:49.198+0000][1227.854s][info ][safepoint     ] Entering safepoint region: Cleanup
[2023-10-30T23:00:49.199+0000][1227.854s][info ][safepoint     ] Leaving safepoint region
[2023-10-30T23:00:49.199+0000][1227.855s][info ][safepoint     ] Total time for which application threads were stopped: 0.0012125 seconds, Stopping threads took: 0.0005108 seconds
[2023-10-30T23:00:50.200+0000][1228.855s][debug][safepoint     ] Safepoint synchronization initiated. (191 threads)
[2023-10-30T23:00:50.200+0000][1228.856s][info ][safepoint     ] Application time: 1.0005567 seconds
[2023-10-30T23:00:50.200+0000][1228.856s][info ][safepoint     ] Entering safepoint region: Cleanup
[2023-10-30T23:00:50.201+0000][1228.857s][info ][safepoint     ] Leaving safepoint region
[2023-10-30T23:00:50.201+0000][1228.857s][info ][safepoint     ] Total time for which application threads were stopped: 0.0009255 seconds, Stopping threads took: 0.0003520 seconds
[2023-10-30T23:00:51.202+0000][1229.858s][debug][safepoint     ] Safepoint synchronization initiated. (191 threads)
[2023-10-30T23:00:51.202+0000][1229.858s][info ][safepoint     ] Application time: 1.0006880 seconds
[2023-10-30T23:00:51.203+0000][1229.859s][info ][safepoint     ] Entering safepoint region: Cleanup
[2023-10-30T23:00:51.203+0000][1229.859s][info ][safepoint     ] Leaving safepoint region
[2023-10-30T23:00:51.204+0000][1229.860s][info ][safepoint     ] Total time for which application threads were stopped: 0.0010167 seconds, Stopping threads took: 0.0004679 seconds
[2023-10-30T23:00:52.204+0000][1230.860s][debug][safepoint     ] Safepoint synchronization initiated. (191 threads)
[2023-10-30T23:00:52.205+0000][1230.860s][info ][safepoint     ] Application time: 1.0006138 seconds
[2023-10-30T23:00:52.205+0000][1230.861s][info ][safepoint     ] Entering safepoint region: Cleanup
[2023-10-30T23:00:52.206+0000][1230.862s][info ][safepoint     ] Leaving safepoint region
[2023-10-30T23:00:52.206+0000][1230.862s][info ][safepoint     ] Total time for which application threads were stopped: 0.0010773 seconds, Stopping threads took: 0.0004344 seconds
[2023-10-30T23:00:53.207+0000][1231.863s][debug][safepoint     ] Safepoint synchronization initiated. (191 threads)
[2023-10-30T23:00:53.207+0000][1231.863s][info ][safepoint     ] Application time: 1.0010050 seconds
[2023-10-30T23:00:53.208+0000][1231.864s][info ][safepoint     ] Entering safepoint region: Cleanup
[2023-10-30T23:00:53.209+0000][1231.865s][info ][safepoint     ] Leaving safepoint region
[2023-10-30T23:00:53.209+0000][1231.865s][info ][safepoint     ] Total time for which application threads were stopped: 0.0013441 seconds, Stopping threads took: 0.0006172 seconds
[2023-10-30T23:00:54.210+0000][1232.866s][debug][safepoint     ] Safepoint synchronization initiated. (191 threads)
[2023-10-30T23:00:54.210+0000][1232.866s][info ][safepoint     ] Application time: 1.0005944 seconds
[2023-10-30T23:00:54.211+0000][1232.867s][info ][safepoint     ] Entering safepoint region: Cleanup
[2023-10-30T23:00:54.212+0000][1232.868s][info ][safepoint     ] Leaving safepoint region
[2023-10-30T23:00:54.212+0000][1232.868s][info ][safepoint     ] Total time for which application threads were stopped: 0.0013861 seconds, Stopping threads took: 0.0005514 seconds
[2023-10-30T23:00:55.213+0000][1233.869s][debug][safepoint     ] Safepoint synchronization initiated. (192 threads)
[2023-10-30T23:00:55.213+0000][1233.870s][info ][safepoint     ] Application time: 1.0005711 seconds
[2023-10-30T23:00:55.214+0000][1233.870s][info ][safepoint     ] Entering safepoint region: Cleanup
[2023-10-30T23:00:55.214+0000][1233.871s][info ][safepoint     ] Leaving safepoint region
[2023-10-30T23:00:55.215+0000][1233.871s][info ][safepoint     ] Total time for which application threads were stopped: 0.0009507 seconds, Stopping threads took: 0.0004224 seconds
[2023-10-30T23:00:56.215+0000][1234.871s][debug][safepoint     ] Safepoint synchronization initiated. (192 threads)
[2023-10-30T23:00:56.216+0000][1234.872s][info ][safepoint     ] Application time: 1.0012270 seconds
[2023-10-30T23:00:56.217+0000][1234.873s][info ][safepoint     ] Entering safepoint region: Cleanup
[2023-10-30T23:00:56.218+0000][1234.874s][info ][safepoint     ] Leaving safepoint region
[2023-10-30T23:00:56.218+0000][1234.874s][info ][safepoint     ] Total time for which application threads were stopped: 0.0013620 seconds, Stopping threads took: 0.0005268 seconds
[2023-10-30T23:00:57.219+0000][1235.875s][debug][safepoint     ] Safepoint synchronization initiated. (192 threads)
[2023-10-30T23:00:57.220+0000][1235.876s][info ][safepoint     ] Application time: 1.0008989 seconds
[2023-10-30T23:00:57.220+0000][1235.876s][info ][safepoint     ] Entering safepoint region: Cleanup
[2023-10-30T23:00:57.221+0000][1235.877s][info ][safepoint     ] Leaving safepoint region
[2023-10-30T23:00:57.222+0000][1235.878s][info ][safepoint     ] Total time for which application threads were stopped: 0.0014263 seconds, Stopping threads took: 0.0006988 seconds
[2023-10-30T23:00:58.222+0000][1236.879s][debug][safepoint     ] Safepoint synchronization initiated. (192 threads)
[2023-10-30T23:00:58.223+0000][1236.879s][info ][safepoint     ] Application time: 1.0006232 seconds
[2023-10-30T23:00:58.223+0000][1236.879s][info ][safepoint     ] Entering safepoint region: Cleanup
[2023-10-30T23:00:58.224+0000][1236.880s][info ][safepoint     ] Leaving safepoint region
[2023-10-30T23:00:58.224+0000][1236.880s][info ][safepoint     ] Total time for which application threads were stopped: 0.0010513 seconds, Stopping threads took: 0.0005290 seconds
[2023-10-30T23:00:59.225+0000][1237.881s][debug][safepoint     ] Safepoint synchronization initiated. (192 threads)
[2023-10-30T23:00:59.226+0000][1237.882s][info ][safepoint     ] Application time: 1.0010919 seconds
[2023-10-30T23:00:59.227+0000][1237.883s][info ][safepoint     ] Entering safepoint region: Cleanup
[2023-10-30T23:00:59.227+0000][1237.883s][info ][safepoint     ] Leaving safepoint region
[2023-10-30T23:00:59.228+0000][1237.884s][info ][safepoint     ] Total time for which application threads were stopped: 0.0012973 seconds, Stopping threads took: 0.0006635 seconds
[2023-10-30T23:01:00.229+0000][1238.885s][debug][safepoint     ] Safepoint synchronization initiated. (191 threads)
[2023-10-30T23:01:00.229+0000][1238.885s][info ][safepoint     ] Application time: 1.0009036 seconds
[2023-10-30T23:01:00.230+0000][1238.886s][info ][safepoint     ] Entering safepoint region: Cleanup
[2023-10-30T23:01:00.231+0000][1238.887s][info ][safepoint     ] Leaving safepoint region
[2023-10-30T23:01:00.231+0000][1238.887s][info ][safepoint     ] Total time for which application threads were stopped: 0.0012653 seconds, Stopping threads took: 0.0005514 seconds
[2023-10-30T23:01:01.232+0000][1239.888s][debug][safepoint     ] Safepoint synchronization initiated. (191 threads)
[2023-10-30T23:01:01.232+0000][1239.888s][info ][safepoint     ] Application time: 1.0007183 seconds
[2023-10-30T23:01:01.233+0000][1239.889s][info ][safepoint     ] Entering safepoint region: Cleanup
[2023-10-30T23:01:01.233+0000][1239.889s][info ][safepoint     ] Leaving safepoint region
[2023-10-30T23:01:01.234+0000][1239.890s][info ][safepoint     ] Total time for which application threads were stopped: 0.0010124 seconds, Stopping threads took: 0.0004637 seconds
[2023-10-30T23:01:02.234+0000][1240.890s][debug][safepoint     ] Safepoint synchronization initiated. (191 threads)
[2023-10-30T23:01:02.235+0000][1240.891s][info ][safepoint     ] Application time: 1.0008747 seconds
[2023-10-30T23:01:02.236+0000][1240.892s][info ][safepoint     ] Entering safepoint region: Cleanup
[2023-10-30T23:01:02.236+0000][1240.892s][info ][safepoint     ] Leaving safepoint region
[2023-10-30T23:01:02.237+0000][1240.893s][info ][safepoint     ] Total time for which application threads were stopped: 0.0010247 seconds, Stopping threads took: 0.0004022 seconds
[2023-10-30T23:01:03.237+0000][1241.893s][debug][safepoint     ] Safepoint synchronization initiated. (191 threads)
[2023-10-30T23:01:03.238+0000][1241.894s][info ][safepoint     ] Application time: 1.0009487 seconds
[2023-10-30T23:01:03.239+0000][1241.895s][info ][safepoint     ] Entering safepoint region: Cleanup
[2023-10-30T23:01:03.239+0000][1241.895s][info ][safepoint     ] Leaving safepoint region
[2023-10-30T23:01:03.240+0000][1241.896s][info ][safepoint     ] Total time for which application threads were stopped: 0.0017251 seconds, Stopping threads took: 0.0006479 seconds
[2023-10-30T23:01:04.241+0000][1242.897s][debug][safepoint     ] Safepoint synchronization initiated. (191 threads)
[2023-10-30T23:01:04.242+0000][1242.898s][info ][safepoint     ] Application time: 1.0008447 seconds
[2023-10-30T23:01:04.242+0000][1242.898s][info ][safepoint     ] Entering safepoint region: Cleanup
[2023-10-30T23:01:04.243+0000][1242.899s][info ][safepoint     ] Leaving safepoint region
[2023-10-30T23:01:04.244+0000][1242.900s][info ][safepoint     ] Total time for which application threads were stopped: 0.0014235 seconds, Stopping threads took: 0.0005899 seconds
[2023-10-30T23:01:05.244+0000][1243.900s][debug][safepoint     ] Safepoint synchronization initiated. (191 threads)
[2023-10-30T23:01:05.245+0000][1243.901s][info ][safepoint     ] Application time: 1.0005781 seconds
[2023-10-30T23:01:05.245+0000][1243.901s][info ][safepoint     ] Entering safepoint region: Cleanup
[2023-10-30T23:01:05.246+0000][1243.902s][info ][safepoint     ] Leaving safepoint region
[2023-10-30T23:01:05.246+0000][1243.902s][info ][safepoint     ] Total time for which application threads were stopped: 0.0010264 seconds, Stopping threads took: 0.0004241 seconds
[2023-10-30T23:01:06.246+0000][1244.903s][debug][safepoint     ] Safepoint synchronization initiated. (191 threads)
[2023-10-30T23:01:06.247+0000][1244.903s][info ][safepoint     ] Application time: 1.0005805 seconds
[2023-10-30T23:01:06.248+0000][1244.904s][info ][safepoint     ] Entering safepoint region: Cleanup
[2023-10-30T23:01:06.248+0000][1244.904s][info ][safepoint     ] Leaving safepoint region
[2023-10-30T23:01:06.249+0000][1244.905s][info ][safepoint     ] Total time for which application threads were stopped: 0.0010143 seconds, Stopping threads took: 0.0004206 seconds
[2023-10-30T23:01:07.249+0000][1245.905s][debug][safepoint     ] Safepoint synchronization initiated. (191 threads)
[2023-10-30T23:01:07.250+0000][1245.906s][info ][safepoint     ] Application time: 1.0008072 seconds
[2023-10-30T23:01:07.250+0000][1245.906s][info ][safepoint     ] Entering safepoint region: Cleanup
[2023-10-30T23:01:07.251+0000][1245.907s][info ][safepoint     ] Leaving safepoint region
[2023-10-30T23:01:07.252+0000][1245.908s][info ][safepoint     ] Total time for which application threads were stopped: 0.0011912 seconds, Stopping threads took: 0.0005227 seconds
[2023-10-30T23:01:08.252+0000][1246.908s][debug][safepoint     ] Safepoint synchronization initiated. (191 threads)
[2023-10-30T23:01:08.253+0000][1246.909s][info ][safepoint     ] Application time: 1.0006371 seconds
[2023-10-30T23:01:08.253+0000][1246.909s][info ][safepoint     ] Entering safepoint region: Cleanup
[2023-10-30T23:01:08.254+0000][1246.910s][info ][safepoint     ] Leaving safepoint region
[2023-10-30T23:01:08.254+0000][1246.910s][info ][safepoint     ] Total time for which application threads were stopped: 0.0011355 seconds, Stopping threads took: 0.0005055 seconds
[2023-10-30T23:01:09.255+0000][1247.911s][debug][safepoint     ] Safepoint synchronization initiated. (191 threads)
[2023-10-30T23:01:09.255+0000][1247.911s][info ][safepoint     ] Application time: 1.0007019 seconds
[2023-10-30T23:01:09.256+0000][1247.912s][info ][safepoint     ] Entering safepoint region: Cleanup
[2023-10-30T23:01:09.256+0000][1247.913s][info ][safepoint     ] Leaving safepoint region
[2023-10-30T23:01:09.257+0000][1247.913s][info ][safepoint     ] Total time for which application threads were stopped: 0.0010358 seconds, Stopping threads took: 0.0005643 seconds
[2023-10-30T23:01:10.258+0000][1248.914s][debug][safepoint     ] Safepoint synchronization initiated. (191 threads)
[2023-10-30T23:01:10.258+0000][1248.914s][info ][safepoint     ] Application time: 1.0009121 seconds
[2023-10-30T23:01:10.259+0000][1248.915s][info ][safepoint     ] Entering safepoint region: Cleanup
[2023-10-30T23:01:10.259+0000][1248.915s][info ][safepoint     ] Leaving safepoint region
[2023-10-30T23:01:10.260+0000][1248.916s][info ][safepoint     ] Total time for which application threads were stopped: 0.0012580 seconds, Stopping threads took: 0.0005360 seconds
[2023-10-30T23:01:11.261+0000][1249.917s][debug][safepoint     ] Safepoint synchronization initiated. (191 threads)
[2023-10-30T23:01:11.261+0000][1249.917s][info ][safepoint     ] Application time: 1.0007543 seconds
[2023-10-30T23:01:11.262+0000][1249.918s][info ][safepoint     ] Entering safepoint region: Cleanup
[2023-10-30T23:01:11.262+0000][1249.918s][info ][safepoint     ] Leaving safepoint region
[2023-10-30T23:01:11.263+0000][1249.919s][info ][safepoint     ] Total time for which application threads were stopped: 0.0010289 seconds, Stopping threads took: 0.0003913 seconds
[2023-10-30T23:01:12.263+0000][1250.919s][debug][safepoint     ] Safepoint synchronization initiated. (191 threads)
[2023-10-30T23:01:12.264+0000][1250.920s][info ][safepoint     ] Application time: 1.0008529 seconds
[2023-10-30T23:01:12.265+0000][1250.921s][info ][safepoint     ] Entering safepoint region: Cleanup
[2023-10-30T23:01:12.266+0000][1250.922s][info ][safepoint     ] Leaving safepoint region
[2023-10-30T23:01:12.266+0000][1250.922s][info ][safepoint     ] Total time for which application threads were stopped: 0.0016236 seconds, Stopping threads took: 0.0006627 seconds
[2023-10-30T23:01:13.267+0000][1251.923s][debug][safepoint     ] Safepoint synchronization initiated. (191 threads)
[2023-10-30T23:01:13.269+0000][1251.925s][info ][safepoint     ] Application time: 1.0014597 seconds
[2023-10-30T23:01:13.270+0000][1251.926s][info ][safepoint     ] Entering safepoint region: Cleanup
[2023-10-30T23:01:13.271+0000][1251.927s][info ][safepoint     ] Leaving safepoint region
[2023-10-30T23:01:13.272+0000][1251.928s][info ][safepoint     ] Total time for which application threads were stopped: 0.0020693 seconds, Stopping threads took: 0.0008722 seconds
[2023-10-30T23:01:14.272+0000][1252.929s][debug][safepoint     ] Safepoint synchronization initiated. (191 threads)
[2023-10-30T23:01:14.273+0000][1252.929s][info ][safepoint     ] Application time: 1.0009694 seconds
[2023-10-30T23:01:14.274+0000][1252.930s][info ][safepoint     ] Entering safepoint region: Cleanup
[2023-10-30T23:01:14.275+0000][1252.931s][info ][safepoint     ] Leaving safepoint region
[2023-10-30T23:01:14.275+0000][1252.931s][info ][safepoint     ] Total time for which application threads were stopped: 0.0012550 seconds, Stopping threads took: 0.0006016 seconds
[2023-10-30T23:01:15.276+0000][1253.932s][debug][safepoint     ] Safepoint synchronization initiated. (191 threads)
[2023-10-30T23:01:15.276+0000][1253.933s][info ][safepoint     ] Application time: 1.0007894 seconds
[2023-10-30T23:01:15.277+0000][1253.933s][info ][safepoint     ] Entering safepoint region: Cleanup
[2023-10-30T23:01:15.277+0000][1253.934s][info ][safepoint     ] Leaving safepoint region
[2023-10-30T23:01:15.278+0000][1253.934s][info ][safepoint     ] Total time for which application threads were stopped: 0.0010679 seconds, Stopping threads took: 0.0004696 seconds
[2023-10-30T23:01:16.278+0000][1254.934s][debug][safepoint     ] Safepoint synchronization initiated. (191 threads)
[2023-10-30T23:01:16.279+0000][1254.935s][info ][safepoint     ] Application time: 1.0006819 seconds
[2023-10-30T23:01:16.280+0000][1254.936s][info ][safepoint     ] Entering safepoint region: Cleanup
[2023-10-30T23:01:16.280+0000][1254.936s][info ][safepoint     ] Leaving safepoint region
[2023-10-30T23:01:16.281+0000][1254.937s][info ][safepoint     ] Total time for which application threads were stopped: 0.0009810 seconds, Stopping threads took: 0.0004038 seconds
[2023-10-30T23:01:17.281+0000][1255.937s][debug][safepoint     ] Safepoint synchronization initiated. (191 threads)
[2023-10-30T23:01:17.282+0000][1255.938s][info ][safepoint     ] Application time: 1.0007797 seconds
[2023-10-30T23:01:17.282+0000][1255.938s][info ][safepoint     ] Entering safepoint region: Cleanup
[2023-10-30T23:01:17.283+0000][1255.939s][info ][safepoint     ] Leaving safepoint region
[2023-10-30T23:01:17.283+0000][1255.939s][info ][safepoint     ] Total time for which application threads were stopped: 0.0008048 seconds, Stopping threads took: 0.0003273 seconds
[2023-10-30T23:01:18.283+0000][1256.939s][debug][safepoint     ] Safepoint synchronization initiated. (191 threads)
[2023-10-30T23:01:18.284+0000][1256.940s][info ][safepoint     ] Application time: 1.0005527 seconds
[2023-10-30T23:01:18.284+0000][1256.940s][info ][safepoint     ] Entering safepoint region: Cleanup
[2023-10-30T23:01:18.285+0000][1256.941s][info ][safepoint     ] Leaving safepoint region
[2023-10-30T23:01:18.285+0000][1256.941s][info ][safepoint     ] Total time for which application threads were stopped: 0.0009864 seconds, Stopping threads took: 0.0003686 seconds
[2023-10-30T23:01:19.286+0000][1257.942s][debug][safepoint     ] Safepoint synchronization initiated. (191 threads)
[2023-10-30T23:01:19.286+0000][1257.942s][info ][safepoint     ] Application time: 1.0006779 seconds
[2023-10-30T23:01:19.287+0000][1257.943s][info ][safepoint     ] Entering safepoint region: Cleanup
[2023-10-30T23:01:19.287+0000][1257.943s][info ][safepoint     ] Leaving safepoint region
[2023-10-30T23:01:19.288+0000][1257.944s][info ][safepoint     ] Total time for which application threads were stopped: 0.0009747 seconds, Stopping threads took: 0.0003858 seconds
[2023-10-30T23:01:20.288+0000][1258.944s][debug][safepoint     ] Safepoint synchronization initiated. (191 threads)
[2023-10-30T23:01:20.289+0000][1258.945s][info ][safepoint     ] Application time: 1.0013542 seconds
[2023-10-30T23:01:20.290+0000][1258.946s][info ][safepoint     ] Entering safepoint region: Cleanup
[2023-10-30T23:01:20.291+0000][1258.947s][info ][safepoint     ] Leaving safepoint region
[2023-10-30T23:01:20.292+0000][1258.948s][info ][safepoint     ] Total time for which application threads were stopped: 0.0018558 seconds, Stopping threads took: 0.0008629 seconds
[2023-10-30T23:01:21.293+0000][1259.949s][debug][safepoint     ] Safepoint synchronization initiated. (191 threads)
[2023-10-30T23:01:21.294+0000][1259.950s][info ][safepoint     ] Application time: 1.0017362 seconds
[2023-10-30T23:01:21.295+0000][1259.951s][info ][safepoint     ] Entering safepoint region: Cleanup
[2023-10-30T23:01:21.297+0000][1259.953s][info ][safepoint     ] Leaving safepoint region
[2023-10-30T23:01:21.298+0000][1259.954s][info ][safepoint     ] Total time for which application threads were stopped: 0.0022997 seconds, Stopping threads took: 0.0010721 seconds
[2023-10-30T23:01:22.298+0000][1260.954s][debug][safepoint     ] Safepoint synchronization initiated. (191 threads)
[2023-10-30T23:01:22.299+0000][1260.955s][info ][safepoint     ] Application time: 1.0009543 seconds
[2023-10-30T23:01:22.300+0000][1260.956s][info ][safepoint     ] Entering safepoint region: Cleanup
[2023-10-30T23:01:22.301+0000][1260.957s][info ][safepoint     ] Leaving safepoint region
[2023-10-30T23:01:22.302+0000][1260.958s][info ][safepoint     ] Total time for which application threads were stopped: 0.0016346 seconds, Stopping threads took: 0.0007410 seconds
[2023-10-30T23:01:23.302+0000][1261.959s][debug][safepoint     ] Safepoint synchronization initiated. (191 threads)
[2023-10-30T23:01:23.303+0000][1261.959s][info ][safepoint     ] Application time: 1.0007957 seconds
[2023-10-30T23:01:23.304+0000][1261.960s][info ][safepoint     ] Entering safepoint region: Cleanup
[2023-10-30T23:01:23.304+0000][1261.960s][info ][safepoint     ] Leaving safepoint region
[2023-10-30T23:01:23.305+0000][1261.961s][info ][safepoint     ] Total time for which application threads were stopped: 0.0009951 seconds, Stopping threads took: 0.0004364 seconds
[2023-10-30T23:01:24.305+0000][1262.961s][debug][safepoint     ] Safepoint synchronization initiated. (191 threads)
[2023-10-30T23:01:24.306+0000][1262.962s][info ][safepoint     ] Application time: 1.0014138 seconds
[2023-10-30T23:01:24.307+0000][1262.963s][info ][safepoint     ] Entering safepoint region: Cleanup
[2023-10-30T23:01:24.309+0000][1262.965s][info ][safepoint     ] Leaving safepoint region
[2023-10-30T23:01:24.309+0000][1262.965s][info ][safepoint     ] Total time for which application threads were stopped: 0.0020912 seconds, Stopping threads took: 0.0009407 seconds
[2023-10-30T23:01:25.310+0000][1263.967s][debug][safepoint     ] Safepoint synchronization initiated. (191 threads)
[2023-10-30T23:01:25.311+0000][1263.968s][info ][safepoint     ] Application time: 1.0014021 seconds
[2023-10-30T23:01:25.312+0000][1263.969s][info ][safepoint     ] Entering safepoint region: Cleanup
[2023-10-30T23:01:25.314+0000][1263.970s][info ][safepoint     ] Leaving safepoint region
[2023-10-30T23:01:25.315+0000][1263.971s][info ][safepoint     ] Total time for which application threads were stopped: 0.0021728 seconds, Stopping threads took: 0.0008898 seconds
[2023-10-30T23:01:26.316+0000][1264.972s][debug][safepoint     ] Safepoint synchronization initiated. (191 threads)
[2023-10-30T23:01:26.316+0000][1264.972s][info ][safepoint     ] Application time: 1.0008278 seconds
[2023-10-30T23:01:26.317+0000][1264.973s][info ][safepoint     ] Entering safepoint region: Cleanup
[2023-10-30T23:01:26.317+0000][1264.973s][info ][safepoint     ] Leaving safepoint region
[2023-10-30T23:01:26.318+0000][1264.974s][info ][safepoint     ] Total time for which application threads were stopped: 0.0011977 seconds, Stopping threads took: 0.0005555 seconds
[2023-10-30T23:01:27.319+0000][1265.975s][debug][safepoint     ] Safepoint synchronization initiated. (191 threads)
[2023-10-30T23:01:27.319+0000][1265.975s][info ][safepoint     ] Application time: 1.0009182 seconds
[2023-10-30T23:01:27.320+0000][1265.976s][info ][safepoint     ] Entering safepoint region: Cleanup
[2023-10-30T23:01:27.321+0000][1265.977s][info ][safepoint     ] Leaving safepoint region
[2023-10-30T23:01:27.322+0000][1265.978s][info ][safepoint     ] Total time for which application threads were stopped: 0.0018529 seconds, Stopping threads took: 0.0008255 seconds
[2023-10-30T23:01:28.323+0000][1266.979s][debug][safepoint     ] Safepoint synchronization initiated. (191 threads)
[2023-10-30T23:01:28.324+0000][1266.980s][info ][safepoint     ] Application time: 1.0016865 seconds
[2023-10-30T23:01:28.325+0000][1266.982s][info ][safepoint     ] Entering safepoint region: Cleanup
[2023-10-30T23:01:28.327+0000][1266.983s][info ][safepoint     ] Leaving safepoint region
[2023-10-30T23:01:28.328+0000][1266.984s][info ][safepoint     ] Total time for which application threads were stopped: 0.0025673 seconds, Stopping threads took: 0.0010324 seconds
[2023-10-30T23:01:29.329+0000][1267.985s][debug][safepoint     ] Safepoint synchronization initiated. (191 threads)
[2023-10-30T23:01:29.330+0000][1267.986s][info ][safepoint     ] Application time: 1.0017078 seconds
[2023-10-30T23:01:29.332+0000][1267.988s][info ][safepoint     ] Entering safepoint region: Cleanup
[2023-10-30T23:01:29.333+0000][1267.989s][info ][safepoint     ] Leaving safepoint region
[2023-10-30T23:01:29.334+0000][1267.990s][info ][safepoint     ] Total time for which application threads were stopped: 0.0021877 seconds, Stopping threads took: 0.0009514 seconds
[2023-10-30T23:01:30.335+0000][1268.991s][debug][safepoint     ] Safepoint synchronization initiated. (191 threads)
[2023-10-30T23:01:30.335+0000][1268.991s][info ][safepoint     ] Application time: 1.0006128 seconds
[2023-10-30T23:01:30.335+0000][1268.992s][info ][safepoint     ] Entering safepoint region: Cleanup
[2023-10-30T23:01:30.336+0000][1268.992s][info ][safepoint     ] Leaving safepoint region
[2023-10-30T23:01:30.336+0000][1268.992s][info ][safepoint     ] Total time for which application threads were stopped: 0.0008280 seconds, Stopping threads took: 0.0003862 seconds
[2023-10-30T23:01:31.337+0000][1269.993s][debug][safepoint     ] Safepoint synchronization initiated. (191 threads)
[2023-10-30T23:01:31.338+0000][1269.994s][info ][safepoint     ] Application time: 1.0013271 seconds
[2023-10-30T23:01:31.339+0000][1269.995s][info ][safepoint     ] Entering safepoint region: Cleanup
[2023-10-30T23:01:31.340+0000][1269.996s][info ][safepoint     ] Leaving safepoint region
[2023-10-30T23:01:31.341+0000][1269.997s][info ][safepoint     ] Total time for which application threads were stopped: 0.0020372 seconds, Stopping threads took: 0.0009622 seconds
[2023-10-30T23:01:32.342+0000][1270.998s][debug][safepoint     ] Safepoint synchronization initiated. (191 threads)
[2023-10-30T23:01:32.343+0000][1270.999s][info ][safepoint     ] Application time: 1.0012283 seconds
[2023-10-30T23:01:32.344+0000][1271.000s][info ][safepoint     ] Entering safepoint region: Cleanup
[2023-10-30T23:01:32.345+0000][1271.001s][info ][safepoint     ] Leaving safepoint region
[2023-10-30T23:01:32.346+0000][1271.002s][info ][safepoint     ] Total time for which application threads were stopped: 0.0021219 seconds, Stopping threads took: 0.0009753 seconds
[2023-10-30T23:01:33.347+0000][1272.003s][debug][safepoint     ] Safepoint synchronization initiated. (191 threads)
[2023-10-30T23:01:33.348+0000][1272.004s][info ][safepoint     ] Application time: 1.0008335 seconds
[2023-10-30T23:01:33.348+0000][1272.004s][info ][safepoint     ] Entering safepoint region: Cleanup
[2023-10-30T23:01:33.349+0000][1272.005s][info ][safepoint     ] Leaving safepoint region
[2023-10-30T23:01:33.350+0000][1272.006s][info ][safepoint     ] Total time for which application threads were stopped: 0.0011714 seconds, Stopping threads took: 0.0005406 seconds
[2023-10-30T23:01:34.350+0000][1273.006s][debug][safepoint     ] Safepoint synchronization initiated. (191 threads)
[2023-10-30T23:01:34.350+0000][1273.007s][info ][safepoint     ] Application time: 1.0005383 seconds
[2023-10-30T23:01:34.351+0000][1273.007s][info ][safepoint     ] Entering safepoint region: Cleanup
[2023-10-30T23:01:34.352+0000][1273.008s][info ][safepoint     ] Leaving safepoint region
[2023-10-30T23:01:34.352+0000][1273.008s][info ][safepoint     ] Total time for which application threads were stopped: 0.0008710 seconds, Stopping threads took: 0.0003438 seconds
[2023-10-30T23:01:35.352+0000][1274.009s][debug][safepoint     ] Safepoint synchronization initiated. (191 threads)
[2023-10-30T23:01:35.353+0000][1274.010s][info ][safepoint     ] Application time: 1.0012334 seconds
[2023-10-30T23:01:35.354+0000][1274.010s][info ][safepoint     ] Entering safepoint region: Cleanup
[2023-10-30T23:01:35.355+0000][1274.012s][info ][safepoint     ] Leaving safepoint region
[2023-10-30T23:01:35.356+0000][1274.012s][info ][safepoint     ] Total time for which application threads were stopped: 0.0019535 seconds, Stopping threads took: 0.0008577 seconds
[2023-10-30T23:01:36.357+0000][1275.013s][debug][safepoint     ] Safepoint synchronization initiated. (191 threads)
[2023-10-30T23:01:36.358+0000][1275.014s][info ][safepoint     ] Application time: 1.0008643 seconds
[2023-10-30T23:01:36.358+0000][1275.015s][info ][safepoint     ] Entering safepoint region: Cleanup
[2023-10-30T23:01:36.359+0000][1275.015s][info ][safepoint     ] Leaving safepoint region
[2023-10-30T23:01:36.360+0000][1275.016s][info ][safepoint     ] Total time for which application threads were stopped: 0.0013189 seconds, Stopping threads took: 0.0005651 seconds
[2023-10-30T23:01:37.361+0000][1276.017s][debug][safepoint     ] Safepoint synchronization initiated. (191 threads)
[2023-10-30T23:01:37.362+0000][1276.018s][info ][safepoint     ] Application time: 1.0014768 seconds
[2023-10-30T23:01:37.363+0000][1276.019s][info ][safepoint     ] Entering safepoint region: Cleanup
[2023-10-30T23:01:37.364+0000][1276.020s][info ][safepoint     ] Leaving safepoint region
[2023-10-30T23:01:37.364+0000][1276.020s][info ][safepoint     ] Total time for which application threads were stopped: 0.0017370 seconds, Stopping threads took: 0.0007581 seconds
[2023-10-30T23:01:38.365+0000][1277.021s][debug][safepoint     ] Safepoint synchronization initiated. (191 threads)
[2023-10-30T23:01:38.366+0000][1277.022s][info ][safepoint     ] Application time: 1.0011439 seconds
[2023-10-30T23:01:38.367+0000][1277.023s][info ][safepoint     ] Entering safepoint region: Cleanup
[2023-10-30T23:01:38.368+0000][1277.024s][info ][safepoint     ] Leaving safepoint region
[2023-10-30T23:01:38.369+0000][1277.025s][info ][safepoint     ] Total time for which application threads were stopped: 0.0019674 seconds, Stopping threads took: 0.0009599 seconds
[2023-10-30T23:01:39.370+0000][1278.026s][debug][safepoint     ] Safepoint synchronization initiated. (191 threads)
[2023-10-30T23:01:39.370+0000][1278.026s][info ][safepoint     ] Application time: 1.0005324 seconds
[2023-10-30T23:01:39.370+0000][1278.027s][info ][safepoint     ] Entering safepoint region: Cleanup
[2023-10-30T23:01:39.371+0000][1278.027s][info ][safepoint     ] Leaving safepoint region
[2023-10-30T23:01:39.371+0000][1278.027s][info ][safepoint     ] Total time for which application threads were stopped: 0.0008306 seconds, Stopping threads took: 0.0003225 seconds
[2023-10-30T23:01:40.372+0000][1279.028s][debug][safepoint     ] Safepoint synchronization initiated. (191 threads)
[2023-10-30T23:01:40.372+0000][1279.029s][info ][safepoint     ] Application time: 1.0008754 seconds
[2023-10-30T23:01:40.374+0000][1279.030s][info ][safepoint     ] Entering safepoint region: Cleanup
[2023-10-30T23:01:40.375+0000][1279.031s][info ][safepoint     ] Leaving safepoint region
[2023-10-30T23:01:40.375+0000][1279.031s][info ][safepoint     ] Total time for which application threads were stopped: 0.0015184 seconds, Stopping threads took: 0.0007456 seconds
[2023-10-30T23:01:41.376+0000][1280.032s][debug][safepoint     ] Safepoint synchronization initiated. (191 threads)
[2023-10-30T23:01:41.377+0000][1280.033s][info ][safepoint     ] Application time: 1.0013297 seconds
[2023-10-30T23:01:41.378+0000][1280.034s][info ][safepoint     ] Entering safepoint region: Cleanup
[2023-10-30T23:01:41.379+0000][1280.035s][info ][safepoint     ] Leaving safepoint region
[2023-10-30T23:01:41.380+0000][1280.036s][info ][safepoint     ] Total time for which application threads were stopped: 0.0020740 seconds, Stopping threads took: 0.0008852 seconds
[2023-10-30T23:01:42.381+0000][1281.037s][debug][safepoint     ] Safepoint synchronization initiated. (191 threads)
[2023-10-30T23:01:42.381+0000][1281.038s][info ][safepoint     ] Application time: 1.0005446 seconds
[2023-10-30T23:01:42.382+0000][1281.038s][info ][safepoint     ] Entering safepoint region: Cleanup
[2023-10-30T23:01:42.382+0000][1281.038s][info ][safepoint     ] Leaving safepoint region
[2023-10-30T23:01:42.383+0000][1281.039s][info ][safepoint     ] Total time for which application threads were stopped: 0.0008200 seconds, Stopping threads took: 0.0003538 seconds
[2023-10-30T23:01:43.383+0000][1282.039s][debug][safepoint     ] Safepoint synchronization initiated. (191 threads)
[2023-10-30T23:01:43.384+0000][1282.040s][info ][safepoint     ] Application time: 1.0011788 seconds
[2023-10-30T23:01:43.385+0000][1282.041s][info ][safepoint     ] Entering safepoint region: Cleanup
[2023-10-30T23:01:43.386+0000][1282.042s][info ][safepoint     ] Leaving safepoint region
[2023-10-30T23:01:43.387+0000][1282.043s][info ][safepoint     ] Total time for which application threads were stopped: 0.0021051 seconds, Stopping threads took: 0.0009048 seconds
[2023-10-30T23:01:44.388+0000][1283.044s][debug][safepoint     ] Safepoint synchronization initiated. (191 threads)
[2023-10-30T23:01:44.389+0000][1283.045s][info ][safepoint     ] Application time: 1.0013654 seconds
[2023-10-30T23:01:44.390+0000][1283.046s][info ][safepoint     ] Entering safepoint region: Cleanup
[2023-10-30T23:01:44.392+0000][1283.048s][info ][safepoint     ] Leaving safepoint region
[2023-10-30T23:01:44.392+0000][1283.048s][info ][safepoint     ] Total time for which application threads were stopped: 0.0020878 seconds, Stopping threads took: 0.0009181 seconds
[2023-10-30T23:01:45.394+0000][1284.050s][debug][safepoint     ] Safepoint synchronization initiated. (191 threads)
[2023-10-30T23:01:45.395+0000][1284.051s][info ][safepoint     ] Application time: 1.0015135 seconds
[2023-10-30T23:01:45.396+0000][1284.052s][info ][safepoint     ] Entering safepoint region: Cleanup
[2023-10-30T23:01:45.397+0000][1284.053s][info ][safepoint     ] Leaving safepoint region
[2023-10-30T23:01:45.398+0000][1284.054s][info ][safepoint     ] Total time for which application threads were stopped: 0.0023249 seconds, Stopping threads took: 0.0010573 seconds
[2023-10-30T23:01:46.399+0000][1285.055s][debug][safepoint     ] Safepoint synchronization initiated. (191 threads)
[2023-10-30T23:01:46.400+0000][1285.056s][info ][safepoint     ] Application time: 1.0008738 seconds
[2023-10-30T23:01:46.400+0000][1285.056s][info ][safepoint     ] Entering safepoint region: Cleanup
[2023-10-30T23:01:46.401+0000][1285.057s][info ][safepoint     ] Leaving safepoint region
[2023-10-30T23:01:46.402+0000][1285.058s][info ][safepoint     ] Total time for which application threads were stopped: 0.0012381 seconds, Stopping threads took: 0.0005631 seconds
[2023-10-30T23:01:47.402+0000][1286.058s][debug][safepoint     ] Safepoint synchronization initiated. (191 threads)
[2023-10-30T23:01:47.403+0000][1286.059s][info ][safepoint     ] Application time: 1.0005639 seconds
[2023-10-30T23:01:47.403+0000][1286.059s][info ][safepoint     ] Entering safepoint region: Cleanup
[2023-10-30T23:01:47.403+0000][1286.059s][info ][safepoint     ] Leaving safepoint region
[2023-10-30T23:01:47.404+0000][1286.060s][info ][safepoint     ] Total time for which application threads were stopped: 0.0008216 seconds, Stopping threads took: 0.0003063 seconds
[2023-10-30T23:01:48.404+0000][1287.060s][debug][safepoint     ] Safepoint synchronization initiated. (191 threads)
[2023-10-30T23:01:48.405+0000][1287.061s][info ][safepoint     ] Application time: 1.0006724 seconds
[2023-10-30T23:01:48.405+0000][1287.061s][info ][safepoint     ] Entering safepoint region: Cleanup
[2023-10-30T23:01:48.406+0000][1287.062s][info ][safepoint     ] Leaving safepoint region
[2023-10-30T23:01:48.406+0000][1287.062s][info ][safepoint     ] Total time for which application threads were stopped: 0.0008765 seconds, Stopping threads took: 0.0003403 seconds
[2023-10-30T23:01:49.407+0000][1288.063s][debug][safepoint     ] Safepoint synchronization initiated. (191 threads)
[2023-10-30T23:01:49.407+0000][1288.063s][info ][safepoint     ] Application time: 1.0008227 seconds
[2023-10-30T23:01:49.408+0000][1288.064s][info ][safepoint     ] Entering safepoint region: Cleanup
[2023-10-30T23:01:49.409+0000][1288.065s][info ][safepoint     ] Leaving safepoint region
[2023-10-30T23:01:49.409+0000][1288.065s][info ][safepoint     ] Total time for which application threads were stopped: 0.0015378 seconds, Stopping threads took: 0.0008849 seconds
[2023-10-30T23:01:50.410+0000][1289.066s][debug][safepoint     ] Safepoint synchronization initiated. (191 threads)
[2023-10-30T23:01:50.411+0000][1289.067s][info ][safepoint     ] Application time: 1.0009370 seconds
[2023-10-30T23:01:50.411+0000][1289.068s][info ][safepoint     ] Entering safepoint region: Cleanup
[2023-10-30T23:01:50.413+0000][1289.069s][info ][safepoint     ] Leaving safepoint region
[2023-10-30T23:01:50.413+0000][1289.069s][info ][safepoint     ] Total time for which application threads were stopped: 0.0018259 seconds, Stopping threads took: 0.0006342 seconds
[2023-10-30T23:01:51.414+0000][1290.070s][debug][safepoint     ] Safepoint synchronization initiated. (191 threads)
[2023-10-30T23:01:51.415+0000][1290.071s][info ][safepoint     ] Application time: 1.0012167 seconds
[2023-10-30T23:01:51.416+0000][1290.072s][info ][safepoint     ] Entering safepoint region: Cleanup
[2023-10-30T23:01:51.417+0000][1290.073s][info ][safepoint     ] Leaving safepoint region
[2023-10-30T23:01:51.417+0000][1290.074s][info ][safepoint     ] Total time for which application threads were stopped: 0.0017914 seconds, Stopping threads took: 0.0007967 seconds
[2023-10-30T23:01:52.419+0000][1291.075s][debug][safepoint     ] Safepoint synchronization initiated. (191 threads)
[2023-10-30T23:01:52.420+0000][1291.076s][info ][safepoint     ] Application time: 1.0013380 seconds
[2023-10-30T23:01:52.420+0000][1291.077s][info ][safepoint     ] Entering safepoint region: Cleanup
[2023-10-30T23:01:52.422+0000][1291.078s][info ][safepoint     ] Leaving safepoint region
[2023-10-30T23:01:52.422+0000][1291.079s][info ][safepoint     ] Total time for which application threads were stopped: 0.0020249 seconds, Stopping threads took: 0.0009055 seconds
[2023-10-30T23:01:53.423+0000][1292.079s][debug][safepoint     ] Safepoint synchronization initiated. (191 threads)
[2023-10-30T23:01:53.424+0000][1292.080s][info ][safepoint     ] Application time: 1.0008152 seconds
[2023-10-30T23:01:53.425+0000][1292.081s][info ][safepoint     ] Entering safepoint region: Cleanup
[2023-10-30T23:01:53.425+0000][1292.081s][info ][safepoint     ] Leaving safepoint region
[2023-10-30T23:01:53.426+0000][1292.082s][info ][safepoint     ] Total time for which application threads were stopped: 0.0012844 seconds, Stopping threads took: 0.0005628 seconds
[2023-10-30T23:01:54.427+0000][1293.083s][debug][safepoint     ] Safepoint synchronization initiated. (191 threads)
[2023-10-30T23:01:54.428+0000][1293.084s][info ][safepoint     ] Application time: 1.0013688 seconds
[2023-10-30T23:01:54.429+0000][1293.085s][info ][safepoint     ] Entering safepoint region: Cleanup
[2023-10-30T23:01:54.430+0000][1293.086s][info ][safepoint     ] Leaving safepoint region
[2023-10-30T23:01:54.431+0000][1293.087s][info ][safepoint     ] Total time for which application threads were stopped: 0.0021002 seconds, Stopping threads took: 0.0009071 seconds
[2023-10-30T23:01:55.432+0000][1294.088s][debug][safepoint     ] Safepoint synchronization initiated. (190 threads)
[2023-10-30T23:01:55.433+0000][1294.089s][info ][safepoint     ] Application time: 1.0013859 seconds
[2023-10-30T23:01:55.434+0000][1294.090s][info ][safepoint     ] Entering safepoint region: Cleanup
[2023-10-30T23:01:55.435+0000][1294.091s][info ][safepoint     ] Leaving safepoint region
[2023-10-30T23:01:55.436+0000][1294.092s][info ][safepoint     ] Total time for which application threads were stopped: 0.0021563 seconds, Stopping threads took: 0.0009492 seconds
[2023-10-30T23:01:56.437+0000][1295.093s][debug][safepoint     ] Safepoint synchronization initiated. (190 threads)
[2023-10-30T23:01:56.438+0000][1295.094s][info ][safepoint     ] Application time: 1.0007486 seconds
[2023-10-30T23:01:56.438+0000][1295.094s][info ][safepoint     ] Entering safepoint region: Cleanup
[2023-10-30T23:01:56.439+0000][1295.095s][info ][safepoint     ] Leaving safepoint region
[2023-10-30T23:01:56.439+0000][1295.095s][info ][safepoint     ] Total time for which application threads were stopped: 0.0010238 seconds, Stopping threads took: 0.0004214 seconds
[2023-10-30T23:01:57.440+0000][1296.096s][debug][safepoint     ] Safepoint synchronization initiated. (190 threads)
[2023-10-30T23:01:57.441+0000][1296.097s][info ][safepoint     ] Application time: 1.0016130 seconds
[2023-10-30T23:01:57.442+0000][1296.099s][debug][safepoint     ] ... found polling page return exception at pc = 0x00007f9348bcb376, stub =0x00007f9340840600
[2023-10-30T23:01:57.442+0000][1296.099s][debug][safepoint     ] ... found polling page return exception at pc = 0x00007f93492e2b44, stub =0x00007f9340840600
[2023-10-30T23:01:57.444+0000][1296.100s][debug][safepoint     ] Waiting for 3 thread(s) to block
[2023-10-30T23:01:57.446+0000][1296.102s][info ][safepoint     ] Entering safepoint region: Cleanup
[2023-10-30T23:01:57.447+0000][1296.103s][info ][safepoint     ] Leaving safepoint region
[2023-10-30T23:01:57.447+0000][1296.103s][info ][safepoint     ] Total time for which application threads were stopped: 0.0051815 seconds, Stopping threads took: 0.0042085 seconds
[2023-10-30T23:01:58.448+0000][1297.104s][debug][safepoint     ] Safepoint synchronization initiated. (190 threads)
[2023-10-30T23:01:58.449+0000][1297.105s][info ][safepoint     ] Application time: 1.0006777 seconds
[2023-10-30T23:01:58.449+0000][1297.105s][info ][safepoint     ] Entering safepoint region: Cleanup
[2023-10-30T23:01:58.450+0000][1297.106s][info ][safepoint     ] Leaving safepoint region
[2023-10-30T23:01:58.450+0000][1297.106s][info ][safepoint     ] Total time for which application threads were stopped: 0.0008654 seconds, Stopping threads took: 0.0003712 seconds
[2023-10-30T23:01:59.450+0000][1298.107s][debug][safepoint     ] Safepoint synchronization initiated. (190 threads)
[2023-10-30T23:01:59.451+0000][1298.107s][info ][safepoint     ] Application time: 1.0006272 seconds
[2023-10-30T23:01:59.451+0000][1298.107s][info ][safepoint     ] Entering safepoint region: Cleanup
[2023-10-30T23:01:59.452+0000][1298.108s][info ][safepoint     ] Leaving safepoint region
[2023-10-30T23:01:59.452+0000][1298.108s][info ][safepoint     ] Total time for which application threads were stopped: 0.0008434 seconds, Stopping threads took: 0.0003838 seconds
[2023-10-30T23:02:00.452+0000][1299.109s][debug][safepoint     ] Safepoint synchronization initiated. (190 threads)
[2023-10-30T23:02:00.453+0000][1299.109s][info ][safepoint     ] Application time: 1.0007601 seconds
[2023-10-30T23:02:00.453+0000][1299.110s][info ][safepoint     ] Entering safepoint region: Cleanup
[2023-10-30T23:02:00.454+0000][1299.110s][info ][safepoint     ] Leaving safepoint region
[2023-10-30T23:02:00.454+0000][1299.111s][info ][safepoint     ] Total time for which application threads were stopped: 0.0009993 seconds, Stopping threads took: 0.0005105 seconds
[2023-10-30T23:02:01.455+0000][1300.111s][debug][safepoint     ] Safepoint synchronization initiated. (190 threads)
[2023-10-30T23:02:01.456+0000][1300.112s][info ][safepoint     ] Application time: 1.0012303 seconds
[2023-10-30T23:02:01.457+0000][1300.113s][info ][safepoint     ] Entering safepoint region: Cleanup
[2023-10-30T23:02:01.458+0000][1300.114s][info ][safepoint     ] Leaving safepoint region
[2023-10-30T23:02:01.459+0000][1300.115s][info ][safepoint     ] Total time for which application threads were stopped: 0.0020358 seconds, Stopping threads took: 0.0009088 seconds
[2023-10-30T23:02:02.460+0000][1301.116s][debug][safepoint     ] Safepoint synchronization initiated. (190 threads)
[2023-10-30T23:02:02.461+0000][1301.117s][info ][safepoint     ] Application time: 1.0014165 seconds
[2023-10-30T23:02:02.462+0000][1301.119s][info ][safepoint     ] Entering safepoint region: Cleanup
[2023-10-30T23:02:02.464+0000][1301.120s][info ][safepoint     ] Leaving safepoint region
[2023-10-30T23:02:02.465+0000][1301.121s][info ][safepoint     ] Total time for which application threads were stopped: 0.0021963 seconds, Stopping threads took: 0.0010722 seconds
[2023-10-30T23:02:03.466+0000][1302.122s][debug][safepoint     ] Safepoint synchronization initiated. (189 threads)
[2023-10-30T23:02:03.466+0000][1302.122s][info ][safepoint     ] Application time: 1.0008959 seconds
[2023-10-30T23:02:03.467+0000][1302.123s][info ][safepoint     ] Entering safepoint region: Cleanup
[2023-10-30T23:02:03.468+0000][1302.124s][info ][safepoint     ] Leaving safepoint region
[2023-10-30T23:02:03.468+0000][1302.124s][info ][safepoint     ] Total time for which application threads were stopped: 0.0013507 seconds, Stopping threads took: 0.0005844 seconds
[2023-10-30T23:02:04.469+0000][1303.125s][debug][safepoint     ] Safepoint synchronization initiated. (189 threads)
[2023-10-30T23:02:04.469+0000][1303.125s][info ][safepoint     ] Application time: 1.0005047 seconds
[2023-10-30T23:02:04.470+0000][1303.126s][info ][safepoint     ] Entering safepoint region: Cleanup
[2023-10-30T23:02:04.470+0000][1303.126s][info ][safepoint     ] Leaving safepoint region
[2023-10-30T23:02:04.470+0000][1303.126s][info ][safepoint     ] Total time for which application threads were stopped: 0.0007941 seconds, Stopping threads took: 0.0003511 seconds
[2023-10-30T23:02:05.471+0000][1304.127s][debug][safepoint     ] Safepoint synchronization initiated. (189 threads)
[2023-10-30T23:02:05.472+0000][1304.128s][info ][safepoint     ] Application time: 1.0014992 seconds
[2023-10-30T23:02:05.473+0000][1304.129s][info ][safepoint     ] Entering safepoint region: Cleanup
[2023-10-30T23:02:05.474+0000][1304.131s][info ][safepoint     ] Leaving safepoint region
[2023-10-30T23:02:05.475+0000][1304.132s][info ][safepoint     ] Total time for which application threads were stopped: 0.0022781 seconds, Stopping threads took: 0.0009709 seconds
[2023-10-30T23:02:06.476+0000][1305.133s][debug][safepoint     ] Safepoint synchronization initiated. (189 threads)
[2023-10-30T23:02:06.477+0000][1305.133s][info ][safepoint     ] Application time: 1.0008833 seconds
[2023-10-30T23:02:06.478+0000][1305.134s][info ][safepoint     ] Entering safepoint region: Cleanup
[2023-10-30T23:02:06.478+0000][1305.134s][info ][safepoint     ] Leaving safepoint region
[2023-10-30T23:02:06.479+0000][1305.135s][info ][safepoint     ] Total time for which application threads were stopped: 0.0011430 seconds, Stopping threads took: 0.0004616 seconds
[2023-10-30T23:02:07.479+0000][1306.135s][debug][safepoint     ] Safepoint synchronization initiated. (189 threads)
[2023-10-30T23:02:07.480+0000][1306.136s][info ][safepoint     ] Application time: 1.0005677 seconds
[2023-10-30T23:02:07.480+0000][1306.136s][info ][safepoint     ] Entering safepoint region: Cleanup
[2023-10-30T23:02:07.481+0000][1306.137s][info ][safepoint     ] Leaving safepoint region
[2023-10-30T23:02:07.481+0000][1306.137s][info ][safepoint     ] Total time for which application threads were stopped: 0.0007930 seconds, Stopping threads took: 0.0003376 seconds
[2023-10-30T23:02:08.481+0000][1307.138s][debug][safepoint     ] Safepoint synchronization initiated. (189 threads)
[2023-10-30T23:02:08.483+0000][1307.139s][info ][safepoint     ] Application time: 1.0014670 seconds
[2023-10-30T23:02:08.484+0000][1307.140s][info ][safepoint     ] Entering safepoint region: Cleanup
[2023-10-30T23:02:08.485+0000][1307.141s][info ][safepoint     ] Leaving safepoint region
[2023-10-30T23:02:08.486+0000][1307.142s][info ][safepoint     ] Total time for which application threads were stopped: 0.0022764 seconds, Stopping threads took: 0.0010249 seconds
[2023-10-30T23:02:09.487+0000][1308.143s][debug][safepoint     ] Safepoint synchronization initiated. (189 threads)
[2023-10-30T23:02:09.488+0000][1308.144s][info ][safepoint     ] Application time: 1.0009313 seconds
[2023-10-30T23:02:09.488+0000][1308.145s][info ][safepoint     ] Entering safepoint region: Cleanup
[2023-10-30T23:02:09.489+0000][1308.145s][info ][safepoint     ] Leaving safepoint region
[2023-10-30T23:02:09.490+0000][1308.146s][info ][safepoint     ] Total time for which application threads were stopped: 0.0015161 seconds, Stopping threads took: 0.0006583 seconds
[2023-10-30T23:02:10.491+0000][1309.147s][debug][safepoint     ] Safepoint synchronization initiated. (189 threads)
[2023-10-30T23:02:10.491+0000][1309.148s][info ][safepoint     ] Application time: 1.0010212 seconds
[2023-10-30T23:02:10.492+0000][1309.148s][info ][safepoint     ] Entering safepoint region: Cleanup
[2023-10-30T23:02:10.493+0000][1309.149s][info ][safepoint     ] Leaving safepoint region
[2023-10-30T23:02:10.493+0000][1309.149s][info ][safepoint     ] Total time for which application threads were stopped: 0.0012637 seconds, Stopping threads took: 0.0005412 seconds
[2023-10-30T23:02:11.494+0000][1310.150s][debug][safepoint     ] Safepoint synchronization initiated. (189 threads)
[2023-10-30T23:02:11.495+0000][1310.151s][info ][safepoint     ] Application time: 1.0014126 seconds
[2023-10-30T23:02:11.496+0000][1310.152s][info ][safepoint     ] Entering safepoint region: Cleanup
[2023-10-30T23:02:11.497+0000][1310.154s][info ][safepoint     ] Leaving safepoint region
[2023-10-30T23:02:11.498+0000][1310.154s][info ][safepoint     ] Total time for which application threads were stopped: 0.0021421 seconds, Stopping threads took: 0.0010290 seconds
[2023-10-30T23:02:12.499+0000][1311.155s][debug][safepoint     ] Safepoint synchronization initiated. (189 threads)
[2023-10-30T23:02:12.500+0000][1311.157s][info ][safepoint     ] Application time: 1.0014895 seconds
[2023-10-30T23:02:12.501+0000][1311.158s][info ][safepoint     ] Entering safepoint region: Cleanup
[2023-10-30T23:02:12.502+0000][1311.159s][info ][safepoint     ] Leaving safepoint region
[2023-10-30T23:02:12.503+0000][1311.159s][info ][safepoint     ] Total time for which application threads were stopped: 0.0018680 seconds, Stopping threads took: 0.0007584 seconds
[2023-10-30T23:02:13.504+0000][1312.160s][debug][safepoint     ] Safepoint synchronization initiated. (189 threads)
[2023-10-30T23:02:13.505+0000][1312.161s][info ][safepoint     ] Application time: 1.0007691 seconds
[2023-10-30T23:02:13.505+0000][1312.161s][info ][safepoint     ] Entering safepoint region: Cleanup
[2023-10-30T23:02:13.506+0000][1312.162s][info ][safepoint     ] Leaving safepoint region
[2023-10-30T23:02:13.506+0000][1312.162s][info ][safepoint     ] Total time for which application threads were stopped: 0.0009172 seconds, Stopping threads took: 0.0004524 seconds
[2023-10-30T23:02:14.507+0000][1313.163s][debug][safepoint     ] Safepoint synchronization initiated. (189 threads)
[2023-10-30T23:02:14.507+0000][1313.163s][info ][safepoint     ] Application time: 1.0006209 seconds
[2023-10-30T23:02:14.507+0000][1313.164s][info ][safepoint     ] Entering safepoint region: Cleanup
[2023-10-30T23:02:14.508+0000][1313.164s][info ][safepoint     ] Leaving safepoint region
[2023-10-30T23:02:14.508+0000][1313.165s][info ][safepoint     ] Total time for which application threads were stopped: 0.0009679 seconds, Stopping threads took: 0.0003297 seconds
[2023-10-30T23:02:15.509+0000][1314.165s][debug][safepoint     ] Safepoint synchronization initiated. (189 threads)
[2023-10-30T23:02:15.510+0000][1314.166s][info ][safepoint     ] Application time: 1.0011958 seconds
[2023-10-30T23:02:15.511+0000][1314.167s][info ][safepoint     ] Entering safepoint region: Cleanup
[2023-10-30T23:02:15.512+0000][1314.168s][info ][safepoint     ] Leaving safepoint region
[2023-10-30T23:02:15.513+0000][1314.169s][info ][safepoint     ] Total time for which application threads were stopped: 0.0022884 seconds, Stopping threads took: 0.0009423 seconds
[2023-10-30T23:02:16.514+0000][1315.170s][debug][safepoint     ] Safepoint synchronization initiated. (189 threads)
[2023-10-30T23:02:16.515+0000][1315.171s][info ][safepoint     ] Application time: 1.0008445 seconds
[2023-10-30T23:02:16.515+0000][1315.171s][info ][safepoint     ] Entering safepoint region: Cleanup
[2023-10-30T23:02:16.516+0000][1315.172s][info ][safepoint     ] Leaving safepoint region
[2023-10-30T23:02:16.517+0000][1315.173s][info ][safepoint     ] Total time for which application threads were stopped: 0.0012933 seconds, Stopping threads took: 0.0005790 seconds
[2023-10-30T23:02:17.517+0000][1316.173s][debug][safepoint     ] Safepoint synchronization initiated. (189 threads)
[2023-10-30T23:02:17.518+0000][1316.174s][info ][safepoint     ] Application time: 1.0008244 seconds
[2023-10-30T23:02:17.518+0000][1316.174s][info ][safepoint     ] Entering safepoint region: Cleanup
[2023-10-30T23:02:17.519+0000][1316.175s][info ][safepoint     ] Leaving safepoint region
[2023-10-30T23:02:17.519+0000][1316.175s][info ][safepoint     ] Total time for which application threads were stopped: 0.0010173 seconds, Stopping threads took: 0.0004919 seconds
[2023-10-30T23:02:18.520+0000][1317.176s][debug][safepoint     ] Safepoint synchronization initiated. (189 threads)
[2023-10-30T23:02:18.521+0000][1317.177s][info ][safepoint     ] Application time: 1.0017060 seconds
[2023-10-30T23:02:18.522+0000][1317.179s][info ][safepoint     ] Entering safepoint region: Cleanup
[2023-10-30T23:02:18.524+0000][1317.180s][info ][safepoint     ] Leaving safepoint region
[2023-10-30T23:02:18.525+0000][1317.181s][info ][safepoint     ] Total time for which application threads were stopped: 0.0023685 seconds, Stopping threads took: 0.0011801 seconds
[2023-10-30T23:02:19.526+0000][1318.182s][debug][safepoint     ] Safepoint synchronization initiated. (189 threads)
[2023-10-30T23:02:19.527+0000][1318.183s][info ][safepoint     ] Application time: 1.0015671 seconds
[2023-10-30T23:02:19.528+0000][1318.184s][info ][safepoint     ] Entering safepoint region: Cleanup
[2023-10-30T23:02:19.530+0000][1318.186s][info ][safepoint     ] Leaving safepoint region
[2023-10-30T23:02:19.530+0000][1318.187s][info ][safepoint     ] Total time for which application threads were stopped: 0.0024544 seconds, Stopping threads took: 0.0012451 seconds
[2023-10-30T23:02:20.531+0000][1319.188s][debug][safepoint     ] Safepoint synchronization initiated. (189 threads)
[2023-10-30T23:02:20.532+0000][1319.188s][info ][safepoint     ] Application time: 1.0006754 seconds
[2023-10-30T23:02:20.532+0000][1319.189s][info ][safepoint     ] Entering safepoint region: Cleanup
[2023-10-30T23:02:20.533+0000][1319.189s][info ][safepoint     ] Leaving safepoint region
[2023-10-30T23:02:20.533+0000][1319.190s][info ][safepoint     ] Total time for which application threads were stopped: 0.0010001 seconds, Stopping threads took: 0.0004035 seconds
[2023-10-30T23:02:21.534+0000][1320.190s][debug][safepoint     ] Safepoint synchronization initiated. (189 threads)
[2023-10-30T23:02:21.534+0000][1320.191s][info ][safepoint     ] Application time: 1.0007805 seconds
[2023-10-30T23:02:21.535+0000][1320.191s][info ][safepoint     ] Entering safepoint region: Cleanup
[2023-10-30T23:02:21.536+0000][1320.192s][info ][safepoint     ] Leaving safepoint region
[2023-10-30T23:02:21.536+0000][1320.193s][info ][safepoint     ] Total time for which application threads were stopped: 0.0012757 seconds, Stopping threads took: 0.0004874 seconds
[2023-10-30T23:02:22.537+0000][1321.193s][debug][safepoint     ] Safepoint synchronization initiated. (189 threads)
[2023-10-30T23:02:22.539+0000][1321.195s][info ][safepoint     ] Application time: 1.0017139 seconds
[2023-10-30T23:02:22.539+0000][1321.195s][info ][safepoint     ] Entering safepoint region: Cleanup
[2023-10-30T23:02:22.540+0000][1321.196s][info ][safepoint     ] Leaving safepoint region
[2023-10-30T23:02:22.540+0000][1321.196s][info ][safepoint     ] Total time for which application threads were stopped: 0.0010764 seconds, Stopping threads took: 0.0005192 seconds
[2023-10-30T23:02:23.541+0000][1322.197s][debug][safepoint     ] Safepoint synchronization initiated. (189 threads)
[2023-10-30T23:02:23.542+0000][1322.198s][info ][safepoint     ] Application time: 1.0011727 seconds
[2023-10-30T23:02:23.542+0000][1322.199s][info ][safepoint     ] Entering safepoint region: Cleanup
[2023-10-30T23:02:23.543+0000][1322.200s][info ][safepoint     ] Leaving safepoint region
[2023-10-30T23:02:23.544+0000][1322.200s][info ][safepoint     ] Total time for which application threads were stopped: 0.0016325 seconds, Stopping threads took: 0.0007401 seconds
[2023-10-30T23:02:24.545+0000][1323.201s][debug][safepoint     ] Safepoint synchronization initiated. (189 threads)
[2023-10-30T23:02:24.546+0000][1323.202s][info ][safepoint     ] Application time: 1.0010073 seconds
[2023-10-30T23:02:24.547+0000][1323.203s][info ][safepoint     ] Entering safepoint region: Cleanup
[2023-10-30T23:02:24.547+0000][1323.203s][info ][safepoint     ] Leaving safepoint region
[2023-10-30T23:02:24.548+0000][1323.204s][info ][safepoint     ] Total time for which application threads were stopped: 0.0013247 seconds, Stopping threads took: 0.0005634 seconds
[2023-10-30T23:02:25.548+0000][1324.205s][debug][safepoint     ] Safepoint synchronization initiated. (189 threads)
[2023-10-30T23:02:25.549+0000][1324.206s][info ][safepoint     ] Application time: 1.0012110 seconds
[2023-10-30T23:02:25.550+0000][1324.207s][info ][safepoint     ] Entering safepoint region: Cleanup
[2023-10-30T23:02:25.552+0000][1324.208s][info ][safepoint     ] Leaving safepoint region
[2023-10-30T23:02:25.552+0000][1324.209s][info ][safepoint     ] Total time for which application threads were stopped: 0.0020528 seconds, Stopping threads took: 0.0009008 seconds
[2023-10-30T23:02:26.553+0000][1325.209s][debug][safepoint     ] Safepoint synchronization initiated. (189 threads)
[2023-10-30T23:02:26.554+0000][1325.210s][info ][safepoint     ] Application time: 1.0008898 seconds
[2023-10-30T23:02:26.555+0000][1325.211s][info ][safepoint     ] Entering safepoint region: Cleanup
[2023-10-30T23:02:26.555+0000][1325.211s][info ][safepoint     ] Leaving safepoint region
[2023-10-30T23:02:26.556+0000][1325.212s][info ][safepoint     ] Total time for which application threads were stopped: 0.0013952 seconds, Stopping threads took: 0.0005793 seconds
[2023-10-30T23:02:27.557+0000][1326.213s][debug][safepoint     ] Safepoint synchronization initiated. (189 threads)
[2023-10-30T23:02:27.558+0000][1326.214s][info ][safepoint     ] Application time: 1.0017790 seconds
[2023-10-30T23:02:27.559+0000][1326.215s][info ][safepoint     ] Entering safepoint region: Cleanup
[2023-10-30T23:02:27.561+0000][1326.217s][info ][safepoint     ] Leaving safepoint region
[2023-10-30T23:02:27.561+0000][1326.218s][info ][safepoint     ] Total time for which application threads were stopped: 0.0025020 seconds, Stopping threads took: 0.0011250 seconds
[2023-10-30T23:02:28.562+0000][1327.219s][debug][safepoint     ] Safepoint synchronization initiated. (189 threads)
[2023-10-30T23:02:28.564+0000][1327.220s][info ][safepoint     ] Application time: 1.0016696 seconds
[2023-10-30T23:02:28.565+0000][1327.221s][info ][safepoint     ] Entering safepoint region: Cleanup
[2023-10-30T23:02:28.566+0000][1327.222s][info ][safepoint     ] Leaving safepoint region
[2023-10-30T23:02:28.567+0000][1327.223s][info ][safepoint     ] Total time for which application threads were stopped: 0.0023508 seconds, Stopping threads took: 0.0009893 seconds
[2023-10-30T23:02:29.568+0000][1328.224s][debug][safepoint     ] Safepoint synchronization initiated. (189 threads)
[2023-10-30T23:02:29.569+0000][1328.225s][info ][safepoint     ] Application time: 1.0012919 seconds
[2023-10-30T23:02:29.570+0000][1328.226s][info ][safepoint     ] Entering safepoint region: Cleanup
[2023-10-30T23:02:29.571+0000][1328.228s][info ][safepoint     ] Leaving safepoint region
[2023-10-30T23:02:29.572+0000][1328.228s][info ][safepoint     ] Total time for which application threads were stopped: 0.0020931 seconds, Stopping threads took: 0.0009269 seconds
[2023-10-30T23:02:30.573+0000][1329.229s][debug][safepoint     ] Safepoint synchronization initiated. (189 threads)
[2023-10-30T23:02:30.574+0000][1329.230s][info ][safepoint     ] Application time: 1.0011371 seconds
[2023-10-30T23:02:30.575+0000][1329.231s][info ][safepoint     ] Entering safepoint region: Cleanup
[2023-10-30T23:02:30.576+0000][1329.232s][info ][safepoint     ] Leaving safepoint region
[2023-10-30T23:02:30.577+0000][1329.233s][info ][safepoint     ] Total time for which application threads were stopped: 0.0022420 seconds, Stopping threads took: 0.0009767 seconds
[2023-10-30T23:02:31.578+0000][1330.234s][debug][safepoint     ] Safepoint synchronization initiated. (189 threads)
[2023-10-30T23:02:31.579+0000][1330.235s][info ][safepoint     ] Application time: 1.0008472 seconds
[2023-10-30T23:02:31.579+0000][1330.235s][info ][safepoint     ] Entering safepoint region: Cleanup
[2023-10-30T23:02:31.580+0000][1330.236s][info ][safepoint     ] Leaving safepoint region
[2023-10-30T23:02:31.580+0000][1330.237s][info ][safepoint     ] Total time for which application threads were stopped: 0.0011712 seconds, Stopping threads took: 0.0005142 seconds
[2023-10-30T23:02:32.581+0000][1331.237s][debug][safepoint     ] Safepoint synchronization initiated. (189 threads)
[2023-10-30T23:02:32.582+0000][1331.238s][info ][safepoint     ] Application time: 1.0011774 seconds
[2023-10-30T23:02:32.583+0000][1331.239s][info ][safepoint     ] Entering safepoint region: Cleanup
[2023-10-30T23:02:32.584+0000][1331.240s][info ][safepoint     ] Leaving safepoint region
[2023-10-30T23:02:32.584+0000][1331.241s][info ][safepoint     ] Total time for which application threads were stopped: 0.0018134 seconds, Stopping threads took: 0.0007080 seconds
[2023-10-30T23:02:33.585+0000][1332.241s][debug][safepoint     ] Safepoint synchronization initiated. (189 threads)
[2023-10-30T23:02:33.586+0000][1332.242s][info ][safepoint     ] Application time: 1.0013103 seconds
[2023-10-30T23:02:33.587+0000][1332.243s][info ][safepoint     ] Entering safepoint region: Cleanup
[2023-10-30T23:02:33.588+0000][1332.245s][info ][safepoint     ] Leaving safepoint region
[2023-10-30T23:02:33.589+0000][1332.245s][info ][safepoint     ] Total time for which application threads were stopped: 0.0021625 seconds, Stopping threads took: 0.0010715 seconds
[2023-10-30T23:02:34.590+0000][1333.246s][debug][safepoint     ] Safepoint synchronization initiated. (189 threads)
[2023-10-30T23:02:34.591+0000][1333.247s][info ][safepoint     ] Application time: 1.0005673 seconds
[2023-10-30T23:02:34.591+0000][1333.247s][info ][safepoint     ] Entering safepoint region: Cleanup
[2023-10-30T23:02:34.591+0000][1333.248s][info ][safepoint     ] Leaving safepoint region
[2023-10-30T23:02:34.592+0000][1333.248s][info ][safepoint     ] Total time for which application threads were stopped: 0.0008277 seconds, Stopping threads took: 0.0003414 seconds
[2023-10-30T23:02:35.592+0000][1334.248s][debug][safepoint     ] Safepoint synchronization initiated. (189 threads)
[2023-10-30T23:02:35.593+0000][1334.249s][info ][safepoint     ] Application time: 1.0010819 seconds
[2023-10-30T23:02:35.594+0000][1334.250s][info ][safepoint     ] Entering safepoint region: Cleanup
[2023-10-30T23:02:35.595+0000][1334.251s][info ][safepoint     ] Leaving safepoint region
[2023-10-30T23:02:35.596+0000][1334.252s][info ][safepoint     ] Total time for which application threads were stopped: 0.0017090 seconds, Stopping threads took: 0.0007665 seconds
[2023-10-30T23:02:36.597+0000][1335.253s][debug][safepoint     ] Safepoint synchronization initiated. (187 threads)
[2023-10-30T23:02:36.597+0000][1335.253s][info ][safepoint     ] Application time: 1.0008785 seconds
[2023-10-30T23:02:36.598+0000][1335.254s][info ][safepoint     ] Entering safepoint region: Cleanup
[2023-10-30T23:02:36.599+0000][1335.255s][info ][safepoint     ] Leaving safepoint region
[2023-10-30T23:02:36.599+0000][1335.255s][info ][safepoint     ] Total time for which application threads were stopped: 0.0012048 seconds, Stopping threads took: 0.0005684 seconds
[2023-10-30T23:02:37.600+0000][1336.256s][debug][safepoint     ] Safepoint synchronization initiated. (187 threads)
[2023-10-30T23:02:37.600+0000][1336.257s][info ][safepoint     ] Application time: 1.0011002 seconds
[2023-10-30T23:02:37.601+0000][1336.257s][info ][safepoint     ] Entering safepoint region: Cleanup
[2023-10-30T23:02:37.602+0000][1336.258s][info ][safepoint     ] Leaving safepoint region
[2023-10-30T23:02:37.603+0000][1336.259s][info ][safepoint     ] Total time for which application threads were stopped: 0.0017783 seconds, Stopping threads took: 0.0007790 seconds
[2023-10-30T23:02:38.604+0000][1337.260s][debug][safepoint     ] Safepoint synchronization initiated. (187 threads)
[2023-10-30T23:02:38.604+0000][1337.260s][info ][safepoint     ] Application time: 1.0006036 seconds
[2023-10-30T23:02:38.605+0000][1337.261s][info ][safepoint     ] Entering safepoint region: Cleanup
[2023-10-30T23:02:38.605+0000][1337.261s][info ][safepoint     ] Leaving safepoint region
[2023-10-30T23:02:38.605+0000][1337.262s][info ][safepoint     ] Total time for which application threads were stopped: 0.0009638 seconds, Stopping threads took: 0.0004716 seconds
[2023-10-30T23:02:39.606+0000][1338.262s][debug][safepoint     ] Safepoint synchronization initiated. (188 threads)
[2023-10-30T23:02:39.607+0000][1338.263s][info ][safepoint     ] Application time: 1.0011810 seconds
[2023-10-30T23:02:39.608+0000][1338.264s][info ][safepoint     ] Entering safepoint region: Cleanup
[2023-10-30T23:02:39.608+0000][1338.264s][info ][safepoint     ] Leaving safepoint region
[2023-10-30T23:02:39.609+0000][1338.265s][info ][safepoint     ] Total time for which application threads were stopped: 0.0011513 seconds, Stopping threads took: 0.0005208 seconds
[2023-10-30T23:02:40.609+0000][1339.265s][debug][safepoint     ] Safepoint synchronization initiated. (188 threads)
[2023-10-30T23:02:40.610+0000][1339.266s][info ][safepoint     ] Application time: 1.0007818 seconds
[2023-10-30T23:02:40.610+0000][1339.267s][info ][safepoint     ] Entering safepoint region: Cleanup
[2023-10-30T23:02:40.611+0000][1339.267s][info ][safepoint     ] Leaving safepoint region
[2023-10-30T23:02:40.611+0000][1339.268s][info ][safepoint     ] Total time for which application threads were stopped: 0.0011539 seconds, Stopping threads took: 0.0004966 seconds
[2023-10-30T23:02:41.612+0000][1340.268s][debug][safepoint     ] Safepoint synchronization initiated. (188 threads)
[2023-10-30T23:02:41.613+0000][1340.269s][info ][safepoint     ] Application time: 1.0007606 seconds
[2023-10-30T23:02:41.613+0000][1340.269s][info ][safepoint     ] Entering safepoint region: Cleanup
[2023-10-30T23:02:41.614+0000][1340.270s][info ][safepoint     ] Leaving safepoint region
[2023-10-30T23:02:41.614+0000][1340.270s][info ][safepoint     ] Total time for which application threads were stopped: 0.0011652 seconds, Stopping threads took: 0.0005423 seconds
[2023-10-30T23:02:42.615+0000][1341.271s][debug][safepoint     ] Safepoint synchronization initiated. (188 threads)
[2023-10-30T23:02:42.615+0000][1341.272s][info ][safepoint     ] Application time: 1.0006207 seconds
[2023-10-30T23:02:42.616+0000][1341.272s][info ][safepoint     ] Entering safepoint region: Cleanup
[2023-10-30T23:02:42.616+0000][1341.272s][info ][safepoint     ] Leaving safepoint region
[2023-10-30T23:02:42.617+0000][1341.273s][info ][safepoint     ] Total time for which application threads were stopped: 0.0008995 seconds, Stopping threads took: 0.0003929 seconds
[2023-10-30T23:02:43.617+0000][1342.273s][debug][safepoint     ] Safepoint synchronization initiated. (188 threads)
[2023-10-30T23:02:43.618+0000][1342.275s][info ][safepoint     ] Application time: 1.0014424 seconds
[2023-10-30T23:02:43.619+0000][1342.275s][info ][safepoint     ] Entering safepoint region: Cleanup
[2023-10-30T23:02:43.620+0000][1342.276s][info ][safepoint     ] Leaving safepoint region
[2023-10-30T23:02:43.621+0000][1342.277s][info ][safepoint     ] Total time for which application threads were stopped: 0.0018738 seconds, Stopping threads took: 0.0008612 seconds
[2023-10-30T23:02:44.622+0000][1343.278s][debug][safepoint     ] Safepoint synchronization initiated. (188 threads)
[2023-10-30T23:02:44.622+0000][1343.278s][info ][safepoint     ] Application time: 1.0007968 seconds
[2023-10-30T23:02:44.623+0000][1343.279s][info ][safepoint     ] Entering safepoint region: Cleanup
[2023-10-30T23:02:44.624+0000][1343.280s][info ][safepoint     ] Leaving safepoint region
[2023-10-30T23:02:44.624+0000][1343.280s][info ][safepoint     ] Total time for which application threads were stopped: 0.0012637 seconds, Stopping threads took: 0.0006081 seconds
[2023-10-30T23:02:45.625+0000][1344.281s][debug][safepoint     ] Safepoint synchronization initiated. (188 threads)
[2023-10-30T23:02:45.625+0000][1344.282s][info ][safepoint     ] Application time: 1.0009299 seconds
[2023-10-30T23:02:45.626+0000][1344.282s][info ][safepoint     ] Entering safepoint region: Cleanup
[2023-10-30T23:02:45.627+0000][1344.283s][info ][safepoint     ] Leaving safepoint region
[2023-10-30T23:02:45.628+0000][1344.284s][info ][safepoint     ] Total time for which application threads were stopped: 0.0015922 seconds, Stopping threads took: 0.0007888 seconds
[2023-10-30T23:02:46.628+0000][1345.284s][debug][safepoint     ] Safepoint synchronization initiated. (188 threads)
[2023-10-30T23:02:46.629+0000][1345.285s][info ][safepoint     ] Application time: 1.0007366 seconds
[2023-10-30T23:02:46.629+0000][1345.286s][info ][safepoint     ] Entering safepoint region: Cleanup
[2023-10-30T23:02:46.630+0000][1345.286s][info ][safepoint     ] Leaving safepoint region
[2023-10-30T23:02:46.630+0000][1345.287s][info ][safepoint     ] Total time for which application threads were stopped: 0.0011306 seconds, Stopping threads took: 0.0005263 seconds
[2023-10-30T23:02:47.631+0000][1346.287s][debug][safepoint     ] Safepoint synchronization initiated. (188 threads)
[2023-10-30T23:02:47.632+0000][1346.288s][info ][safepoint     ] Application time: 1.0012749 seconds
[2023-10-30T23:02:47.633+0000][1346.289s][info ][safepoint     ] Entering safepoint region: Cleanup
[2023-10-30T23:02:47.634+0000][1346.290s][info ][safepoint     ] Leaving safepoint region
[2023-10-30T23:02:47.635+0000][1346.291s][info ][safepoint     ] Total time for which application threads were stopped: 0.0018796 seconds, Stopping threads took: 0.0009112 seconds
[2023-10-30T23:02:48.636+0000][1347.292s][debug][safepoint     ] Safepoint synchronization initiated. (188 threads)
[2023-10-30T23:02:48.637+0000][1347.293s][info ][safepoint     ] Application time: 1.0014027 seconds
[2023-10-30T23:02:48.638+0000][1347.294s][info ][safepoint     ] Entering safepoint region: Cleanup
[2023-10-30T23:02:48.639+0000][1347.295s][info ][safepoint     ] Leaving safepoint region
[2023-10-30T23:02:48.640+0000][1347.296s][info ][safepoint     ] Total time for which application threads were stopped: 0.0017599 seconds, Stopping threads took: 0.0008684 seconds
[2023-10-30T23:02:48.639+0000][1347.295s][debug][safepoint     ] ... found polling page return exception at pc = 0x00007f93492e2b44, stub =0x00007f9340840600
[2023-10-30T23:02:48.639+0000][1347.295s][debug][safepoint     ] ... found polling page return exception at pc = 0x00007f93492e2b44, stub =0x00007f9340840600
[2023-10-30T23:02:49.641+0000][1348.297s][debug][safepoint     ] Safepoint synchronization initiated. (188 threads)
[2023-10-30T23:02:49.642+0000][1348.298s][info ][safepoint     ] Application time: 1.0012772 seconds
[2023-10-30T23:02:49.643+0000][1348.299s][info ][safepoint     ] Entering safepoint region: Cleanup
[2023-10-30T23:02:49.644+0000][1348.300s][info ][safepoint     ] Leaving safepoint region
[2023-10-30T23:02:49.645+0000][1348.301s][info ][safepoint     ] Total time for which application threads were stopped: 0.0020683 seconds, Stopping threads took: 0.0008704 seconds
[2023-10-30T23:02:50.645+0000][1349.302s][debug][safepoint     ] Safepoint synchronization initiated. (188 threads)
[2023-10-30T23:02:50.646+0000][1349.302s][info ][safepoint     ] Application time: 1.0010252 seconds
[2023-10-30T23:02:50.647+0000][1349.303s][debug][safepoint     ] ... found polling page return exception at pc = 0x00007f934940d5e5, stub =0x00007f9340840600
[2023-10-30T23:02:50.647+0000][1349.304s][debug][safepoint     ] Waiting for 1 thread(s) to block
[2023-10-30T23:02:50.648+0000][1349.304s][info ][safepoint     ] Entering safepoint region: Cleanup
[2023-10-30T23:02:50.649+0000][1349.305s][info ][safepoint     ] Leaving safepoint region
[2023-10-30T23:02:50.650+0000][1349.306s][info ][safepoint     ] Total time for which application threads were stopped: 0.0028544 seconds, Stopping threads took: 0.0018979 seconds
[2023-10-30T23:02:51.650+0000][1350.307s][debug][safepoint     ] Safepoint synchronization initiated. (188 threads)
[2023-10-30T23:02:51.651+0000][1350.307s][info ][safepoint     ] Application time: 1.0009466 seconds
[2023-10-30T23:02:51.652+0000][1350.308s][info ][safepoint     ] Entering safepoint region: Cleanup
[2023-10-30T23:02:51.653+0000][1350.309s][info ][safepoint     ] Leaving safepoint region
[2023-10-30T23:02:51.653+0000][1350.310s][info ][safepoint     ] Total time for which application threads were stopped: 0.0016048 seconds, Stopping threads took: 0.0006792 seconds
[2023-10-30T23:02:52.654+0000][1351.310s][debug][safepoint     ] Safepoint synchronization initiated. (188 threads)
[2023-10-30T23:02:52.655+0000][1351.311s][info ][safepoint     ] Application time: 1.0009063 seconds
[2023-10-30T23:02:52.656+0000][1351.312s][info ][safepoint     ] Entering safepoint region: Cleanup
[2023-10-30T23:02:52.657+0000][1351.313s][info ][safepoint     ] Leaving safepoint region
[2023-10-30T23:02:52.657+0000][1351.313s][info ][safepoint     ] Total time for which application threads were stopped: 0.0014659 seconds, Stopping threads took: 0.0006478 seconds
[2023-10-30T23:02:53.658+0000][1352.314s][debug][safepoint     ] Safepoint synchronization initiated. (188 threads)
[2023-10-30T23:02:53.659+0000][1352.315s][info ][safepoint     ] Application time: 1.0010059 seconds
[2023-10-30T23:02:53.660+0000][1352.316s][info ][safepoint     ] Entering safepoint region: Cleanup
[2023-10-30T23:02:53.661+0000][1352.317s][info ][safepoint     ] Leaving safepoint region
[2023-10-30T23:02:53.661+0000][1352.317s][info ][safepoint     ] Total time for which application threads were stopped: 0.0016182 seconds, Stopping threads took: 0.0007533 seconds
[2023-10-30T23:02:53.661+0000][1352.317s][debug][safepoint     ] ... found polling page return exception at pc = 0x00007f93492e2b44, stub =0x00007f9340840600
[2023-10-30T23:02:53.661+0000][1352.317s][debug][safepoint     ] ... found polling page return exception at pc = 0x00007f93492e2b44, stub =0x00007f9340840600
[2023-10-30T23:02:53.661+0000][1352.317s][debug][safepoint     ] ... found polling page return exception at pc = 0x00007f93492e2b44, stub =0x00007f9340840600
[2023-10-30T23:02:53.661+0000][1352.317s][debug][safepoint     ] ... found polling page return exception at pc = 0x00007f93492e2b44, stub =0x00007f9340840600
[2023-10-30T23:02:53.661+0000][1352.317s][debug][safepoint     ] ... found polling page return exception at pc = 0x00007f93492e2b44, stub =0x00007f9340840600
[2023-10-30T23:02:53.661+0000][1352.317s][debug][safepoint     ] ... found polling page return exception at pc = 0x00007f93492e2b44, stub =0x00007f9340840600
[2023-10-30T23:02:53.661+0000][1352.317s][debug][safepoint     ] ... found polling page return exception at pc = 0x00007f93492e2b44, stub =0x00007f9340840600
[2023-10-30T23:02:54.385+0000][1353.041s][debug][safepoint     ] Safepoint synchronization initiated. (188 threads)
[2023-10-30T23:02:54.385+0000][1353.041s][info ][safepoint     ] Application time: 0.7233757 seconds
[2023-10-30T23:02:54.386+0000][1353.042s][info ][safepoint     ] Entering safepoint region: G1CollectForAllocation
[2023-10-30T23:02:54.387+0000][1353.043s][info ][gc,start      ] GC(70) Pause Young (Normal) (G1 Evacuation Pause)
[2023-10-30T23:02:54.387+0000][1353.043s][info ][gc,task       ] GC(70) Using 8 workers of 8 for evacuation
[2023-10-30T23:02:54.396+0000][1353.053s][info ][gc,phases     ] GC(70)   Pre Evacuate Collection Set: 0.0ms
[2023-10-30T23:02:54.397+0000][1353.053s][info ][gc,phases     ] GC(70)   Evacuate Collection Set: 5.5ms
[2023-10-30T23:02:54.397+0000][1353.054s][info ][gc,phases     ] GC(70)   Post Evacuate Collection Set: 2.8ms
[2023-10-30T23:02:54.398+0000][1353.054s][info ][gc,phases     ] GC(70)   Other: 1.3ms
[2023-10-30T23:02:54.398+0000][1353.054s][info ][gc,heap       ] GC(70) Eden regions: 132->0(135)
[2023-10-30T23:02:54.399+0000][1353.055s][info ][gc,heap       ] GC(70) Survivor regions: 9->9(18)
[2023-10-30T23:02:54.399+0000][1353.055s][info ][gc,heap       ] GC(70) Old regions: 154->154
[2023-10-30T23:02:54.400+0000][1353.056s][info ][gc,heap       ] GC(70) Humongous regions: 40->40
[2023-10-30T23:02:54.400+0000][1353.056s][info ][gc,metaspace  ] GC(70) Metaspace: 170481K(176164K)->170481K(176164K) NonClass: 150768K(154276K)->150768K(154276K) Class: 19712K(21888K)->19712K(21888K)
[2023-10-30T23:02:54.400+0000][1353.057s][info ][gc            ] GC(70) Pause Young (Normal) (G1 Evacuation Pause) 331M->199M(411M) 13.729ms
[2023-10-30T23:02:54.401+0000][1353.057s][info ][gc,cpu        ] GC(70) User=0.06s Sys=0.00s Real=0.01s
[2023-10-30T23:02:54.401+0000][1353.058s][info ][safepoint     ] Leaving safepoint region
[2023-10-30T23:02:54.402+0000][1353.058s][info ][safepoint     ] Total time for which application threads were stopped: 0.0159784 seconds, Stopping threads took: 0.0006470 seconds
[2023-10-30T23:02:54.402+0000][1353.058s][info ][gc,stringdedup] Concurrent String Deduplication (1353.058s)
[2023-10-30T23:02:54.403+0000][1353.059s][info ][gc,stringdedup] Concurrent String Deduplication 10984.0B->3432.0B(7552.0B) avg 54.3% (1353.058s, 1353.059s) 0.554ms
[2023-10-30T23:02:55.402+0000][1354.059s][debug][safepoint     ] Safepoint synchronization initiated. (187 threads)
[2023-10-30T23:02:55.404+0000][1354.060s][info ][safepoint     ] Application time: 1.0013652 seconds
[2023-10-30T23:02:55.405+0000][1354.061s][info ][safepoint     ] Entering safepoint region: Cleanup
[2023-10-30T23:02:55.406+0000][1354.062s][info ][safepoint     ] Leaving safepoint region
[2023-10-30T23:02:55.407+0000][1354.063s][info ][safepoint     ] Total time for which application threads were stopped: 0.0023907 seconds, Stopping threads took: 0.0010003 seconds
[2023-10-30T23:02:56.408+0000][1355.064s][debug][safepoint     ] Safepoint synchronization initiated. (187 threads)
[2023-10-30T23:02:56.408+0000][1355.065s][info ][safepoint     ] Application time: 1.0007445 seconds
[2023-10-30T23:02:56.409+0000][1355.065s][info ][safepoint     ] Entering safepoint region: Cleanup
[2023-10-30T23:02:56.409+0000][1355.066s][info ][safepoint     ] Leaving safepoint region
[2023-10-30T23:02:56.410+0000][1355.066s][info ][safepoint     ] Total time for which application threads were stopped: 0.0009772 seconds, Stopping threads took: 0.0004632 seconds
[2023-10-30T23:02:57.411+0000][1356.067s][debug][safepoint     ] Safepoint synchronization initiated. (187 threads)
[2023-10-30T23:02:57.411+0000][1356.068s][info ][safepoint     ] Application time: 1.0012729 seconds
[2023-10-30T23:02:57.412+0000][1356.068s][info ][safepoint     ] Entering safepoint region: Cleanup
[2023-10-30T23:02:57.413+0000][1356.069s][info ][safepoint     ] Leaving safepoint region
[2023-10-30T23:02:57.413+0000][1356.069s][info ][safepoint     ] Total time for which application threads were stopped: 0.0012237 seconds, Stopping threads took: 0.0005892 seconds
[2023-10-30T23:02:58.414+0000][1357.070s][debug][safepoint     ] Safepoint synchronization initiated. (187 threads)
[2023-10-30T23:02:58.415+0000][1357.071s][info ][safepoint     ] Application time: 1.0010038 seconds
[2023-10-30T23:02:58.416+0000][1357.072s][info ][safepoint     ] Entering safepoint region: Cleanup
[2023-10-30T23:02:58.417+0000][1357.073s][info ][safepoint     ] Leaving safepoint region
[2023-10-30T23:02:58.417+0000][1357.073s][info ][safepoint     ] Total time for which application threads were stopped: 0.0015824 seconds, Stopping threads took: 0.0007398 seconds
[2023-10-30T23:02:59.418+0000][1358.074s][debug][safepoint     ] Safepoint synchronization initiated. (187 threads)
[2023-10-30T23:02:59.419+0000][1358.075s][info ][safepoint     ] Application time: 1.0009553 seconds
[2023-10-30T23:02:59.419+0000][1358.076s][info ][safepoint     ] Entering safepoint region: Cleanup
[2023-10-30T23:02:59.420+0000][1358.076s][info ][safepoint     ] Leaving safepoint region
[2023-10-30T23:02:59.421+0000][1358.077s][info ][safepoint     ] Total time for which application threads were stopped: 0.0012842 seconds, Stopping threads took: 0.0005633 seconds
[2023-10-30T23:03:00.421+0000][1359.078s][debug][safepoint     ] Safepoint synchronization initiated. (187 threads)
[2023-10-30T23:03:00.422+0000][1359.078s][info ][safepoint     ] Application time: 1.0010456 seconds
[2023-10-30T23:03:00.423+0000][1359.079s][info ][safepoint     ] Entering safepoint region: Cleanup
[2023-10-30T23:03:00.424+0000][1359.080s][info ][safepoint     ] Leaving safepoint region
[2023-10-30T23:03:00.424+0000][1359.080s][info ][safepoint     ] Total time for which application threads were stopped: 0.0013446 seconds, Stopping threads took: 0.0005899 seconds
[2023-10-30T23:03:01.425+0000][1360.081s][debug][safepoint     ] Safepoint synchronization initiated. (187 threads)
[2023-10-30T23:03:01.426+0000][1360.082s][info ][safepoint     ] Application time: 1.0016158 seconds
[2023-10-30T23:03:01.427+0000][1360.083s][info ][safepoint     ] Entering safepoint region: Cleanup
[2023-10-30T23:03:01.427+0000][1360.084s][info ][safepoint     ] Leaving safepoint region
[2023-10-30T23:03:01.428+0000][1360.084s][info ][safepoint     ] Total time for which application threads were stopped: 0.0010934 seconds, Stopping threads took: 0.0004453 seconds
[2023-10-30T23:03:02.428+0000][1361.084s][debug][safepoint     ] Safepoint synchronization initiated. (187 threads)
[2023-10-30T23:03:02.429+0000][1361.085s][info ][safepoint     ] Application time: 1.0006764 seconds
[2023-10-30T23:03:02.429+0000][1361.085s][info ][safepoint     ] Entering safepoint region: Cleanup
[2023-10-30T23:03:02.430+0000][1361.086s][info ][safepoint     ] Leaving safepoint region
[2023-10-30T23:03:02.430+0000][1361.086s][info ][safepoint     ] Total time for which application threads were stopped: 0.0009490 seconds, Stopping threads took: 0.0004067 seconds
[2023-10-30T23:03:03.431+0000][1362.087s][debug][safepoint     ] Safepoint synchronization initiated. (186 threads)
[2023-10-30T23:03:03.431+0000][1362.087s][info ][safepoint     ] Application time: 1.0007417 seconds
[2023-10-30T23:03:03.432+0000][1362.088s][info ][safepoint     ] Entering safepoint region: Cleanup
[2023-10-30T23:03:03.433+0000][1362.089s][info ][safepoint     ] Leaving safepoint region
[2023-10-30T23:03:03.433+0000][1362.089s][info ][safepoint     ] Total time for which application threads were stopped: 0.0012417 seconds, Stopping threads took: 0.0005117 seconds
[2023-10-30T23:03:04.434+0000][1363.090s][debug][safepoint     ] Safepoint synchronization initiated. (186 threads)
[2023-10-30T23:03:04.434+0000][1363.090s][info ][safepoint     ] Application time: 1.0009126 seconds
[2023-10-30T23:03:04.435+0000][1363.091s][info ][safepoint     ] Entering safepoint region: Cleanup
[2023-10-30T23:03:04.436+0000][1363.092s][info ][safepoint     ] Leaving safepoint region
[2023-10-30T23:03:04.436+0000][1363.093s][info ][safepoint     ] Total time for which application threads were stopped: 0.0014423 seconds, Stopping threads took: 0.0005962 seconds
[2023-10-30T23:03:05.437+0000][1364.094s][debug][safepoint     ] Safepoint synchronization initiated. (186 threads)
[2023-10-30T23:03:05.439+0000][1364.095s][info ][safepoint     ] Application time: 1.0015820 seconds
[2023-10-30T23:03:05.439+0000][1364.096s][info ][safepoint     ] Entering safepoint region: Cleanup
[2023-10-30T23:03:05.441+0000][1364.097s][info ][safepoint     ] Leaving safepoint region
[2023-10-30T23:03:05.442+0000][1364.098s][info ][safepoint     ] Total time for which application threads were stopped: 0.0022028 seconds, Stopping threads took: 0.0009578 seconds
[2023-10-30T23:03:06.443+0000][1365.099s][debug][safepoint     ] Safepoint synchronization initiated. (186 threads)
[2023-10-30T23:03:06.443+0000][1365.099s][info ][safepoint     ] Application time: 1.0008928 seconds
[2023-10-30T23:03:06.444+0000][1365.100s][info ][safepoint     ] Entering safepoint region: Cleanup
[2023-10-30T23:03:06.445+0000][1365.101s][info ][safepoint     ] Leaving safepoint region
[2023-10-30T23:03:06.445+0000][1365.101s][info ][safepoint     ] Total time for which application threads were stopped: 0.0013278 seconds, Stopping threads took: 0.0006063 seconds
[2023-10-30T23:03:07.446+0000][1366.102s][debug][safepoint     ] Safepoint synchronization initiated. (186 threads)
[2023-10-30T23:03:07.447+0000][1366.103s][info ][safepoint     ] Application time: 1.0014390 seconds
[2023-10-30T23:03:07.448+0000][1366.104s][info ][safepoint     ] Entering safepoint region: Cleanup
[2023-10-30T23:03:07.449+0000][1366.105s][info ][safepoint     ] Leaving safepoint region
[2023-10-30T23:03:07.450+0000][1366.106s][info ][safepoint     ] Total time for which application threads were stopped: 0.0021370 seconds, Stopping threads took: 0.0009649 seconds
[2023-10-30T23:03:08.451+0000][1367.107s][debug][safepoint     ] Safepoint synchronization initiated. (186 threads)
[2023-10-30T23:03:08.452+0000][1367.108s][info ][safepoint     ] Application time: 1.0010907 seconds
[2023-10-30T23:03:08.453+0000][1367.109s][info ][safepoint     ] Entering safepoint region: Cleanup
[2023-10-30T23:03:08.454+0000][1367.110s][info ][safepoint     ] Leaving safepoint region
[2023-10-30T23:03:08.455+0000][1367.111s][info ][safepoint     ] Total time for which application threads were stopped: 0.0017827 seconds, Stopping threads took: 0.0007654 seconds
[2023-10-30T23:03:09.456+0000][1368.112s][debug][safepoint     ] Safepoint synchronization initiated. (186 threads)
[2023-10-30T23:03:09.457+0000][1368.113s][info ][safepoint     ] Application time: 1.0015211 seconds
[2023-10-30T23:03:09.458+0000][1368.114s][info ][safepoint     ] Entering safepoint region: Cleanup
[2023-10-30T23:03:09.459+0000][1368.116s][info ][safepoint     ] Leaving safepoint region
[2023-10-30T23:03:09.460+0000][1368.116s][info ][safepoint     ] Total time for which application threads were stopped: 0.0024966 seconds, Stopping threads took: 0.0011687 seconds
[2023-10-30T23:03:10.461+0000][1369.117s][debug][safepoint     ] Safepoint synchronization initiated. (186 threads)
[2023-10-30T23:03:10.462+0000][1369.118s][info ][safepoint     ] Application time: 1.0009398 seconds
[2023-10-30T23:03:10.463+0000][1369.119s][info ][safepoint     ] Entering safepoint region: Cleanup
[2023-10-30T23:03:10.464+0000][1369.120s][info ][safepoint     ] Leaving safepoint region
[2023-10-30T23:03:10.464+0000][1369.120s][info ][safepoint     ] Total time for which application threads were stopped: 0.0014786 seconds, Stopping threads took: 0.0007083 seconds
[2023-10-30T23:03:11.465+0000][1370.121s][debug][safepoint     ] Safepoint synchronization initiated. (186 threads)
[2023-10-30T23:03:11.466+0000][1370.122s][info ][safepoint     ] Application time: 1.0014333 seconds
[2023-10-30T23:03:11.467+0000][1370.123s][info ][safepoint     ] Entering safepoint region: Cleanup
[2023-10-30T23:03:11.468+0000][1370.125s][info ][safepoint     ] Leaving safepoint region
[2023-10-30T23:03:11.469+0000][1370.125s][info ][safepoint     ] Total time for which application threads were stopped: 0.0019984 seconds, Stopping threads took: 0.0009044 seconds
[2023-10-30T23:03:12.470+0000][1371.126s][debug][safepoint     ] Safepoint synchronization initiated. (186 threads)
[2023-10-30T23:03:12.471+0000][1371.127s][info ][safepoint     ] Application time: 1.0008881 seconds
[2023-10-30T23:03:12.472+0000][1371.128s][info ][safepoint     ] Entering safepoint region: Cleanup
[2023-10-30T23:03:12.473+0000][1371.129s][info ][safepoint     ] Leaving safepoint region
[2023-10-30T23:03:12.473+0000][1371.130s][info ][safepoint     ] Total time for which application threads were stopped: 0.0019952 seconds, Stopping threads took: 0.0012911 seconds
[2023-10-30T23:03:13.474+0000][1372.130s][debug][safepoint     ] Safepoint synchronization initiated. (186 threads)
[2023-10-30T23:03:13.475+0000][1372.131s][info ][safepoint     ] Application time: 1.0009823 seconds
[2023-10-30T23:03:13.476+0000][1372.132s][info ][safepoint     ] Entering safepoint region: Cleanup
[2023-10-30T23:03:13.476+0000][1372.133s][info ][safepoint     ] Leaving safepoint region
[2023-10-30T23:03:13.477+0000][1372.133s][info ][safepoint     ] Total time for which application threads were stopped: 0.0015070 seconds, Stopping threads took: 0.0006136 seconds
[2023-10-30T23:03:14.478+0000][1373.134s][debug][safepoint     ] Safepoint synchronization initiated. (186 threads)
[2023-10-30T23:03:14.478+0000][1373.135s][info ][safepoint     ] Application time: 1.0007977 seconds
[2023-10-30T23:03:14.479+0000][1373.135s][info ][safepoint     ] Entering safepoint region: Cleanup
[2023-10-30T23:03:14.480+0000][1373.136s][info ][safepoint     ] Leaving safepoint region
[2023-10-30T23:03:14.481+0000][1373.137s][info ][safepoint     ] Total time for which application threads were stopped: 0.0015804 seconds, Stopping threads took: 0.0006779 seconds
[2023-10-30T23:03:15.481+0000][1374.138s][debug][safepoint     ] Safepoint synchronization initiated. (186 threads)
[2023-10-30T23:03:15.482+0000][1374.138s][info ][safepoint     ] Application time: 1.0004869 seconds
[2023-10-30T23:03:15.482+0000][1374.138s][info ][safepoint     ] Entering safepoint region: Cleanup
[2023-10-30T23:03:15.483+0000][1374.139s][info ][safepoint     ] Leaving safepoint region
[2023-10-30T23:03:15.483+0000][1374.139s][info ][safepoint     ] Total time for which application threads were stopped: 0.0008330 seconds, Stopping threads took: 0.0002942 seconds
[2023-10-30T23:03:16.483+0000][1375.139s][debug][safepoint     ] Safepoint synchronization initiated. (186 threads)
[2023-10-30T23:03:16.484+0000][1375.140s][info ][safepoint     ] Application time: 1.0006008 seconds
[2023-10-30T23:03:16.484+0000][1375.140s][info ][safepoint     ] Entering safepoint region: Cleanup
[2023-10-30T23:03:16.485+0000][1375.141s][info ][safepoint     ] Leaving safepoint region
[2023-10-30T23:03:16.485+0000][1375.141s][info ][safepoint     ] Total time for which application threads were stopped: 0.0010778 seconds, Stopping threads took: 0.0004593 seconds
[2023-10-30T23:03:17.486+0000][1376.142s][debug][safepoint     ] Safepoint synchronization initiated. (186 threads)
[2023-10-30T23:03:17.487+0000][1376.143s][info ][safepoint     ] Application time: 1.0010519 seconds
[2023-10-30T23:03:17.487+0000][1376.144s][info ][safepoint     ] Entering safepoint region: Cleanup
[2023-10-30T23:03:17.488+0000][1376.144s][info ][safepoint     ] Leaving safepoint region
[2023-10-30T23:03:17.489+0000][1376.145s][info ][safepoint     ] Total time for which application threads were stopped: 0.0013948 seconds, Stopping threads took: 0.0006019 seconds
[2023-10-30T23:03:18.490+0000][1377.146s][debug][safepoint     ] Safepoint synchronization initiated. (186 threads)
[2023-10-30T23:03:18.490+0000][1377.147s][info ][safepoint     ] Application time: 1.0011459 seconds
[2023-10-30T23:03:18.491+0000][1377.147s][info ][safepoint     ] Entering safepoint region: Cleanup
[2023-10-30T23:03:18.492+0000][1377.148s][info ][safepoint     ] Leaving safepoint region
[2023-10-30T23:03:18.493+0000][1377.149s][info ][safepoint     ] Total time for which application threads were stopped: 0.0013741 seconds, Stopping threads took: 0.0007042 seconds
[2023-10-30T23:03:19.493+0000][1378.149s][debug][safepoint     ] Safepoint synchronization initiated. (186 threads)
[2023-10-30T23:03:19.494+0000][1378.150s][info ][safepoint     ] Application time: 1.0012607 seconds
[2023-10-30T23:03:19.495+0000][1378.151s][info ][safepoint     ] Entering safepoint region: Cleanup
[2023-10-30T23:03:19.496+0000][1378.153s][info ][safepoint     ] Leaving safepoint region
[2023-10-30T23:03:19.497+0000][1378.153s][info ][safepoint     ] Total time for which application threads were stopped: 0.0019978 seconds, Stopping threads took: 0.0009874 seconds
[2023-10-30T23:03:19.497+0000][1378.153s][debug][safepoint     ] ... found polling page return exception at pc = 0x00007f93492e2b44, stub =0x00007f9340840600
[2023-10-30T23:03:19.497+0000][1378.153s][debug][safepoint     ] ... found polling page return exception at pc = 0x00007f93492e2b44, stub =0x00007f9340840600
[2023-10-30T23:03:19.497+0000][1378.153s][debug][safepoint     ] ... found polling page return exception at pc = 0x00007f93492e2b44, stub =0x00007f9340840600
[2023-10-30T23:03:19.497+0000][1378.153s][debug][safepoint     ] ... found polling page return exception at pc = 0x00007f93492e2b44, stub =0x00007f9340840600
[2023-10-30T23:03:19.497+0000][1378.153s][debug][safepoint     ] ... found polling page return exception at pc = 0x00007f93492e2b44, stub =0x00007f9340840600
[2023-10-30T23:03:20.498+0000][1379.154s][debug][safepoint     ] Safepoint synchronization initiated. (186 threads)
[2023-10-30T23:03:20.499+0000][1379.155s][info ][safepoint     ] Application time: 1.0012716 seconds
[2023-10-30T23:03:20.500+0000][1379.156s][info ][safepoint     ] Entering safepoint region: Cleanup
[2023-10-30T23:03:20.501+0000][1379.158s][info ][safepoint     ] Leaving safepoint region
[2023-10-30T23:03:20.502+0000][1379.158s][info ][safepoint     ] Total time for which application threads were stopped: 0.0019609 seconds, Stopping threads took: 0.0008660 seconds
[2023-10-30T23:03:21.503+0000][1380.159s][debug][safepoint     ] Safepoint synchronization initiated. (186 threads)
[2023-10-30T23:03:21.504+0000][1380.160s][info ][safepoint     ] Application time: 1.0008289 seconds
[2023-10-30T23:03:21.505+0000][1380.161s][info ][safepoint     ] Entering safepoint region: Cleanup
[2023-10-30T23:03:21.505+0000][1380.162s][info ][safepoint     ] Leaving safepoint region
[2023-10-30T23:03:21.506+0000][1380.162s][info ][safepoint     ] Total time for which application threads were stopped: 0.0013887 seconds, Stopping threads took: 0.0006496 seconds
[2023-10-30T23:03:22.507+0000][1381.163s][debug][safepoint     ] Safepoint synchronization initiated. (186 threads)
[2023-10-30T23:03:22.508+0000][1381.164s][info ][safepoint     ] Application time: 1.0013249 seconds
[2023-10-30T23:03:22.509+0000][1381.165s][info ][safepoint     ] Entering safepoint region: Cleanup
[2023-10-30T23:03:22.510+0000][1381.166s][info ][safepoint     ] Leaving safepoint region
[2023-10-30T23:03:22.511+0000][1381.167s][info ][safepoint     ] Total time for which application threads were stopped: 0.0019940 seconds, Stopping threads took: 0.0008475 seconds
[2023-10-30T23:03:23.512+0000][1382.168s][debug][safepoint     ] Safepoint synchronization initiated. (186 threads)
[2023-10-30T23:03:23.512+0000][1382.168s][info ][safepoint     ] Application time: 1.0005294 seconds
[2023-10-30T23:03:23.512+0000][1382.169s][info ][safepoint     ] Entering safepoint region: Cleanup
[2023-10-30T23:03:23.513+0000][1382.169s][info ][safepoint     ] Leaving safepoint region
[2023-10-30T23:03:23.513+0000][1382.169s][info ][safepoint     ] Total time for which application threads were stopped: 0.0009483 seconds, Stopping threads took: 0.0004113 seconds
[2023-10-30T23:03:24.514+0000][1383.170s][debug][safepoint     ] Safepoint synchronization initiated. (186 threads)
[2023-10-30T23:03:24.514+0000][1383.171s][info ][safepoint     ] Application time: 1.0008306 seconds
[2023-10-30T23:03:24.515+0000][1383.171s][info ][safepoint     ] Entering safepoint region: Cleanup
[2023-10-30T23:03:24.516+0000][1383.172s][info ][safepoint     ] Leaving safepoint region
[2023-10-30T23:03:24.517+0000][1383.173s][info ][safepoint     ] Total time for which application threads were stopped: 0.0020071 seconds, Stopping threads took: 0.0007383 seconds
[2023-10-30T23:03:25.519+0000][1384.175s][debug][safepoint     ] Safepoint synchronization initiated. (186 threads)
[2023-10-30T23:03:25.519+0000][1384.176s][info ][safepoint     ] Application time: 1.0007676 seconds
[2023-10-30T23:03:25.520+0000][1384.176s][info ][safepoint     ] Entering safepoint region: Cleanup
[2023-10-30T23:03:25.521+0000][1384.177s][info ][safepoint     ] Leaving safepoint region
[2023-10-30T23:03:25.521+0000][1384.177s][info ][safepoint     ] Total time for which application threads were stopped: 0.0011026 seconds, Stopping threads took: 0.0005321 seconds
[2023-10-30T23:03:26.521+0000][1385.178s][debug][safepoint     ] Safepoint synchronization initiated. (186 threads)
[2023-10-30T23:03:26.522+0000][1385.178s][info ][safepoint     ] Application time: 1.0006024 seconds
[2023-10-30T23:03:26.522+0000][1385.179s][info ][safepoint     ] Entering safepoint region: Cleanup
[2023-10-30T23:03:26.523+0000][1385.179s][info ][safepoint     ] Leaving safepoint region
[2023-10-30T23:03:26.523+0000][1385.180s][info ][safepoint     ] Total time for which application threads were stopped: 0.0011326 seconds, Stopping threads took: 0.0005280 seconds
[2023-10-30T23:03:27.524+0000][1386.180s][debug][safepoint     ] Safepoint synchronization initiated. (186 threads)
[2023-10-30T23:03:27.525+0000][1386.181s][info ][safepoint     ] Application time: 1.0008420 seconds
[2023-10-30T23:03:27.525+0000][1386.181s][info ][safepoint     ] Entering safepoint region: Cleanup
[2023-10-30T23:03:27.526+0000][1386.182s][info ][safepoint     ] Leaving safepoint region
[2023-10-30T23:03:27.527+0000][1386.183s][info ][safepoint     ] Total time for which application threads were stopped: 0.0013819 seconds, Stopping threads took: 0.0005076 seconds
[2023-10-30T23:03:28.527+0000][1387.183s][debug][safepoint     ] Safepoint synchronization initiated. (186 threads)
[2023-10-30T23:03:28.528+0000][1387.184s][info ][safepoint     ] Application time: 1.0007706 seconds
[2023-10-30T23:03:28.528+0000][1387.185s][info ][safepoint     ] Entering safepoint region: Cleanup
[2023-10-30T23:03:28.529+0000][1387.185s][info ][safepoint     ] Leaving safepoint region
[2023-10-30T23:03:28.529+0000][1387.186s][info ][safepoint     ] Total time for which application threads were stopped: 0.0012146 seconds, Stopping threads took: 0.0005515 seconds
[2023-10-30T23:03:29.530+0000][1388.186s][debug][safepoint     ] Safepoint synchronization initiated. (186 threads)
[2023-10-30T23:03:29.531+0000][1388.187s][info ][safepoint     ] Application time: 1.0009024 seconds
[2023-10-30T23:03:29.532+0000][1388.188s][info ][safepoint     ] Entering safepoint region: Cleanup
[2023-10-30T23:03:29.532+0000][1388.188s][info ][safepoint     ] Leaving safepoint region
[2023-10-30T23:03:29.533+0000][1388.189s][info ][safepoint     ] Total time for which application threads were stopped: 0.0013159 seconds, Stopping threads took: 0.0005686 seconds
[2023-10-30T23:03:30.534+0000][1389.190s][debug][safepoint     ] Safepoint synchronization initiated. (186 threads)
[2023-10-30T23:03:30.534+0000][1389.190s][info ][safepoint     ] Application time: 1.0006034 seconds
[2023-10-30T23:03:30.534+0000][1389.191s][info ][safepoint     ] Entering safepoint region: Cleanup
[2023-10-30T23:03:30.535+0000][1389.191s][info ][safepoint     ] Leaving safepoint region
[2023-10-30T23:03:30.535+0000][1389.191s][info ][safepoint     ] Total time for which application threads were stopped: 0.0007878 seconds, Stopping threads took: 0.0003454 seconds
[2023-10-30T23:03:31.535+0000][1390.192s][debug][safepoint     ] Safepoint synchronization initiated. (186 threads)
[2023-10-30T23:03:31.536+0000][1390.193s][info ][safepoint     ] Application time: 1.0010408 seconds
[2023-10-30T23:03:31.538+0000][1390.194s][info ][safepoint     ] Entering safepoint region: Cleanup
[2023-10-30T23:03:31.538+0000][1390.194s][info ][safepoint     ] Leaving safepoint region
[2023-10-30T23:03:31.539+0000][1390.195s][info ][safepoint     ] Total time for which application threads were stopped: 0.0010585 seconds, Stopping threads took: 0.0003799 seconds
[2023-10-30T23:03:32.539+0000][1391.195s][debug][safepoint     ] Safepoint synchronization initiated. (186 threads)
[2023-10-30T23:03:32.540+0000][1391.196s][info ][safepoint     ] Application time: 1.0008035 seconds
[2023-10-30T23:03:32.540+0000][1391.197s][info ][safepoint     ] Entering safepoint region: Cleanup
[2023-10-30T23:03:32.541+0000][1391.197s][info ][safepoint     ] Leaving safepoint region
[2023-10-30T23:03:32.542+0000][1391.198s][info ][safepoint     ] Total time for which application threads were stopped: 0.0014302 seconds, Stopping threads took: 0.0006104 seconds
[2023-10-30T23:03:33.543+0000][1392.199s][debug][safepoint     ] Safepoint synchronization initiated. (186 threads)
[2023-10-30T23:03:33.543+0000][1392.200s][info ][safepoint     ] Application time: 1.0009203 seconds
[2023-10-30T23:03:33.544+0000][1392.200s][info ][safepoint     ] Entering safepoint region: Cleanup
[2023-10-30T23:03:33.545+0000][1392.201s][info ][safepoint     ] Leaving safepoint region
[2023-10-30T23:03:33.545+0000][1392.201s][info ][safepoint     ] Total time for which application threads were stopped: 0.0013187 seconds, Stopping threads took: 0.0005455 seconds
[2023-10-30T23:03:34.546+0000][1393.202s][debug][safepoint     ] Safepoint synchronization initiated. (186 threads)
[2023-10-30T23:03:34.546+0000][1393.203s][info ][safepoint     ] Application time: 1.0005879 seconds
[2023-10-30T23:03:34.547+0000][1393.203s][info ][safepoint     ] Entering safepoint region: Cleanup
[2023-10-30T23:03:34.548+0000][1393.204s][info ][safepoint     ] Leaving safepoint region
[2023-10-30T23:03:34.548+0000][1393.204s][info ][safepoint     ] Total time for which application threads were stopped: 0.0013625 seconds, Stopping threads took: 0.0006040 seconds
[2023-10-30T23:03:35.549+0000][1394.206s][debug][safepoint     ] Safepoint synchronization initiated. (186 threads)
[2023-10-30T23:03:35.550+0000][1394.207s][info ][safepoint     ] Application time: 1.0014503 seconds
[2023-10-30T23:03:35.551+0000][1394.208s][info ][safepoint     ] Entering safepoint region: Cleanup
[2023-10-30T23:03:35.553+0000][1394.209s][info ][safepoint     ] Leaving safepoint region
[2023-10-30T23:03:35.553+0000][1394.210s][info ][safepoint     ] Total time for which application threads were stopped: 0.0019500 seconds, Stopping threads took: 0.0008637 seconds
[2023-10-30T23:03:36.554+0000][1395.210s][debug][safepoint     ] Safepoint synchronization initiated. (186 threads)
[2023-10-30T23:03:36.555+0000][1395.211s][info ][safepoint     ] Application time: 1.0005223 seconds
[2023-10-30T23:03:36.555+0000][1395.211s][info ][safepoint     ] Entering safepoint region: Cleanup
[2023-10-30T23:03:36.556+0000][1395.212s][info ][safepoint     ] Leaving safepoint region
[2023-10-30T23:03:36.556+0000][1395.212s][info ][safepoint     ] Total time for which application threads were stopped: 0.0009282 seconds, Stopping threads took: 0.0004311 seconds
[2023-10-30T23:03:37.557+0000][1396.213s][debug][safepoint     ] Safepoint synchronization initiated. (186 threads)
[2023-10-30T23:03:37.558+0000][1396.214s][info ][safepoint     ] Application time: 1.0014927 seconds
[2023-10-30T23:03:37.559+0000][1396.215s][info ][safepoint     ] Entering safepoint region: Cleanup
[2023-10-30T23:03:37.560+0000][1396.216s][info ][safepoint     ] Leaving safepoint region
[2023-10-30T23:03:37.561+0000][1396.217s][info ][safepoint     ] Total time for which application threads were stopped: 0.0019395 seconds, Stopping threads took: 0.0009453 seconds
[2023-10-30T23:03:38.562+0000][1397.218s][debug][safepoint     ] Safepoint synchronization initiated. (186 threads)
[2023-10-30T23:03:38.563+0000][1397.219s][info ][safepoint     ] Application time: 1.0012492 seconds
[2023-10-30T23:03:38.564+0000][1397.220s][info ][safepoint     ] Entering safepoint region: Cleanup
[2023-10-30T23:03:38.565+0000][1397.221s][info ][safepoint     ] Leaving safepoint region
[2023-10-30T23:03:38.566+0000][1397.222s][info ][safepoint     ] Total time for which application threads were stopped: 0.0021147 seconds, Stopping threads took: 0.0009257 seconds
[2023-10-30T23:03:39.567+0000][1398.223s][debug][safepoint     ] Safepoint synchronization initiated. (186 threads)
[2023-10-30T23:03:39.567+0000][1398.224s][info ][safepoint     ] Application time: 1.0009658 seconds
[2023-10-30T23:03:39.568+0000][1398.224s][info ][safepoint     ] Entering safepoint region: Cleanup
[2023-10-30T23:03:39.569+0000][1398.225s][info ][safepoint     ] Leaving safepoint region
[2023-10-30T23:03:39.569+0000][1398.226s][info ][safepoint     ] Total time for which application threads were stopped: 0.0013675 seconds, Stopping threads took: 0.0006313 seconds
[2023-10-30T23:03:40.570+0000][1399.226s][debug][safepoint     ] Safepoint synchronization initiated. (186 threads)
[2023-10-30T23:03:40.572+0000][1399.228s][info ][safepoint     ] Application time: 1.0016571 seconds
[2023-10-30T23:03:40.573+0000][1399.229s][info ][safepoint     ] Entering safepoint region: Cleanup
[2023-10-30T23:03:40.574+0000][1399.231s][info ][safepoint     ] Leaving safepoint region
[2023-10-30T23:03:40.575+0000][1399.231s][info ][safepoint     ] Total time for which application threads were stopped: 0.0023446 seconds, Stopping threads took: 0.0011813 seconds
[2023-10-30T23:03:41.576+0000][1400.232s][debug][safepoint     ] Safepoint synchronization initiated. (186 threads)
[2023-10-30T23:03:41.577+0000][1400.233s][info ][safepoint     ] Application time: 1.0006394 seconds
[2023-10-30T23:03:41.577+0000][1400.233s][info ][safepoint     ] Entering safepoint region: Cleanup
[2023-10-30T23:03:41.578+0000][1400.234s][info ][safepoint     ] Leaving safepoint region
[2023-10-30T23:03:41.578+0000][1400.234s][info ][safepoint     ] Total time for which application threads were stopped: 0.0010134 seconds, Stopping threads took: 0.0004506 seconds
[2023-10-30T23:03:42.579+0000][1401.235s][debug][safepoint     ] Safepoint synchronization initiated. (186 threads)
[2023-10-30T23:03:42.580+0000][1401.236s][info ][safepoint     ] Application time: 1.0010589 seconds
[2023-10-30T23:03:42.580+0000][1401.237s][info ][safepoint     ] Entering safepoint region: Cleanup
[2023-10-30T23:03:42.581+0000][1401.238s][info ][safepoint     ] Leaving safepoint region
[2023-10-30T23:03:42.582+0000][1401.238s][info ][safepoint     ] Total time for which application threads were stopped: 0.0017120 seconds, Stopping threads took: 0.0006933 seconds
[2023-10-30T23:03:43.583+0000][1402.239s][debug][safepoint     ] Safepoint synchronization initiated. (186 threads)
[2023-10-30T23:03:43.584+0000][1402.240s][info ][safepoint     ] Application time: 1.0009704 seconds
[2023-10-30T23:03:43.584+0000][1402.241s][info ][safepoint     ] Entering safepoint region: Cleanup
[2023-10-30T23:03:43.585+0000][1402.241s][info ][safepoint     ] Leaving safepoint region
[2023-10-30T23:03:43.586+0000][1402.242s][info ][safepoint     ] Total time for which application threads were stopped: 0.0013337 seconds, Stopping threads took: 0.0005833 seconds
[2023-10-30T23:03:44.586+0000][1403.243s][debug][safepoint     ] Safepoint synchronization initiated. (186 threads)
[2023-10-30T23:03:44.587+0000][1403.243s][info ][safepoint     ] Application time: 1.0009681 seconds
[2023-10-30T23:03:44.588+0000][1403.244s][info ][safepoint     ] Entering safepoint region: Cleanup
[2023-10-30T23:03:44.589+0000][1403.245s][info ][safepoint     ] Leaving safepoint region
[2023-10-30T23:03:44.589+0000][1403.246s][info ][safepoint     ] Total time for which application threads were stopped: 0.0014101 seconds, Stopping threads took: 0.0006665 seconds
[2023-10-30T23:03:45.590+0000][1404.246s][debug][safepoint     ] Safepoint synchronization initiated. (186 threads)
[2023-10-30T23:03:45.591+0000][1404.247s][info ][safepoint     ] Application time: 1.0011491 seconds
[2023-10-30T23:03:45.592+0000][1404.248s][info ][safepoint     ] Entering safepoint region: Cleanup
[2023-10-30T23:03:45.594+0000][1404.250s][info ][safepoint     ] Leaving safepoint region
[2023-10-30T23:03:45.595+0000][1404.251s][info ][safepoint     ] Total time for which application threads were stopped: 0.0028923 seconds, Stopping threads took: 0.0009871 seconds
[2023-10-30T23:03:46.595+0000][1405.252s][debug][safepoint     ] Safepoint synchronization initiated. (186 threads)
[2023-10-30T23:03:46.596+0000][1405.252s][info ][safepoint     ] Application time: 1.0009459 seconds
[2023-10-30T23:03:46.597+0000][1405.253s][info ][safepoint     ] Entering safepoint region: Cleanup
[2023-10-30T23:03:46.598+0000][1405.254s][info ][safepoint     ] Leaving safepoint region
[2023-10-30T23:03:46.598+0000][1405.254s][info ][safepoint     ] Total time for which application threads were stopped: 0.0013898 seconds, Stopping threads took: 0.0006109 seconds
[2023-10-30T23:03:47.599+0000][1406.255s][debug][safepoint     ] Safepoint synchronization initiated. (186 threads)
[2023-10-30T23:03:47.600+0000][1406.256s][info ][safepoint     ] Application time: 1.0012896 seconds
[2023-10-30T23:03:47.601+0000][1406.257s][info ][safepoint     ] Entering safepoint region: Cleanup
[2023-10-30T23:03:47.602+0000][1406.258s][info ][safepoint     ] Leaving safepoint region
[2023-10-30T23:03:47.602+0000][1406.258s][info ][safepoint     ] Total time for which application threads were stopped: 0.0015307 seconds, Stopping threads took: 0.0007661 seconds
[2023-10-30T23:03:48.603+0000][1407.259s][debug][safepoint     ] Safepoint synchronization initiated. (186 threads)
[2023-10-30T23:03:48.604+0000][1407.260s][info ][safepoint     ] Application time: 1.0011743 seconds
[2023-10-30T23:03:48.605+0000][1407.261s][info ][safepoint     ] Entering safepoint region: Cleanup
[2023-10-30T23:03:48.606+0000][1407.262s][info ][safepoint     ] Leaving safepoint region
[2023-10-30T23:03:48.606+0000][1407.263s][info ][safepoint     ] Total time for which application threads were stopped: 0.0018404 seconds, Stopping threads took: 0.0008034 seconds
[2023-10-30T23:03:49.607+0000][1408.264s][debug][safepoint     ] Safepoint synchronization initiated. (186 threads)
[2023-10-30T23:03:49.608+0000][1408.264s][info ][safepoint     ] Application time: 1.0006915 seconds
[2023-10-30T23:03:49.608+0000][1408.265s][info ][safepoint     ] Entering safepoint region: Cleanup
[2023-10-30T23:03:49.609+0000][1408.265s][info ][safepoint     ] Leaving safepoint region
[2023-10-30T23:03:49.609+0000][1408.266s][info ][safepoint     ] Total time for which application threads were stopped: 0.0010431 seconds, Stopping threads took: 0.0004120 seconds
[2023-10-30T23:03:50.610+0000][1409.266s][debug][safepoint     ] Safepoint synchronization initiated. (186 threads)
[2023-10-30T23:03:50.611+0000][1409.267s][info ][safepoint     ] Application time: 1.0013715 seconds
[2023-10-30T23:03:50.612+0000][1409.268s][info ][safepoint     ] Entering safepoint region: Cleanup
[2023-10-30T23:03:50.613+0000][1409.270s][info ][safepoint     ] Leaving safepoint region
[2023-10-30T23:03:50.614+0000][1409.271s][info ][safepoint     ] Total time for which application threads were stopped: 0.0022246 seconds, Stopping threads took: 0.0009938 seconds
[2023-10-30T23:03:51.616+0000][1410.272s][debug][safepoint     ] Safepoint synchronization initiated. (186 threads)
[2023-10-30T23:03:51.616+0000][1410.273s][info ][safepoint     ] Application time: 1.0010859 seconds
[2023-10-30T23:03:51.617+0000][1410.273s][info ][safepoint     ] Entering safepoint region: Cleanup
[2023-10-30T23:03:51.618+0000][1410.274s][info ][safepoint     ] Leaving safepoint region
[2023-10-30T23:03:51.618+0000][1410.274s][info ][safepoint     ] Total time for which application threads were stopped: 0.0013074 seconds, Stopping threads took: 0.0006196 seconds
[2023-10-30T23:03:52.619+0000][1411.275s][debug][safepoint     ] Safepoint synchronization initiated. (186 threads)
[2023-10-30T23:03:52.619+0000][1411.276s][info ][safepoint     ] Application time: 1.0006457 seconds
[2023-10-30T23:03:52.620+0000][1411.276s][info ][safepoint     ] Entering safepoint region: Cleanup
[2023-10-30T23:03:52.621+0000][1411.277s][info ][safepoint     ] Leaving safepoint region
[2023-10-30T23:03:52.621+0000][1411.277s][info ][safepoint     ] Total time for which application threads were stopped: 0.0012142 seconds, Stopping threads took: 0.0005018 seconds
[2023-10-30T23:03:53.622+0000][1412.278s][debug][safepoint     ] Safepoint synchronization initiated. (186 threads)
[2023-10-30T23:03:53.623+0000][1412.279s][info ][safepoint     ] Application time: 1.0013692 seconds
[2023-10-30T23:03:53.624+0000][1412.280s][info ][safepoint     ] Entering safepoint region: Cleanup
[2023-10-30T23:03:53.625+0000][1412.281s][info ][safepoint     ] Leaving safepoint region
[2023-10-30T23:03:53.625+0000][1412.282s][info ][safepoint     ] Total time for which application threads were stopped: 0.0014654 seconds, Stopping threads took: 0.0006272 seconds
[2023-10-30T23:03:54.626+0000][1413.282s][debug][safepoint     ] Safepoint synchronization initiated. (186 threads)
[2023-10-30T23:03:54.627+0000][1413.283s][info ][safepoint     ] Application time: 1.0011530 seconds
[2023-10-30T23:03:54.628+0000][1413.284s][info ][safepoint     ] Entering safepoint region: Cleanup
[2023-10-30T23:03:54.629+0000][1413.285s][info ][safepoint     ] Leaving safepoint region
[2023-10-30T23:03:54.630+0000][1413.286s][info ][safepoint     ] Total time for which application threads were stopped: 0.0018056 seconds, Stopping threads took: 0.0007981 seconds
[2023-10-30T23:03:55.631+0000][1414.287s][debug][safepoint     ] Safepoint synchronization initiated. (185 threads)
[2023-10-30T23:03:55.632+0000][1414.288s][info ][safepoint     ] Application time: 1.0013222 seconds
[2023-10-30T23:03:55.633+0000][1414.289s][info ][safepoint     ] Entering safepoint region: Cleanup
[2023-10-30T23:03:55.634+0000][1414.290s][info ][safepoint     ] Leaving safepoint region
[2023-10-30T23:03:55.635+0000][1414.291s][info ][safepoint     ] Total time for which application threads were stopped: 0.0020770 seconds, Stopping threads took: 0.0010275 seconds
[2023-10-30T23:03:56.636+0000][1415.292s][debug][safepoint     ] Safepoint synchronization initiated. (185 threads)
[2023-10-30T23:03:56.636+0000][1415.293s][info ][safepoint     ] Application time: 1.0009465 seconds
[2023-10-30T23:03:56.637+0000][1415.293s][info ][safepoint     ] Entering safepoint region: Cleanup
[2023-10-30T23:03:56.637+0000][1415.294s][info ][safepoint     ] Leaving safepoint region
[2023-10-30T23:03:56.638+0000][1415.294s][info ][safepoint     ] Total time for which application threads were stopped: 0.0011345 seconds, Stopping threads took: 0.0005266 seconds
[2023-10-30T23:03:57.638+0000][1416.295s][debug][safepoint     ] Safepoint synchronization initiated. (185 threads)
[2023-10-30T23:03:57.639+0000][1416.295s][info ][safepoint     ] Application time: 1.0007590 seconds
[2023-10-30T23:03:57.640+0000][1416.296s][info ][safepoint     ] Entering safepoint region: Cleanup
[2023-10-30T23:03:57.640+0000][1416.297s][info ][safepoint     ] Leaving safepoint region
[2023-10-30T23:03:57.641+0000][1416.297s][info ][safepoint     ] Total time for which application threads were stopped: 0.0012248 seconds, Stopping threads took: 0.0006106 seconds
[2023-10-30T23:03:57.640+0000][1416.297s][debug][safepoint     ] ... found polling page return exception at pc = 0x00007f93492e2b44, stub =0x00007f9340840600
[2023-10-30T23:03:57.640+0000][1416.297s][debug][safepoint     ] ... found polling page return exception at pc = 0x00007f93492e2b44, stub =0x00007f9340840600
[2023-10-30T23:03:57.640+0000][1416.297s][debug][safepoint     ] ... found polling page return exception at pc = 0x00007f93492e2b44, stub =0x00007f9340840600
[2023-10-30T23:03:57.640+0000][1416.297s][debug][safepoint     ] ... found polling page return exception at pc = 0x00007f93492e2b44, stub =0x00007f9340840600
[2023-10-30T23:03:58.641+0000][1417.298s][debug][safepoint     ] Safepoint synchronization initiated. (185 threads)
[2023-10-30T23:03:58.642+0000][1417.298s][info ][safepoint     ] Application time: 1.0009577 seconds
[2023-10-30T23:03:58.644+0000][1417.300s][info ][safepoint     ] Entering safepoint region: Cleanup
[2023-10-30T23:03:58.644+0000][1417.301s][info ][safepoint     ] Leaving safepoint region
[2023-10-30T23:03:58.645+0000][1417.301s][info ][safepoint     ] Total time for which application threads were stopped: 0.0017348 seconds, Stopping threads took: 0.0011036 seconds
[2023-10-30T23:03:59.645+0000][1418.302s][debug][safepoint     ] Safepoint synchronization initiated. (185 threads)
[2023-10-30T23:03:59.646+0000][1418.302s][info ][safepoint     ] Application time: 1.0007297 seconds
[2023-10-30T23:03:59.647+0000][1418.303s][info ][safepoint     ] Entering safepoint region: Cleanup
[2023-10-30T23:03:59.647+0000][1418.303s][info ][safepoint     ] Leaving safepoint region
[2023-10-30T23:03:59.647+0000][1418.304s][info ][safepoint     ] Total time for which application threads were stopped: 0.0008743 seconds, Stopping threads took: 0.0003823 seconds
[2023-10-30T23:04:00.025+0000][1418.681s][debug][safepoint     ] Safepoint synchronization initiated. (186 threads)
[2023-10-30T23:04:00.025+0000][1418.682s][info ][safepoint     ] Application time: 0.3777775 seconds
[2023-10-30T23:04:00.026+0000][1418.682s][info ][safepoint     ] Entering safepoint region: G1CollectForAllocation
[2023-10-30T23:04:00.027+0000][1418.683s][info ][gc,start      ] GC(71) Pause Young (Concurrent Start) (G1 Humongous Allocation)
[2023-10-30T23:04:00.027+0000][1418.683s][info ][gc,task       ] GC(71) Using 8 workers of 8 for evacuation
[2023-10-30T23:04:00.043+0000][1418.699s][info ][gc,phases     ] GC(71)   Pre Evacuate Collection Set: 1.2ms
[2023-10-30T23:04:00.044+0000][1418.700s][info ][gc,phases     ] GC(71)   Evacuate Collection Set: 10.1ms
[2023-10-30T23:04:00.045+0000][1418.701s][info ][gc,phases     ] GC(71)   Post Evacuate Collection Set: 4.2ms
[2023-10-30T23:04:00.046+0000][1418.702s][info ][gc,phases     ] GC(71)   Other: 1.0ms
[2023-10-30T23:04:00.046+0000][1418.702s][info ][gc,heap       ] GC(71) Eden regions: 60->0(140)
[2023-10-30T23:04:00.046+0000][1418.703s][info ][gc,heap       ] GC(71) Survivor regions: 9->9(18)
[2023-10-30T23:04:00.047+0000][1418.703s][info ][gc,heap       ] GC(71) Old regions: 154->154
[2023-10-30T23:04:00.047+0000][1418.703s][info ][gc,heap       ] GC(71) Humongous regions: 40->40
[2023-10-30T23:04:00.047+0000][1418.704s][info ][gc,metaspace  ] GC(71) Metaspace: 170527K(176420K)->170527K(176420K) NonClass: 150814K(154532K)->150814K(154532K) Class: 19713K(21888K)->19713K(21888K)
[2023-10-30T23:04:00.048+0000][1418.704s][info ][gc            ] GC(71) Pause Young (Concurrent Start) (G1 Humongous Allocation) 259M->200M(411M) 21.031ms
[2023-10-30T23:04:00.048+0000][1418.704s][info ][gc,cpu        ] GC(71) User=0.10s Sys=0.00s Real=0.02s
[2023-10-30T23:04:00.049+0000][1418.705s][info ][safepoint     ] Leaving safepoint region
[2023-10-30T23:04:00.049+0000][1418.705s][info ][safepoint     ] Total time for which application threads were stopped: 0.0230510 seconds, Stopping threads took: 0.0005017 seconds
[2023-10-30T23:04:00.049+0000][1418.705s][info ][gc            ] GC(72) Concurrent Cycle
[2023-10-30T23:04:00.049+0000][1418.706s][info ][gc,stringdedup] Concurrent String Deduplication (1418.706s)
[2023-10-30T23:04:00.050+0000][1418.706s][info ][gc,marking    ] GC(72) Concurrent Clear Claimed Marks
[2023-10-30T23:04:00.050+0000][1418.707s][info ][gc,stringdedup] Concurrent String Deduplication 216.0B->112.0B(104.0B) avg 54.3% (1418.706s, 1418.707s) 0.998ms
[2023-10-30T23:04:00.052+0000][1418.708s][info ][gc,marking    ] GC(72) Concurrent Clear Claimed Marks 1.790ms
[2023-10-30T23:04:00.052+0000][1418.708s][info ][gc,marking    ] GC(72) Concurrent Scan Root Regions
[2023-10-30T23:04:00.055+0000][1418.712s][info ][gc,marking    ] GC(72) Concurrent Scan Root Regions 3.330ms
[2023-10-30T23:04:00.056+0000][1418.712s][info ][gc,marking    ] GC(72) Concurrent Mark (1418.712s)
[2023-10-30T23:04:00.057+0000][1418.713s][info ][gc,marking    ] GC(72) Concurrent Mark From Roots
[2023-10-30T23:04:00.057+0000][1418.714s][info ][gc,task       ] GC(72) Using 2 workers of 2 for marking
[2023-10-30T23:04:00.167+0000][1418.823s][info ][gc,marking    ] GC(72) Concurrent Mark From Roots 109.750ms
[2023-10-30T23:04:00.167+0000][1418.824s][info ][gc,marking    ] GC(72) Concurrent Preclean
[2023-10-30T23:04:00.168+0000][1418.824s][info ][gc,marking    ] GC(72) Concurrent Preclean 0.610ms
[2023-10-30T23:04:00.169+0000][1418.825s][info ][gc,marking    ] GC(72) Concurrent Mark (1418.712s, 1418.825s) 112.496ms
[2023-10-30T23:04:00.169+0000][1418.825s][debug][safepoint     ] Safepoint synchronization initiated. (186 threads)
[2023-10-30T23:04:00.170+0000][1418.826s][info ][safepoint     ] Application time: 0.1203118 seconds
[2023-10-30T23:04:00.170+0000][1418.826s][info ][safepoint     ] Entering safepoint region: CGC_Operation
[2023-10-30T23:04:00.171+0000][1418.827s][info ][gc,start      ] GC(72) Pause Remark
[2023-10-30T23:04:00.211+0000][1418.867s][info ][gc,stringtable] GC(72) Cleaned string and symbol table, strings: 84240 processed, 12 removed, symbols: 411163 processed, 0 removed
[2023-10-30T23:04:00.212+0000][1418.868s][info ][gc            ] GC(72) Pause Remark 207M->207M(411M) 41.113ms
[2023-10-30T23:04:00.212+0000][1418.869s][info ][gc,cpu        ] GC(72) User=0.28s Sys=0.00s Real=0.05s
[2023-10-30T23:04:00.213+0000][1418.869s][info ][safepoint     ] Leaving safepoint region
[2023-10-30T23:04:00.213+0000][1418.869s][info ][safepoint     ] Total time for which application threads were stopped: 0.0430899 seconds, Stopping threads took: 0.0004488 seconds
[2023-10-30T23:04:00.214+0000][1418.870s][info ][gc,marking    ] GC(72) Concurrent Rebuild Remembered Sets
[2023-10-30T23:04:00.288+0000][1418.944s][info ][gc,marking    ] GC(72) Concurrent Rebuild Remembered Sets 74.266ms
[2023-10-30T23:04:00.289+0000][1418.945s][debug][safepoint     ] Safepoint synchronization initiated. (186 threads)
[2023-10-30T23:04:00.289+0000][1418.945s][info ][safepoint     ] Application time: 0.0754592 seconds
[2023-10-30T23:04:00.289+0000][1418.946s][info ][safepoint     ] Entering safepoint region: CGC_Operation
[2023-10-30T23:04:00.290+0000][1418.946s][info ][gc,start      ] GC(72) Pause Cleanup
[2023-10-30T23:04:00.291+0000][1418.947s][info ][gc            ] GC(72) Pause Cleanup 207M->207M(411M) 1.119ms
[2023-10-30T23:04:00.292+0000][1418.948s][info ][gc,cpu        ] GC(72) User=0.00s Sys=0.00s Real=0.00s
[2023-10-30T23:04:00.292+0000][1418.948s][info ][safepoint     ] Leaving safepoint region
[2023-10-30T23:04:00.293+0000][1418.949s][info ][safepoint     ] Total time for which application threads were stopped: 0.0031974 seconds, Stopping threads took: 0.0004188 seconds
[2023-10-30T23:04:00.293+0000][1418.949s][info ][gc,marking    ] GC(72) Concurrent Cleanup for Next Mark
[2023-10-30T23:04:00.295+0000][1418.951s][info ][gc,marking    ] GC(72) Concurrent Cleanup for Next Mark 1.771ms
[2023-10-30T23:04:00.296+0000][1418.952s][info ][gc            ] GC(72) Concurrent Cycle 246.912ms
[2023-10-30T23:04:01.293+0000][1419.950s][debug][safepoint     ] Safepoint synchronization initiated. (188 threads)
[2023-10-30T23:04:01.295+0000][1419.951s][info ][safepoint     ] Application time: 1.0014159 seconds
[2023-10-30T23:04:01.296+0000][1419.952s][info ][safepoint     ] Entering safepoint region: Cleanup
[2023-10-30T23:04:01.297+0000][1419.953s][info ][safepoint     ] Leaving safepoint region
[2023-10-30T23:04:01.298+0000][1419.954s][info ][safepoint     ] Total time for which application threads were stopped: 0.0021724 seconds, Stopping threads took: 0.0008797 seconds
[2023-10-30T23:04:02.299+0000][1420.955s][debug][safepoint     ] Safepoint synchronization initiated. (188 threads)
[2023-10-30T23:04:02.299+0000][1420.955s][info ][safepoint     ] Application time: 1.0006637 seconds
[2023-10-30T23:04:02.300+0000][1420.956s][info ][safepoint     ] Entering safepoint region: Cleanup
[2023-10-30T23:04:02.300+0000][1420.957s][info ][safepoint     ] Leaving safepoint region
[2023-10-30T23:04:02.301+0000][1420.957s][info ][safepoint     ] Total time for which application threads were stopped: 0.0011369 seconds, Stopping threads took: 0.0005375 seconds
[2023-10-30T23:04:03.301+0000][1421.958s][debug][safepoint     ] Safepoint synchronization initiated. (188 threads)
[2023-10-30T23:04:03.302+0000][1421.958s][info ][safepoint     ] Application time: 1.0008731 seconds
[2023-10-30T23:04:03.303+0000][1421.959s][info ][safepoint     ] Entering safepoint region: Cleanup
[2023-10-30T23:04:03.304+0000][1421.960s][info ][safepoint     ] Leaving safepoint region
[2023-10-30T23:04:03.304+0000][1421.960s][info ][safepoint     ] Total time for which application threads were stopped: 0.0015721 seconds, Stopping threads took: 0.0006249 seconds
[2023-10-30T23:04:04.305+0000][1422.961s][debug][safepoint     ] Safepoint synchronization initiated. (189 threads)
[2023-10-30T23:04:04.305+0000][1422.961s][info ][safepoint     ] Application time: 1.0004976 seconds
[2023-10-30T23:04:04.306+0000][1422.962s][info ][safepoint     ] Entering safepoint region: Cleanup
[2023-10-30T23:04:04.306+0000][1422.962s][info ][safepoint     ] Leaving safepoint region
[2023-10-30T23:04:04.306+0000][1422.963s][info ][safepoint     ] Total time for which application threads were stopped: 0.0007817 seconds, Stopping threads took: 0.0003205 seconds
[2023-10-30T23:04:05.307+0000][1423.963s][debug][safepoint     ] Safepoint synchronization initiated. (189 threads)
[2023-10-30T23:04:05.308+0000][1423.964s][info ][safepoint     ] Application time: 1.0009235 seconds
[2023-10-30T23:04:05.308+0000][1423.965s][info ][safepoint     ] Entering safepoint region: Cleanup
[2023-10-30T23:04:05.309+0000][1423.965s][info ][safepoint     ] Leaving safepoint region
[2023-10-30T23:04:05.309+0000][1423.966s][info ][safepoint     ] Total time for which application threads were stopped: 0.0012915 seconds, Stopping threads took: 0.0007004 seconds
[2023-10-30T23:04:06.310+0000][1424.966s][debug][safepoint     ] Safepoint synchronization initiated. (189 threads)
[2023-10-30T23:04:06.310+0000][1424.966s][info ][safepoint     ] Application time: 1.0004740 seconds
[2023-10-30T23:04:06.311+0000][1424.967s][info ][safepoint     ] Entering safepoint region: Cleanup
[2023-10-30T23:04:06.311+0000][1424.967s][info ][safepoint     ] Leaving safepoint region
[2023-10-30T23:04:06.312+0000][1424.968s][info ][safepoint     ] Total time for which application threads were stopped: 0.0011223 seconds, Stopping threads took: 0.0004203 seconds
[2023-10-30T23:04:07.312+0000][1425.968s][debug][safepoint     ] Safepoint synchronization initiated. (189 threads)
[2023-10-30T23:04:07.313+0000][1425.969s][info ][safepoint     ] Application time: 1.0009811 seconds
[2023-10-30T23:04:07.313+0000][1425.970s][info ][safepoint     ] Entering safepoint region: Cleanup
[2023-10-30T23:04:07.314+0000][1425.970s][info ][safepoint     ] Leaving safepoint region
[2023-10-30T23:04:07.315+0000][1425.971s][info ][safepoint     ] Total time for which application threads were stopped: 0.0013312 seconds, Stopping threads took: 0.0005750 seconds
[2023-10-30T23:04:08.315+0000][1426.971s][debug][safepoint     ] Safepoint synchronization initiated. (189 threads)
[2023-10-30T23:04:08.321+0000][1426.977s][info ][safepoint     ] Application time: 1.0059965 seconds
[2023-10-30T23:04:08.331+0000][1426.987s][info ][safepoint     ] Entering safepoint region: Cleanup
[2023-10-30T23:04:08.338+0000][1426.994s][debug][safepoint     ] ... found polling page return exception at pc = 0x00007f93492e2b44, stub =0x00007f9340840600
[2023-10-30T23:04:08.338+0000][1426.994s][debug][safepoint     ] ... found polling page return exception at pc = 0x00007f93492e2b44, stub =0x00007f9340840600
[2023-10-30T23:04:08.338+0000][1426.994s][info ][safepoint     ] Leaving safepoint region
[2023-10-30T23:04:08.360+0000][1427.016s][info ][safepoint     ] Total time for which application threads were stopped: 0.0292740 seconds, Stopping threads took: 0.0068671 seconds
[2023-10-30T23:04:09.366+0000][1428.022s][debug][safepoint     ] Safepoint synchronization initiated. (189 threads)
[2023-10-30T23:04:09.367+0000][1428.023s][info ][safepoint     ] Application time: 1.0014305 seconds
[2023-10-30T23:04:09.368+0000][1428.024s][info ][safepoint     ] Entering safepoint region: Cleanup
[2023-10-30T23:04:09.369+0000][1428.025s][info ][safepoint     ] Leaving safepoint region
[2023-10-30T23:04:09.370+0000][1428.026s][info ][safepoint     ] Total time for which application threads were stopped: 0.0019992 seconds, Stopping threads took: 0.0009527 seconds
[2023-10-30T23:04:10.371+0000][1429.027s][debug][safepoint     ] Safepoint synchronization initiated. (189 threads)
[2023-10-30T23:04:10.372+0000][1429.028s][info ][safepoint     ] Application time: 1.0012385 seconds
[2023-10-30T23:04:10.373+0000][1429.029s][info ][safepoint     ] Entering safepoint region: Cleanup
[2023-10-30T23:04:10.374+0000][1429.030s][info ][safepoint     ] Leaving safepoint region
[2023-10-30T23:04:10.375+0000][1429.031s][info ][safepoint     ] Total time for which application threads were stopped: 0.0020004 seconds, Stopping threads took: 0.0008611 seconds
[2023-10-30T23:04:11.376+0000][1430.032s][debug][safepoint     ] Safepoint synchronization initiated. (189 threads)
[2023-10-30T23:04:11.377+0000][1430.033s][info ][safepoint     ] Application time: 1.0013290 seconds
[2023-10-30T23:04:11.378+0000][1430.034s][info ][safepoint     ] Entering safepoint region: Cleanup
[2023-10-30T23:04:11.379+0000][1430.035s][info ][safepoint     ] Leaving safepoint region
[2023-10-30T23:04:11.380+0000][1430.036s][info ][safepoint     ] Total time for which application threads were stopped: 0.0020757 seconds, Stopping threads took: 0.0009696 seconds
[2023-10-30T23:04:12.381+0000][1431.037s][debug][safepoint     ] Safepoint synchronization initiated. (189 threads)
[2023-10-30T23:04:12.382+0000][1431.038s][info ][safepoint     ] Application time: 1.0013601 seconds
[2023-10-30T23:04:12.383+0000][1431.039s][info ][safepoint     ] Entering safepoint region: Cleanup
[2023-10-30T23:04:12.384+0000][1431.040s][info ][safepoint     ] Leaving safepoint region
[2023-10-30T23:04:12.385+0000][1431.041s][info ][safepoint     ] Total time for which application threads were stopped: 0.0017753 seconds, Stopping threads took: 0.0008079 seconds
[2023-10-30T23:04:13.385+0000][1432.042s][debug][safepoint     ] Safepoint synchronization initiated. (189 threads)
[2023-10-30T23:04:13.386+0000][1432.042s][info ][safepoint     ] Application time: 1.0009895 seconds
[2023-10-30T23:04:13.387+0000][1432.043s][debug][safepoint     ] Waiting for 1 thread(s) to block
[2023-10-30T23:04:13.388+0000][1432.044s][info ][safepoint     ] Entering safepoint region: Cleanup
[2023-10-30T23:04:13.389+0000][1432.045s][info ][safepoint     ] Leaving safepoint region
[2023-10-30T23:04:13.389+0000][1432.045s][info ][safepoint     ] Total time for which application threads were stopped: 0.0024594 seconds, Stopping threads took: 0.0016472 seconds
[2023-10-30T23:04:14.390+0000][1433.047s][debug][safepoint     ] Safepoint synchronization initiated. (189 threads)
[2023-10-30T23:04:14.392+0000][1433.048s][info ][safepoint     ] Application time: 1.0019839 seconds
[2023-10-30T23:04:14.393+0000][1433.049s][info ][safepoint     ] Entering safepoint region: Cleanup
[2023-10-30T23:04:14.393+0000][1433.049s][info ][safepoint     ] Leaving safepoint region
[2023-10-30T23:04:14.394+0000][1433.050s][info ][safepoint     ] Total time for which application threads were stopped: 0.0011325 seconds, Stopping threads took: 0.0004913 seconds
[2023-10-30T23:04:15.394+0000][1434.050s][debug][safepoint     ] Safepoint synchronization initiated. (189 threads)
[2023-10-30T23:04:15.394+0000][1434.051s][info ][safepoint     ] Application time: 1.0004611 seconds
[2023-10-30T23:04:15.395+0000][1434.051s][info ][safepoint     ] Entering safepoint region: Cleanup
[2023-10-30T23:04:15.395+0000][1434.052s][info ][safepoint     ] Leaving safepoint region
[2023-10-30T23:04:15.396+0000][1434.052s][info ][safepoint     ] Total time for which application threads were stopped: 0.0010237 seconds, Stopping threads took: 0.0003197 seconds
[2023-10-30T23:04:16.396+0000][1435.052s][debug][safepoint     ] Safepoint synchronization initiated. (189 threads)
[2023-10-30T23:04:16.397+0000][1435.053s][info ][safepoint     ] Application time: 1.0006277 seconds
[2023-10-30T23:04:16.397+0000][1435.053s][info ][safepoint     ] Entering safepoint region: Cleanup
[2023-10-30T23:04:16.398+0000][1435.054s][info ][safepoint     ] Leaving safepoint region
[2023-10-30T23:04:16.398+0000][1435.054s][info ][safepoint     ] Total time for which application threads were stopped: 0.0009911 seconds, Stopping threads took: 0.0003736 seconds
[2023-10-30T23:04:17.399+0000][1436.055s][debug][safepoint     ] Safepoint synchronization initiated. (189 threads)
[2023-10-30T23:04:17.399+0000][1436.055s][info ][safepoint     ] Application time: 1.0005697 seconds
[2023-10-30T23:04:17.399+0000][1436.056s][info ][safepoint     ] Entering safepoint region: Cleanup
[2023-10-30T23:04:17.400+0000][1436.056s][info ][safepoint     ] Leaving safepoint region
[2023-10-30T23:04:17.400+0000][1436.056s][info ][safepoint     ] Total time for which application threads were stopped: 0.0008641 seconds, Stopping threads took: 0.0003804 seconds
[2023-10-30T23:04:18.401+0000][1437.057s][debug][safepoint     ] Safepoint synchronization initiated. (189 threads)
[2023-10-30T23:04:18.401+0000][1437.057s][info ][safepoint     ] Application time: 1.0007289 seconds
[2023-10-30T23:04:18.402+0000][1437.058s][info ][safepoint     ] Entering safepoint region: Cleanup
[2023-10-30T23:04:18.403+0000][1437.059s][info ][safepoint     ] Leaving safepoint region
[2023-10-30T23:04:18.404+0000][1437.060s][info ][safepoint     ] Total time for which application threads were stopped: 0.0018431 seconds, Stopping threads took: 0.0006979 seconds
[2023-10-30T23:04:18.403+0000][1437.059s][debug][safepoint     ] ... found polling page return exception at pc = 0x00007f93492e2b44, stub =0x00007f9340840600
[2023-10-30T23:04:18.403+0000][1437.059s][debug][safepoint     ] ... found polling page return exception at pc = 0x00007f93492e2b44, stub =0x00007f9340840600
[2023-10-30T23:04:18.403+0000][1437.059s][debug][safepoint     ] ... found polling page return exception at pc = 0x00007f93492e2b44, stub =0x00007f9340840600
[2023-10-30T23:04:18.403+0000][1437.059s][debug][safepoint     ] ... found polling page return exception at pc = 0x00007f93492e2b44, stub =0x00007f9340840600
[2023-10-30T23:04:18.403+0000][1437.059s][debug][safepoint     ] ... found polling page return exception at pc = 0x00007f93492e2b44, stub =0x00007f9340840600
[2023-10-30T23:04:19.404+0000][1438.060s][debug][safepoint     ] Safepoint synchronization initiated. (193 threads)
[2023-10-30T23:04:19.406+0000][1438.062s][info ][safepoint     ] Application time: 1.0015080 seconds
[2023-10-30T23:04:19.406+0000][1438.062s][info ][safepoint     ] Entering safepoint region: Cleanup
[2023-10-30T23:04:19.407+0000][1438.063s][info ][safepoint     ] Leaving safepoint region
[2023-10-30T23:04:19.408+0000][1438.064s][info ][safepoint     ] Total time for which application threads were stopped: 0.0015732 seconds, Stopping threads took: 0.0004948 seconds
[2023-10-30T23:04:20.409+0000][1439.065s][debug][safepoint     ] Safepoint synchronization initiated. (193 threads)
[2023-10-30T23:04:20.409+0000][1439.065s][info ][safepoint     ] Application time: 1.0005588 seconds
[2023-10-30T23:04:20.409+0000][1439.066s][info ][safepoint     ] Entering safepoint region: Cleanup
[2023-10-30T23:04:20.410+0000][1439.066s][info ][safepoint     ] Leaving safepoint region
[2023-10-30T23:04:20.410+0000][1439.066s][info ][safepoint     ] Total time for which application threads were stopped: 0.0008102 seconds, Stopping threads took: 0.0002802 seconds
[2023-10-30T23:04:21.411+0000][1440.067s][debug][safepoint     ] Safepoint synchronization initiated. (193 threads)
[2023-10-30T23:04:21.411+0000][1440.068s][info ][safepoint     ] Application time: 1.0008465 seconds
[2023-10-30T23:04:21.412+0000][1440.068s][debug][safepoint     ] ... found polling page return exception at pc = 0x00007f93485107e8, stub =0x00007f9340840600
[2023-10-30T23:04:21.413+0000][1440.069s][debug][safepoint     ] Waiting for 1 thread(s) to block
[2023-10-30T23:04:21.413+0000][1440.069s][info ][safepoint     ] Entering safepoint region: Cleanup
[2023-10-30T23:04:21.414+0000][1440.070s][info ][safepoint     ] Leaving safepoint region
[2023-10-30T23:04:21.414+0000][1440.070s][info ][safepoint     ] Total time for which application threads were stopped: 0.0021938 seconds, Stopping threads took: 0.0014714 seconds
[2023-10-30T23:04:22.415+0000][1441.071s][debug][safepoint     ] Safepoint synchronization initiated. (193 threads)
[2023-10-30T23:04:22.416+0000][1441.072s][info ][safepoint     ] Application time: 1.0010720 seconds
[2023-10-30T23:04:22.416+0000][1441.073s][info ][safepoint     ] Entering safepoint region: Cleanup
[2023-10-30T23:04:22.417+0000][1441.074s][info ][safepoint     ] Leaving safepoint region
[2023-10-30T23:04:22.418+0000][1441.074s][info ][safepoint     ] Total time for which application threads were stopped: 0.0016785 seconds, Stopping threads took: 0.0007093 seconds
[2023-10-30T23:04:23.419+0000][1442.075s][debug][safepoint     ] Safepoint synchronization initiated. (193 threads)
[2023-10-30T23:04:23.419+0000][1442.076s][info ][safepoint     ] Application time: 1.0009096 seconds
[2023-10-30T23:04:23.420+0000][1442.076s][info ][safepoint     ] Entering safepoint region: Cleanup
[2023-10-30T23:04:23.421+0000][1442.077s][info ][safepoint     ] Leaving safepoint region
[2023-10-30T23:04:23.422+0000][1442.078s][info ][safepoint     ] Total time for which application threads were stopped: 0.0013640 seconds, Stopping threads took: 0.0006269 seconds
[2023-10-30T23:04:24.422+0000][1443.079s][debug][safepoint     ] Safepoint synchronization initiated. (192 threads)
[2023-10-30T23:04:24.422+0000][1443.080s][info ][safepoint     ] Application time: 1.0010914 seconds
[2023-10-30T23:04:24.423+0000][1443.080s][info ][safepoint     ] Entering safepoint region: Cleanup
[2023-10-30T23:04:24.425+0000][1443.082s][info ][safepoint     ] Leaving safepoint region
[2023-10-30T23:04:24.425+0000][1443.082s][info ][safepoint     ] Total time for which application threads were stopped: 0.0020174 seconds, Stopping threads took: 0.0008514 seconds
[2023-10-30T23:04:25.426+0000][1444.084s][debug][safepoint     ] Safepoint synchronization initiated. (192 threads)
[2023-10-30T23:04:25.427+0000][1444.084s][info ][safepoint     ] Application time: 1.0011743 seconds
[2023-10-30T23:04:25.428+0000][1444.085s][info ][safepoint     ] Entering safepoint region: Cleanup
[2023-10-30T23:04:25.429+0000][1444.086s][info ][safepoint     ] Leaving safepoint region
[2023-10-30T23:04:25.430+0000][1444.087s][info ][safepoint     ] Total time for which application threads were stopped: 0.0016016 seconds, Stopping threads took: 0.0008039 seconds
[2023-10-30T23:04:26.430+0000][1445.087s][debug][safepoint     ] Safepoint synchronization initiated. (192 threads)
[2023-10-30T23:04:26.431+0000][1445.088s][info ][safepoint     ] Application time: 1.0005276 seconds
[2023-10-30T23:04:26.431+0000][1445.088s][info ][safepoint     ] Entering safepoint region: Cleanup
[2023-10-30T23:04:26.431+0000][1445.088s][info ][safepoint     ] Leaving safepoint region
[2023-10-30T23:04:26.432+0000][1445.089s][info ][safepoint     ] Total time for which application threads were stopped: 0.0009186 seconds, Stopping threads took: 0.0003464 seconds
[2023-10-30T23:04:27.432+0000][1446.089s][debug][safepoint     ] Safepoint synchronization initiated. (192 threads)
[2023-10-30T23:04:27.433+0000][1446.090s][info ][safepoint     ] Application time: 1.0010431 seconds
[2023-10-30T23:04:27.434+0000][1446.091s][info ][safepoint     ] Entering safepoint region: Cleanup
[2023-10-30T23:04:27.435+0000][1446.092s][info ][safepoint     ] Leaving safepoint region
[2023-10-30T23:04:27.436+0000][1446.093s][info ][safepoint     ] Total time for which application threads were stopped: 0.0018545 seconds, Stopping threads took: 0.0009035 seconds
[2023-10-30T23:04:28.437+0000][1447.094s][debug][safepoint     ] Safepoint synchronization initiated. (192 threads)
[2023-10-30T23:04:28.437+0000][1447.094s][info ][safepoint     ] Application time: 1.0006516 seconds
[2023-10-30T23:04:28.438+0000][1447.095s][info ][safepoint     ] Entering safepoint region: Cleanup
[2023-10-30T23:04:28.438+0000][1447.095s][info ][safepoint     ] Leaving safepoint region
[2023-10-30T23:04:28.439+0000][1447.096s][info ][safepoint     ] Total time for which application threads were stopped: 0.0009237 seconds, Stopping threads took: 0.0003891 seconds
[2023-10-30T23:04:29.439+0000][1448.096s][debug][safepoint     ] Safepoint synchronization initiated. (192 threads)
[2023-10-30T23:04:29.440+0000][1448.097s][info ][safepoint     ] Application time: 1.0006991 seconds
[2023-10-30T23:04:29.440+0000][1448.097s][info ][safepoint     ] Entering safepoint region: Cleanup
[2023-10-30T23:04:29.441+0000][1448.098s][info ][safepoint     ] Leaving safepoint region
[2023-10-30T23:04:29.441+0000][1448.098s][info ][safepoint     ] Total time for which application threads were stopped: 0.0011278 seconds, Stopping threads took: 0.0005442 seconds
[2023-10-30T23:04:30.442+0000][1449.099s][debug][safepoint     ] Safepoint synchronization initiated. (192 threads)
[2023-10-30T23:04:30.442+0000][1449.099s][info ][safepoint     ] Application time: 1.0005346 seconds
[2023-10-30T23:04:30.442+0000][1449.099s][info ][safepoint     ] Entering safepoint region: Cleanup
[2023-10-30T23:04:30.443+0000][1449.100s][info ][safepoint     ] Leaving safepoint region
[2023-10-30T23:04:30.443+0000][1449.100s][info ][safepoint     ] Total time for which application threads were stopped: 0.0007951 seconds, Stopping threads took: 0.0003399 seconds
[2023-10-30T23:04:31.444+0000][1450.101s][debug][safepoint     ] Safepoint synchronization initiated. (192 threads)
[2023-10-30T23:04:31.445+0000][1450.102s][info ][safepoint     ] Application time: 1.0014744 seconds
[2023-10-30T23:04:31.446+0000][1450.103s][info ][safepoint     ] Entering safepoint region: Cleanup
[2023-10-30T23:04:31.447+0000][1450.104s][info ][safepoint     ] Leaving safepoint region
[2023-10-30T23:04:31.448+0000][1450.105s][info ][safepoint     ] Total time for which application threads were stopped: 0.0025403 seconds, Stopping threads took: 0.0008465 seconds
[2023-10-30T23:04:32.449+0000][1451.106s][debug][safepoint     ] Safepoint synchronization initiated. (192 threads)
[2023-10-30T23:04:32.449+0000][1451.107s][info ][safepoint     ] Application time: 1.0007398 seconds
[2023-10-30T23:04:32.450+0000][1451.107s][info ][safepoint     ] Entering safepoint region: Cleanup
[2023-10-30T23:04:32.451+0000][1451.108s][info ][safepoint     ] Leaving safepoint region
[2023-10-30T23:04:32.451+0000][1451.108s][info ][safepoint     ] Total time for which application threads were stopped: 0.0011183 seconds, Stopping threads took: 0.0005023 seconds
[2023-10-30T23:04:33.452+0000][1452.109s][debug][safepoint     ] Safepoint synchronization initiated. (192 threads)
[2023-10-30T23:04:33.453+0000][1452.110s][info ][safepoint     ] Application time: 1.0012188 seconds
[2023-10-30T23:04:33.453+0000][1452.110s][info ][safepoint     ] Entering safepoint region: Cleanup
[2023-10-30T23:04:33.454+0000][1452.111s][info ][safepoint     ] Leaving safepoint region
[2023-10-30T23:04:33.455+0000][1452.112s][info ][safepoint     ] Total time for which application threads were stopped: 0.0017687 seconds, Stopping threads took: 0.0007638 seconds
[2023-10-30T23:04:34.456+0000][1453.113s][debug][safepoint     ] Safepoint synchronization initiated. (192 threads)
[2023-10-30T23:04:34.457+0000][1453.114s][info ][safepoint     ] Application time: 1.0012240 seconds
[2023-10-30T23:04:34.458+0000][1453.115s][info ][safepoint     ] Entering safepoint region: Cleanup
[2023-10-30T23:04:34.459+0000][1453.116s][info ][safepoint     ] Leaving safepoint region
[2023-10-30T23:04:34.460+0000][1453.117s][info ][safepoint     ] Total time for which application threads were stopped: 0.0017273 seconds, Stopping threads took: 0.0007205 seconds
[2023-10-30T23:04:35.461+0000][1454.118s][debug][safepoint     ] Safepoint synchronization initiated. (192 threads)
[2023-10-30T23:04:35.461+0000][1454.118s][info ][safepoint     ] Application time: 1.0011079 seconds
[2023-10-30T23:04:35.462+0000][1454.119s][info ][safepoint     ] Entering safepoint region: Cleanup
[2023-10-30T23:04:35.463+0000][1454.120s][info ][safepoint     ] Leaving safepoint region
[2023-10-30T23:04:35.464+0000][1454.121s][info ][safepoint     ] Total time for which application threads were stopped: 0.0015386 seconds, Stopping threads took: 0.0007189 seconds
[2023-10-30T23:04:36.464+0000][1455.122s][debug][safepoint     ] Safepoint synchronization initiated. (192 threads)
[2023-10-30T23:04:36.465+0000][1455.122s][info ][safepoint     ] Application time: 1.0009544 seconds
[2023-10-30T23:04:36.466+0000][1455.123s][info ][safepoint     ] Entering safepoint region: Cleanup
[2023-10-30T23:04:36.466+0000][1455.124s][info ][safepoint     ] Leaving safepoint region
[2023-10-30T23:04:36.467+0000][1455.124s][info ][safepoint     ] Total time for which application threads were stopped: 0.0013129 seconds, Stopping threads took: 0.0005263 seconds
[2023-10-30T23:04:37.468+0000][1456.125s][debug][safepoint     ] Safepoint synchronization initiated. (192 threads)
[2023-10-30T23:04:37.469+0000][1456.126s][info ][safepoint     ] Application time: 1.0013922 seconds
[2023-10-30T23:04:37.470+0000][1456.127s][info ][safepoint     ] Entering safepoint region: Cleanup
[2023-10-30T23:04:37.471+0000][1456.128s][info ][safepoint     ] Leaving safepoint region
[2023-10-30T23:04:37.472+0000][1456.129s][info ][safepoint     ] Total time for which application threads were stopped: 0.0019643 seconds, Stopping threads took: 0.0009471 seconds
[2023-10-30T23:04:38.473+0000][1457.130s][debug][safepoint     ] Safepoint synchronization initiated. (192 threads)
[2023-10-30T23:04:38.474+0000][1457.131s][info ][safepoint     ] Application time: 1.0006699 seconds
[2023-10-30T23:04:38.474+0000][1457.131s][info ][safepoint     ] Entering safepoint region: Cleanup
[2023-10-30T23:04:38.475+0000][1457.132s][info ][safepoint     ] Leaving safepoint region
[2023-10-30T23:04:38.475+0000][1457.132s][info ][safepoint     ] Total time for which application threads were stopped: 0.0010792 seconds, Stopping threads took: 0.0004828 seconds
[2023-10-30T23:04:39.476+0000][1458.133s][debug][safepoint     ] Safepoint synchronization initiated. (192 threads)
[2023-10-30T23:04:39.477+0000][1458.134s][info ][safepoint     ] Application time: 1.0012582 seconds
[2023-10-30T23:04:39.478+0000][1458.135s][info ][safepoint     ] Entering safepoint region: Cleanup
[2023-10-30T23:04:39.479+0000][1458.136s][info ][safepoint     ] Leaving safepoint region
[2023-10-30T23:04:39.479+0000][1458.136s][info ][safepoint     ] Total time for which application threads were stopped: 0.0018169 seconds, Stopping threads took: 0.0007670 seconds
[2023-10-30T23:04:40.481+0000][1459.138s][debug][safepoint     ] Safepoint synchronization initiated. (192 threads)
[2023-10-30T23:04:40.481+0000][1459.138s][info ][safepoint     ] Application time: 1.0009350 seconds
[2023-10-30T23:04:40.482+0000][1459.139s][info ][safepoint     ] Entering safepoint region: Cleanup
[2023-10-30T23:04:40.482+0000][1459.139s][info ][safepoint     ] Leaving safepoint region
[2023-10-30T23:04:40.483+0000][1459.140s][info ][safepoint     ] Total time for which application threads were stopped: 0.0009803 seconds, Stopping threads took: 0.0004838 seconds
[2023-10-30T23:04:41.483+0000][1460.140s][debug][safepoint     ] Safepoint synchronization initiated. (192 threads)
[2023-10-30T23:04:41.484+0000][1460.141s][info ][safepoint     ] Application time: 1.0013832 seconds
[2023-10-30T23:04:41.486+0000][1460.143s][info ][safepoint     ] Entering safepoint region: Cleanup
[2023-10-30T23:04:41.487+0000][1460.144s][info ][safepoint     ] Leaving safepoint region
[2023-10-30T23:04:41.487+0000][1460.145s][info ][safepoint     ] Total time for which application threads were stopped: 0.0020457 seconds, Stopping threads took: 0.0010153 seconds
[2023-10-30T23:04:42.488+0000][1461.145s][debug][safepoint     ] Safepoint synchronization initiated. (192 threads)
[2023-10-30T23:04:42.489+0000][1461.146s][info ][safepoint     ] Application time: 1.0007988 seconds
[2023-10-30T23:04:42.489+0000][1461.146s][info ][safepoint     ] Entering safepoint region: Cleanup
[2023-10-30T23:04:42.490+0000][1461.147s][info ][safepoint     ] Leaving safepoint region
[2023-10-30T23:04:42.491+0000][1461.148s][info ][safepoint     ] Total time for which application threads were stopped: 0.0012899 seconds, Stopping threads took: 0.0005865 seconds
[2023-10-30T23:04:43.491+0000][1462.148s][debug][safepoint     ] Safepoint synchronization initiated. (192 threads)
[2023-10-30T23:04:43.492+0000][1462.149s][info ][safepoint     ] Application time: 1.0005015 seconds
[2023-10-30T23:04:43.492+0000][1462.149s][info ][safepoint     ] Entering safepoint region: Cleanup
[2023-10-30T23:04:43.492+0000][1462.149s][info ][safepoint     ] Leaving safepoint region
[2023-10-30T23:04:43.493+0000][1462.150s][info ][safepoint     ] Total time for which application threads were stopped: 0.0007961 seconds, Stopping threads took: 0.0003094 seconds
[2023-10-30T23:04:44.493+0000][1463.150s][debug][safepoint     ] Safepoint synchronization initiated. (192 threads)
[2023-10-30T23:04:44.494+0000][1463.151s][info ][safepoint     ] Application time: 1.0008416 seconds
[2023-10-30T23:04:44.494+0000][1463.151s][info ][safepoint     ] Entering safepoint region: Cleanup
[2023-10-30T23:04:44.495+0000][1463.152s][info ][safepoint     ] Leaving safepoint region
[2023-10-30T23:04:44.496+0000][1463.153s][info ][safepoint     ] Total time for which application threads were stopped: 0.0013493 seconds, Stopping threads took: 0.0005517 seconds
[2023-10-30T23:04:45.496+0000][1464.153s][debug][safepoint     ] Safepoint synchronization initiated. (192 threads)
[2023-10-30T23:04:45.497+0000][1464.154s][info ][safepoint     ] Application time: 1.0005596 seconds
[2023-10-30T23:04:45.497+0000][1464.154s][info ][safepoint     ] Entering safepoint region: Cleanup
[2023-10-30T23:04:45.498+0000][1464.155s][info ][safepoint     ] Leaving safepoint region
[2023-10-30T23:04:45.498+0000][1464.155s][info ][safepoint     ] Total time for which application threads were stopped: 0.0010822 seconds, Stopping threads took: 0.0004645 seconds
[2023-10-30T23:04:46.499+0000][1465.156s][debug][safepoint     ] Safepoint synchronization initiated. (192 threads)
[2023-10-30T23:04:46.499+0000][1465.156s][info ][safepoint     ] Application time: 1.0008165 seconds
[2023-10-30T23:04:46.500+0000][1465.157s][info ][safepoint     ] Entering safepoint region: Cleanup
[2023-10-30T23:04:46.501+0000][1465.158s][info ][safepoint     ] Leaving safepoint region
[2023-10-30T23:04:46.501+0000][1465.158s][info ][safepoint     ] Total time for which application threads were stopped: 0.0011282 seconds, Stopping threads took: 0.0005134 seconds
[2023-10-30T23:04:47.501+0000][1466.159s][debug][safepoint     ] Safepoint synchronization initiated. (192 threads)
[2023-10-30T23:04:47.502+0000][1466.159s][info ][safepoint     ] Application time: 1.0006240 seconds
[2023-10-30T23:04:47.503+0000][1466.160s][info ][safepoint     ] Entering safepoint region: Cleanup
[2023-10-30T23:04:47.503+0000][1466.160s][info ][safepoint     ] Leaving safepoint region
[2023-10-30T23:04:47.503+0000][1466.160s][info ][safepoint     ] Total time for which application threads were stopped: 0.0007802 seconds, Stopping threads took: 0.0003431 seconds
[2023-10-30T23:04:48.504+0000][1467.161s][debug][safepoint     ] Safepoint synchronization initiated. (192 threads)
[2023-10-30T23:04:48.504+0000][1467.161s][info ][safepoint     ] Application time: 1.0008502 seconds
[2023-10-30T23:04:48.505+0000][1467.162s][info ][safepoint     ] Entering safepoint region: Cleanup
[2023-10-30T23:04:48.506+0000][1467.163s][info ][safepoint     ] Leaving safepoint region
[2023-10-30T23:04:48.506+0000][1467.163s][info ][safepoint     ] Total time for which application threads were stopped: 0.0011857 seconds, Stopping threads took: 0.0005556 seconds
[2023-10-30T23:04:49.507+0000][1468.164s][debug][safepoint     ] Safepoint synchronization initiated. (192 threads)
[2023-10-30T23:04:49.508+0000][1468.165s][info ][safepoint     ] Application time: 1.0012525 seconds
[2023-10-30T23:04:49.508+0000][1468.166s][info ][safepoint     ] Entering safepoint region: Cleanup
[2023-10-30T23:04:49.510+0000][1468.167s][info ][safepoint     ] Leaving safepoint region
[2023-10-30T23:04:49.510+0000][1468.167s][info ][safepoint     ] Total time for which application threads were stopped: 0.0016246 seconds, Stopping threads took: 0.0008299 seconds
[2023-10-30T23:04:50.511+0000][1469.168s][debug][safepoint     ] Safepoint synchronization initiated. (192 threads)
[2023-10-30T23:04:50.512+0000][1469.169s][info ][safepoint     ] Application time: 1.0009302 seconds
[2023-10-30T23:04:50.513+0000][1469.170s][info ][safepoint     ] Entering safepoint region: Cleanup
[2023-10-30T23:04:50.513+0000][1469.170s][info ][safepoint     ] Leaving safepoint region
[2023-10-30T23:04:50.514+0000][1469.171s][info ][safepoint     ] Total time for which application threads were stopped: 0.0016060 seconds, Stopping threads took: 0.0007069 seconds
[2023-10-30T23:04:51.515+0000][1470.172s][debug][safepoint     ] Safepoint synchronization initiated. (192 threads)
[2023-10-30T23:04:51.516+0000][1470.173s][info ][safepoint     ] Application time: 1.0014903 seconds
[2023-10-30T23:04:51.517+0000][1470.174s][info ][safepoint     ] Entering safepoint region: Cleanup
[2023-10-30T23:04:51.518+0000][1470.175s][info ][safepoint     ] Leaving safepoint region
[2023-10-30T23:04:51.519+0000][1470.176s][info ][safepoint     ] Total time for which application threads were stopped: 0.0019161 seconds, Stopping threads took: 0.0008674 seconds
[2023-10-30T23:04:52.520+0000][1471.177s][debug][safepoint     ] Safepoint synchronization initiated. (192 threads)
[2023-10-30T23:04:52.521+0000][1471.178s][info ][safepoint     ] Application time: 1.0011940 seconds
[2023-10-30T23:04:52.522+0000][1471.179s][info ][safepoint     ] Entering safepoint region: Cleanup
[2023-10-30T23:04:52.523+0000][1471.180s][info ][safepoint     ] Leaving safepoint region
[2023-10-30T23:04:52.523+0000][1471.180s][info ][safepoint     ] Total time for which application threads were stopped: 0.0017489 seconds, Stopping threads took: 0.0006668 seconds
[2023-10-30T23:04:53.524+0000][1472.181s][debug][safepoint     ] Safepoint synchronization initiated. (192 threads)
[2023-10-30T23:04:53.525+0000][1472.182s][info ][safepoint     ] Application time: 1.0006135 seconds
[2023-10-30T23:04:53.525+0000][1472.182s][info ][safepoint     ] Entering safepoint region: Cleanup
[2023-10-30T23:04:53.526+0000][1472.183s][info ][safepoint     ] Leaving safepoint region
[2023-10-30T23:04:53.526+0000][1472.183s][info ][safepoint     ] Total time for which application threads were stopped: 0.0009636 seconds, Stopping threads took: 0.0004501 seconds
[2023-10-30T23:04:54.527+0000][1473.184s][debug][safepoint     ] Safepoint synchronization initiated. (192 threads)
[2023-10-30T23:04:54.528+0000][1473.185s][info ][safepoint     ] Application time: 1.0013932 seconds
[2023-10-30T23:04:54.529+0000][1473.186s][info ][safepoint     ] Entering safepoint region: Cleanup
[2023-10-30T23:04:54.530+0000][1473.187s][info ][safepoint     ] Leaving safepoint region
[2023-10-30T23:04:54.531+0000][1473.188s][info ][safepoint     ] Total time for which application threads were stopped: 0.0020312 seconds, Stopping threads took: 0.0007803 seconds
[2023-10-30T23:04:55.532+0000][1474.189s][debug][safepoint     ] Safepoint synchronization initiated. (192 threads)
[2023-10-30T23:04:55.532+0000][1474.190s][info ][safepoint     ] Application time: 1.0010243 seconds
[2023-10-30T23:04:55.533+0000][1474.190s][info ][safepoint     ] Entering safepoint region: Cleanup
[2023-10-30T23:04:55.534+0000][1474.191s][info ][safepoint     ] Leaving safepoint region
[2023-10-30T23:04:55.534+0000][1474.192s][info ][safepoint     ] Total time for which application threads were stopped: 0.0014384 seconds, Stopping threads took: 0.0005513 seconds
[2023-10-30T23:04:56.535+0000][1475.192s][debug][safepoint     ] Safepoint synchronization initiated. (192 threads)
[2023-10-30T23:04:56.536+0000][1475.193s][info ][safepoint     ] Application time: 1.0006936 seconds
[2023-10-30T23:04:56.536+0000][1475.193s][info ][safepoint     ] Entering safepoint region: Cleanup
[2023-10-30T23:04:56.537+0000][1475.194s][info ][safepoint     ] Leaving safepoint region
[2023-10-30T23:04:56.537+0000][1475.194s][info ][safepoint     ] Total time for which application threads were stopped: 0.0010217 seconds, Stopping threads took: 0.0004537 seconds
[2023-10-30T23:04:57.538+0000][1476.195s][debug][safepoint     ] Safepoint synchronization initiated. (192 threads)
[2023-10-30T23:04:57.539+0000][1476.196s][info ][safepoint     ] Application time: 1.0016490 seconds
[2023-10-30T23:04:57.540+0000][1476.197s][info ][safepoint     ] Entering safepoint region: Cleanup
[2023-10-30T23:04:57.541+0000][1476.198s][info ][safepoint     ] Leaving safepoint region
[2023-10-30T23:04:57.542+0000][1476.199s][info ][safepoint     ] Total time for which application threads were stopped: 0.0020749 seconds, Stopping threads took: 0.0009326 seconds
[2023-10-30T23:04:58.543+0000][1477.200s][debug][safepoint     ] Safepoint synchronization initiated. (192 threads)
[2023-10-30T23:04:58.544+0000][1477.201s][info ][safepoint     ] Application time: 1.0012421 seconds
[2023-10-30T23:04:58.545+0000][1477.202s][info ][safepoint     ] Entering safepoint region: Cleanup
[2023-10-30T23:04:58.546+0000][1477.203s][info ][safepoint     ] Leaving safepoint region
[2023-10-30T23:04:58.547+0000][1477.204s][info ][safepoint     ] Total time for which application threads were stopped: 0.0021544 seconds, Stopping threads took: 0.0009368 seconds
[2023-10-30T23:04:59.548+0000][1478.205s][debug][safepoint     ] Safepoint synchronization initiated. (192 threads)
[2023-10-30T23:04:59.549+0000][1478.206s][info ][safepoint     ] Application time: 1.0012425 seconds
[2023-10-30T23:04:59.550+0000][1478.207s][info ][safepoint     ] Entering safepoint region: Cleanup
[2023-10-30T23:04:59.551+0000][1478.208s][info ][safepoint     ] Leaving safepoint region
[2023-10-30T23:04:59.552+0000][1478.209s][info ][safepoint     ] Total time for which application threads were stopped: 0.0018207 seconds, Stopping threads took: 0.0008183 seconds
[2023-10-30T23:05:00.553+0000][1479.210s][debug][safepoint     ] Safepoint synchronization initiated. (192 threads)
[2023-10-30T23:05:00.553+0000][1479.210s][info ][safepoint     ] Application time: 1.0006162 seconds
[2023-10-30T23:05:00.554+0000][1479.211s][info ][safepoint     ] Entering safepoint region: Cleanup
[2023-10-30T23:05:00.554+0000][1479.211s][info ][safepoint     ] Leaving safepoint region
[2023-10-30T23:05:00.554+0000][1479.212s][info ][safepoint     ] Total time for which application threads were stopped: 0.0008363 seconds, Stopping threads took: 0.0003331 seconds
[2023-10-30T23:05:01.555+0000][1480.212s][debug][safepoint     ] Safepoint synchronization initiated. (192 threads)
[2023-10-30T23:05:01.556+0000][1480.213s][info ][safepoint     ] Application time: 1.0007896 seconds
[2023-10-30T23:05:01.556+0000][1480.213s][info ][safepoint     ] Entering safepoint region: Cleanup
[2023-10-30T23:05:01.557+0000][1480.214s][info ][safepoint     ] Leaving safepoint region
[2023-10-30T23:05:01.557+0000][1480.214s][info ][safepoint     ] Total time for which application threads were stopped: 0.0012975 seconds, Stopping threads took: 0.0004989 seconds
[2023-10-30T23:05:02.558+0000][1481.215s][debug][safepoint     ] Safepoint synchronization initiated. (192 threads)
[2023-10-30T23:05:02.559+0000][1481.216s][info ][safepoint     ] Application time: 1.0014618 seconds
[2023-10-30T23:05:02.560+0000][1481.217s][info ][safepoint     ] Entering safepoint region: Cleanup
[2023-10-30T23:05:02.562+0000][1481.219s][info ][safepoint     ] Leaving safepoint region
[2023-10-30T23:05:02.562+0000][1481.219s][info ][safepoint     ] Total time for which application threads were stopped: 0.0019913 seconds, Stopping threads took: 0.0009929 seconds
[2023-10-30T23:05:03.563+0000][1482.220s][debug][safepoint     ] Safepoint synchronization initiated. (192 threads)
[2023-10-30T23:05:03.564+0000][1482.221s][info ][safepoint     ] Application time: 1.0007453 seconds
[2023-10-30T23:05:03.564+0000][1482.221s][info ][safepoint     ] Entering safepoint region: Cleanup
[2023-10-30T23:05:03.565+0000][1482.222s][info ][safepoint     ] Leaving safepoint region
[2023-10-30T23:05:03.566+0000][1482.223s][info ][safepoint     ] Total time for which application threads were stopped: 0.0013663 seconds, Stopping threads took: 0.0005523 seconds
[2023-10-30T23:05:04.566+0000][1483.223s][debug][safepoint     ] Safepoint synchronization initiated. (192 threads)
[2023-10-30T23:05:04.567+0000][1483.224s][info ][safepoint     ] Application time: 1.0009430 seconds
[2023-10-30T23:05:04.567+0000][1483.225s][info ][safepoint     ] Entering safepoint region: Cleanup
[2023-10-30T23:05:04.568+0000][1483.225s][info ][safepoint     ] Leaving safepoint region
[2023-10-30T23:05:04.568+0000][1483.226s][info ][safepoint     ] Total time for which application threads were stopped: 0.0010465 seconds, Stopping threads took: 0.0003922 seconds
[2023-10-30T23:05:05.569+0000][1484.226s][debug][safepoint     ] Safepoint synchronization initiated. (192 threads)
[2023-10-30T23:05:05.570+0000][1484.227s][info ][safepoint     ] Application time: 1.0007997 seconds
[2023-10-30T23:05:05.570+0000][1484.227s][info ][safepoint     ] Entering safepoint region: Cleanup
[2023-10-30T23:05:05.571+0000][1484.228s][info ][safepoint     ] Leaving safepoint region
[2023-10-30T23:05:05.571+0000][1484.228s][info ][safepoint     ] Total time for which application threads were stopped: 0.0011470 seconds, Stopping threads took: 0.0004516 seconds
[2023-10-30T23:05:06.572+0000][1485.229s][debug][safepoint     ] Safepoint synchronization initiated. (192 threads)
[2023-10-30T23:05:06.572+0000][1485.229s][info ][safepoint     ] Application time: 1.0006817 seconds
[2023-10-30T23:05:06.573+0000][1485.230s][info ][safepoint     ] Entering safepoint region: Cleanup
[2023-10-30T23:05:06.573+0000][1485.231s][info ][safepoint     ] Leaving safepoint region
[2023-10-30T23:05:06.574+0000][1485.231s][info ][safepoint     ] Total time for which application threads were stopped: 0.0010615 seconds, Stopping threads took: 0.0004389 seconds
[2023-10-30T23:05:07.574+0000][1486.232s][debug][safepoint     ] Safepoint synchronization initiated. (192 threads)
[2023-10-30T23:05:07.575+0000][1486.232s][info ][safepoint     ] Application time: 1.0006375 seconds
[2023-10-30T23:05:07.575+0000][1486.232s][info ][safepoint     ] Entering safepoint region: Cleanup
[2023-10-30T23:05:07.576+0000][1486.233s][info ][safepoint     ] Leaving safepoint region
[2023-10-30T23:05:07.576+0000][1486.233s][info ][safepoint     ] Total time for which application threads were stopped: 0.0007773 seconds, Stopping threads took: 0.0002884 seconds
[2023-10-30T23:05:08.576+0000][1487.233s][debug][safepoint     ] Safepoint synchronization initiated. (192 threads)
[2023-10-30T23:05:08.578+0000][1487.235s][info ][safepoint     ] Application time: 1.0017352 seconds
[2023-10-30T23:05:08.579+0000][1487.236s][info ][safepoint     ] Entering safepoint region: Cleanup
[2023-10-30T23:05:08.580+0000][1487.237s][info ][safepoint     ] Leaving safepoint region
[2023-10-30T23:05:08.580+0000][1487.238s][info ][safepoint     ] Total time for which application threads were stopped: 0.0018805 seconds, Stopping threads took: 0.0008243 seconds
[2023-10-30T23:05:09.581+0000][1488.239s][debug][safepoint     ] Safepoint synchronization initiated. (192 threads)
[2023-10-30T23:05:09.583+0000][1488.240s][info ][safepoint     ] Application time: 1.0015754 seconds
[2023-10-30T23:05:09.584+0000][1488.241s][info ][safepoint     ] Entering safepoint region: Cleanup
[2023-10-30T23:05:09.585+0000][1488.242s][info ][safepoint     ] Leaving safepoint region
[2023-10-30T23:05:09.585+0000][1488.243s][info ][safepoint     ] Total time for which application threads were stopped: 0.0017196 seconds, Stopping threads took: 0.0007099 seconds
[2023-10-30T23:05:10.586+0000][1489.243s][debug][safepoint     ] Safepoint synchronization initiated. (192 threads)
[2023-10-30T23:05:10.587+0000][1489.244s][info ][safepoint     ] Application time: 1.0005698 seconds
[2023-10-30T23:05:10.587+0000][1489.244s][info ][safepoint     ] Entering safepoint region: Cleanup
[2023-10-30T23:05:10.588+0000][1489.245s][info ][safepoint     ] Leaving safepoint region
[2023-10-30T23:05:10.588+0000][1489.245s][info ][safepoint     ] Total time for which application threads were stopped: 0.0008430 seconds, Stopping threads took: 0.0003378 seconds
[2023-10-30T23:05:11.589+0000][1490.246s][debug][safepoint     ] Safepoint synchronization initiated. (192 threads)
[2023-10-30T23:05:11.593+0000][1490.250s][info ][safepoint     ] Application time: 1.0049356 seconds
[2023-10-30T23:05:11.594+0000][1490.251s][info ][safepoint     ] Entering safepoint region: Cleanup
[2023-10-30T23:05:11.594+0000][1490.251s][info ][safepoint     ] Leaving safepoint region
[2023-10-30T23:05:11.595+0000][1490.252s][info ][safepoint     ] Total time for which application threads were stopped: 0.0012137 seconds, Stopping threads took: 0.0005925 seconds
[2023-10-30T23:05:12.595+0000][1491.252s][debug][safepoint     ] Safepoint synchronization initiated. (192 threads)
[2023-10-30T23:05:12.596+0000][1491.253s][info ][safepoint     ] Application time: 1.0007820 seconds
[2023-10-30T23:05:12.596+0000][1491.254s][info ][safepoint     ] Entering safepoint region: Cleanup
[2023-10-30T23:05:12.597+0000][1491.254s][info ][safepoint     ] Leaving safepoint region
[2023-10-30T23:05:12.598+0000][1491.255s][info ][safepoint     ] Total time for which application threads were stopped: 0.0012218 seconds, Stopping threads took: 0.0004258 seconds
[2023-10-30T23:05:13.598+0000][1492.255s][debug][safepoint     ] Safepoint synchronization initiated. (192 threads)
[2023-10-30T23:05:13.598+0000][1492.256s][info ][safepoint     ] Application time: 1.0004751 seconds
[2023-10-30T23:05:13.599+0000][1492.256s][info ][safepoint     ] Entering safepoint region: Cleanup
[2023-10-30T23:05:13.599+0000][1492.257s][info ][safepoint     ] Leaving safepoint region
[2023-10-30T23:05:13.600+0000][1492.257s][info ][safepoint     ] Total time for which application threads were stopped: 0.0008796 seconds, Stopping threads took: 0.0003890 seconds
[2023-10-30T23:05:14.600+0000][1493.257s][debug][safepoint     ] Safepoint synchronization initiated. (192 threads)
[2023-10-30T23:05:14.601+0000][1493.258s][info ][safepoint     ] Application time: 1.0007493 seconds
[2023-10-30T23:05:14.601+0000][1493.258s][info ][safepoint     ] Entering safepoint region: Cleanup
[2023-10-30T23:05:14.602+0000][1493.259s][info ][safepoint     ] Leaving safepoint region
[2023-10-30T23:05:14.602+0000][1493.259s][info ][safepoint     ] Total time for which application threads were stopped: 0.0009787 seconds, Stopping threads took: 0.0004800 seconds
[2023-10-30T23:05:15.603+0000][1494.260s][debug][safepoint     ] Safepoint synchronization initiated. (192 threads)
[2023-10-30T23:05:15.603+0000][1494.261s][info ][safepoint     ] Application time: 1.0009614 seconds
[2023-10-30T23:05:15.604+0000][1494.261s][info ][safepoint     ] Entering safepoint region: Cleanup
[2023-10-30T23:05:15.605+0000][1494.262s][info ][safepoint     ] Leaving safepoint region
[2023-10-30T23:05:15.605+0000][1494.262s][info ][safepoint     ] Total time for which application threads were stopped: 0.0013721 seconds, Stopping threads took: 0.0005885 seconds
[2023-10-30T23:05:16.606+0000][1495.263s][debug][safepoint     ] Safepoint synchronization initiated. (192 threads)
[2023-10-30T23:05:16.607+0000][1495.264s][info ][safepoint     ] Application time: 1.0008844 seconds
[2023-10-30T23:05:16.607+0000][1495.264s][info ][safepoint     ] Entering safepoint region: Cleanup
[2023-10-30T23:05:16.608+0000][1495.265s][info ][safepoint     ] Leaving safepoint region
[2023-10-30T23:05:16.609+0000][1495.266s][info ][safepoint     ] Total time for which application threads were stopped: 0.0014327 seconds, Stopping threads took: 0.0005859 seconds
[2023-10-30T23:05:17.609+0000][1496.267s][debug][safepoint     ] Safepoint synchronization initiated. (192 threads)
[2023-10-30T23:05:17.610+0000][1496.267s][info ][safepoint     ] Application time: 1.0009633 seconds
[2023-10-30T23:05:17.611+0000][1496.268s][info ][safepoint     ] Entering safepoint region: Cleanup
[2023-10-30T23:05:17.612+0000][1496.269s][info ][safepoint     ] Leaving safepoint region
[2023-10-30T23:05:17.612+0000][1496.270s][info ][safepoint     ] Total time for which application threads were stopped: 0.0014405 seconds, Stopping threads took: 0.0007230 seconds
[2023-10-30T23:05:18.613+0000][1497.270s][debug][safepoint     ] Safepoint synchronization initiated. (192 threads)
[2023-10-30T23:05:18.614+0000][1497.271s][info ][safepoint     ] Application time: 1.0008023 seconds
[2023-10-30T23:05:18.615+0000][1497.272s][info ][safepoint     ] Entering safepoint region: Cleanup
[2023-10-30T23:05:18.616+0000][1497.273s][info ][safepoint     ] Leaving safepoint region
[2023-10-30T23:05:18.616+0000][1497.273s][info ][safepoint     ] Total time for which application threads were stopped: 0.0014402 seconds, Stopping threads took: 0.0007533 seconds
[2023-10-30T23:05:19.617+0000][1498.274s][debug][safepoint     ] Safepoint synchronization initiated. (191 threads)
[2023-10-30T23:05:19.618+0000][1498.275s][info ][safepoint     ] Application time: 1.0017075 seconds
[2023-10-30T23:05:19.619+0000][1498.276s][info ][safepoint     ] Entering safepoint region: Cleanup
[2023-10-30T23:05:19.620+0000][1498.278s][info ][safepoint     ] Leaving safepoint region
[2023-10-30T23:05:19.621+0000][1498.278s][info ][safepoint     ] Total time for which application threads were stopped: 0.0020015 seconds, Stopping threads took: 0.0008296 seconds
[2023-10-30T23:05:20.622+0000][1499.279s][debug][safepoint     ] Safepoint synchronization initiated. (191 threads)
[2023-10-30T23:05:20.623+0000][1499.281s][info ][safepoint     ] Application time: 1.0014126 seconds
[2023-10-30T23:05:20.624+0000][1499.282s][info ][safepoint     ] Entering safepoint region: Cleanup
[2023-10-30T23:05:20.626+0000][1499.283s][info ][safepoint     ] Leaving safepoint region
[2023-10-30T23:05:20.626+0000][1499.284s][info ][safepoint     ] Total time for which application threads were stopped: 0.0020744 seconds, Stopping threads took: 0.0009648 seconds
[2023-10-30T23:05:21.627+0000][1500.284s][debug][safepoint     ] Safepoint synchronization initiated. (191 threads)
[2023-10-30T23:05:21.628+0000][1500.285s][info ][safepoint     ] Application time: 1.0009082 seconds
[2023-10-30T23:05:21.628+0000][1500.286s][info ][safepoint     ] Entering safepoint region: Cleanup
[2023-10-30T23:05:21.629+0000][1500.286s][info ][safepoint     ] Leaving safepoint region
[2023-10-30T23:05:21.629+0000][1500.287s][info ][safepoint     ] Total time for which application threads were stopped: 0.0011442 seconds, Stopping threads took: 0.0004848 seconds
[2023-10-30T23:05:22.630+0000][1501.287s][debug][safepoint     ] Safepoint synchronization initiated. (191 threads)
[2023-10-30T23:05:22.631+0000][1501.288s][info ][safepoint     ] Application time: 1.0009817 seconds
[2023-10-30T23:05:22.632+0000][1501.289s][info ][safepoint     ] Entering safepoint region: Cleanup
[2023-10-30T23:05:22.633+0000][1501.290s][info ][safepoint     ] Leaving safepoint region
[2023-10-30T23:05:22.633+0000][1501.290s][info ][safepoint     ] Total time for which application threads were stopped: 0.0017567 seconds, Stopping threads took: 0.0007781 seconds
[2023-10-30T23:05:23.634+0000][1502.291s][debug][safepoint     ] Safepoint synchronization initiated. (191 threads)
[2023-10-30T23:05:23.635+0000][1502.292s][info ][safepoint     ] Application time: 1.0005392 seconds
[2023-10-30T23:05:23.635+0000][1502.292s][info ][safepoint     ] Entering safepoint region: Cleanup
[2023-10-30T23:05:23.636+0000][1502.293s][info ][safepoint     ] Leaving safepoint region
[2023-10-30T23:05:23.636+0000][1502.293s][info ][safepoint     ] Total time for which application threads were stopped: 0.0008629 seconds, Stopping threads took: 0.0003685 seconds
[2023-10-30T23:05:24.636+0000][1503.294s][debug][safepoint     ] Safepoint synchronization initiated. (191 threads)
[2023-10-30T23:05:24.637+0000][1503.294s][info ][safepoint     ] Application time: 1.0009982 seconds
[2023-10-30T23:05:24.638+0000][1503.295s][debug][safepoint     ] ... found polling page return exception at pc = 0x00007f93493f09d6, stub =0x00007f9340840600
[2023-10-30T23:05:24.638+0000][1503.295s][debug][safepoint     ] ... found polling page return exception at pc = 0x00007f93493f09d6, stub =0x00007f9340840600
[2023-10-30T23:05:24.638+0000][1503.295s][debug][safepoint     ] ... found polling page return exception at pc = 0x00007f93488fb308, stub =0x00007f9340840600
[2023-10-30T23:05:24.641+0000][1503.298s][debug][safepoint     ] Waiting for 5 thread(s) to block
[2023-10-30T23:05:24.642+0000][1503.299s][info ][safepoint     ] Entering safepoint region: Cleanup
[2023-10-30T23:05:24.643+0000][1503.300s][info ][safepoint     ] Leaving safepoint region
[2023-10-30T23:05:24.643+0000][1503.300s][info ][safepoint     ] Total time for which application threads were stopped: 0.0052840 seconds, Stopping threads took: 0.0046046 seconds
[2023-10-30T23:05:25.644+0000][1504.301s][debug][safepoint     ] Safepoint synchronization initiated. (191 threads)
[2023-10-30T23:05:25.644+0000][1504.302s][info ][safepoint     ] Application time: 1.0007485 seconds
[2023-10-30T23:05:25.645+0000][1504.302s][info ][safepoint     ] Entering safepoint region: Cleanup
[2023-10-30T23:05:25.645+0000][1504.302s][info ][safepoint     ] Leaving safepoint region
[2023-10-30T23:05:25.646+0000][1504.303s][info ][safepoint     ] Total time for which application threads were stopped: 0.0007787 seconds, Stopping threads took: 0.0003407 seconds
[2023-10-30T23:05:26.646+0000][1505.303s][debug][safepoint     ] Safepoint synchronization initiated. (191 threads)
[2023-10-30T23:05:26.647+0000][1505.304s][info ][safepoint     ] Application time: 1.0007469 seconds
[2023-10-30T23:05:26.647+0000][1505.304s][info ][safepoint     ] Entering safepoint region: Cleanup
[2023-10-30T23:05:26.648+0000][1505.305s][info ][safepoint     ] Leaving safepoint region
[2023-10-30T23:05:26.653+0000][1505.310s][info ][safepoint     ] Total time for which application threads were stopped: 0.0060180 seconds, Stopping threads took: 0.0006155 seconds
[2023-10-30T23:05:27.655+0000][1506.312s][debug][safepoint     ] Safepoint synchronization initiated. (191 threads)
[2023-10-30T23:05:27.656+0000][1506.313s][info ][safepoint     ] Application time: 1.0011382 seconds
[2023-10-30T23:05:27.656+0000][1506.313s][info ][safepoint     ] Entering safepoint region: Cleanup
[2023-10-30T23:05:27.657+0000][1506.314s][info ][safepoint     ] Leaving safepoint region
[2023-10-30T23:05:27.657+0000][1506.315s][info ][safepoint     ] Total time for which application threads were stopped: 0.0013063 seconds, Stopping threads took: 0.0006135 seconds
[2023-10-30T23:05:28.658+0000][1507.315s][debug][safepoint     ] Safepoint synchronization initiated. (191 threads)
[2023-10-30T23:05:28.659+0000][1507.316s][info ][safepoint     ] Application time: 1.0008631 seconds
[2023-10-30T23:05:28.659+0000][1507.316s][info ][safepoint     ] Entering safepoint region: Cleanup
[2023-10-30T23:05:28.660+0000][1507.317s][info ][safepoint     ] Leaving safepoint region
[2023-10-30T23:05:28.660+0000][1507.317s][info ][safepoint     ] Total time for which application threads were stopped: 0.0010683 seconds, Stopping threads took: 0.0004065 seconds
[2023-10-30T23:05:29.661+0000][1508.318s][debug][safepoint     ] Safepoint synchronization initiated. (191 threads)
[2023-10-30T23:05:29.662+0000][1508.319s][info ][safepoint     ] Application time: 1.0013032 seconds
[2023-10-30T23:05:29.663+0000][1508.320s][info ][safepoint     ] Entering safepoint region: Cleanup
[2023-10-30T23:05:29.664+0000][1508.321s][info ][safepoint     ] Leaving safepoint region
[2023-10-30T23:05:29.665+0000][1508.322s][info ][safepoint     ] Total time for which application threads were stopped: 0.0018235 seconds, Stopping threads took: 0.0007113 seconds
[2023-10-30T23:05:30.666+0000][1509.323s][debug][safepoint     ] Safepoint synchronization initiated. (191 threads)
[2023-10-30T23:05:30.667+0000][1509.324s][info ][safepoint     ] Application time: 1.0013220 seconds
[2023-10-30T23:05:30.668+0000][1509.325s][info ][safepoint     ] Entering safepoint region: Cleanup
[2023-10-30T23:05:30.669+0000][1509.326s][info ][safepoint     ] Leaving safepoint region
[2023-10-30T23:05:30.670+0000][1509.327s][info ][safepoint     ] Total time for which application threads were stopped: 0.0022665 seconds, Stopping threads took: 0.0011205 seconds
[2023-10-30T23:05:31.671+0000][1510.328s][debug][safepoint     ] Safepoint synchronization initiated. (191 threads)
[2023-10-30T23:05:31.672+0000][1510.329s][info ][safepoint     ] Application time: 1.0008814 seconds
[2023-10-30T23:05:31.672+0000][1510.329s][info ][safepoint     ] Entering safepoint region: Cleanup
[2023-10-30T23:05:31.673+0000][1510.330s][info ][safepoint     ] Leaving safepoint region
[2023-10-30T23:05:31.673+0000][1510.331s][info ][safepoint     ] Total time for which application threads were stopped: 0.0011259 seconds, Stopping threads took: 0.0004749 seconds
[2023-10-30T23:05:32.674+0000][1511.331s][debug][safepoint     ] Safepoint synchronization initiated. (191 threads)
[2023-10-30T23:05:32.675+0000][1511.332s][info ][safepoint     ] Application time: 1.0008969 seconds
[2023-10-30T23:05:32.675+0000][1511.333s][info ][safepoint     ] Entering safepoint region: Cleanup
[2023-10-30T23:05:32.676+0000][1511.333s][info ][safepoint     ] Leaving safepoint region
[2023-10-30T23:05:32.677+0000][1511.334s][info ][safepoint     ] Total time for which application threads were stopped: 0.0014845 seconds, Stopping threads took: 0.0006929 seconds
[2023-10-30T23:05:33.678+0000][1512.335s][debug][safepoint     ] Safepoint synchronization initiated. (191 threads)
[2023-10-30T23:05:33.678+0000][1512.336s][info ][safepoint     ] Application time: 1.0011467 seconds
[2023-10-30T23:05:33.679+0000][1512.336s][info ][safepoint     ] Entering safepoint region: Cleanup
[2023-10-30T23:05:33.680+0000][1512.337s][info ][safepoint     ] Leaving safepoint region
[2023-10-30T23:05:33.681+0000][1512.338s][info ][safepoint     ] Total time for which application threads were stopped: 0.0014457 seconds, Stopping threads took: 0.0007679 seconds
[2023-10-30T23:05:34.682+0000][1513.339s][debug][safepoint     ] Safepoint synchronization initiated. (191 threads)
[2023-10-30T23:05:34.682+0000][1513.339s][info ][safepoint     ] Application time: 1.0011431 seconds
[2023-10-30T23:05:34.683+0000][1513.340s][info ][safepoint     ] Entering safepoint region: Cleanup
[2023-10-30T23:05:34.684+0000][1513.341s][info ][safepoint     ] Leaving safepoint region
[2023-10-30T23:05:34.684+0000][1513.341s][info ][safepoint     ] Total time for which application threads were stopped: 0.0014551 seconds, Stopping threads took: 0.0006771 seconds
[2023-10-30T23:05:35.685+0000][1514.342s][debug][safepoint     ] Safepoint synchronization initiated. (191 threads)
[2023-10-30T23:05:35.685+0000][1514.343s][info ][safepoint     ] Application time: 1.0005478 seconds
[2023-10-30T23:05:35.686+0000][1514.343s][info ][safepoint     ] Entering safepoint region: Cleanup
[2023-10-30T23:05:35.686+0000][1514.343s][info ][safepoint     ] Leaving safepoint region
[2023-10-30T23:05:35.687+0000][1514.344s][info ][safepoint     ] Total time for which application threads were stopped: 0.0009063 seconds, Stopping threads took: 0.0003742 seconds
[2023-10-30T23:05:36.687+0000][1515.344s][debug][safepoint     ] Safepoint synchronization initiated. (191 threads)
[2023-10-30T23:05:36.688+0000][1515.345s][info ][safepoint     ] Application time: 1.0007085 seconds
[2023-10-30T23:05:36.688+0000][1515.346s][info ][safepoint     ] Entering safepoint region: Cleanup
[2023-10-30T23:05:36.689+0000][1515.346s][info ][safepoint     ] Leaving safepoint region
[2023-10-30T23:05:36.690+0000][1515.347s][info ][safepoint     ] Total time for which application threads were stopped: 0.0014497 seconds, Stopping threads took: 0.0007019 seconds
[2023-10-30T23:05:37.691+0000][1516.348s][debug][safepoint     ] Safepoint synchronization initiated. (191 threads)
[2023-10-30T23:05:37.692+0000][1516.349s][info ][safepoint     ] Application time: 1.0012424 seconds
[2023-10-30T23:05:37.692+0000][1516.350s][debug][safepoint     ] Waiting for 1 thread(s) to block
[2023-10-30T23:05:37.693+0000][1516.350s][info ][safepoint     ] Entering safepoint region: Cleanup
[2023-10-30T23:05:37.695+0000][1516.352s][info ][safepoint     ] Leaving safepoint region
[2023-10-30T23:05:37.695+0000][1516.352s][info ][safepoint     ] Total time for which application threads were stopped: 0.0028503 seconds, Stopping threads took: 0.0017344 seconds
[2023-10-30T23:05:38.696+0000][1517.353s][debug][safepoint     ] Safepoint synchronization initiated. (191 threads)
[2023-10-30T23:05:38.696+0000][1517.354s][info ][safepoint     ] Application time: 1.0007321 seconds
[2023-10-30T23:05:38.697+0000][1517.354s][info ][safepoint     ] Entering safepoint region: Cleanup
[2023-10-30T23:05:38.697+0000][1517.355s][info ][safepoint     ] Leaving safepoint region
[2023-10-30T23:05:38.698+0000][1517.355s][info ][safepoint     ] Total time for which application threads were stopped: 0.0008915 seconds, Stopping threads took: 0.0004012 seconds
[2023-10-30T23:05:39.698+0000][1518.356s][debug][safepoint     ] Safepoint synchronization initiated. (191 threads)
[2023-10-30T23:05:39.699+0000][1518.357s][info ][safepoint     ] Application time: 1.0012736 seconds
[2023-10-30T23:05:39.700+0000][1518.358s][info ][safepoint     ] Entering safepoint region: Cleanup
[2023-10-30T23:05:39.701+0000][1518.359s][info ][safepoint     ] Leaving safepoint region
[2023-10-30T23:05:39.702+0000][1518.359s][info ][safepoint     ] Total time for which application threads were stopped: 0.0018200 seconds, Stopping threads took: 0.0008875 seconds
[2023-10-30T23:05:40.703+0000][1519.360s][debug][safepoint     ] Safepoint synchronization initiated. (191 threads)
[2023-10-30T23:05:40.704+0000][1519.361s][info ][safepoint     ] Application time: 1.0010251 seconds
[2023-10-30T23:05:40.705+0000][1519.362s][info ][safepoint     ] Entering safepoint region: Cleanup
[2023-10-30T23:05:40.706+0000][1519.363s][info ][safepoint     ] Leaving safepoint region
[2023-10-30T23:05:40.706+0000][1519.364s][info ][safepoint     ] Total time for which application threads were stopped: 0.0016084 seconds, Stopping threads took: 0.0007325 seconds
[2023-10-30T23:05:41.707+0000][1520.365s][debug][safepoint     ] Safepoint synchronization initiated. (191 threads)
[2023-10-30T23:05:41.708+0000][1520.365s][info ][safepoint     ] Application time: 1.0011892 seconds
[2023-10-30T23:05:41.709+0000][1520.366s][info ][safepoint     ] Entering safepoint region: Cleanup
[2023-10-30T23:05:41.710+0000][1520.367s][info ][safepoint     ] Leaving safepoint region
[2023-10-30T23:05:41.711+0000][1520.368s][info ][safepoint     ] Total time for which application threads were stopped: 0.0016030 seconds, Stopping threads took: 0.0006693 seconds
[2023-10-30T23:05:42.712+0000][1521.369s][debug][safepoint     ] Safepoint synchronization initiated. (191 threads)
[2023-10-30T23:05:42.713+0000][1521.370s][info ][safepoint     ] Application time: 1.0013536 seconds
[2023-10-30T23:05:42.714+0000][1521.371s][info ][safepoint     ] Entering safepoint region: Cleanup
[2023-10-30T23:05:42.715+0000][1521.372s][info ][safepoint     ] Leaving safepoint region
[2023-10-30T23:05:42.716+0000][1521.373s][info ][safepoint     ] Total time for which application threads were stopped: 0.0020755 seconds, Stopping threads took: 0.0009441 seconds
[2023-10-30T23:05:43.717+0000][1522.374s][debug][safepoint     ] Safepoint synchronization initiated. (191 threads)
[2023-10-30T23:05:43.718+0000][1522.375s][info ][safepoint     ] Application time: 1.0012715 seconds
[2023-10-30T23:05:43.719+0000][1522.376s][info ][safepoint     ] Entering safepoint region: Cleanup
[2023-10-30T23:05:43.720+0000][1522.377s][info ][safepoint     ] Leaving safepoint region
[2023-10-30T23:05:43.720+0000][1522.378s][info ][safepoint     ] Total time for which application threads were stopped: 0.0018762 seconds, Stopping threads took: 0.0007869 seconds
[2023-10-30T23:05:44.721+0000][1523.379s][debug][safepoint     ] Safepoint synchronization initiated. (191 threads)
[2023-10-30T23:05:44.722+0000][1523.379s][info ][safepoint     ] Application time: 1.0010091 seconds
[2023-10-30T23:05:44.723+0000][1523.380s][info ][safepoint     ] Entering safepoint region: Cleanup
[2023-10-30T23:05:44.723+0000][1523.381s][info ][safepoint     ] Leaving safepoint region
[2023-10-30T23:05:44.724+0000][1523.381s][info ][safepoint     ] Total time for which application threads were stopped: 0.0012646 seconds, Stopping threads took: 0.0005683 seconds
[2023-10-30T23:05:45.725+0000][1524.382s][debug][safepoint     ] Safepoint synchronization initiated. (191 threads)
[2023-10-30T23:05:45.725+0000][1524.382s][info ][safepoint     ] Application time: 1.0008865 seconds
[2023-10-30T23:05:45.726+0000][1524.383s][info ][safepoint     ] Entering safepoint region: Cleanup
[2023-10-30T23:05:45.727+0000][1524.384s][info ][safepoint     ] Leaving safepoint region
[2023-10-30T23:05:45.727+0000][1524.385s][info ][safepoint     ] Total time for which application threads were stopped: 0.0014207 seconds, Stopping threads took: 0.0005312 seconds
[2023-10-30T23:05:46.728+0000][1525.385s][debug][safepoint     ] Safepoint synchronization initiated. (191 threads)
[2023-10-30T23:05:46.729+0000][1525.386s][info ][safepoint     ] Application time: 1.0012090 seconds
[2023-10-30T23:05:46.730+0000][1525.387s][info ][safepoint     ] Entering safepoint region: Cleanup
[2023-10-30T23:05:46.730+0000][1525.388s][info ][safepoint     ] Leaving safepoint region
[2023-10-30T23:05:46.731+0000][1525.388s][info ][safepoint     ] Total time for which application threads were stopped: 0.0012168 seconds, Stopping threads took: 0.0005800 seconds
[2023-10-30T23:05:47.732+0000][1526.389s][debug][safepoint     ] Safepoint synchronization initiated. (191 threads)
[2023-10-30T23:05:47.733+0000][1526.390s][info ][safepoint     ] Application time: 1.0013468 seconds
[2023-10-30T23:05:47.734+0000][1526.391s][info ][safepoint     ] Entering safepoint region: Cleanup
[2023-10-30T23:05:47.735+0000][1526.392s][info ][safepoint     ] Leaving safepoint region
[2023-10-30T23:05:47.736+0000][1526.393s][info ][safepoint     ] Total time for which application threads were stopped: 0.0021644 seconds, Stopping threads took: 0.0010057 seconds
[2023-10-30T23:05:48.737+0000][1527.394s][debug][safepoint     ] Safepoint synchronization initiated. (191 threads)
[2023-10-30T23:05:48.738+0000][1527.395s][info ][safepoint     ] Application time: 1.0013643 seconds
[2023-10-30T23:05:48.739+0000][1527.396s][info ][safepoint     ] Entering safepoint region: Cleanup
[2023-10-30T23:05:48.741+0000][1527.398s][info ][safepoint     ] Leaving safepoint region
[2023-10-30T23:05:48.741+0000][1527.399s][info ][safepoint     ] Total time for which application threads were stopped: 0.0023303 seconds, Stopping threads took: 0.0011232 seconds
[2023-10-30T23:05:49.742+0000][1528.400s][debug][safepoint     ] Safepoint synchronization initiated. (191 threads)
[2023-10-30T23:05:49.744+0000][1528.401s][info ][safepoint     ] Application time: 1.0013465 seconds
[2023-10-30T23:05:49.745+0000][1528.402s][info ][safepoint     ] Entering safepoint region: Cleanup
[2023-10-30T23:05:49.746+0000][1528.403s][info ][safepoint     ] Leaving safepoint region
[2023-10-30T23:05:49.746+0000][1528.403s][info ][safepoint     ] Total time for which application threads were stopped: 0.0016358 seconds, Stopping threads took: 0.0007071 seconds
[2023-10-30T23:05:50.747+0000][1529.404s][debug][safepoint     ] Safepoint synchronization initiated. (191 threads)
[2023-10-30T23:05:50.748+0000][1529.406s][info ][safepoint     ] Application time: 1.0016100 seconds
[2023-10-30T23:05:50.750+0000][1529.407s][info ][safepoint     ] Entering safepoint region: Cleanup
[2023-10-30T23:05:50.751+0000][1529.408s][info ][safepoint     ] Leaving safepoint region
[2023-10-30T23:05:50.752+0000][1529.409s][info ][safepoint     ] Total time for which application threads were stopped: 0.0020761 seconds, Stopping threads took: 0.0008951 seconds
[2023-10-30T23:05:51.753+0000][1530.410s][debug][safepoint     ] Safepoint synchronization initiated. (191 threads)
[2023-10-30T23:05:51.754+0000][1530.411s][info ][safepoint     ] Application time: 1.0012433 seconds
[2023-10-30T23:05:51.755+0000][1530.412s][info ][safepoint     ] Entering safepoint region: Cleanup
[2023-10-30T23:05:51.756+0000][1530.413s][info ][safepoint     ] Leaving safepoint region
[2023-10-30T23:05:51.757+0000][1530.414s][info ][safepoint     ] Total time for which application threads were stopped: 0.0022574 seconds, Stopping threads took: 0.0010009 seconds
[2023-10-30T23:05:52.758+0000][1531.415s][debug][safepoint     ] Safepoint synchronization initiated. (191 threads)
[2023-10-30T23:05:52.759+0000][1531.416s][info ][safepoint     ] Application time: 1.0013946 seconds
[2023-10-30T23:05:52.760+0000][1531.417s][info ][safepoint     ] Entering safepoint region: Cleanup
[2023-10-30T23:05:52.761+0000][1531.418s][info ][safepoint     ] Leaving safepoint region
[2023-10-30T23:05:52.762+0000][1531.419s][info ][safepoint     ] Total time for which application threads were stopped: 0.0017739 seconds, Stopping threads took: 0.0008408 seconds
[2023-10-30T23:05:53.763+0000][1532.420s][debug][safepoint     ] Safepoint synchronization initiated. (191 threads)
[2023-10-30T23:05:53.764+0000][1532.421s][info ][safepoint     ] Application time: 1.0012574 seconds
[2023-10-30T23:05:53.764+0000][1532.422s][debug][safepoint     ] Waiting for 2 thread(s) to block
[2023-10-30T23:05:53.765+0000][1532.423s][info ][safepoint     ] Entering safepoint region: Cleanup
[2023-10-30T23:05:53.767+0000][1532.424s][info ][safepoint     ] Leaving safepoint region
[2023-10-30T23:05:53.767+0000][1532.424s][info ][safepoint     ] Total time for which application threads were stopped: 0.0028195 seconds, Stopping threads took: 0.0019618 seconds
[2023-10-30T23:05:54.768+0000][1533.425s][debug][safepoint     ] Safepoint synchronization initiated. (191 threads)
[2023-10-30T23:05:54.769+0000][1533.426s][info ][safepoint     ] Application time: 1.0015523 seconds
[2023-10-30T23:05:54.770+0000][1533.427s][info ][safepoint     ] Entering safepoint region: Cleanup
[2023-10-30T23:05:54.771+0000][1533.428s][info ][safepoint     ] Leaving safepoint region
[2023-10-30T23:05:54.772+0000][1533.429s][info ][safepoint     ] Total time for which application threads were stopped: 0.0015786 seconds, Stopping threads took: 0.0006522 seconds
[2023-10-30T23:05:55.772+0000][1534.430s][debug][safepoint     ] Safepoint synchronization initiated. (191 threads)
[2023-10-30T23:05:55.773+0000][1534.430s][info ][safepoint     ] Application time: 1.0007660 seconds
[2023-10-30T23:05:55.773+0000][1534.431s][info ][safepoint     ] Entering safepoint region: Cleanup
[2023-10-30T23:05:55.774+0000][1534.431s][info ][safepoint     ] Leaving safepoint region
[2023-10-30T23:05:55.775+0000][1534.432s][info ][safepoint     ] Total time for which application threads were stopped: 0.0012479 seconds, Stopping threads took: 0.0005379 seconds
[2023-10-30T23:05:56.775+0000][1535.433s][debug][safepoint     ] Safepoint synchronization initiated. (191 threads)
[2023-10-30T23:05:56.776+0000][1535.433s][info ][safepoint     ] Application time: 1.0011573 seconds
[2023-10-30T23:05:56.777+0000][1535.434s][info ][safepoint     ] Entering safepoint region: Cleanup
[2023-10-30T23:05:56.778+0000][1535.435s][info ][safepoint     ] Leaving safepoint region
[2023-10-30T23:05:56.778+0000][1535.436s][info ][safepoint     ] Total time for which application threads were stopped: 0.0015072 seconds, Stopping threads took: 0.0006328 seconds
[2023-10-30T23:05:57.779+0000][1536.436s][debug][safepoint     ] Safepoint synchronization initiated. (191 threads)
[2023-10-30T23:05:57.780+0000][1536.437s][info ][safepoint     ] Application time: 1.0012165 seconds
[2023-10-30T23:05:57.781+0000][1536.438s][info ][safepoint     ] Entering safepoint region: Cleanup
[2023-10-30T23:05:57.782+0000][1536.439s][info ][safepoint     ] Leaving safepoint region
[2023-10-30T23:05:57.783+0000][1536.440s][info ][safepoint     ] Total time for which application threads were stopped: 0.0017813 seconds, Stopping threads took: 0.0007450 seconds
[2023-10-30T23:05:58.784+0000][1537.441s][debug][safepoint     ] Safepoint synchronization initiated. (191 threads)
[2023-10-30T23:05:58.784+0000][1537.442s][info ][safepoint     ] Application time: 1.0011810 seconds
[2023-10-30T23:05:58.785+0000][1537.442s][info ][safepoint     ] Entering safepoint region: Cleanup
[2023-10-30T23:05:58.786+0000][1537.443s][info ][safepoint     ] Leaving safepoint region
[2023-10-30T23:05:58.787+0000][1537.444s][info ][safepoint     ] Total time for which application threads were stopped: 0.0016286 seconds, Stopping threads took: 0.0006758 seconds
[2023-10-30T23:05:59.787+0000][1538.445s][debug][safepoint     ] Safepoint synchronization initiated. (191 threads)
[2023-10-30T23:05:59.788+0000][1538.446s][info ][safepoint     ] Application time: 1.0011857 seconds
[2023-10-30T23:05:59.789+0000][1538.447s][info ][safepoint     ] Entering safepoint region: Cleanup
[2023-10-30T23:05:59.791+0000][1538.448s][info ][safepoint     ] Leaving safepoint region
[2023-10-30T23:05:59.791+0000][1538.449s][info ][safepoint     ] Total time for which application threads were stopped: 0.0019845 seconds, Stopping threads took: 0.0008049 seconds
[2023-10-30T23:06:00.792+0000][1539.450s][debug][safepoint     ] Safepoint synchronization initiated. (191 threads)
[2023-10-30T23:06:00.793+0000][1539.450s][info ][safepoint     ] Application time: 1.0010711 seconds
[2023-10-30T23:06:00.794+0000][1539.451s][info ][safepoint     ] Entering safepoint region: Cleanup
[2023-10-30T23:06:00.795+0000][1539.452s][info ][safepoint     ] Leaving safepoint region
[2023-10-30T23:06:00.796+0000][1539.453s][info ][safepoint     ] Total time for which application threads were stopped: 0.0019367 seconds, Stopping threads took: 0.0008391 seconds
[2023-10-30T23:06:01.797+0000][1540.454s][debug][safepoint     ] Safepoint synchronization initiated. (191 threads)
[2023-10-30T23:06:01.798+0000][1540.455s][info ][safepoint     ] Application time: 1.0013086 seconds
[2023-10-30T23:06:01.799+0000][1540.456s][info ][safepoint     ] Entering safepoint region: Cleanup
[2023-10-30T23:06:01.800+0000][1540.458s][info ][safepoint     ] Leaving safepoint region
[2023-10-30T23:06:01.801+0000][1540.458s][info ][safepoint     ] Total time for which application threads were stopped: 0.0019227 seconds, Stopping threads took: 0.0007813 seconds
[2023-10-30T23:06:02.802+0000][1541.459s][debug][safepoint     ] Safepoint synchronization initiated. (191 threads)
[2023-10-30T23:06:02.803+0000][1541.460s][info ][safepoint     ] Application time: 1.0013162 seconds
[2023-10-30T23:06:02.804+0000][1541.461s][info ][safepoint     ] Entering safepoint region: Cleanup
[2023-10-30T23:06:02.805+0000][1541.463s][info ][safepoint     ] Leaving safepoint region
[2023-10-30T23:06:02.806+0000][1541.464s][info ][safepoint     ] Total time for which application threads were stopped: 0.0023330 seconds, Stopping threads took: 0.0009745 seconds
[2023-10-30T23:06:03.807+0000][1542.465s][debug][safepoint     ] Safepoint synchronization initiated. (189 threads)
[2023-10-30T23:06:03.808+0000][1542.465s][info ][safepoint     ] Application time: 1.0012366 seconds
[2023-10-30T23:06:03.809+0000][1542.466s][info ][safepoint     ] Entering safepoint region: Cleanup
[2023-10-30T23:06:03.810+0000][1542.467s][info ][safepoint     ] Leaving safepoint region
[2023-10-30T23:06:03.810+0000][1542.467s][info ][safepoint     ] Total time for which application threads were stopped: 0.0012255 seconds, Stopping threads took: 0.0005560 seconds
[2023-10-30T23:06:04.811+0000][1543.468s][debug][safepoint     ] Safepoint synchronization initiated. (189 threads)
[2023-10-30T23:06:04.812+0000][1543.469s][info ][safepoint     ] Application time: 1.0012698 seconds
[2023-10-30T23:06:04.813+0000][1543.470s][info ][safepoint     ] Entering safepoint region: Cleanup
[2023-10-30T23:06:04.814+0000][1543.471s][info ][safepoint     ] Leaving safepoint region
[2023-10-30T23:06:04.814+0000][1543.472s][info ][safepoint     ] Total time for which application threads were stopped: 0.0018475 seconds, Stopping threads took: 0.0007645 seconds
[2023-10-30T23:06:05.815+0000][1544.473s][debug][safepoint     ] Safepoint synchronization initiated. (189 threads)
[2023-10-30T23:06:05.817+0000][1544.474s][info ][safepoint     ] Application time: 1.0017162 seconds
[2023-10-30T23:06:05.818+0000][1544.475s][info ][safepoint     ] Entering safepoint region: Cleanup
[2023-10-30T23:06:05.819+0000][1544.476s][info ][safepoint     ] Leaving safepoint region
[2023-10-30T23:06:05.820+0000][1544.477s][info ][safepoint     ] Total time for which application threads were stopped: 0.0020151 seconds, Stopping threads took: 0.0007713 seconds
[2023-10-30T23:06:06.821+0000][1545.478s][debug][safepoint     ] Safepoint synchronization initiated. (189 threads)
[2023-10-30T23:06:06.821+0000][1545.479s][info ][safepoint     ] Application time: 1.0005520 seconds
[2023-10-30T23:06:06.822+0000][1545.479s][info ][safepoint     ] Entering safepoint region: Cleanup
[2023-10-30T23:06:06.822+0000][1545.480s][info ][safepoint     ] Leaving safepoint region
[2023-10-30T23:06:06.823+0000][1545.480s][info ][safepoint     ] Total time for which application threads were stopped: 0.0008539 seconds, Stopping threads took: 0.0003769 seconds
[2023-10-30T23:06:07.823+0000][1546.480s][debug][safepoint     ] Safepoint synchronization initiated. (189 threads)
[2023-10-30T23:06:07.824+0000][1546.481s][info ][safepoint     ] Application time: 1.0013722 seconds
[2023-10-30T23:06:07.825+0000][1546.483s][info ][safepoint     ] Entering safepoint region: Cleanup
[2023-10-30T23:06:07.827+0000][1546.484s][info ][safepoint     ] Leaving safepoint region
[2023-10-30T23:06:07.828+0000][1546.485s][info ][safepoint     ] Total time for which application threads were stopped: 0.0024267 seconds, Stopping threads took: 0.0010412 seconds
[2023-10-30T23:06:08.829+0000][1547.486s][debug][safepoint     ] Safepoint synchronization initiated. (189 threads)
[2023-10-30T23:06:08.830+0000][1547.487s][info ][safepoint     ] Application time: 1.0012511 seconds
[2023-10-30T23:06:08.831+0000][1547.488s][info ][safepoint     ] Entering safepoint region: Cleanup
[2023-10-30T23:06:08.832+0000][1547.489s][info ][safepoint     ] Leaving safepoint region
[2023-10-30T23:06:08.833+0000][1547.490s][info ][safepoint     ] Total time for which application threads were stopped: 0.0018793 seconds, Stopping threads took: 0.0008380 seconds
[2023-10-30T23:06:09.833+0000][1548.490s][debug][safepoint     ] Safepoint synchronization initiated. (189 threads)
[2023-10-30T23:06:09.834+0000][1548.491s][info ][safepoint     ] Application time: 1.0006456 seconds
[2023-10-30T23:06:09.834+0000][1548.491s][info ][safepoint     ] Entering safepoint region: Cleanup
[2023-10-30T23:06:09.835+0000][1548.492s][info ][safepoint     ] Leaving safepoint region
[2023-10-30T23:06:09.835+0000][1548.493s][info ][safepoint     ] Total time for which application threads were stopped: 0.0011609 seconds, Stopping threads took: 0.0004670 seconds
[2023-10-30T23:06:10.836+0000][1549.494s][debug][safepoint     ] Safepoint synchronization initiated. (189 threads)
[2023-10-30T23:06:10.838+0000][1549.495s][info ][safepoint     ] Application time: 1.0016534 seconds
[2023-10-30T23:06:10.839+0000][1549.496s][info ][safepoint     ] Entering safepoint region: Cleanup
[2023-10-30T23:06:10.840+0000][1549.498s][info ][safepoint     ] Leaving safepoint region
[2023-10-30T23:06:10.841+0000][1549.499s][info ][safepoint     ] Total time for which application threads were stopped: 0.0025411 seconds, Stopping threads took: 0.0010168 seconds
[2023-10-30T23:06:11.843+0000][1550.500s][debug][safepoint     ] Safepoint synchronization initiated. (189 threads)
[2023-10-30T23:06:11.844+0000][1550.501s][info ][safepoint     ] Application time: 1.0016580 seconds
[2023-10-30T23:06:11.845+0000][1550.502s][info ][safepoint     ] Entering safepoint region: Cleanup
[2023-10-30T23:06:11.846+0000][1550.504s][info ][safepoint     ] Leaving safepoint region
[2023-10-30T23:06:11.847+0000][1550.504s][info ][safepoint     ] Total time for which application threads were stopped: 0.0023994 seconds, Stopping threads took: 0.0010703 seconds
[2023-10-30T23:06:12.848+0000][1551.506s][debug][safepoint     ] Safepoint synchronization initiated. (189 threads)
[2023-10-30T23:06:12.849+0000][1551.507s][info ][safepoint     ] Application time: 1.0010951 seconds
[2023-10-30T23:06:12.850+0000][1551.507s][info ][safepoint     ] Entering safepoint region: Cleanup
[2023-10-30T23:06:12.851+0000][1551.508s][info ][safepoint     ] Leaving safepoint region
[2023-10-30T23:06:12.852+0000][1551.509s][info ][safepoint     ] Total time for which application threads were stopped: 0.0018003 seconds, Stopping threads took: 0.0007625 seconds
[2023-10-30T23:06:13.853+0000][1552.510s][debug][safepoint     ] Safepoint synchronization initiated. (189 threads)
[2023-10-30T23:06:13.854+0000][1552.511s][info ][safepoint     ] Application time: 1.0014426 seconds
[2023-10-30T23:06:13.855+0000][1552.512s][info ][safepoint     ] Entering safepoint region: Cleanup
[2023-10-30T23:06:13.856+0000][1552.514s][info ][safepoint     ] Leaving safepoint region
[2023-10-30T23:06:13.857+0000][1552.514s][info ][safepoint     ] Total time for which application threads were stopped: 0.0021898 seconds, Stopping threads took: 0.0009721 seconds
[2023-10-30T23:06:14.858+0000][1553.515s][debug][safepoint     ] Safepoint synchronization initiated. (189 threads)
[2023-10-30T23:06:14.858+0000][1553.516s][info ][safepoint     ] Application time: 1.0006458 seconds
[2023-10-30T23:06:14.859+0000][1553.516s][info ][safepoint     ] Entering safepoint region: Cleanup
[2023-10-30T23:06:14.860+0000][1553.517s][info ][safepoint     ] Leaving safepoint region
[2023-10-30T23:06:14.860+0000][1553.517s][info ][safepoint     ] Total time for which application threads were stopped: 0.0012583 seconds, Stopping threads took: 0.0005808 seconds
[2023-10-30T23:06:15.861+0000][1554.518s][debug][safepoint     ] Safepoint synchronization initiated. (189 threads)
[2023-10-30T23:06:15.862+0000][1554.519s][info ][safepoint     ] Application time: 1.0011016 seconds
[2023-10-30T23:06:15.862+0000][1554.520s][info ][safepoint     ] Entering safepoint region: Cleanup
[2023-10-30T23:06:15.863+0000][1554.520s][info ][safepoint     ] Leaving safepoint region
[2023-10-30T23:06:15.864+0000][1554.521s][info ][safepoint     ] Total time for which application threads were stopped: 0.0013448 seconds, Stopping threads took: 0.0006202 seconds
[2023-10-30T23:06:16.864+0000][1555.522s][debug][safepoint     ] Safepoint synchronization initiated. (189 threads)
[2023-10-30T23:06:16.865+0000][1555.522s][info ][safepoint     ] Application time: 1.0008705 seconds
[2023-10-30T23:06:16.865+0000][1555.523s][info ][safepoint     ] Entering safepoint region: Cleanup
[2023-10-30T23:06:16.866+0000][1555.523s][info ][safepoint     ] Leaving safepoint region
[2023-10-30T23:06:16.867+0000][1555.524s][info ][safepoint     ] Total time for which application threads were stopped: 0.0013272 seconds, Stopping threads took: 0.0005464 seconds
[2023-10-30T23:06:17.867+0000][1556.525s][debug][safepoint     ] Safepoint synchronization initiated. (189 threads)
[2023-10-30T23:06:17.868+0000][1556.525s][info ][safepoint     ] Application time: 1.0010390 seconds
[2023-10-30T23:06:17.869+0000][1556.526s][info ][safepoint     ] Entering safepoint region: Cleanup
[2023-10-30T23:06:17.870+0000][1556.527s][info ][safepoint     ] Leaving safepoint region
[2023-10-30T23:06:17.870+0000][1556.527s][info ][safepoint     ] Total time for which application threads were stopped: 0.0015207 seconds, Stopping threads took: 0.0006856 seconds
[2023-10-30T23:06:18.871+0000][1557.528s][debug][safepoint     ] Safepoint synchronization initiated. (189 threads)
[2023-10-30T23:06:18.871+0000][1557.528s][info ][safepoint     ] Application time: 1.0006230 seconds
[2023-10-30T23:06:18.872+0000][1557.529s][info ][safepoint     ] Entering safepoint region: Cleanup
[2023-10-30T23:06:18.872+0000][1557.529s][info ][safepoint     ] Leaving safepoint region
[2023-10-30T23:06:18.872+0000][1557.530s][info ][safepoint     ] Total time for which application threads were stopped: 0.0008404 seconds, Stopping threads took: 0.0003482 seconds
[2023-10-30T23:06:19.873+0000][1558.530s][debug][safepoint     ] Safepoint synchronization initiated. (188 threads)
[2023-10-30T23:06:19.874+0000][1558.531s][info ][safepoint     ] Application time: 1.0013487 seconds
[2023-10-30T23:06:19.875+0000][1558.532s][info ][safepoint     ] Entering safepoint region: Cleanup
[2023-10-30T23:06:19.876+0000][1558.534s][info ][safepoint     ] Leaving safepoint region
[2023-10-30T23:06:19.877+0000][1558.534s][info ][safepoint     ] Total time for which application threads were stopped: 0.0021988 seconds, Stopping threads took: 0.0011623 seconds
[2023-10-30T23:06:20.878+0000][1559.535s][debug][safepoint     ] Safepoint synchronization initiated. (188 threads)
[2023-10-30T23:06:20.879+0000][1559.536s][info ][safepoint     ] Application time: 1.0009198 seconds
[2023-10-30T23:06:20.880+0000][1559.537s][info ][safepoint     ] Entering safepoint region: Cleanup
[2023-10-30T23:06:20.881+0000][1559.538s][info ][safepoint     ] Leaving safepoint region
[2023-10-30T23:06:20.881+0000][1559.539s][info ][safepoint     ] Total time for which application threads were stopped: 0.0017256 seconds, Stopping threads took: 0.0007828 seconds
[2023-10-30T23:06:21.882+0000][1560.540s][debug][safepoint     ] Safepoint synchronization initiated. (188 threads)
[2023-10-30T23:06:21.883+0000][1560.540s][info ][safepoint     ] Application time: 1.0009735 seconds
[2023-10-30T23:06:21.884+0000][1560.541s][info ][safepoint     ] Entering safepoint region: Cleanup
[2023-10-30T23:06:21.885+0000][1560.542s][info ][safepoint     ] Leaving safepoint region
[2023-10-30T23:06:21.885+0000][1560.543s][info ][safepoint     ] Total time for which application threads were stopped: 0.0014734 seconds, Stopping threads took: 0.0006304 seconds
[2023-10-30T23:06:22.886+0000][1561.543s][debug][safepoint     ] Safepoint synchronization initiated. (188 threads)
[2023-10-30T23:06:22.887+0000][1561.544s][info ][safepoint     ] Application time: 1.0011534 seconds
[2023-10-30T23:06:22.888+0000][1561.545s][info ][safepoint     ] Entering safepoint region: Cleanup
[2023-10-30T23:06:22.889+0000][1561.546s][info ][safepoint     ] Leaving safepoint region
[2023-10-30T23:06:22.889+0000][1561.547s][info ][safepoint     ] Total time for which application threads were stopped: 0.0016599 seconds, Stopping threads took: 0.0006915 seconds
[2023-10-30T23:06:23.889+0000][1562.548s][debug][safepoint     ] Safepoint synchronization initiated. (188 threads)
[2023-10-30T23:06:23.891+0000][1562.549s][info ][safepoint     ] Application time: 1.0013226 seconds
[2023-10-30T23:06:23.891+0000][1562.549s][info ][safepoint     ] Entering safepoint region: Cleanup
[2023-10-30T23:06:23.892+0000][1562.550s][info ][safepoint     ] Leaving safepoint region
[2023-10-30T23:06:23.893+0000][1562.551s][info ][safepoint     ] Total time for which application threads were stopped: 0.0017051 seconds, Stopping threads took: 0.0008007 seconds
[2023-10-30T23:06:24.894+0000][1563.552s][debug][safepoint     ] Safepoint synchronization initiated. (188 threads)
[2023-10-30T23:06:24.894+0000][1563.552s][info ][safepoint     ] Application time: 1.0006268 seconds
[2023-10-30T23:06:24.895+0000][1563.553s][info ][safepoint     ] Entering safepoint region: Cleanup
[2023-10-30T23:06:24.895+0000][1563.553s][info ][safepoint     ] Leaving safepoint region
[2023-10-30T23:06:24.896+0000][1563.554s][info ][safepoint     ] Total time for which application threads were stopped: 0.0009534 seconds, Stopping threads took: 0.0003855 seconds
[2023-10-30T23:06:25.896+0000][1564.554s][debug][safepoint     ] Safepoint synchronization initiated. (188 threads)
[2023-10-30T23:06:25.897+0000][1564.555s][info ][safepoint     ] Application time: 1.0012937 seconds
[2023-10-30T23:06:25.898+0000][1564.556s][info ][safepoint     ] Entering safepoint region: Cleanup
[2023-10-30T23:06:25.900+0000][1564.558s][info ][safepoint     ] Leaving safepoint region
[2023-10-30T23:06:25.901+0000][1564.559s][info ][safepoint     ] Total time for which application threads were stopped: 0.0023857 seconds, Stopping threads took: 0.0011053 seconds
[2023-10-30T23:06:26.901+0000][1565.560s][debug][safepoint     ] Safepoint synchronization initiated. (188 threads)
[2023-10-30T23:06:26.902+0000][1565.560s][info ][safepoint     ] Application time: 1.0005167 seconds
[2023-10-30T23:06:26.902+0000][1565.560s][info ][safepoint     ] Entering safepoint region: Cleanup
[2023-10-30T23:06:26.903+0000][1565.561s][info ][safepoint     ] Leaving safepoint region
[2023-10-30T23:06:26.903+0000][1565.561s][info ][safepoint     ] Total time for which application threads were stopped: 0.0008625 seconds, Stopping threads took: 0.0002929 seconds
[2023-10-30T23:06:27.603+0000][1566.261s][debug][safepoint     ] Safepoint synchronization initiated. (188 threads)
[2023-10-30T23:06:27.604+0000][1566.262s][info ][safepoint     ] Application time: 0.7005734 seconds
[2023-10-30T23:06:27.605+0000][1566.263s][info ][safepoint     ] Entering safepoint region: G1CollectForAllocation
[2023-10-30T23:06:27.606+0000][1566.264s][info ][gc,start      ] GC(73) Pause Young (Normal) (G1 Evacuation Pause)
[2023-10-30T23:06:27.607+0000][1566.265s][info ][gc,task       ] GC(73) Using 8 workers of 8 for evacuation
[2023-10-30T23:06:27.618+0000][1566.276s][info ][gc,phases     ] GC(73)   Pre Evacuate Collection Set: 0.0ms
[2023-10-30T23:06:27.618+0000][1566.277s][info ][gc,phases     ] GC(73)   Evacuate Collection Set: 6.4ms
[2023-10-30T23:06:27.619+0000][1566.277s][info ][gc,phases     ] GC(73)   Post Evacuate Collection Set: 3.1ms
[2023-10-30T23:06:27.619+0000][1566.278s][info ][gc,phases     ] GC(73)   Other: 2.0ms
[2023-10-30T23:06:27.620+0000][1566.278s][info ][gc,heap       ] GC(73) Eden regions: 140->0(140)
[2023-10-30T23:06:27.621+0000][1566.279s][info ][gc,heap       ] GC(73) Survivor regions: 9->6(19)
[2023-10-30T23:06:27.621+0000][1566.279s][info ][gc,heap       ] GC(73) Old regions: 154->157
[2023-10-30T23:06:27.622+0000][1566.280s][info ][gc,heap       ] GC(73) Humongous regions: 45->45
[2023-10-30T23:06:27.622+0000][1566.280s][info ][gc,metaspace  ] GC(73) Metaspace: 170668K(176420K)->170668K(176420K) NonClass: 150961K(154532K)->150961K(154532K) Class: 19706K(21888K)->19706K(21888K)
[2023-10-30T23:06:27.623+0000][1566.281s][info ][gc            ] GC(73) Pause Young (Normal) (G1 Evacuation Pause) 345M->205M(411M) 16.214ms
[2023-10-30T23:06:27.623+0000][1566.281s][info ][gc,cpu        ] GC(73) User=0.07s Sys=0.00s Real=0.02s
[2023-10-30T23:06:27.623+0000][1566.282s][info ][safepoint     ] Leaving safepoint region
[2023-10-30T23:06:27.624+0000][1566.282s][info ][safepoint     ] Total time for which application threads were stopped: 0.0190059 seconds, Stopping threads took: 0.0010232 seconds
[2023-10-30T23:06:27.624+0000][1566.283s][info ][gc,stringdedup] Concurrent String Deduplication (1566.283s)
[2023-10-30T23:06:27.625+0000][1566.283s][info ][gc,stringdedup] Concurrent String Deduplication 2136.0B->976.0B(1160.0B) avg 54.3% (1566.283s, 1566.283s) 0.560ms
[2023-10-30T23:06:28.625+0000][1567.283s][debug][safepoint     ] Safepoint synchronization initiated. (188 threads)
[2023-10-30T23:06:28.626+0000][1567.284s][info ][safepoint     ] Application time: 1.0016907 seconds
[2023-10-30T23:06:28.627+0000][1567.285s][info ][safepoint     ] Entering safepoint region: Cleanup
[2023-10-30T23:06:28.628+0000][1567.287s][info ][safepoint     ] Leaving safepoint region
[2023-10-30T23:06:28.630+0000][1567.288s][info ][safepoint     ] Total time for which application threads were stopped: 0.0023776 seconds, Stopping threads took: 0.0009890 seconds
[2023-10-30T23:06:29.631+0000][1568.289s][debug][safepoint     ] Safepoint synchronization initiated. (188 threads)
[2023-10-30T23:06:29.632+0000][1568.290s][info ][safepoint     ] Application time: 1.0012645 seconds
[2023-10-30T23:06:29.633+0000][1568.291s][info ][safepoint     ] Entering safepoint region: Cleanup
[2023-10-30T23:06:29.634+0000][1568.292s][info ][safepoint     ] Leaving safepoint region
[2023-10-30T23:06:29.635+0000][1568.293s][info ][safepoint     ] Total time for which application threads were stopped: 0.0020179 seconds, Stopping threads took: 0.0009286 seconds
[2023-10-30T23:06:30.636+0000][1569.294s][debug][safepoint     ] Safepoint synchronization initiated. (188 threads)
[2023-10-30T23:06:30.637+0000][1569.295s][info ][safepoint     ] Application time: 1.0016101 seconds
[2023-10-30T23:06:30.638+0000][1569.296s][info ][safepoint     ] Entering safepoint region: Cleanup
[2023-10-30T23:06:30.640+0000][1569.298s][info ][safepoint     ] Leaving safepoint region
[2023-10-30T23:06:30.640+0000][1569.299s][info ][safepoint     ] Total time for which application threads were stopped: 0.0023250 seconds, Stopping threads took: 0.0011428 seconds
[2023-10-30T23:06:31.642+0000][1570.300s][debug][safepoint     ] Safepoint synchronization initiated. (188 threads)
[2023-10-30T23:06:31.642+0000][1570.301s][info ][safepoint     ] Application time: 1.0012063 seconds
[2023-10-30T23:06:31.643+0000][1570.301s][info ][safepoint     ] Entering safepoint region: Cleanup
[2023-10-30T23:06:31.644+0000][1570.302s][info ][safepoint     ] Leaving safepoint region
[2023-10-30T23:06:31.645+0000][1570.303s][info ][safepoint     ] Total time for which application threads were stopped: 0.0017817 seconds, Stopping threads took: 0.0007332 seconds
[2023-10-30T23:06:32.646+0000][1571.304s][debug][safepoint     ] Safepoint synchronization initiated. (188 threads)
[2023-10-30T23:06:32.647+0000][1571.305s][info ][safepoint     ] Application time: 1.0008178 seconds
[2023-10-30T23:06:32.647+0000][1571.305s][info ][safepoint     ] Entering safepoint region: Cleanup
[2023-10-30T23:06:32.648+0000][1571.306s][info ][safepoint     ] Leaving safepoint region
[2023-10-30T23:06:32.648+0000][1571.306s][info ][safepoint     ] Total time for which application threads were stopped: 0.0009907 seconds, Stopping threads took: 0.0004152 seconds
[2023-10-30T23:06:33.649+0000][1572.307s][debug][safepoint     ] Safepoint synchronization initiated. (188 threads)
[2023-10-30T23:06:33.650+0000][1572.308s][info ][safepoint     ] Application time: 1.0011570 seconds
[2023-10-30T23:06:33.650+0000][1572.308s][info ][safepoint     ] Entering safepoint region: Cleanup
[2023-10-30T23:06:33.651+0000][1572.309s][info ][safepoint     ] Leaving safepoint region
[2023-10-30T23:06:33.652+0000][1572.310s][info ][safepoint     ] Total time for which application threads were stopped: 0.0015186 seconds, Stopping threads took: 0.0006178 seconds
[2023-10-30T23:06:34.653+0000][1573.311s][debug][safepoint     ] Safepoint synchronization initiated. (188 threads)
[2023-10-30T23:06:34.653+0000][1573.311s][info ][safepoint     ] Application time: 1.0007285 seconds
[2023-10-30T23:06:34.653+0000][1573.312s][info ][safepoint     ] Entering safepoint region: Cleanup
[2023-10-30T23:06:34.654+0000][1573.312s][info ][safepoint     ] Leaving safepoint region
[2023-10-30T23:06:34.654+0000][1573.312s][info ][safepoint     ] Total time for which application threads were stopped: 0.0009069 seconds, Stopping threads took: 0.0003556 seconds
[2023-10-30T23:06:35.655+0000][1574.313s][debug][safepoint     ] Safepoint synchronization initiated. (188 threads)
[2023-10-30T23:06:35.655+0000][1574.314s][info ][safepoint     ] Application time: 1.0007459 seconds
[2023-10-30T23:06:35.656+0000][1574.314s][info ][safepoint     ] Entering safepoint region: Cleanup
[2023-10-30T23:06:35.657+0000][1574.315s][info ][safepoint     ] Leaving safepoint region
[2023-10-30T23:06:35.657+0000][1574.316s][info ][safepoint     ] Total time for which application threads were stopped: 0.0013735 seconds, Stopping threads took: 0.0005320 seconds
[2023-10-30T23:06:36.658+0000][1575.316s][debug][safepoint     ] Safepoint synchronization initiated. (188 threads)
[2023-10-30T23:06:36.659+0000][1575.317s][info ][safepoint     ] Application time: 1.0007325 seconds
[2023-10-30T23:06:36.659+0000][1575.318s][info ][safepoint     ] Entering safepoint region: Cleanup
[2023-10-30T23:06:36.660+0000][1575.318s][info ][safepoint     ] Leaving safepoint region
[2023-10-30T23:06:36.661+0000][1575.319s][info ][safepoint     ] Total time for which application threads were stopped: 0.0013526 seconds, Stopping threads took: 0.0005956 seconds
[2023-10-30T23:06:37.661+0000][1576.320s][debug][safepoint     ] Safepoint synchronization initiated. (188 threads)
[2023-10-30T23:06:37.662+0000][1576.320s][info ][safepoint     ] Application time: 1.0008363 seconds
[2023-10-30T23:06:37.663+0000][1576.321s][info ][safepoint     ] Entering safepoint region: Cleanup
[2023-10-30T23:06:37.664+0000][1576.322s][info ][safepoint     ] Leaving safepoint region
[2023-10-30T23:06:37.664+0000][1576.322s][info ][safepoint     ] Total time for which application threads were stopped: 0.0012792 seconds, Stopping threads took: 0.0005514 seconds
[2023-10-30T23:06:38.665+0000][1577.323s][debug][safepoint     ] Safepoint synchronization initiated. (188 threads)
[2023-10-30T23:06:38.666+0000][1577.324s][info ][safepoint     ] Application time: 1.0011160 seconds
[2023-10-30T23:06:38.666+0000][1577.325s][info ][safepoint     ] Entering safepoint region: Cleanup
[2023-10-30T23:06:38.667+0000][1577.326s][info ][safepoint     ] Leaving safepoint region
[2023-10-30T23:06:38.668+0000][1577.326s][info ][safepoint     ] Total time for which application threads were stopped: 0.0015909 seconds, Stopping threads took: 0.0007780 seconds
[2023-10-30T23:06:39.669+0000][1578.327s][debug][safepoint     ] Safepoint synchronization initiated. (188 threads)
[2023-10-30T23:06:39.670+0000][1578.328s][info ][safepoint     ] Application time: 1.0013625 seconds
[2023-10-30T23:06:39.671+0000][1578.329s][info ][safepoint     ] Entering safepoint region: Cleanup
[2023-10-30T23:06:39.672+0000][1578.330s][info ][safepoint     ] Leaving safepoint region
[2023-10-30T23:06:39.673+0000][1578.331s][info ][safepoint     ] Total time for which application threads were stopped: 0.0020371 seconds, Stopping threads took: 0.0009985 seconds
[2023-10-30T23:06:40.674+0000][1579.333s][debug][safepoint     ] Safepoint synchronization initiated. (188 threads)
[2023-10-30T23:06:40.676+0000][1579.334s][info ][safepoint     ] Application time: 1.0016279 seconds
[2023-10-30T23:06:40.676+0000][1579.334s][info ][safepoint     ] Entering safepoint region: Cleanup
[2023-10-30T23:06:40.677+0000][1579.335s][info ][safepoint     ] Leaving safepoint region
[2023-10-30T23:06:40.677+0000][1579.335s][info ][safepoint     ] Total time for which application threads were stopped: 0.0011861 seconds, Stopping threads took: 0.0006658 seconds
[2023-10-30T23:06:41.678+0000][1580.336s][debug][safepoint     ] Safepoint synchronization initiated. (188 threads)
[2023-10-30T23:06:41.678+0000][1580.336s][info ][safepoint     ] Application time: 1.0007754 seconds
[2023-10-30T23:06:41.679+0000][1580.337s][info ][safepoint     ] Entering safepoint region: Cleanup
[2023-10-30T23:06:41.680+0000][1580.338s][info ][safepoint     ] Leaving safepoint region
[2023-10-30T23:06:41.681+0000][1580.339s][info ][safepoint     ] Total time for which application threads were stopped: 0.0026600 seconds, Stopping threads took: 0.0006858 seconds
[2023-10-30T23:06:42.682+0000][1581.340s][debug][safepoint     ] Safepoint synchronization initiated. (188 threads)
[2023-10-30T23:06:42.683+0000][1581.341s][info ][safepoint     ] Application time: 1.0011774 seconds
[2023-10-30T23:06:42.684+0000][1581.342s][info ][safepoint     ] Entering safepoint region: Cleanup
[2023-10-30T23:06:42.685+0000][1581.343s][info ][safepoint     ] Leaving safepoint region
[2023-10-30T23:06:42.685+0000][1581.344s][info ][safepoint     ] Total time for which application threads were stopped: 0.0017169 seconds, Stopping threads took: 0.0007467 seconds
[2023-10-30T23:06:43.686+0000][1582.345s][debug][safepoint     ] Safepoint synchronization initiated. (188 threads)
[2023-10-30T23:06:43.687+0000][1582.345s][info ][safepoint     ] Application time: 1.0011039 seconds
[2023-10-30T23:06:43.688+0000][1582.346s][info ][safepoint     ] Entering safepoint region: Cleanup
[2023-10-30T23:06:43.689+0000][1582.347s][info ][safepoint     ] Leaving safepoint region
[2023-10-30T23:06:43.690+0000][1582.348s][info ][safepoint     ] Total time for which application threads were stopped: 0.0014310 seconds, Stopping threads took: 0.0006663 seconds
[2023-10-30T23:06:44.690+0000][1583.349s][debug][safepoint     ] Safepoint synchronization initiated. (188 threads)
[2023-10-30T23:06:44.691+0000][1583.349s][info ][safepoint     ] Application time: 1.0012728 seconds
[2023-10-30T23:06:44.692+0000][1583.350s][info ][safepoint     ] Entering safepoint region: Cleanup
[2023-10-30T23:06:44.693+0000][1583.351s][info ][safepoint     ] Leaving safepoint region
[2023-10-30T23:06:44.694+0000][1583.352s][info ][safepoint     ] Total time for which application threads were stopped: 0.0019439 seconds, Stopping threads took: 0.0008185 seconds
[2023-10-30T23:06:45.695+0000][1584.353s][debug][safepoint     ] Safepoint synchronization initiated. (188 threads)
[2023-10-30T23:06:45.696+0000][1584.354s][info ][safepoint     ] Application time: 1.0009401 seconds
[2023-10-30T23:06:45.696+0000][1584.354s][info ][safepoint     ] Entering safepoint region: Cleanup
[2023-10-30T23:06:45.697+0000][1584.355s][info ][safepoint     ] Leaving safepoint region
[2023-10-30T23:06:45.698+0000][1584.356s][info ][safepoint     ] Total time for which application threads were stopped: 0.0014524 seconds, Stopping threads took: 0.0005965 seconds
[2023-10-30T23:06:46.699+0000][1585.357s][debug][safepoint     ] Safepoint synchronization initiated. (188 threads)
[2023-10-30T23:06:46.700+0000][1585.358s][info ][safepoint     ] Application time: 1.0018081 seconds
[2023-10-30T23:06:46.701+0000][1585.359s][info ][safepoint     ] Entering safepoint region: Cleanup
[2023-10-30T23:06:46.701+0000][1585.360s][info ][safepoint     ] Leaving safepoint region
[2023-10-30T23:06:46.702+0000][1585.360s][info ][safepoint     ] Total time for which application threads were stopped: 0.0013649 seconds, Stopping threads took: 0.0006194 seconds
[2023-10-30T23:06:47.703+0000][1586.361s][debug][safepoint     ] Safepoint synchronization initiated. (188 threads)
[2023-10-30T23:06:47.703+0000][1586.362s][info ][safepoint     ] Application time: 1.0010243 seconds
[2023-10-30T23:06:47.704+0000][1586.362s][info ][safepoint     ] Entering safepoint region: Cleanup
[2023-10-30T23:06:47.705+0000][1586.363s][info ][safepoint     ] Leaving safepoint region
[2023-10-30T23:06:47.705+0000][1586.364s][info ][safepoint     ] Total time for which application threads were stopped: 0.0014634 seconds, Stopping threads took: 0.0007496 seconds
[2023-10-30T23:06:48.706+0000][1587.364s][debug][safepoint     ] Safepoint synchronization initiated. (188 threads)
[2023-10-30T23:06:48.707+0000][1587.365s][info ][safepoint     ] Application time: 1.0006615 seconds
[2023-10-30T23:06:48.707+0000][1587.365s][info ][safepoint     ] Entering safepoint region: Cleanup
[2023-10-30T23:06:48.708+0000][1587.366s][info ][safepoint     ] Leaving safepoint region
[2023-10-30T23:06:48.708+0000][1587.366s][info ][safepoint     ] Total time for which application threads were stopped: 0.0012597 seconds, Stopping threads took: 0.0004550 seconds
[2023-10-30T23:06:49.709+0000][1588.367s][debug][safepoint     ] Safepoint synchronization initiated. (188 threads)
[2023-10-30T23:06:49.709+0000][1588.368s][info ][safepoint     ] Application time: 1.0006536 seconds
[2023-10-30T23:06:49.710+0000][1588.368s][info ][safepoint     ] Entering safepoint region: Cleanup
[2023-10-30T23:06:49.711+0000][1588.369s][info ][safepoint     ] Leaving safepoint region
[2023-10-30T23:06:49.711+0000][1588.369s][info ][safepoint     ] Total time for which application threads were stopped: 0.0014332 seconds, Stopping threads took: 0.0008353 seconds
[2023-10-30T23:06:50.712+0000][1589.370s][debug][safepoint     ] Safepoint synchronization initiated. (188 threads)
[2023-10-30T23:06:50.712+0000][1589.371s][info ][safepoint     ] Application time: 1.0008271 seconds
[2023-10-30T23:06:50.713+0000][1589.371s][info ][safepoint     ] Entering safepoint region: Cleanup
[2023-10-30T23:06:50.714+0000][1589.372s][info ][safepoint     ] Leaving safepoint region
[2023-10-30T23:06:50.714+0000][1589.372s][info ][safepoint     ] Total time for which application threads were stopped: 0.0012355 seconds, Stopping threads took: 0.0004882 seconds
[2023-10-30T23:06:51.715+0000][1590.373s][debug][safepoint     ] Safepoint synchronization initiated. (188 threads)
[2023-10-30T23:06:51.715+0000][1590.373s][info ][safepoint     ] Application time: 1.0007787 seconds
[2023-10-30T23:06:51.716+0000][1590.374s][info ][safepoint     ] Entering safepoint region: Cleanup
[2023-10-30T23:06:51.717+0000][1590.375s][info ][safepoint     ] Leaving safepoint region
[2023-10-30T23:06:51.717+0000][1590.375s][info ][safepoint     ] Total time for which application threads were stopped: 0.0014624 seconds, Stopping threads took: 0.0005615 seconds
[2023-10-30T23:06:52.718+0000][1591.376s][debug][safepoint     ] Safepoint synchronization initiated. (188 threads)
[2023-10-30T23:06:52.719+0000][1591.377s][info ][safepoint     ] Application time: 1.0008254 seconds
[2023-10-30T23:06:52.719+0000][1591.377s][info ][safepoint     ] Entering safepoint region: Cleanup
[2023-10-30T23:06:52.720+0000][1591.378s][info ][safepoint     ] Leaving safepoint region
[2023-10-30T23:06:52.721+0000][1591.379s][info ][safepoint     ] Total time for which application threads were stopped: 0.0012777 seconds, Stopping threads took: 0.0006391 seconds
[2023-10-30T23:06:53.721+0000][1592.379s][debug][safepoint     ] Safepoint synchronization initiated. (188 threads)
[2023-10-30T23:06:53.722+0000][1592.380s][info ][safepoint     ] Application time: 1.0007707 seconds
[2023-10-30T23:06:53.722+0000][1592.380s][info ][safepoint     ] Entering safepoint region: Cleanup
[2023-10-30T23:06:53.723+0000][1592.381s][info ][safepoint     ] Leaving safepoint region
[2023-10-30T23:06:53.723+0000][1592.382s][info ][safepoint     ] Total time for which application threads were stopped: 0.0011785 seconds, Stopping threads took: 0.0004938 seconds
[2023-10-30T23:06:54.724+0000][1593.382s][debug][safepoint     ] Safepoint synchronization initiated. (188 threads)
[2023-10-30T23:06:54.724+0000][1593.383s][info ][safepoint     ] Application time: 1.0008301 seconds
[2023-10-30T23:06:54.725+0000][1593.383s][info ][safepoint     ] Entering safepoint region: Cleanup
[2023-10-30T23:06:54.726+0000][1593.384s][info ][safepoint     ] Leaving safepoint region
[2023-10-30T23:06:54.726+0000][1593.385s][info ][safepoint     ] Total time for which application threads were stopped: 0.0013011 seconds, Stopping threads took: 0.0005019 seconds
[2023-10-30T23:06:55.727+0000][1594.385s][debug][safepoint     ] Safepoint synchronization initiated. (188 threads)
[2023-10-30T23:06:55.728+0000][1594.386s][info ][safepoint     ] Application time: 1.0009667 seconds
[2023-10-30T23:06:55.728+0000][1594.387s][info ][safepoint     ] Entering safepoint region: Cleanup
[2023-10-30T23:06:55.729+0000][1594.387s][info ][safepoint     ] Leaving safepoint region
[2023-10-30T23:06:55.730+0000][1594.388s][info ][safepoint     ] Total time for which application threads were stopped: 0.0014438 seconds, Stopping threads took: 0.0006052 seconds
[2023-10-30T23:06:56.730+0000][1595.389s][debug][safepoint     ] Safepoint synchronization initiated. (188 threads)
[2023-10-30T23:06:56.731+0000][1595.389s][info ][safepoint     ] Application time: 1.0005901 seconds
[2023-10-30T23:06:56.731+0000][1595.389s][info ][safepoint     ] Entering safepoint region: Cleanup
[2023-10-30T23:06:56.732+0000][1595.390s][info ][safepoint     ] Leaving safepoint region
[2023-10-30T23:06:56.732+0000][1595.391s][info ][safepoint     ] Total time for which application threads were stopped: 0.0011325 seconds, Stopping threads took: 0.0005812 seconds
[2023-10-30T23:06:57.733+0000][1596.391s][debug][safepoint     ] Safepoint synchronization initiated. (188 threads)
[2023-10-30T23:06:57.733+0000][1596.392s][info ][safepoint     ] Application time: 1.0007429 seconds
[2023-10-30T23:06:57.734+0000][1596.392s][info ][safepoint     ] Entering safepoint region: Cleanup
[2023-10-30T23:06:57.735+0000][1596.393s][info ][safepoint     ] Leaving safepoint region
[2023-10-30T23:06:57.735+0000][1596.393s][info ][safepoint     ] Total time for which application threads were stopped: 0.0012480 seconds, Stopping threads took: 0.0005594 seconds
[2023-10-30T23:06:58.736+0000][1597.394s][debug][safepoint     ] Safepoint synchronization initiated. (188 threads)
[2023-10-30T23:06:58.737+0000][1597.395s][info ][safepoint     ] Application time: 1.0011928 seconds
[2023-10-30T23:06:58.738+0000][1597.396s][info ][safepoint     ] Entering safepoint region: Cleanup
[2023-10-30T23:06:58.739+0000][1597.397s][info ][safepoint     ] Leaving safepoint region
[2023-10-30T23:06:58.739+0000][1597.398s][info ][safepoint     ] Total time for which application threads were stopped: 0.0018725 seconds, Stopping threads took: 0.0007953 seconds
[2023-10-30T23:06:59.740+0000][1598.399s][debug][safepoint     ] Safepoint synchronization initiated. (188 threads)
[2023-10-30T23:06:59.741+0000][1598.400s][info ][safepoint     ] Application time: 1.0012632 seconds
[2023-10-30T23:06:59.742+0000][1598.401s][info ][safepoint     ] Entering safepoint region: Cleanup
[2023-10-30T23:06:59.743+0000][1598.402s][info ][safepoint     ] Leaving safepoint region
[2023-10-30T23:06:59.744+0000][1598.402s][info ][safepoint     ] Total time for which application threads were stopped: 0.0018675 seconds, Stopping threads took: 0.0008014 seconds
[2023-10-30T23:07:00.745+0000][1599.403s][debug][safepoint     ] Safepoint synchronization initiated. (188 threads)
[2023-10-30T23:07:00.746+0000][1599.404s][info ][safepoint     ] Application time: 1.0009124 seconds
[2023-10-30T23:07:00.747+0000][1599.405s][info ][safepoint     ] Entering safepoint region: Cleanup
[2023-10-30T23:07:00.747+0000][1599.406s][info ][safepoint     ] Leaving safepoint region
[2023-10-30T23:07:00.748+0000][1599.407s][info ][safepoint     ] Total time for which application threads were stopped: 0.0017329 seconds, Stopping threads took: 0.0006870 seconds
[2023-10-30T23:07:01.749+0000][1600.407s][debug][safepoint     ] Safepoint synchronization initiated. (188 threads)
[2023-10-30T23:07:01.750+0000][1600.408s][info ][safepoint     ] Application time: 1.0011721 seconds
[2023-10-30T23:07:01.751+0000][1600.409s][info ][safepoint     ] Entering safepoint region: Cleanup
[2023-10-30T23:07:01.752+0000][1600.410s][info ][safepoint     ] Leaving safepoint region
[2023-10-30T23:07:01.752+0000][1600.411s][info ][safepoint     ] Total time for which application threads were stopped: 0.0018477 seconds, Stopping threads took: 0.0008685 seconds
[2023-10-30T23:07:02.753+0000][1601.412s][debug][safepoint     ] Safepoint synchronization initiated. (188 threads)
[2023-10-30T23:07:02.754+0000][1601.412s][info ][safepoint     ] Application time: 1.0007088 seconds
[2023-10-30T23:07:02.754+0000][1601.413s][info ][safepoint     ] Entering safepoint region: Cleanup
[2023-10-30T23:07:02.755+0000][1601.413s][info ][safepoint     ] Leaving safepoint region
[2023-10-30T23:07:02.755+0000][1601.414s][info ][safepoint     ] Total time for which application threads were stopped: 0.0010017 seconds, Stopping threads took: 0.0004866 seconds
[2023-10-30T23:07:03.756+0000][1602.414s][debug][safepoint     ] Safepoint synchronization initiated. (186 threads)
[2023-10-30T23:07:03.757+0000][1602.415s][info ][safepoint     ] Application time: 1.0013771 seconds
[2023-10-30T23:07:03.758+0000][1602.416s][info ][safepoint     ] Entering safepoint region: Cleanup
[2023-10-30T23:07:03.758+0000][1602.417s][info ][safepoint     ] Leaving safepoint region
[2023-10-30T23:07:03.759+0000][1602.417s][info ][safepoint     ] Total time for which application threads were stopped: 0.0011313 seconds, Stopping threads took: 0.0004794 seconds
[2023-10-30T23:07:04.760+0000][1603.418s][debug][safepoint     ] Safepoint synchronization initiated. (186 threads)
[2023-10-30T23:07:04.761+0000][1603.419s][info ][safepoint     ] Application time: 1.0013327 seconds
[2023-10-30T23:07:04.762+0000][1603.420s][info ][safepoint     ] Entering safepoint region: Cleanup
[2023-10-30T23:07:04.763+0000][1603.421s][info ][safepoint     ] Leaving safepoint region
[2023-10-30T23:07:04.763+0000][1603.422s][info ][safepoint     ] Total time for which application threads were stopped: 0.0019291 seconds, Stopping threads took: 0.0007166 seconds
[2023-10-30T23:07:05.764+0000][1604.423s][debug][safepoint     ] Safepoint synchronization initiated. (186 threads)
[2023-10-30T23:07:05.765+0000][1604.424s][info ][safepoint     ] Application time: 1.0011551 seconds
[2023-10-30T23:07:05.766+0000][1604.425s][info ][safepoint     ] Entering safepoint region: Cleanup
[2023-10-30T23:07:05.767+0000][1604.426s][info ][safepoint     ] Leaving safepoint region
[2023-10-30T23:07:05.768+0000][1604.426s][info ][safepoint     ] Total time for which application threads were stopped: 0.0019305 seconds, Stopping threads took: 0.0007814 seconds
[2023-10-30T23:07:06.769+0000][1605.427s][debug][safepoint     ] Safepoint synchronization initiated. (186 threads)
[2023-10-30T23:07:06.770+0000][1605.428s][info ][safepoint     ] Application time: 1.0008897 seconds
[2023-10-30T23:07:06.770+0000][1605.429s][info ][safepoint     ] Entering safepoint region: Cleanup
[2023-10-30T23:07:06.771+0000][1605.429s][info ][safepoint     ] Leaving safepoint region
[2023-10-30T23:07:06.772+0000][1605.430s][info ][safepoint     ] Total time for which application threads were stopped: 0.0014223 seconds, Stopping threads took: 0.0006637 seconds
[2023-10-30T23:07:07.772+0000][1606.431s][debug][safepoint     ] Safepoint synchronization initiated. (186 threads)
[2023-10-30T23:07:07.773+0000][1606.431s][info ][safepoint     ] Application time: 1.0007951 seconds
[2023-10-30T23:07:07.774+0000][1606.432s][info ][safepoint     ] Entering safepoint region: Cleanup
[2023-10-30T23:07:07.774+0000][1606.433s][info ][safepoint     ] Leaving safepoint region
[2023-10-30T23:07:07.775+0000][1606.433s][info ][safepoint     ] Total time for which application threads were stopped: 0.0010726 seconds, Stopping threads took: 0.0004525 seconds
[2023-10-30T23:07:08.775+0000][1607.433s][debug][safepoint     ] Safepoint synchronization initiated. (186 threads)
[2023-10-30T23:07:08.778+0000][1607.436s][info ][safepoint     ] Application time: 1.0026552 seconds
[2023-10-30T23:07:08.779+0000][1607.437s][info ][safepoint     ] Entering safepoint region: Cleanup
[2023-10-30T23:07:08.780+0000][1607.438s][info ][safepoint     ] Leaving safepoint region
[2023-10-30T23:07:08.781+0000][1607.439s][info ][safepoint     ] Total time for which application threads were stopped: 0.0022303 seconds, Stopping threads took: 0.0007710 seconds
[2023-10-30T23:07:09.784+0000][1608.442s][debug][safepoint     ] Safepoint synchronization initiated. (186 threads)
[2023-10-30T23:07:09.785+0000][1608.443s][info ][safepoint     ] Application time: 1.0013398 seconds
[2023-10-30T23:07:09.786+0000][1608.444s][info ][safepoint     ] Entering safepoint region: Cleanup
[2023-10-30T23:07:09.788+0000][1608.446s][info ][safepoint     ] Leaving safepoint region
[2023-10-30T23:07:09.788+0000][1608.447s][info ][safepoint     ] Total time for which application threads were stopped: 0.0023721 seconds, Stopping threads took: 0.0010362 seconds
[2023-10-30T23:07:10.790+0000][1609.448s][debug][safepoint     ] Safepoint synchronization initiated. (186 threads)
[2023-10-30T23:07:10.791+0000][1609.449s][info ][safepoint     ] Application time: 1.0013805 seconds
[2023-10-30T23:07:10.792+0000][1609.450s][info ][safepoint     ] Entering safepoint region: Cleanup
[2023-10-30T23:07:10.793+0000][1609.451s][info ][safepoint     ] Leaving safepoint region
[2023-10-30T23:07:10.794+0000][1609.452s][info ][safepoint     ] Total time for which application threads were stopped: 0.0019811 seconds, Stopping threads took: 0.0008277 seconds
[2023-10-30T23:07:11.795+0000][1610.453s][debug][safepoint     ] Safepoint synchronization initiated. (186 threads)
[2023-10-30T23:07:11.796+0000][1610.454s][info ][safepoint     ] Application time: 1.0012500 seconds
[2023-10-30T23:07:11.797+0000][1610.455s][info ][safepoint     ] Entering safepoint region: Cleanup
[2023-10-30T23:07:11.798+0000][1610.456s][info ][safepoint     ] Leaving safepoint region
[2023-10-30T23:07:11.799+0000][1610.457s][info ][safepoint     ] Total time for which application threads were stopped: 0.0018901 seconds, Stopping threads took: 0.0009066 seconds
[2023-10-30T23:07:12.800+0000][1611.458s][debug][safepoint     ] Safepoint synchronization initiated. (186 threads)
[2023-10-30T23:07:12.800+0000][1611.458s][info ][safepoint     ] Application time: 1.0008069 seconds
[2023-10-30T23:07:12.801+0000][1611.459s][info ][safepoint     ] Entering safepoint region: Cleanup
[2023-10-30T23:07:12.801+0000][1611.460s][info ][safepoint     ] Leaving safepoint region
[2023-10-30T23:07:12.802+0000][1611.460s][info ][safepoint     ] Total time for which application threads were stopped: 0.0010926 seconds, Stopping threads took: 0.0004912 seconds
[2023-10-30T23:07:13.803+0000][1612.461s][debug][safepoint     ] Safepoint synchronization initiated. (186 threads)
[2023-10-30T23:07:13.804+0000][1612.462s][info ][safepoint     ] Application time: 1.0018751 seconds
[2023-10-30T23:07:13.804+0000][1612.463s][info ][safepoint     ] Entering safepoint region: Cleanup
[2023-10-30T23:07:13.805+0000][1612.464s][info ][safepoint     ] Leaving safepoint region
[2023-10-30T23:07:13.806+0000][1612.464s][info ][safepoint     ] Total time for which application threads were stopped: 0.0014448 seconds, Stopping threads took: 0.0005962 seconds
[2023-10-30T23:07:14.807+0000][1613.465s][debug][safepoint     ] Safepoint synchronization initiated. (186 threads)
[2023-10-30T23:07:14.808+0000][1613.466s][info ][safepoint     ] Application time: 1.0015239 seconds
[2023-10-30T23:07:14.809+0000][1613.467s][info ][safepoint     ] Entering safepoint region: Cleanup
[2023-10-30T23:07:14.810+0000][1613.468s][info ][safepoint     ] Leaving safepoint region
[2023-10-30T23:07:14.811+0000][1613.469s][info ][safepoint     ] Total time for which application threads were stopped: 0.0021587 seconds, Stopping threads took: 0.0010996 seconds
[2023-10-30T23:07:15.812+0000][1614.470s][debug][safepoint     ] Safepoint synchronization initiated. (186 threads)
[2023-10-30T23:07:15.813+0000][1614.471s][info ][safepoint     ] Application time: 1.0008234 seconds
[2023-10-30T23:07:15.813+0000][1614.471s][info ][safepoint     ] Entering safepoint region: Cleanup
[2023-10-30T23:07:15.814+0000][1614.472s][info ][safepoint     ] Leaving safepoint region
[2023-10-30T23:07:15.814+0000][1614.472s][info ][safepoint     ] Total time for which application threads were stopped: 0.0008969 seconds, Stopping threads took: 0.0003947 seconds
[2023-10-30T23:07:16.658+0000][1615.316s][debug][safepoint     ] Safepoint synchronization initiated. (186 threads)
[2023-10-30T23:07:16.659+0000][1615.317s][info ][safepoint     ] Application time: 0.8447148 seconds
[2023-10-30T23:07:16.659+0000][1615.318s][info ][safepoint     ] Entering safepoint region: Deoptimize
[2023-10-30T23:07:16.664+0000][1615.322s][info ][safepoint     ] Leaving safepoint region
[2023-10-30T23:07:16.665+0000][1615.323s][info ][safepoint     ] Total time for which application threads were stopped: 0.0057694 seconds, Stopping threads took: 0.0005633 seconds
[2023-10-30T23:07:17.667+0000][1616.326s][debug][safepoint     ] Safepoint synchronization initiated. (186 threads)
[2023-10-30T23:07:17.668+0000][1616.326s][info ][safepoint     ] Application time: 1.0013845 seconds
[2023-10-30T23:07:17.669+0000][1616.327s][info ][safepoint     ] Entering safepoint region: Cleanup
[2023-10-30T23:07:17.670+0000][1616.328s][info ][safepoint     ] Leaving safepoint region
[2023-10-30T23:07:17.670+0000][1616.328s][info ][safepoint     ] Total time for which application threads were stopped: 0.0014938 seconds, Stopping threads took: 0.0006597 seconds
[2023-10-30T23:07:18.671+0000][1617.329s][debug][safepoint     ] Safepoint synchronization initiated. (186 threads)
[2023-10-30T23:07:18.672+0000][1617.330s][info ][safepoint     ] Application time: 1.0011545 seconds
[2023-10-30T23:07:18.673+0000][1617.331s][info ][safepoint     ] Entering safepoint region: Cleanup
[2023-10-30T23:07:18.674+0000][1617.332s][info ][safepoint     ] Leaving safepoint region
[2023-10-30T23:07:18.675+0000][1617.333s][info ][safepoint     ] Total time for which application threads were stopped: 0.0019393 seconds, Stopping threads took: 0.0008892 seconds
[2023-10-30T23:07:19.676+0000][1618.334s][debug][safepoint     ] Safepoint synchronization initiated. (185 threads)
[2023-10-30T23:07:19.677+0000][1618.335s][info ][safepoint     ] Application time: 1.0011053 seconds
[2023-10-30T23:07:19.677+0000][1618.336s][info ][safepoint     ] Entering safepoint region: Cleanup
[2023-10-30T23:07:19.678+0000][1618.337s][info ][safepoint     ] Leaving safepoint region
[2023-10-30T23:07:19.679+0000][1618.337s][info ][safepoint     ] Total time for which application threads were stopped: 0.0016988 seconds, Stopping threads took: 0.0008180 seconds
[2023-10-30T23:07:20.680+0000][1619.338s][debug][safepoint     ] Safepoint synchronization initiated. (185 threads)
[2023-10-30T23:07:20.681+0000][1619.339s][info ][safepoint     ] Application time: 1.0008207 seconds
[2023-10-30T23:07:20.681+0000][1619.339s][info ][safepoint     ] Entering safepoint region: Cleanup
[2023-10-30T23:07:20.682+0000][1619.340s][info ][safepoint     ] Leaving safepoint region
[2023-10-30T23:07:20.682+0000][1619.341s][info ][safepoint     ] Total time for which application threads were stopped: 0.0012478 seconds, Stopping threads took: 0.0005529 seconds
[2023-10-30T23:07:21.683+0000][1620.341s][debug][safepoint     ] Safepoint synchronization initiated. (185 threads)
[2023-10-30T23:07:21.684+0000][1620.342s][info ][safepoint     ] Application time: 1.0012535 seconds
[2023-10-30T23:07:21.685+0000][1620.343s][info ][safepoint     ] Entering safepoint region: Cleanup
[2023-10-30T23:07:21.686+0000][1620.344s][info ][safepoint     ] Leaving safepoint region
[2023-10-30T23:07:21.687+0000][1620.345s][info ][safepoint     ] Total time for which application threads were stopped: 0.0018074 seconds, Stopping threads took: 0.0008419 seconds
[2023-10-30T23:07:22.688+0000][1621.346s][debug][safepoint     ] Safepoint synchronization initiated. (185 threads)
[2023-10-30T23:07:22.688+0000][1621.347s][info ][safepoint     ] Application time: 1.0009469 seconds
[2023-10-30T23:07:22.689+0000][1621.347s][info ][safepoint     ] Entering safepoint region: Cleanup
[2023-10-30T23:07:22.690+0000][1621.348s][info ][safepoint     ] Leaving safepoint region
[2023-10-30T23:07:22.691+0000][1621.349s][info ][safepoint     ] Total time for which application threads were stopped: 0.0014732 seconds, Stopping threads took: 0.0006414 seconds
[2023-10-30T23:07:23.486+0000][1622.144s][debug][safepoint     ] Safepoint synchronization initiated. (186 threads)
[2023-10-30T23:07:23.486+0000][1622.145s][info ][safepoint     ] Application time: 0.7951566 seconds
[2023-10-30T23:07:23.487+0000][1622.145s][info ][safepoint     ] Entering safepoint region: G1CollectForAllocation
[2023-10-30T23:07:23.488+0000][1622.146s][info ][gc,start      ] GC(74) Pause Young (Concurrent Start) (G1 Humongous Allocation)
[2023-10-30T23:07:23.488+0000][1622.147s][info ][gc,task       ] GC(74) Using 8 workers of 8 for evacuation
[2023-10-30T23:07:23.500+0000][1622.158s][info ][gc,phases     ] GC(74)   Pre Evacuate Collection Set: 0.8ms
[2023-10-30T23:07:23.500+0000][1622.159s][info ][gc,phases     ] GC(74)   Evacuate Collection Set: 5.3ms
[2023-10-30T23:07:23.501+0000][1622.159s][info ][gc,phases     ] GC(74)   Post Evacuate Collection Set: 4.6ms
[2023-10-30T23:07:23.501+0000][1622.160s][info ][gc,phases     ] GC(74)   Other: 1.5ms
[2023-10-30T23:07:23.502+0000][1622.160s][info ][gc,heap       ] GC(74) Eden regions: 52->0(131)
[2023-10-30T23:07:23.502+0000][1622.160s][info ][gc,heap       ] GC(74) Survivor regions: 6->6(19)
[2023-10-30T23:07:23.503+0000][1622.161s][info ][gc,heap       ] GC(74) Old regions: 157->157
[2023-10-30T23:07:23.503+0000][1622.161s][info ][gc,heap       ] GC(74) Humongous regions: 45->45
[2023-10-30T23:07:23.503+0000][1622.162s][info ][gc,metaspace  ] GC(74) Metaspace: 170700K(176420K)->170700K(176420K) NonClass: 150992K(154532K)->150992K(154532K) Class: 19708K(21888K)->19708K(21888K)
[2023-10-30T23:07:23.504+0000][1622.162s][info ][gc            ] GC(74) Pause Young (Concurrent Start) (G1 Humongous Allocation) 257M->205M(411M) 16.233ms
[2023-10-30T23:07:23.504+0000][1622.163s][info ][gc,cpu        ] GC(74) User=0.06s Sys=0.00s Real=0.02s
[2023-10-30T23:07:23.505+0000][1622.163s][info ][gc            ] GC(75) Concurrent Cycle
[2023-10-30T23:07:23.505+0000][1622.164s][info ][gc,marking    ] GC(75) Concurrent Clear Claimed Marks
[2023-10-30T23:07:23.505+0000][1622.163s][info ][safepoint     ] Leaving safepoint region
[2023-10-30T23:07:23.506+0000][1622.165s][info ][safepoint     ] Total time for which application threads were stopped: 0.0193389 seconds, Stopping threads took: 0.0005603 seconds
[2023-10-30T23:07:23.507+0000][1622.165s][info ][gc,stringdedup] Concurrent String Deduplication (1622.165s)
[2023-10-30T23:07:23.507+0000][1622.166s][info ][gc,marking    ] GC(75) Concurrent Clear Claimed Marks 1.842ms
[2023-10-30T23:07:23.508+0000][1622.166s][info ][gc,marking    ] GC(75) Concurrent Scan Root Regions
[2023-10-30T23:07:23.508+0000][1622.166s][info ][gc,stringdedup] Concurrent String Deduplication 264.0B->160.0B(104.0B) avg 54.3% (1622.165s, 1622.166s) 0.818ms
[2023-10-30T23:07:23.514+0000][1622.172s][info ][gc,marking    ] GC(75) Concurrent Scan Root Regions 5.776ms
[2023-10-30T23:07:23.514+0000][1622.173s][info ][gc,marking    ] GC(75) Concurrent Mark (1622.173s)
[2023-10-30T23:07:23.515+0000][1622.173s][info ][gc,marking    ] GC(75) Concurrent Mark From Roots
[2023-10-30T23:07:23.515+0000][1622.174s][info ][gc,task       ] GC(75) Using 2 workers of 2 for marking
[2023-10-30T23:07:23.644+0000][1622.302s][info ][gc,marking    ] GC(75) Concurrent Mark From Roots 129.145ms
[2023-10-30T23:07:23.644+0000][1622.303s][info ][gc,marking    ] GC(75) Concurrent Preclean
[2023-10-30T23:07:23.645+0000][1622.303s][info ][gc,marking    ] GC(75) Concurrent Preclean 0.361ms
[2023-10-30T23:07:23.645+0000][1622.303s][info ][gc,marking    ] GC(75) Concurrent Mark (1622.173s, 1622.303s) 130.702ms
[2023-10-30T23:07:23.645+0000][1622.304s][debug][safepoint     ] Safepoint synchronization initiated. (186 threads)
[2023-10-30T23:07:23.646+0000][1622.304s][info ][safepoint     ] Application time: 0.1389432 seconds
[2023-10-30T23:07:23.646+0000][1622.304s][info ][safepoint     ] Entering safepoint region: CGC_Operation
[2023-10-30T23:07:23.646+0000][1622.305s][info ][gc,start      ] GC(75) Pause Remark
[2023-10-30T23:07:23.673+0000][1622.331s][info ][gc,stringtable] GC(75) Cleaned string and symbol table, strings: 84340 processed, 6 removed, symbols: 411188 processed, 7 removed
[2023-10-30T23:07:23.674+0000][1622.332s][info ][gc            ] GC(75) Pause Remark 212M->212M(411M) 27.541ms
[2023-10-30T23:07:23.674+0000][1622.333s][info ][gc,cpu        ] GC(75) User=0.18s Sys=0.00s Real=0.03s
[2023-10-30T23:07:23.674+0000][1622.333s][info ][safepoint     ] Leaving safepoint region
[2023-10-30T23:07:23.675+0000][1622.333s][info ][safepoint     ] Total time for which application threads were stopped: 0.0289647 seconds, Stopping threads took: 0.0002777 seconds
[2023-10-30T23:07:23.675+0000][1622.334s][info ][gc,marking    ] GC(75) Concurrent Rebuild Remembered Sets
[2023-10-30T23:07:23.758+0000][1622.416s][info ][gc,marking    ] GC(75) Concurrent Rebuild Remembered Sets 82.426ms
[2023-10-30T23:07:23.758+0000][1622.416s][debug][safepoint     ] Safepoint synchronization initiated. (186 threads)
[2023-10-30T23:07:23.759+0000][1622.417s][info ][safepoint     ] Application time: 0.0833796 seconds
[2023-10-30T23:07:23.759+0000][1622.417s][info ][safepoint     ] Entering safepoint region: CGC_Operation
[2023-10-30T23:07:23.759+0000][1622.418s][info ][gc,start      ] GC(75) Pause Cleanup
[2023-10-30T23:07:23.760+0000][1622.418s][info ][gc            ] GC(75) Pause Cleanup 212M->212M(411M) 0.663ms
[2023-10-30T23:07:23.760+0000][1622.419s][info ][gc,cpu        ] GC(75) User=0.00s Sys=0.00s Real=0.01s
[2023-10-30T23:07:23.761+0000][1622.419s][info ][safepoint     ] Leaving safepoint region
[2023-10-30T23:07:23.761+0000][1622.419s][info ][safepoint     ] Total time for which application threads were stopped: 0.0021518 seconds, Stopping threads took: 0.0003094 seconds
[2023-10-30T23:07:23.761+0000][1622.420s][info ][gc,marking    ] GC(75) Concurrent Cleanup for Next Mark
[2023-10-30T23:07:23.762+0000][1622.421s][info ][gc,marking    ] GC(75) Concurrent Cleanup for Next Mark 0.942ms
[2023-10-30T23:07:23.763+0000][1622.421s][info ][gc            ] GC(75) Concurrent Cycle 257.812ms
[2023-10-30T23:07:24.762+0000][1623.420s][debug][safepoint     ] Safepoint synchronization initiated. (190 threads)
[2023-10-30T23:07:24.763+0000][1623.421s][info ][safepoint     ] Application time: 1.0013411 seconds
[2023-10-30T23:07:24.764+0000][1623.422s][info ][safepoint     ] Entering safepoint region: Cleanup
[2023-10-30T23:07:24.765+0000][1623.424s][info ][safepoint     ] Leaving safepoint region
[2023-10-30T23:07:24.766+0000][1623.424s][info ][safepoint     ] Total time for which application threads were stopped: 0.0024425 seconds, Stopping threads took: 0.0010241 seconds
[2023-10-30T23:07:25.767+0000][1624.425s][debug][safepoint     ] Safepoint synchronization initiated. (190 threads)
[2023-10-30T23:07:25.768+0000][1624.427s][info ][safepoint     ] Application time: 1.0012508 seconds
[2023-10-30T23:07:25.769+0000][1624.427s][info ][safepoint     ] Entering safepoint region: Cleanup
[2023-10-30T23:07:25.770+0000][1624.429s][info ][safepoint     ] Leaving safepoint region
[2023-10-30T23:07:25.771+0000][1624.430s][info ][safepoint     ] Total time for which application threads were stopped: 0.0023571 seconds, Stopping threads took: 0.0009426 seconds
[2023-10-30T23:07:25.770+0000][1624.429s][debug][safepoint     ] ... found polling page return exception at pc = 0x00007f93492e2b44, stub =0x00007f9340840600
[2023-10-30T23:07:25.770+0000][1624.429s][debug][safepoint     ] ... found polling page return exception at pc = 0x00007f93492e2b44, stub =0x00007f9340840600
[2023-10-30T23:07:25.770+0000][1624.429s][debug][safepoint     ] ... found polling page return exception at pc = 0x00007f93492e2b44, stub =0x00007f9340840600
[2023-10-30T23:07:25.770+0000][1624.429s][debug][safepoint     ] ... found polling page return exception at pc = 0x00007f93492e2b44, stub =0x00007f9340840600
[2023-10-30T23:07:25.770+0000][1624.429s][debug][safepoint     ] ... found polling page return exception at pc = 0x00007f93492e2b44, stub =0x00007f9340840600
[2023-10-30T23:07:26.772+0000][1625.431s][debug][safepoint     ] Safepoint synchronization initiated. (190 threads)
[2023-10-30T23:07:26.773+0000][1625.431s][info ][safepoint     ] Application time: 1.0008634 seconds
[2023-10-30T23:07:26.773+0000][1625.432s][info ][safepoint     ] Entering safepoint region: Cleanup
[2023-10-30T23:07:26.774+0000][1625.432s][info ][safepoint     ] Leaving safepoint region
[2023-10-30T23:07:26.775+0000][1625.433s][info ][safepoint     ] Total time for which application threads were stopped: 0.0011715 seconds, Stopping threads took: 0.0004703 seconds
[2023-10-30T23:07:27.775+0000][1626.434s][debug][safepoint     ] Safepoint synchronization initiated. (190 threads)
[2023-10-30T23:07:27.776+0000][1626.434s][info ][safepoint     ] Application time: 1.0010589 seconds
[2023-10-30T23:07:27.777+0000][1626.435s][info ][safepoint     ] Entering safepoint region: Cleanup
[2023-10-30T23:07:27.778+0000][1626.436s][info ][safepoint     ] Leaving safepoint region
[2023-10-30T23:07:27.778+0000][1626.437s][info ][safepoint     ] Total time for which application threads were stopped: 0.0015555 seconds, Stopping threads took: 0.0006424 seconds
[2023-10-30T23:07:28.779+0000][1627.438s][debug][safepoint     ] Safepoint synchronization initiated. (190 threads)
[2023-10-30T23:07:28.780+0000][1627.438s][info ][safepoint     ] Application time: 1.0008419 seconds
[2023-10-30T23:07:28.780+0000][1627.439s][info ][safepoint     ] Entering safepoint region: Cleanup
[2023-10-30T23:07:28.781+0000][1627.439s][info ][safepoint     ] Leaving safepoint region
[2023-10-30T23:07:28.782+0000][1627.440s][info ][safepoint     ] Total time for which application threads were stopped: 0.0012006 seconds, Stopping threads took: 0.0004918 seconds
[2023-10-30T23:07:29.782+0000][1628.440s][debug][safepoint     ] Safepoint synchronization initiated. (190 threads)
[2023-10-30T23:07:29.783+0000][1628.441s][info ][safepoint     ] Application time: 1.0006808 seconds
[2023-10-30T23:07:29.783+0000][1628.441s][info ][safepoint     ] Entering safepoint region: Cleanup
[2023-10-30T23:07:29.783+0000][1628.442s][info ][safepoint     ] Leaving safepoint region
[2023-10-30T23:07:29.784+0000][1628.442s][info ][safepoint     ] Total time for which application threads were stopped: 0.0007456 seconds, Stopping threads took: 0.0003380 seconds
[2023-10-30T23:07:30.784+0000][1629.442s][debug][safepoint     ] Safepoint synchronization initiated. (190 threads)
[2023-10-30T23:07:30.785+0000][1629.443s][info ][safepoint     ] Application time: 1.0006203 seconds
[2023-10-30T23:07:30.785+0000][1629.443s][info ][safepoint     ] Entering safepoint region: Cleanup
[2023-10-30T23:07:30.785+0000][1629.444s][info ][safepoint     ] Leaving safepoint region
[2023-10-30T23:07:30.786+0000][1629.444s][info ][safepoint     ] Total time for which application threads were stopped: 0.0008489 seconds, Stopping threads took: 0.0003329 seconds
[2023-10-30T23:07:31.786+0000][1630.445s][debug][safepoint     ] Safepoint synchronization initiated. (190 threads)
[2023-10-30T23:07:31.787+0000][1630.445s][info ][safepoint     ] Application time: 1.0009875 seconds
[2023-10-30T23:07:31.788+0000][1630.446s][info ][safepoint     ] Entering safepoint region: Cleanup
[2023-10-30T23:07:31.789+0000][1630.447s][info ][safepoint     ] Leaving safepoint region
[2023-10-30T23:07:31.789+0000][1630.447s][info ][safepoint     ] Total time for which application threads were stopped: 0.0013280 seconds, Stopping threads took: 0.0006341 seconds
[2023-10-30T23:07:32.790+0000][1631.448s][debug][safepoint     ] Safepoint synchronization initiated. (190 threads)
[2023-10-30T23:07:32.791+0000][1631.449s][info ][safepoint     ] Application time: 1.0007862 seconds
[2023-10-30T23:07:32.791+0000][1631.449s][info ][safepoint     ] Entering safepoint region: Cleanup
[2023-10-30T23:07:32.792+0000][1631.450s][info ][safepoint     ] Leaving safepoint region
[2023-10-30T23:07:32.792+0000][1631.451s][info ][safepoint     ] Total time for which application threads were stopped: 0.0012819 seconds, Stopping threads took: 0.0006572 seconds
[2023-10-30T23:07:33.793+0000][1632.451s][debug][safepoint     ] Safepoint synchronization initiated. (190 threads)
[2023-10-30T23:07:33.793+0000][1632.452s][info ][safepoint     ] Application time: 1.0005694 seconds
[2023-10-30T23:07:33.794+0000][1632.452s][info ][safepoint     ] Entering safepoint region: Cleanup
[2023-10-30T23:07:33.794+0000][1632.453s][info ][safepoint     ] Leaving safepoint region
[2023-10-30T23:07:33.795+0000][1632.453s][info ][safepoint     ] Total time for which application threads were stopped: 0.0010323 seconds, Stopping threads took: 0.0005818 seconds
[2023-10-30T23:07:34.795+0000][1633.453s][debug][safepoint     ] Safepoint synchronization initiated. (190 threads)
[2023-10-30T23:07:34.796+0000][1633.454s][info ][safepoint     ] Application time: 1.0006300 seconds
[2023-10-30T23:07:34.796+0000][1633.454s][info ][safepoint     ] Entering safepoint region: Cleanup
[2023-10-30T23:07:34.797+0000][1633.455s][info ][safepoint     ] Leaving safepoint region
[2023-10-30T23:07:34.798+0000][1633.456s][info ][safepoint     ] Total time for which application threads were stopped: 0.0014669 seconds, Stopping threads took: 0.0008174 seconds
[2023-10-30T23:07:35.798+0000][1634.456s][debug][safepoint     ] Safepoint synchronization initiated. (190 threads)
[2023-10-30T23:07:35.799+0000][1634.457s][info ][safepoint     ] Application time: 1.0011331 seconds
[2023-10-30T23:07:35.800+0000][1634.458s][info ][safepoint     ] Entering safepoint region: Cleanup
[2023-10-30T23:07:35.800+0000][1634.458s][info ][safepoint     ] Leaving safepoint region
[2023-10-30T23:07:35.801+0000][1634.459s][info ][safepoint     ] Total time for which application threads were stopped: 0.0011080 seconds, Stopping threads took: 0.0004077 seconds
[2023-10-30T23:07:36.801+0000][1635.459s][debug][safepoint     ] Safepoint synchronization initiated. (190 threads)
[2023-10-30T23:07:36.802+0000][1635.460s][info ][safepoint     ] Application time: 1.0006746 seconds
[2023-10-30T23:07:36.802+0000][1635.460s][info ][safepoint     ] Entering safepoint region: Cleanup
[2023-10-30T23:07:36.803+0000][1635.461s][info ][safepoint     ] Leaving safepoint region
[2023-10-30T23:07:36.803+0000][1635.462s][info ][safepoint     ] Total time for which application threads were stopped: 0.0014089 seconds, Stopping threads took: 0.0004622 seconds
[2023-10-30T23:07:37.804+0000][1636.462s][debug][safepoint     ] Safepoint synchronization initiated. (190 threads)
[2023-10-30T23:07:37.804+0000][1636.463s][info ][safepoint     ] Application time: 1.0005445 seconds
[2023-10-30T23:07:37.805+0000][1636.463s][info ][safepoint     ] Entering safepoint region: Cleanup
[2023-10-30T23:07:37.806+0000][1636.464s][info ][safepoint     ] Leaving safepoint region
[2023-10-30T23:07:37.806+0000][1636.465s][info ][safepoint     ] Total time for which application threads were stopped: 0.0015007 seconds, Stopping threads took: 0.0005898 seconds
[2023-10-30T23:07:38.807+0000][1637.465s][debug][safepoint     ] Safepoint synchronization initiated. (190 threads)
[2023-10-30T23:07:38.808+0000][1637.466s][info ][safepoint     ] Application time: 1.0009110 seconds
[2023-10-30T23:07:38.808+0000][1637.467s][info ][safepoint     ] Entering safepoint region: Cleanup
[2023-10-30T23:07:38.809+0000][1637.467s][info ][safepoint     ] Leaving safepoint region
[2023-10-30T23:07:38.810+0000][1637.468s][info ][safepoint     ] Total time for which application threads were stopped: 0.0013691 seconds, Stopping threads took: 0.0004924 seconds
[2023-10-30T23:07:39.810+0000][1638.469s][debug][safepoint     ] Safepoint synchronization initiated. (190 threads)
[2023-10-30T23:07:39.811+0000][1638.470s][info ][safepoint     ] Application time: 1.0011724 seconds
[2023-10-30T23:07:39.812+0000][1638.470s][info ][safepoint     ] Entering safepoint region: Cleanup
[2023-10-30T23:07:39.813+0000][1638.471s][info ][safepoint     ] Leaving safepoint region
[2023-10-30T23:07:39.813+0000][1638.472s][info ][safepoint     ] Total time for which application threads were stopped: 0.0013904 seconds, Stopping threads took: 0.0006488 seconds
[2023-10-30T23:07:40.814+0000][1639.472s][debug][safepoint     ] Safepoint synchronization initiated. (194 threads)
[2023-10-30T23:07:40.815+0000][1639.473s][info ][safepoint     ] Application time: 1.0005910 seconds
[2023-10-30T23:07:40.815+0000][1639.473s][info ][safepoint     ] Entering safepoint region: Cleanup
[2023-10-30T23:07:40.816+0000][1639.474s][info ][safepoint     ] Leaving safepoint region
[2023-10-30T23:07:40.816+0000][1639.474s][info ][safepoint     ] Total time for which application threads were stopped: 0.0010122 seconds, Stopping threads took: 0.0003280 seconds
[2023-10-30T23:07:41.816+0000][1640.475s][debug][safepoint     ] Safepoint synchronization initiated. (194 threads)
[2023-10-30T23:07:41.817+0000][1640.475s][info ][safepoint     ] Application time: 1.0008739 seconds
[2023-10-30T23:07:41.818+0000][1640.476s][info ][safepoint     ] Entering safepoint region: Cleanup
[2023-10-30T23:07:41.819+0000][1640.477s][info ][safepoint     ] Leaving safepoint region
[2023-10-30T23:07:41.819+0000][1640.478s][info ][safepoint     ] Total time for which application threads were stopped: 0.0016441 seconds, Stopping threads took: 0.0005339 seconds
[2023-10-30T23:07:42.820+0000][1641.479s][debug][safepoint     ] Safepoint synchronization initiated. (194 threads)
[2023-10-30T23:07:42.821+0000][1641.479s][info ][safepoint     ] Application time: 1.0010925 seconds
[2023-10-30T23:07:42.822+0000][1641.480s][info ][safepoint     ] Entering safepoint region: Cleanup
[2023-10-30T23:07:42.823+0000][1641.481s][info ][safepoint     ] Leaving safepoint region
[2023-10-30T23:07:42.824+0000][1641.482s][info ][safepoint     ] Total time for which application threads were stopped: 0.0017780 seconds, Stopping threads took: 0.0007773 seconds
[2023-10-30T23:07:43.824+0000][1642.483s][debug][safepoint     ] Safepoint synchronization initiated. (194 threads)
[2023-10-30T23:07:43.825+0000][1642.483s][info ][safepoint     ] Application time: 1.0006714 seconds
[2023-10-30T23:07:43.844+0000][1642.502s][info ][safepoint     ] Entering safepoint region: Cleanup
[2023-10-30T23:07:43.844+0000][1642.503s][info ][safepoint     ] Leaving safepoint region
[2023-10-30T23:07:43.845+0000][1642.503s][info ][safepoint     ] Total time for which application threads were stopped: 0.0012238 seconds, Stopping threads took: 0.0005117 seconds
[2023-10-30T23:07:44.846+0000][1643.504s][debug][safepoint     ] Safepoint synchronization initiated. (194 threads)
[2023-10-30T23:07:44.847+0000][1643.505s][info ][safepoint     ] Application time: 1.0017545 seconds
[2023-10-30T23:07:44.848+0000][1643.507s][info ][safepoint     ] Entering safepoint region: Cleanup
[2023-10-30T23:07:44.850+0000][1643.508s][info ][safepoint     ] Leaving safepoint region
[2023-10-30T23:07:44.850+0000][1643.509s][info ][safepoint     ] Total time for which application threads were stopped: 0.0022668 seconds, Stopping threads took: 0.0010155 seconds
[2023-10-30T23:07:45.851+0000][1644.510s][debug][safepoint     ] Safepoint synchronization initiated. (194 threads)
[2023-10-30T23:07:45.852+0000][1644.511s][info ][safepoint     ] Application time: 1.0011083 seconds
[2023-10-30T23:07:45.853+0000][1644.512s][info ][safepoint     ] Entering safepoint region: Cleanup
[2023-10-30T23:07:45.854+0000][1644.512s][info ][safepoint     ] Leaving safepoint region
[2023-10-30T23:07:45.855+0000][1644.513s][info ][safepoint     ] Total time for which application threads were stopped: 0.0016720 seconds, Stopping threads took: 0.0006828 seconds
[2023-10-30T23:07:46.856+0000][1645.514s][debug][safepoint     ] Safepoint synchronization initiated. (194 threads)
[2023-10-30T23:07:46.857+0000][1645.515s][info ][safepoint     ] Application time: 1.0015052 seconds
[2023-10-30T23:07:46.858+0000][1645.517s][info ][safepoint     ] Entering safepoint region: Cleanup
[2023-10-30T23:07:46.860+0000][1645.518s][info ][safepoint     ] Leaving safepoint region
[2023-10-30T23:07:46.860+0000][1645.519s][info ][safepoint     ] Total time for which application threads were stopped: 0.0022934 seconds, Stopping threads took: 0.0011088 seconds
[2023-10-30T23:07:47.862+0000][1646.520s][debug][safepoint     ] Safepoint synchronization initiated. (194 threads)
[2023-10-30T23:07:47.863+0000][1646.521s][info ][safepoint     ] Application time: 1.0015042 seconds
[2023-10-30T23:07:47.864+0000][1646.522s][info ][safepoint     ] Entering safepoint region: Cleanup
[2023-10-30T23:07:47.865+0000][1646.523s][info ][safepoint     ] Leaving safepoint region
[2023-10-30T23:07:47.866+0000][1646.524s][info ][safepoint     ] Total time for which application threads were stopped: 0.0020313 seconds, Stopping threads took: 0.0009147 seconds
[2023-10-30T23:07:48.867+0000][1647.525s][debug][safepoint     ] Safepoint synchronization initiated. (194 threads)
[2023-10-30T23:07:48.868+0000][1647.526s][info ][safepoint     ] Application time: 1.0013517 seconds
[2023-10-30T23:07:48.869+0000][1647.527s][info ][safepoint     ] Entering safepoint region: Cleanup
[2023-10-30T23:07:48.870+0000][1647.528s][info ][safepoint     ] Leaving safepoint region
[2023-10-30T23:07:48.871+0000][1647.529s][info ][safepoint     ] Total time for which application threads were stopped: 0.0019631 seconds, Stopping threads took: 0.0009164 seconds
[2023-10-30T23:07:48.870+0000][1647.528s][debug][safepoint     ] ... found polling page return exception at pc = 0x00007f93492e2b44, stub =0x00007f9340840600
[2023-10-30T23:07:48.870+0000][1647.528s][debug][safepoint     ] ... found polling page return exception at pc = 0x00007f93492e2b44, stub =0x00007f9340840600
[2023-10-30T23:07:48.870+0000][1647.528s][debug][safepoint     ] ... found polling page return exception at pc = 0x00007f93492e2b44, stub =0x00007f9340840600
[2023-10-30T23:07:48.870+0000][1647.528s][debug][safepoint     ] ... found polling page return exception at pc = 0x00007f93492e2b44, stub =0x00007f9340840600
[2023-10-30T23:07:48.870+0000][1647.528s][debug][safepoint     ] ... found polling page return exception at pc = 0x00007f93492e2b44, stub =0x00007f9340840600
[2023-10-30T23:07:48.870+0000][1647.528s][debug][safepoint     ] ... found polling page return exception at pc = 0x00007f93492e2b44, stub =0x00007f9340840600
[2023-10-30T23:07:48.870+0000][1647.528s][debug][safepoint     ] ... found polling page return exception at pc = 0x00007f93492e2b44, stub =0x00007f9340840600
[2023-10-30T23:07:49.872+0000][1648.530s][debug][safepoint     ] Safepoint synchronization initiated. (194 threads)
[2023-10-30T23:07:49.873+0000][1648.531s][info ][safepoint     ] Application time: 1.0015797 seconds
[2023-10-30T23:07:49.874+0000][1648.532s][info ][safepoint     ] Entering safepoint region: Cleanup
[2023-10-30T23:07:49.875+0000][1648.534s][info ][safepoint     ] Leaving safepoint region
[2023-10-30T23:07:49.876+0000][1648.535s][info ][safepoint     ] Total time for which application threads were stopped: 0.0021989 seconds, Stopping threads took: 0.0009006 seconds
[2023-10-30T23:07:50.877+0000][1649.536s][debug][safepoint     ] Safepoint synchronization initiated. (194 threads)
[2023-10-30T23:07:50.879+0000][1649.537s][info ][safepoint     ] Application time: 1.0015427 seconds
[2023-10-30T23:07:50.880+0000][1649.538s][info ][safepoint     ] Entering safepoint region: Cleanup
[2023-10-30T23:07:50.881+0000][1649.539s][info ][safepoint     ] Leaving safepoint region
[2023-10-30T23:07:50.882+0000][1649.540s][info ][safepoint     ] Total time for which application threads were stopped: 0.0021163 seconds, Stopping threads took: 0.0009928 seconds
[2023-10-30T23:07:51.883+0000][1650.541s][debug][safepoint     ] Safepoint synchronization initiated. (194 threads)
[2023-10-30T23:07:51.884+0000][1650.542s][info ][safepoint     ] Application time: 1.0014670 seconds
[2023-10-30T23:07:51.885+0000][1650.543s][info ][safepoint     ] Entering safepoint region: Cleanup
[2023-10-30T23:07:51.886+0000][1650.545s][info ][safepoint     ] Leaving safepoint region
[2023-10-30T23:07:51.887+0000][1650.546s][info ][safepoint     ] Total time for which application threads were stopped: 0.0023939 seconds, Stopping threads took: 0.0012414 seconds
[2023-10-30T23:07:52.888+0000][1651.546s][debug][safepoint     ] Safepoint synchronization initiated. (194 threads)
[2023-10-30T23:07:52.889+0000][1651.547s][info ][safepoint     ] Application time: 1.0009189 seconds
[2023-10-30T23:07:52.890+0000][1651.548s][info ][safepoint     ] Entering safepoint region: Cleanup
[2023-10-30T23:07:52.891+0000][1651.549s][info ][safepoint     ] Leaving safepoint region
[2023-10-30T23:07:52.891+0000][1651.550s][info ][safepoint     ] Total time for which application threads were stopped: 0.0016583 seconds, Stopping threads took: 0.0008580 seconds
[2023-10-30T23:07:53.892+0000][1652.551s][debug][safepoint     ] Safepoint synchronization initiated. (194 threads)
[2023-10-30T23:07:53.893+0000][1652.551s][info ][safepoint     ] Application time: 1.0009912 seconds
[2023-10-30T23:07:53.894+0000][1652.552s][info ][safepoint     ] Entering safepoint region: Cleanup
[2023-10-30T23:07:53.894+0000][1652.553s][info ][safepoint     ] Leaving safepoint region
[2023-10-30T23:07:53.895+0000][1652.553s][info ][safepoint     ] Total time for which application threads were stopped: 0.0013508 seconds, Stopping threads took: 0.0006298 seconds
[2023-10-30T23:07:53.894+0000][1652.553s][debug][safepoint     ] ... found polling page return exception at pc = 0x00007f93492e2b44, stub =0x00007f9340840600
[2023-10-30T23:07:53.894+0000][1652.553s][debug][safepoint     ] ... found polling page return exception at pc = 0x00007f93492e2b44, stub =0x00007f9340840600
[2023-10-30T23:07:53.894+0000][1652.553s][debug][safepoint     ] ... found polling page return exception at pc = 0x00007f93492e2b44, stub =0x00007f9340840600
[2023-10-30T23:07:53.894+0000][1652.553s][debug][safepoint     ] ... found polling page return exception at pc = 0x00007f93492e2b44, stub =0x00007f9340840600
[2023-10-30T23:07:53.894+0000][1652.553s][debug][safepoint     ] ... found polling page return exception at pc = 0x00007f93492e2b44, stub =0x00007f9340840600
[2023-10-30T23:07:54.896+0000][1653.554s][debug][safepoint     ] Safepoint synchronization initiated. (194 threads)
[2023-10-30T23:07:54.897+0000][1653.555s][info ][safepoint     ] Application time: 1.0012994 seconds
[2023-10-30T23:07:54.898+0000][1653.556s][info ][safepoint     ] Entering safepoint region: Cleanup
[2023-10-30T23:07:54.899+0000][1653.557s][info ][safepoint     ] Leaving safepoint region
[2023-10-30T23:07:54.900+0000][1653.558s][info ][safepoint     ] Total time for which application threads were stopped: 0.0019198 seconds, Stopping threads took: 0.0008432 seconds
[2023-10-30T23:07:55.901+0000][1654.559s][debug][safepoint     ] Safepoint synchronization initiated. (194 threads)
[2023-10-30T23:07:55.901+0000][1654.560s][info ][safepoint     ] Application time: 1.0010239 seconds
[2023-10-30T23:07:55.902+0000][1654.561s][info ][safepoint     ] Entering safepoint region: Cleanup
[2023-10-30T23:07:55.903+0000][1654.562s][info ][safepoint     ] Leaving safepoint region
[2023-10-30T23:07:55.904+0000][1654.562s][info ][safepoint     ] Total time for which application threads were stopped: 0.0017888 seconds, Stopping threads took: 0.0007750 seconds
[2023-10-30T23:07:56.905+0000][1655.563s][debug][safepoint     ] Safepoint synchronization initiated. (194 threads)
[2023-10-30T23:07:56.906+0000][1655.564s][info ][safepoint     ] Application time: 1.0009748 seconds
[2023-10-30T23:07:56.907+0000][1655.565s][info ][safepoint     ] Entering safepoint region: Cleanup
[2023-10-30T23:07:56.908+0000][1655.566s][info ][safepoint     ] Leaving safepoint region
[2023-10-30T23:07:56.909+0000][1655.567s][info ][safepoint     ] Total time for which application threads were stopped: 0.0019113 seconds, Stopping threads took: 0.0009223 seconds
[2023-10-30T23:07:57.910+0000][1656.568s][debug][safepoint     ] Safepoint synchronization initiated. (194 threads)
[2023-10-30T23:07:57.910+0000][1656.569s][info ][safepoint     ] Application time: 1.0011803 seconds
[2023-10-30T23:07:57.911+0000][1656.570s][info ][safepoint     ] Entering safepoint region: Cleanup
[2023-10-30T23:07:57.913+0000][1656.571s][info ][safepoint     ] Leaving safepoint region
[2023-10-30T23:07:57.913+0000][1656.572s][info ][safepoint     ] Total time for which application threads were stopped: 0.0019323 seconds, Stopping threads took: 0.0008875 seconds
[2023-10-30T23:07:58.914+0000][1657.573s][debug][safepoint     ] Safepoint synchronization initiated. (194 threads)
[2023-10-30T23:07:58.915+0000][1657.574s][info ][safepoint     ] Application time: 1.0013300 seconds
[2023-10-30T23:07:58.916+0000][1657.575s][info ][safepoint     ] Entering safepoint region: Cleanup
[2023-10-30T23:07:58.917+0000][1657.576s][info ][safepoint     ] Leaving safepoint region
[2023-10-30T23:07:58.918+0000][1657.577s][info ][safepoint     ] Total time for which application threads were stopped: 0.0017460 seconds, Stopping threads took: 0.0008007 seconds
[2023-10-30T23:07:59.919+0000][1658.577s][debug][safepoint     ] Safepoint synchronization initiated. (194 threads)
[2023-10-30T23:07:59.921+0000][1658.580s][info ][safepoint     ] Application time: 1.0025352 seconds
[2023-10-30T23:07:59.922+0000][1658.581s][info ][safepoint     ] Entering safepoint region: Cleanup
[2023-10-30T23:07:59.923+0000][1658.581s][info ][safepoint     ] Leaving safepoint region
[2023-10-30T23:07:59.924+0000][1658.582s][info ][safepoint     ] Total time for which application threads were stopped: 0.0014439 seconds, Stopping threads took: 0.0005655 seconds
[2023-10-30T23:08:00.925+0000][1659.583s][debug][safepoint     ] Safepoint synchronization initiated. (194 threads)
[2023-10-30T23:08:00.926+0000][1659.584s][info ][safepoint     ] Application time: 1.0013726 seconds
[2023-10-30T23:08:00.927+0000][1659.585s][info ][safepoint     ] Entering safepoint region: Cleanup
[2023-10-30T23:08:00.928+0000][1659.586s][info ][safepoint     ] Leaving safepoint region
[2023-10-30T23:08:00.929+0000][1659.587s][info ][safepoint     ] Total time for which application threads were stopped: 0.0022235 seconds, Stopping threads took: 0.0009292 seconds
[2023-10-30T23:08:01.930+0000][1660.588s][debug][safepoint     ] Safepoint synchronization initiated. (194 threads)
[2023-10-30T23:08:01.931+0000][1660.589s][info ][safepoint     ] Application time: 1.0010346 seconds
[2023-10-30T23:08:01.931+0000][1660.590s][info ][safepoint     ] Entering safepoint region: Cleanup
[2023-10-30T23:08:01.933+0000][1660.591s][info ][safepoint     ] Leaving safepoint region
[2023-10-30T23:08:01.933+0000][1660.592s][info ][safepoint     ] Total time for which application threads were stopped: 0.0017915 seconds, Stopping threads took: 0.0008030 seconds
[2023-10-30T23:08:02.934+0000][1661.592s][debug][safepoint     ] Safepoint synchronization initiated. (194 threads)
[2023-10-30T23:08:02.935+0000][1661.593s][info ][safepoint     ] Application time: 1.0010297 seconds
[2023-10-30T23:08:02.936+0000][1661.594s][info ][safepoint     ] Entering safepoint region: Cleanup
[2023-10-30T23:08:02.937+0000][1661.595s][info ][safepoint     ] Leaving safepoint region
[2023-10-30T23:08:02.938+0000][1661.596s][info ][safepoint     ] Total time for which application threads were stopped: 0.0017917 seconds, Stopping threads took: 0.0008480 seconds
[2023-10-30T23:08:03.938+0000][1662.597s][debug][safepoint     ] Safepoint synchronization initiated. (194 threads)
[2023-10-30T23:08:03.939+0000][1662.598s][info ][safepoint     ] Application time: 1.0011710 seconds
[2023-10-30T23:08:03.940+0000][1662.599s][info ][safepoint     ] Entering safepoint region: Cleanup
[2023-10-30T23:08:03.942+0000][1662.600s][info ][safepoint     ] Leaving safepoint region
[2023-10-30T23:08:03.942+0000][1662.601s][info ][safepoint     ] Total time for which application threads were stopped: 0.0019714 seconds, Stopping threads took: 0.0008895 seconds
[2023-10-30T23:08:04.943+0000][1663.602s][debug][safepoint     ] Safepoint synchronization initiated. (194 threads)
[2023-10-30T23:08:04.944+0000][1663.602s][info ][safepoint     ] Application time: 1.0007718 seconds
[2023-10-30T23:08:04.944+0000][1663.603s][info ][safepoint     ] Entering safepoint region: Cleanup
[2023-10-30T23:08:04.945+0000][1663.604s][info ][safepoint     ] Leaving safepoint region
[2023-10-30T23:08:04.946+0000][1663.604s][info ][safepoint     ] Total time for which application threads were stopped: 0.0012708 seconds, Stopping threads took: 0.0006106 seconds
[2023-10-30T23:08:05.946+0000][1664.605s][debug][safepoint     ] Safepoint synchronization initiated. (194 threads)
[2023-10-30T23:08:05.947+0000][1664.605s][info ][safepoint     ] Application time: 1.0010628 seconds
[2023-10-30T23:08:05.948+0000][1664.606s][info ][safepoint     ] Entering safepoint region: Cleanup
[2023-10-30T23:08:05.949+0000][1664.607s][info ][safepoint     ] Leaving safepoint region
[2023-10-30T23:08:05.950+0000][1664.608s][info ][safepoint     ] Total time for which application threads were stopped: 0.0018402 seconds, Stopping threads took: 0.0007685 seconds
[2023-10-30T23:08:06.950+0000][1665.609s][debug][safepoint     ] Safepoint synchronization initiated. (194 threads)
[2023-10-30T23:08:06.951+0000][1665.610s][info ][safepoint     ] Application time: 1.0007769 seconds
[2023-10-30T23:08:06.952+0000][1665.610s][info ][safepoint     ] Entering safepoint region: Cleanup
[2023-10-30T23:08:06.953+0000][1665.611s][info ][safepoint     ] Leaving safepoint region
[2023-10-30T23:08:06.953+0000][1665.612s][info ][safepoint     ] Total time for which application threads were stopped: 0.0014462 seconds, Stopping threads took: 0.0007186 seconds
[2023-10-30T23:08:07.954+0000][1666.612s][debug][safepoint     ] Safepoint synchronization initiated. (194 threads)
[2023-10-30T23:08:07.955+0000][1666.613s][info ][safepoint     ] Application time: 1.0011607 seconds
[2023-10-30T23:08:07.956+0000][1666.614s][info ][safepoint     ] Entering safepoint region: Cleanup
[2023-10-30T23:08:07.957+0000][1666.615s][info ][safepoint     ] Leaving safepoint region
[2023-10-30T23:08:07.957+0000][1666.616s][info ][safepoint     ] Total time for which application threads were stopped: 0.0018629 seconds, Stopping threads took: 0.0007427 seconds
[2023-10-30T23:08:08.958+0000][1667.617s][debug][safepoint     ] Safepoint synchronization initiated. (194 threads)
[2023-10-30T23:08:08.959+0000][1667.618s][info ][safepoint     ] Application time: 1.0010936 seconds
[2023-10-30T23:08:08.960+0000][1667.619s][info ][safepoint     ] Entering safepoint region: Cleanup
[2023-10-30T23:08:08.961+0000][1667.620s][info ][safepoint     ] Leaving safepoint region
[2023-10-30T23:08:08.962+0000][1667.620s][info ][safepoint     ] Total time for which application threads were stopped: 0.0018909 seconds, Stopping threads took: 0.0009147 seconds
[2023-10-30T23:08:09.963+0000][1668.622s][debug][safepoint     ] Safepoint synchronization initiated. (194 threads)
[2023-10-30T23:08:09.964+0000][1668.623s][info ][safepoint     ] Application time: 1.0012696 seconds
[2023-10-30T23:08:09.965+0000][1668.623s][info ][safepoint     ] Entering safepoint region: Cleanup
[2023-10-30T23:08:09.966+0000][1668.625s][info ][safepoint     ] Leaving safepoint region
[2023-10-30T23:08:09.967+0000][1668.626s][info ][safepoint     ] Total time for which application threads were stopped: 0.0021257 seconds, Stopping threads took: 0.0008902 seconds
[2023-10-30T23:08:10.969+0000][1669.627s][debug][safepoint     ] Safepoint synchronization initiated. (194 threads)
[2023-10-30T23:08:10.970+0000][1669.628s][info ][safepoint     ] Application time: 1.0015241 seconds
[2023-10-30T23:08:10.971+0000][1669.629s][info ][safepoint     ] Entering safepoint region: Cleanup
[2023-10-30T23:08:10.972+0000][1669.630s][info ][safepoint     ] Leaving safepoint region
[2023-10-30T23:08:10.973+0000][1669.631s][info ][safepoint     ] Total time for which application threads were stopped: 0.0020580 seconds, Stopping threads took: 0.0009078 seconds
[2023-10-30T23:08:11.974+0000][1670.632s][debug][safepoint     ] Safepoint synchronization initiated. (194 threads)
[2023-10-30T23:08:11.975+0000][1670.633s][info ][safepoint     ] Application time: 1.0012737 seconds
[2023-10-30T23:08:11.976+0000][1670.634s][info ][safepoint     ] Entering safepoint region: Cleanup
[2023-10-30T23:08:11.977+0000][1670.636s][info ][safepoint     ] Leaving safepoint region
[2023-10-30T23:08:11.978+0000][1670.637s][info ][safepoint     ] Total time for which application threads were stopped: 0.0024234 seconds, Stopping threads took: 0.0010805 seconds
[2023-10-30T23:08:12.979+0000][1671.638s][debug][safepoint     ] Safepoint synchronization initiated. (194 threads)
[2023-10-30T23:08:12.981+0000][1671.639s][info ][safepoint     ] Application time: 1.0013862 seconds
[2023-10-30T23:08:12.982+0000][1671.640s][info ][safepoint     ] Entering safepoint region: Cleanup
[2023-10-30T23:08:12.983+0000][1671.641s][info ][safepoint     ] Leaving safepoint region
[2023-10-30T23:08:12.983+0000][1671.642s][info ][safepoint     ] Total time for which application threads were stopped: 0.0018583 seconds, Stopping threads took: 0.0009757 seconds
[2023-10-30T23:08:13.984+0000][1672.643s][debug][safepoint     ] Safepoint synchronization initiated. (194 threads)
[2023-10-30T23:08:13.985+0000][1672.643s][info ][safepoint     ] Application time: 1.0008012 seconds
[2023-10-30T23:08:13.985+0000][1672.644s][info ][safepoint     ] Entering safepoint region: Cleanup
[2023-10-30T23:08:13.986+0000][1672.645s][info ][safepoint     ] Leaving safepoint region
[2023-10-30T23:08:13.986+0000][1672.645s][info ][safepoint     ] Total time for which application threads were stopped: 0.0012553 seconds, Stopping threads took: 0.0007230 seconds
[2023-10-30T23:08:14.987+0000][1673.645s][debug][safepoint     ] Safepoint synchronization initiated. (194 threads)
[2023-10-30T23:08:14.987+0000][1673.646s][info ][safepoint     ] Application time: 1.0005788 seconds
[2023-10-30T23:08:14.988+0000][1673.646s][info ][safepoint     ] Entering safepoint region: Cleanup
[2023-10-30T23:08:14.989+0000][1673.647s][info ][safepoint     ] Leaving safepoint region
[2023-10-30T23:08:14.989+0000][1673.647s][info ][safepoint     ] Total time for which application threads were stopped: 0.0012138 seconds, Stopping threads took: 0.0006053 seconds
[2023-10-30T23:08:15.990+0000][1674.648s][debug][safepoint     ] Safepoint synchronization initiated. (194 threads)
[2023-10-30T23:08:15.990+0000][1674.649s][info ][safepoint     ] Application time: 1.0010378 seconds
[2023-10-30T23:08:15.991+0000][1674.649s][info ][safepoint     ] Entering safepoint region: Cleanup
[2023-10-30T23:08:15.992+0000][1674.651s][info ][safepoint     ] Leaving safepoint region
[2023-10-30T23:08:15.993+0000][1674.651s][info ][safepoint     ] Total time for which application threads were stopped: 0.0018992 seconds, Stopping threads took: 0.0009468 seconds
[2023-10-30T23:08:16.994+0000][1675.652s][debug][safepoint     ] Safepoint synchronization initiated. (194 threads)
[2023-10-30T23:08:16.995+0000][1675.653s][info ][safepoint     ] Application time: 1.0013666 seconds
[2023-10-30T23:08:16.996+0000][1675.655s][info ][safepoint     ] Entering safepoint region: Cleanup
[2023-10-30T23:08:16.997+0000][1675.656s][info ][safepoint     ] Leaving safepoint region
[2023-10-30T23:08:16.998+0000][1675.657s][info ][safepoint     ] Total time for which application threads were stopped: 0.0022002 seconds, Stopping threads took: 0.0010257 seconds
[2023-10-30T23:08:17.999+0000][1676.658s][debug][safepoint     ] Safepoint synchronization initiated. (194 threads)
[2023-10-30T23:08:18.000+0000][1676.659s][info ][safepoint     ] Application time: 1.0011312 seconds
[2023-10-30T23:08:18.001+0000][1676.659s][info ][safepoint     ] Entering safepoint region: Cleanup
[2023-10-30T23:08:18.002+0000][1676.661s][info ][safepoint     ] Leaving safepoint region
[2023-10-30T23:08:18.003+0000][1676.661s][info ][safepoint     ] Total time for which application threads were stopped: 0.0018787 seconds, Stopping threads took: 0.0008522 seconds
[2023-10-30T23:08:19.004+0000][1677.662s][debug][safepoint     ] Safepoint synchronization initiated. (194 threads)
[2023-10-30T23:08:19.005+0000][1677.663s][info ][safepoint     ] Application time: 1.0009062 seconds
[2023-10-30T23:08:19.005+0000][1677.664s][info ][safepoint     ] Entering safepoint region: Cleanup
[2023-10-30T23:08:19.006+0000][1677.665s][info ][safepoint     ] Leaving safepoint region
[2023-10-30T23:08:19.007+0000][1677.665s][info ][safepoint     ] Total time for which application threads were stopped: 0.0015532 seconds, Stopping threads took: 0.0007067 seconds
[2023-10-30T23:08:20.008+0000][1678.666s][debug][safepoint     ] Safepoint synchronization initiated. (194 threads)
[2023-10-30T23:08:20.009+0000][1678.667s][info ][safepoint     ] Application time: 1.0012671 seconds
[2023-10-30T23:08:20.010+0000][1678.668s][info ][safepoint     ] Entering safepoint region: Cleanup
[2023-10-30T23:08:20.011+0000][1678.669s][info ][safepoint     ] Leaving safepoint region
[2023-10-30T23:08:20.012+0000][1678.670s][info ][safepoint     ] Total time for which application threads were stopped: 0.0020257 seconds, Stopping threads took: 0.0010158 seconds
[2023-10-30T23:08:21.013+0000][1679.671s][debug][safepoint     ] Safepoint synchronization initiated. (194 threads)
[2023-10-30T23:08:21.013+0000][1679.672s][info ][safepoint     ] Application time: 1.0011500 seconds
[2023-10-30T23:08:21.014+0000][1679.673s][info ][safepoint     ] Entering safepoint region: Cleanup
[2023-10-30T23:08:21.015+0000][1679.673s][info ][safepoint     ] Leaving safepoint region
[2023-10-30T23:08:21.015+0000][1679.674s][info ][safepoint     ] Total time for which application threads were stopped: 0.0013035 seconds, Stopping threads took: 0.0005417 seconds
[2023-10-30T23:08:22.016+0000][1680.675s][debug][safepoint     ] Safepoint synchronization initiated. (194 threads)
[2023-10-30T23:08:22.017+0000][1680.675s][info ][safepoint     ] Application time: 1.0010975 seconds
[2023-10-30T23:08:22.018+0000][1680.676s][info ][safepoint     ] Entering safepoint region: Cleanup
[2023-10-30T23:08:22.019+0000][1680.677s][info ][safepoint     ] Leaving safepoint region
[2023-10-30T23:08:22.020+0000][1680.678s][info ][safepoint     ] Total time for which application threads were stopped: 0.0018460 seconds, Stopping threads took: 0.0007683 seconds
[2023-10-30T23:08:23.021+0000][1681.679s][debug][safepoint     ] Safepoint synchronization initiated. (194 threads)
[2023-10-30T23:08:23.022+0000][1681.680s][info ][safepoint     ] Application time: 1.0013812 seconds
[2023-10-30T23:08:23.023+0000][1681.681s][debug][safepoint     ] ... found polling page return exception at pc = 0x00007f9348c563c4, stub =0x00007f9340840600
[2023-10-30T23:08:23.024+0000][1681.682s][debug][safepoint     ] Waiting for 1 thread(s) to block
[2023-10-30T23:08:23.025+0000][1681.683s][info ][safepoint     ] Entering safepoint region: Cleanup
[2023-10-30T23:08:23.026+0000][1681.684s][info ][safepoint     ] Leaving safepoint region
[2023-10-30T23:08:23.026+0000][1681.685s][info ][safepoint     ] Total time for which application threads were stopped: 0.0034614 seconds, Stopping threads took: 0.0024261 seconds
[2023-10-30T23:08:24.027+0000][1682.686s][debug][safepoint     ] Safepoint synchronization initiated. (194 threads)
[2023-10-30T23:08:24.028+0000][1682.687s][info ][safepoint     ] Application time: 1.0011697 seconds
[2023-10-30T23:08:24.029+0000][1682.687s][info ][safepoint     ] Entering safepoint region: Cleanup
[2023-10-30T23:08:24.029+0000][1682.688s][info ][safepoint     ] Leaving safepoint region
[2023-10-30T23:08:24.030+0000][1682.688s][info ][safepoint     ] Total time for which application threads were stopped: 0.0012069 seconds, Stopping threads took: 0.0005320 seconds
[2023-10-30T23:08:25.030+0000][1683.689s][debug][safepoint     ] Safepoint synchronization initiated. (194 threads)
[2023-10-30T23:08:25.031+0000][1683.690s][info ][safepoint     ] Application time: 1.0006327 seconds
[2023-10-30T23:08:25.031+0000][1683.690s][info ][safepoint     ] Entering safepoint region: Cleanup
[2023-10-30T23:08:25.032+0000][1683.690s][info ][safepoint     ] Leaving safepoint region
[2023-10-30T23:08:25.032+0000][1683.691s][info ][safepoint     ] Total time for which application threads were stopped: 0.0008702 seconds, Stopping threads took: 0.0003848 seconds
[2023-10-30T23:08:26.033+0000][1684.691s][debug][safepoint     ] Safepoint synchronization initiated. (194 threads)
[2023-10-30T23:08:26.034+0000][1684.692s][info ][safepoint     ] Application time: 1.0010762 seconds
[2023-10-30T23:08:26.034+0000][1684.693s][info ][safepoint     ] Entering safepoint region: Cleanup
[2023-10-30T23:08:26.035+0000][1684.694s][info ][safepoint     ] Leaving safepoint region
[2023-10-30T23:08:26.036+0000][1684.695s][info ][safepoint     ] Total time for which application threads were stopped: 0.0018223 seconds, Stopping threads took: 0.0007825 seconds
[2023-10-30T23:08:27.037+0000][1685.696s][debug][safepoint     ] Safepoint synchronization initiated. (194 threads)
[2023-10-30T23:08:27.038+0000][1685.697s][info ][safepoint     ] Application time: 1.0014543 seconds
[2023-10-30T23:08:27.039+0000][1685.698s][info ][safepoint     ] Entering safepoint region: Cleanup
[2023-10-30T23:08:27.040+0000][1685.699s][info ][safepoint     ] Leaving safepoint region
[2023-10-30T23:08:27.041+0000][1685.700s][info ][safepoint     ] Total time for which application threads were stopped: 0.0020957 seconds, Stopping threads took: 0.0009194 seconds
[2023-10-30T23:08:28.042+0000][1686.701s][debug][safepoint     ] Safepoint synchronization initiated. (194 threads)
[2023-10-30T23:08:28.043+0000][1686.702s][info ][safepoint     ] Application time: 1.0012681 seconds
[2023-10-30T23:08:28.044+0000][1686.703s][info ][safepoint     ] Entering safepoint region: Cleanup
[2023-10-30T23:08:28.045+0000][1686.704s][info ][safepoint     ] Leaving safepoint region
[2023-10-30T23:08:28.046+0000][1686.704s][info ][safepoint     ] Total time for which application threads were stopped: 0.0015874 seconds, Stopping threads took: 0.0007097 seconds
[2023-10-30T23:08:29.047+0000][1687.705s][debug][safepoint     ] Safepoint synchronization initiated. (194 threads)
[2023-10-30T23:08:29.047+0000][1687.706s][info ][safepoint     ] Application time: 1.0008147 seconds
[2023-10-30T23:08:29.048+0000][1687.706s][info ][safepoint     ] Entering safepoint region: Cleanup
[2023-10-30T23:08:29.048+0000][1687.707s][info ][safepoint     ] Leaving safepoint region
[2023-10-30T23:08:29.048+0000][1687.707s][info ][safepoint     ] Total time for which application threads were stopped: 0.0009156 seconds, Stopping threads took: 0.0003516 seconds
[2023-10-30T23:08:30.049+0000][1688.708s][debug][safepoint     ] Safepoint synchronization initiated. (194 threads)
[2023-10-30T23:08:30.050+0000][1688.708s][info ][safepoint     ] Application time: 1.0007774 seconds
[2023-10-30T23:08:30.050+0000][1688.709s][info ][safepoint     ] Entering safepoint region: Cleanup
[2023-10-30T23:08:30.051+0000][1688.709s][info ][safepoint     ] Leaving safepoint region
[2023-10-30T23:08:30.051+0000][1688.710s][info ][safepoint     ] Total time for which application threads were stopped: 0.0012361 seconds, Stopping threads took: 0.0005335 seconds
[2023-10-30T23:08:31.052+0000][1689.711s][debug][safepoint     ] Safepoint synchronization initiated. (194 threads)
[2023-10-30T23:08:31.053+0000][1689.712s][info ][safepoint     ] Application time: 1.0011715 seconds
[2023-10-30T23:08:31.054+0000][1689.712s][info ][safepoint     ] Entering safepoint region: Cleanup
[2023-10-30T23:08:31.055+0000][1689.713s][info ][safepoint     ] Leaving safepoint region
[2023-10-30T23:08:31.055+0000][1689.714s][info ][safepoint     ] Total time for which application threads were stopped: 0.0016040 seconds, Stopping threads took: 0.0006571 seconds
[2023-10-30T23:08:32.056+0000][1690.715s][debug][safepoint     ] Safepoint synchronization initiated. (194 threads)
[2023-10-30T23:08:32.057+0000][1690.715s][info ][safepoint     ] Application time: 1.0008427 seconds
[2023-10-30T23:08:32.057+0000][1690.716s][info ][safepoint     ] Entering safepoint region: Cleanup
[2023-10-30T23:08:32.058+0000][1690.717s][info ][safepoint     ] Leaving safepoint region
[2023-10-30T23:08:32.059+0000][1690.717s][info ][safepoint     ] Total time for which application threads were stopped: 0.0012874 seconds, Stopping threads took: 0.0005662 seconds
[2023-10-30T23:08:33.059+0000][1691.718s][debug][safepoint     ] Safepoint synchronization initiated. (194 threads)
[2023-10-30T23:08:33.060+0000][1691.719s][info ][safepoint     ] Application time: 1.0011922 seconds
[2023-10-30T23:08:33.061+0000][1691.720s][info ][safepoint     ] Entering safepoint region: Cleanup
[2023-10-30T23:08:33.062+0000][1691.721s][info ][safepoint     ] Leaving safepoint region
[2023-10-30T23:08:33.063+0000][1691.721s][info ][safepoint     ] Total time for which application threads were stopped: 0.0017857 seconds, Stopping threads took: 0.0007680 seconds
[2023-10-30T23:08:34.064+0000][1692.722s][debug][safepoint     ] Safepoint synchronization initiated. (194 threads)
[2023-10-30T23:08:34.065+0000][1692.723s][info ][safepoint     ] Application time: 1.0011672 seconds
[2023-10-30T23:08:34.066+0000][1692.724s][info ][safepoint     ] Entering safepoint region: Cleanup
[2023-10-30T23:08:34.067+0000][1692.726s][info ][safepoint     ] Leaving safepoint region
[2023-10-30T23:08:34.068+0000][1692.726s][info ][safepoint     ] Total time for which application threads were stopped: 0.0019628 seconds, Stopping threads took: 0.0009045 seconds
[2023-10-30T23:08:35.069+0000][1693.727s][debug][safepoint     ] Safepoint synchronization initiated. (194 threads)
[2023-10-30T23:08:35.069+0000][1693.728s][info ][safepoint     ] Application time: 1.0005581 seconds
[2023-10-30T23:08:35.069+0000][1693.728s][info ][safepoint     ] Entering safepoint region: Cleanup
[2023-10-30T23:08:35.070+0000][1693.728s][info ][safepoint     ] Leaving safepoint region
[2023-10-30T23:08:35.070+0000][1693.729s][info ][safepoint     ] Total time for which application threads were stopped: 0.0007560 seconds, Stopping threads took: 0.0003092 seconds
[2023-10-30T23:08:36.070+0000][1694.729s][debug][safepoint     ] Safepoint synchronization initiated. (194 threads)
[2023-10-30T23:08:36.071+0000][1694.729s][info ][safepoint     ] Application time: 1.0005880 seconds
[2023-10-30T23:08:36.071+0000][1694.730s][info ][safepoint     ] Entering safepoint region: Cleanup
[2023-10-30T23:08:36.072+0000][1694.730s][info ][safepoint     ] Leaving safepoint region
[2023-10-30T23:08:36.072+0000][1694.731s][info ][safepoint     ] Total time for which application threads were stopped: 0.0009618 seconds, Stopping threads took: 0.0004251 seconds
[2023-10-30T23:08:37.073+0000][1695.731s][debug][safepoint     ] Safepoint synchronization initiated. (194 threads)
[2023-10-30T23:08:37.074+0000][1695.732s][info ][safepoint     ] Application time: 1.0010839 seconds
[2023-10-30T23:08:37.075+0000][1695.733s][info ][safepoint     ] Entering safepoint region: Cleanup
[2023-10-30T23:08:37.076+0000][1695.734s][info ][safepoint     ] Leaving safepoint region
[2023-10-30T23:08:37.076+0000][1695.735s][info ][safepoint     ] Total time for which application threads were stopped: 0.0018942 seconds, Stopping threads took: 0.0008942 seconds
[2023-10-30T23:08:38.077+0000][1696.736s][debug][safepoint     ] Safepoint synchronization initiated. (194 threads)
[2023-10-30T23:08:38.078+0000][1696.737s][info ][safepoint     ] Application time: 1.0010941 seconds
[2023-10-30T23:08:38.079+0000][1696.738s][info ][safepoint     ] Entering safepoint region: Cleanup
[2023-10-30T23:08:38.081+0000][1696.739s][info ][safepoint     ] Leaving safepoint region
[2023-10-30T23:08:38.081+0000][1696.740s][info ][safepoint     ] Total time for which application threads were stopped: 0.0023407 seconds, Stopping threads took: 0.0011004 seconds
[2023-10-30T23:08:39.083+0000][1697.741s][debug][safepoint     ] Safepoint synchronization initiated. (194 threads)
[2023-10-30T23:08:39.083+0000][1697.742s][info ][safepoint     ] Application time: 1.0009926 seconds
[2023-10-30T23:08:39.084+0000][1697.743s][info ][safepoint     ] Entering safepoint region: Cleanup
[2023-10-30T23:08:39.085+0000][1697.743s][info ][safepoint     ] Leaving safepoint region
[2023-10-30T23:08:39.085+0000][1697.744s][info ][safepoint     ] Total time for which application threads were stopped: 0.0014057 seconds, Stopping threads took: 0.0006424 seconds
[2023-10-30T23:08:40.086+0000][1698.745s][debug][safepoint     ] Safepoint synchronization initiated. (194 threads)
[2023-10-30T23:08:40.087+0000][1698.746s][info ][safepoint     ] Application time: 1.0015163 seconds
[2023-10-30T23:08:40.088+0000][1698.747s][info ][safepoint     ] Entering safepoint region: Cleanup
[2023-10-30T23:08:40.090+0000][1698.748s][info ][safepoint     ] Leaving safepoint region
[2023-10-30T23:08:40.091+0000][1698.749s][info ][safepoint     ] Total time for which application threads were stopped: 0.0021162 seconds, Stopping threads took: 0.0008746 seconds
[2023-10-30T23:09:04.096+0000][1722.755s][debug][safepoint     ] Safepoint synchronization initiated. (192 threads)
[2023-10-30T23:09:04.096+0000][1722.756s][info ][safepoint     ] Application time: 24.0057334 seconds
[2023-10-30T23:09:04.097+0000][1722.756s][info ][safepoint     ] Entering safepoint region: Cleanup
[2023-10-30T23:09:04.098+0000][1722.757s][info ][safepoint     ] Leaving safepoint region
[2023-10-30T23:09:04.098+0000][1722.758s][info ][safepoint     ] Total time for which application threads were stopped: 0.0013323 seconds, Stopping threads took: 0.0005916 seconds
[2023-10-30T23:09:26.104+0000][1744.762s][debug][safepoint     ] Safepoint synchronization initiated. (192 threads)
[2023-10-30T23:09:26.104+0000][1744.763s][info ][safepoint     ] Application time: 22.0046318 seconds
[2023-10-30T23:09:26.105+0000][1744.763s][info ][safepoint     ] Entering safepoint region: Cleanup
[2023-10-30T23:09:26.105+0000][1744.764s][info ][safepoint     ] Leaving safepoint region
[2023-10-30T23:09:26.105+0000][1744.764s][info ][safepoint     ] Total time for which application threads were stopped: 0.0008348 seconds, Stopping threads took: 0.0003511 seconds
[2023-10-30T23:09:28.106+0000][1746.765s][debug][safepoint     ] Safepoint synchronization initiated. (192 threads)
[2023-10-30T23:09:28.107+0000][1746.766s][info ][safepoint     ] Application time: 2.0014594 seconds
[2023-10-30T23:09:28.108+0000][1746.767s][info ][safepoint     ] Entering safepoint region: Cleanup
[2023-10-30T23:09:28.109+0000][1746.768s][info ][safepoint     ] Leaving safepoint region
[2023-10-30T23:09:28.110+0000][1746.769s][info ][safepoint     ] Total time for which application threads were stopped: 0.0020670 seconds, Stopping threads took: 0.0008036 seconds
[2023-10-30T23:09:42.068+0000][1760.726s][debug][safepoint     ] Safepoint synchronization initiated. (191 threads)
[2023-10-30T23:09:42.069+0000][1760.727s][info ][safepoint     ] Application time: 13.9577708 seconds
[2023-10-30T23:09:42.070+0000][1760.729s][info ][safepoint     ] Entering safepoint region: G1CollectForAllocation
[2023-10-30T23:09:42.071+0000][1760.730s][info ][gc,start      ] GC(76) Pause Young (Normal) (G1 Evacuation Pause)
[2023-10-30T23:09:42.072+0000][1760.731s][info ][gc,task       ] GC(76) Using 8 workers of 8 for evacuation
[2023-10-30T23:09:42.081+0000][1760.739s][info ][gc,phases     ] GC(76)   Pre Evacuate Collection Set: 0.0ms
[2023-10-30T23:09:42.081+0000][1760.740s][info ][gc,phases     ] GC(76)   Evacuate Collection Set: 4.2ms
[2023-10-30T23:09:42.082+0000][1760.740s][info ][gc,phases     ] GC(76)   Post Evacuate Collection Set: 2.9ms
[2023-10-30T23:09:42.082+0000][1760.741s][info ][gc,phases     ] GC(76)   Other: 2.1ms
[2023-10-30T23:09:42.083+0000][1760.741s][info ][gc,heap       ] GC(76) Eden regions: 131->0(133)
[2023-10-30T23:09:42.083+0000][1760.742s][info ][gc,heap       ] GC(76) Survivor regions: 6->5(18)
[2023-10-30T23:09:42.084+0000][1760.743s][info ][gc,heap       ] GC(76) Old regions: 157->157
[2023-10-30T23:09:42.084+0000][1760.743s][info ][gc,heap       ] GC(76) Humongous regions: 50->50
[2023-10-30T23:09:42.085+0000][1760.744s][info ][gc,metaspace  ] GC(76) Metaspace: 170851K(176676K)->170851K(176676K) NonClass: 151144K(154788K)->151144K(154788K) Class: 19707K(21888K)->19707K(21888K)
[2023-10-30T23:09:42.085+0000][1760.744s][info ][gc            ] GC(76) Pause Young (Normal) (G1 Evacuation Pause) 341M->210M(411M) 13.889ms
[2023-10-30T23:09:42.086+0000][1760.744s][info ][gc,cpu        ] GC(76) User=0.04s Sys=0.00s Real=0.01s
[2023-10-30T23:09:42.086+0000][1760.745s][info ][safepoint     ] Leaving safepoint region
[2023-10-30T23:09:42.087+0000][1760.745s][info ][safepoint     ] Total time for which application threads were stopped: 0.0168696 seconds, Stopping threads took: 0.0011749 seconds
[2023-10-30T23:09:42.087+0000][1760.746s][info ][gc,stringdedup] Concurrent String Deduplication (1760.746s)
[2023-10-30T23:09:42.088+0000][1760.746s][info ][gc,stringdedup] Concurrent String Deduplication 4144.0B->560.0B(3584.0B) avg 54.3% (1760.746s, 1760.746s) 0.409ms
[2023-10-30T23:09:43.088+0000][1761.746s][debug][safepoint     ] Safepoint synchronization initiated. (191 threads)
[2023-10-30T23:09:43.089+0000][1761.747s][info ][safepoint     ] Application time: 1.0015451 seconds
[2023-10-30T23:09:43.090+0000][1761.749s][info ][safepoint     ] Entering safepoint region: Cleanup
[2023-10-30T23:09:43.091+0000][1761.750s][info ][safepoint     ] Leaving safepoint region
[2023-10-30T23:09:43.092+0000][1761.751s][info ][safepoint     ] Total time for which application threads were stopped: 0.0019785 seconds, Stopping threads took: 0.0008655 seconds
[2023-10-30T23:10:01.096+0000][1779.755s][debug][safepoint     ] Safepoint synchronization initiated. (193 threads)
[2023-10-30T23:10:01.097+0000][1779.756s][info ][safepoint     ] Application time: 18.0043196 seconds
[2023-10-30T23:10:01.098+0000][1779.757s][info ][safepoint     ] Entering safepoint region: Cleanup
[2023-10-30T23:10:01.099+0000][1779.758s][info ][safepoint     ] Leaving safepoint region
[2023-10-30T23:10:01.100+0000][1779.759s][info ][safepoint     ] Total time for which application threads were stopped: 0.0020963 seconds, Stopping threads took: 0.0009562 seconds
[2023-10-30T23:10:04.101+0000][1782.760s][debug][safepoint     ] Safepoint synchronization initiated. (192 threads)
[2023-10-30T23:10:04.102+0000][1782.761s][info ][safepoint     ] Application time: 3.0016925 seconds
[2023-10-30T23:10:04.103+0000][1782.762s][info ][safepoint     ] Entering safepoint region: Cleanup
[2023-10-30T23:10:04.104+0000][1782.763s][info ][safepoint     ] Leaving safepoint region
[2023-10-30T23:10:04.104+0000][1782.763s][info ][safepoint     ] Total time for which application threads were stopped: 0.0012286 seconds, Stopping threads took: 0.0005659 seconds
[2023-10-30T23:10:05.105+0000][1783.764s][debug][safepoint     ] Safepoint synchronization initiated. (192 threads)
[2023-10-30T23:10:05.105+0000][1783.764s][info ][safepoint     ] Application time: 1.0005234 seconds
[2023-10-30T23:10:05.106+0000][1783.765s][info ][safepoint     ] Entering safepoint region: Cleanup
[2023-10-30T23:10:05.106+0000][1783.765s][info ][safepoint     ] Leaving safepoint region
[2023-10-30T23:10:05.107+0000][1783.766s][info ][safepoint     ] Total time for which application threads were stopped: 0.0013056 seconds, Stopping threads took: 0.0006347 seconds
[2023-10-30T23:10:14.109+0000][1792.768s][debug][safepoint     ] Safepoint synchronization initiated. (192 threads)
[2023-10-30T23:10:14.110+0000][1792.769s][info ][safepoint     ] Application time: 9.0031765 seconds
[2023-10-30T23:10:14.111+0000][1792.770s][info ][safepoint     ] Entering safepoint region: Cleanup
[2023-10-30T23:10:14.113+0000][1792.772s][info ][safepoint     ] Leaving safepoint region
[2023-10-30T23:10:14.113+0000][1792.772s][info ][safepoint     ] Total time for which application threads were stopped: 0.0021170 seconds, Stopping threads took: 0.0009874 seconds
[2023-10-30T23:10:24.117+0000][1802.776s][debug][safepoint     ] Safepoint synchronization initiated. (191 threads)
[2023-10-30T23:10:24.118+0000][1802.777s][info ][safepoint     ] Application time: 10.0035537 seconds
[2023-10-30T23:10:24.119+0000][1802.777s][info ][safepoint     ] Entering safepoint region: Cleanup
[2023-10-30T23:10:24.119+0000][1802.778s][info ][safepoint     ] Leaving safepoint region
[2023-10-30T23:10:24.120+0000][1802.779s][info ][safepoint     ] Total time for which application threads were stopped: 0.0014973 seconds, Stopping threads took: 0.0006718 seconds
[2023-10-30T23:10:28.121+0000][1806.780s][debug][safepoint     ] Safepoint synchronization initiated. (190 threads)
[2023-10-30T23:10:28.122+0000][1806.781s][info ][safepoint     ] Application time: 4.0010731 seconds
[2023-10-30T23:10:28.122+0000][1806.781s][info ][safepoint     ] Entering safepoint region: Cleanup
[2023-10-30T23:10:28.122+0000][1806.781s][info ][safepoint     ] Leaving safepoint region
[2023-10-30T23:10:28.123+0000][1806.782s][info ][safepoint     ] Total time for which application threads were stopped: 0.0009036 seconds, Stopping threads took: 0.0004005 seconds
[2023-10-30T23:10:29.123+0000][1807.782s][debug][safepoint     ] Safepoint synchronization initiated. (190 threads)
[2023-10-30T23:10:29.124+0000][1807.783s][info ][safepoint     ] Application time: 1.0013785 seconds
[2023-10-30T23:10:29.126+0000][1807.785s][info ][safepoint     ] Entering safepoint region: Cleanup
[2023-10-30T23:10:29.127+0000][1807.786s][info ][safepoint     ] Leaving safepoint region
[2023-10-30T23:10:29.128+0000][1807.787s][info ][safepoint     ] Total time for which application threads were stopped: 0.0026998 seconds, Stopping threads took: 0.0010924 seconds
[2023-10-30T23:10:32.129+0000][1810.788s][debug][safepoint     ] Safepoint synchronization initiated. (190 threads)
[2023-10-30T23:10:32.130+0000][1810.789s][info ][safepoint     ] Application time: 3.0007971 seconds
[2023-10-30T23:10:32.130+0000][1810.789s][info ][safepoint     ] Entering safepoint region: Cleanup
[2023-10-30T23:10:32.131+0000][1810.789s][info ][safepoint     ] Leaving safepoint region
[2023-10-30T23:10:32.131+0000][1810.790s][info ][safepoint     ] Total time for which application threads were stopped: 0.0008152 seconds, Stopping threads took: 0.0003365 seconds
[2023-10-30T23:11:04.137+0000][1842.796s][debug][safepoint     ] Safepoint synchronization initiated. (188 threads)
[2023-10-30T23:11:04.138+0000][1842.797s][info ][safepoint     ] Application time: 32.0066500 seconds
[2023-10-30T23:11:04.139+0000][1842.798s][info ][safepoint     ] Entering safepoint region: Cleanup
[2023-10-30T23:11:04.140+0000][1842.799s][info ][safepoint     ] Leaving safepoint region
[2023-10-30T23:11:04.141+0000][1842.800s][info ][safepoint     ] Total time for which application threads were stopped: 0.0023958 seconds, Stopping threads took: 0.0010732 seconds
[2023-10-30T23:11:41.148+0000][1879.807s][debug][safepoint     ] Safepoint synchronization initiated. (186 threads)
[2023-10-30T23:11:41.149+0000][1879.808s][info ][safepoint     ] Application time: 37.0067626 seconds
[2023-10-30T23:11:41.149+0000][1879.808s][info ][safepoint     ] Entering safepoint region: Cleanup
[2023-10-30T23:11:41.150+0000][1879.809s][info ][safepoint     ] Leaving safepoint region
[2023-10-30T23:11:41.150+0000][1879.809s][info ][safepoint     ] Total time for which application threads were stopped: 0.0010600 seconds, Stopping threads took: 0.0004413 seconds
[2023-10-30T23:12:10.152+0000][1908.811s][debug][safepoint     ] Safepoint synchronization initiated. (186 threads)
[2023-10-30T23:12:10.153+0000][1908.812s][info ][safepoint     ] Application time: 29.0024468 seconds
[2023-10-30T23:12:10.153+0000][1908.812s][info ][safepoint     ] Entering safepoint region: G1CollectForAllocation
[2023-10-30T23:12:10.154+0000][1908.813s][info ][gc,start      ] GC(77) Pause Young (Concurrent Start) (G1 Evacuation Pause)
[2023-10-30T23:12:10.154+0000][1908.813s][info ][gc,task       ] GC(77) Using 8 workers of 8 for evacuation
[2023-10-30T23:12:10.187+0000][1908.846s][info ][gc,phases     ] GC(77)   Pre Evacuate Collection Set: 1.7ms
[2023-10-30T23:12:10.187+0000][1908.847s][info ][gc,phases     ] GC(77)   Evacuate Collection Set: 21.1ms
[2023-10-30T23:12:10.188+0000][1908.847s][info ][gc,phases     ] GC(77)   Post Evacuate Collection Set: 9.1ms
[2023-10-30T23:12:10.188+0000][1908.847s][info ][gc,phases     ] GC(77)   Other: 1.2ms
[2023-10-30T23:12:10.189+0000][1908.848s][info ][gc,heap       ] GC(77) Eden regions: 133->0(134)
[2023-10-30T23:12:10.189+0000][1908.848s][info ][gc,heap       ] GC(77) Survivor regions: 5->5(18)
[2023-10-30T23:12:10.190+0000][1908.849s][info ][gc,heap       ] GC(77) Old regions: 157->159
[2023-10-30T23:12:10.190+0000][1908.849s][info ][gc,heap       ] GC(77) Humongous regions: 50->50
[2023-10-30T23:12:10.190+0000][1908.849s][info ][gc,metaspace  ] GC(77) Metaspace: 170880K(176676K)->170880K(176676K) NonClass: 151172K(154788K)->151172K(154788K) Class: 19708K(21888K)->19708K(21888K)
[2023-10-30T23:12:10.191+0000][1908.850s][info ][gc            ] GC(77) Pause Young (Concurrent Start) (G1 Evacuation Pause) 343M->211M(411M) 36.805ms
[2023-10-30T23:12:10.192+0000][1908.851s][info ][gc,cpu        ] GC(77) User=0.18s Sys=0.01s Real=0.04s
[2023-10-30T23:12:10.193+0000][1908.852s][info ][gc            ] GC(78) Concurrent Cycle
[2023-10-30T23:12:10.193+0000][1908.852s][info ][safepoint     ] Leaving safepoint region
[2023-10-30T23:12:10.194+0000][1908.853s][info ][gc,marking    ] GC(78) Concurrent Clear Claimed Marks
[2023-10-30T23:12:10.194+0000][1908.853s][info ][safepoint     ] Total time for which application threads were stopped: 0.0411846 seconds, Stopping threads took: 0.0004396 seconds
[2023-10-30T23:12:10.197+0000][1908.856s][info ][gc,stringdedup] Concurrent String Deduplication (1908.856s)
[2023-10-30T23:12:10.197+0000][1908.856s][info ][gc,marking    ] GC(78) Concurrent Clear Claimed Marks 3.416ms
[2023-10-30T23:12:10.198+0000][1908.857s][info ][gc,stringdedup] Concurrent String Deduplication 848.0B->592.0B(256.0B) avg 54.3% (1908.856s, 1908.857s) 0.814ms
[2023-10-30T23:12:10.198+0000][1908.857s][info ][gc,marking    ] GC(78) Concurrent Scan Root Regions
[2023-10-30T23:12:10.203+0000][1908.862s][info ][gc,marking    ] GC(78) Concurrent Scan Root Regions 4.432ms
[2023-10-30T23:12:10.203+0000][1908.862s][info ][gc,marking    ] GC(78) Concurrent Mark (1908.862s)
[2023-10-30T23:12:10.205+0000][1908.864s][info ][gc,marking    ] GC(78) Concurrent Mark From Roots
[2023-10-30T23:12:10.205+0000][1908.864s][info ][gc,task       ] GC(78) Using 2 workers of 2 for marking
[2023-10-30T23:12:10.351+0000][1909.010s][info ][gc,marking    ] GC(78) Concurrent Mark From Roots 145.973ms
[2023-10-30T23:12:10.351+0000][1909.010s][info ][gc,marking    ] GC(78) Concurrent Preclean
[2023-10-30T23:12:10.353+0000][1909.012s][info ][gc,marking    ] GC(78) Concurrent Preclean 1.658ms
[2023-10-30T23:12:10.353+0000][1909.012s][info ][gc,marking    ] GC(78) Concurrent Mark (1908.862s, 1909.012s) 150.224ms
[2023-10-30T23:12:10.354+0000][1909.013s][debug][safepoint     ] Safepoint synchronization initiated. (186 threads)
[2023-10-30T23:12:10.354+0000][1909.013s][info ][safepoint     ] Application time: 0.1575405 seconds
[2023-10-30T23:12:10.355+0000][1909.014s][info ][safepoint     ] Entering safepoint region: CGC_Operation
[2023-10-30T23:12:10.355+0000][1909.014s][info ][gc,start      ] GC(78) Pause Remark
[2023-10-30T23:12:10.405+0000][1909.064s][info ][gc,stringtable] GC(78) Cleaned string and symbol table, strings: 84448 processed, 11669 removed, symbols: 411189 processed, 8 removed
[2023-10-30T23:12:10.407+0000][1909.066s][info ][gc            ] GC(78) Pause Remark 213M->213M(411M) 51.869ms
[2023-10-30T23:12:10.408+0000][1909.067s][info ][gc,cpu        ] GC(78) User=0.34s Sys=0.00s Real=0.05s
[2023-10-30T23:12:10.408+0000][1909.067s][info ][safepoint     ] Leaving safepoint region
[2023-10-30T23:12:10.409+0000][1909.068s][info ][safepoint     ] Total time for which application threads were stopped: 0.0544990 seconds, Stopping threads took: 0.0004070 seconds
[2023-10-30T23:12:10.410+0000][1909.069s][info ][gc,marking    ] GC(78) Concurrent Rebuild Remembered Sets
[2023-10-30T23:12:10.504+0000][1909.163s][info ][gc,marking    ] GC(78) Concurrent Rebuild Remembered Sets 94.568ms
[2023-10-30T23:12:10.505+0000][1909.164s][debug][safepoint     ] Safepoint synchronization initiated. (186 threads)
[2023-10-30T23:12:10.505+0000][1909.164s][info ][safepoint     ] Application time: 0.0956684 seconds
[2023-10-30T23:12:10.506+0000][1909.165s][info ][safepoint     ] Entering safepoint region: CGC_Operation
[2023-10-30T23:12:10.506+0000][1909.165s][info ][gc,start      ] GC(78) Pause Cleanup
[2023-10-30T23:12:10.507+0000][1909.166s][info ][gc            ] GC(78) Pause Cleanup 213M->213M(411M) 0.711ms
[2023-10-30T23:12:10.507+0000][1909.166s][info ][gc,cpu        ] GC(78) User=0.00s Sys=0.00s Real=0.00s
[2023-10-30T23:12:10.508+0000][1909.167s][info ][safepoint     ] Leaving safepoint region
[2023-10-30T23:12:10.508+0000][1909.167s][info ][safepoint     ] Total time for which application threads were stopped: 0.0022735 seconds, Stopping threads took: 0.0003507 seconds
[2023-10-30T23:12:10.508+0000][1909.167s][info ][gc,marking    ] GC(78) Concurrent Cleanup for Next Mark
[2023-10-30T23:12:10.510+0000][1909.169s][info ][gc,marking    ] GC(78) Concurrent Cleanup for Next Mark 1.591ms
[2023-10-30T23:12:10.511+0000][1909.170s][info ][gc            ] GC(78) Concurrent Cycle 317.770ms
[2023-10-30T23:12:11.508+0000][1910.167s][debug][safepoint     ] Safepoint synchronization initiated. (186 threads)
[2023-10-30T23:12:11.509+0000][1910.168s][info ][safepoint     ] Application time: 1.0008305 seconds
[2023-10-30T23:12:11.510+0000][1910.169s][info ][safepoint     ] Entering safepoint region: Cleanup
[2023-10-30T23:12:11.510+0000][1910.169s][info ][safepoint     ] Leaving safepoint region
[2023-10-30T23:12:11.511+0000][1910.170s][info ][safepoint     ] Total time for which application threads were stopped: 0.0013271 seconds, Stopping threads took: 0.0005239 seconds
[2023-10-30T23:12:12.512+0000][1911.171s][debug][safepoint     ] Safepoint synchronization initiated. (186 threads)
[2023-10-30T23:12:12.512+0000][1911.171s][info ][safepoint     ] Application time: 1.0009705 seconds
[2023-10-30T23:12:12.513+0000][1911.172s][info ][safepoint     ] Entering safepoint region: Cleanup
[2023-10-30T23:12:12.514+0000][1911.173s][info ][safepoint     ] Leaving safepoint region
[2023-10-30T23:12:12.514+0000][1911.173s][info ][safepoint     ] Total time for which application threads were stopped: 0.0012925 seconds, Stopping threads took: 0.0005286 seconds
[2023-10-30T23:12:13.515+0000][1912.174s][debug][safepoint     ] Safepoint synchronization initiated. (186 threads)
[2023-10-30T23:12:13.515+0000][1912.174s][info ][safepoint     ] Application time: 1.0005997 seconds
[2023-10-30T23:12:13.516+0000][1912.175s][info ][safepoint     ] Entering safepoint region: Cleanup
[2023-10-30T23:12:13.517+0000][1912.176s][info ][safepoint     ] Leaving safepoint region
[2023-10-30T23:12:13.517+0000][1912.176s][info ][safepoint     ] Total time for which application threads were stopped: 0.0012149 seconds, Stopping threads took: 0.0004371 seconds
[2023-10-30T23:12:20.518+0000][1919.177s][debug][safepoint     ] Safepoint synchronization initiated. (186 threads)
[2023-10-30T23:12:20.519+0000][1919.178s][info ][safepoint     ] Application time: 7.0014928 seconds
[2023-10-30T23:12:20.520+0000][1919.179s][info ][safepoint     ] Entering safepoint region: Cleanup
[2023-10-30T23:12:20.520+0000][1919.179s][info ][safepoint     ] Leaving safepoint region
[2023-10-30T23:12:20.521+0000][1919.180s][info ][safepoint     ] Total time for which application threads were stopped: 0.0013757 seconds, Stopping threads took: 0.0006036 seconds
[2023-10-30T23:12:27.522+0000][1926.182s][debug][safepoint     ] Safepoint synchronization initiated. (186 threads)
[2023-10-30T23:12:27.522+0000][1926.182s][info ][safepoint     ] Application time: 7.0017620 seconds
[2023-10-30T23:12:27.523+0000][1926.183s][info ][safepoint     ] Entering safepoint region: Cleanup
[2023-10-30T23:12:27.523+0000][1926.183s][info ][safepoint     ] Leaving safepoint region
[2023-10-30T23:12:27.524+0000][1926.184s][info ][safepoint     ] Total time for which application threads were stopped: 0.0010831 seconds, Stopping threads took: 0.0003990 seconds
[2023-10-30T23:12:43.527+0000][1942.187s][debug][safepoint     ] Safepoint synchronization initiated. (186 threads)
[2023-10-30T23:12:43.528+0000][1942.188s][info ][safepoint     ] Application time: 16.0035612 seconds
[2023-10-30T23:12:43.528+0000][1942.188s][info ][safepoint     ] Entering safepoint region: Cleanup
[2023-10-30T23:12:43.529+0000][1942.189s][info ][safepoint     ] Leaving safepoint region
[2023-10-30T23:12:43.530+0000][1942.190s][info ][safepoint     ] Total time for which application threads were stopped: 0.0013643 seconds, Stopping threads took: 0.0006096 seconds
[2023-10-30T23:13:02.534+0000][1961.193s][debug][safepoint     ] Safepoint synchronization initiated. (186 threads)
[2023-10-30T23:13:02.535+0000][1961.194s][info ][safepoint     ] Application time: 19.0040272 seconds
[2023-10-30T23:13:02.535+0000][1961.195s][info ][safepoint     ] Entering safepoint region: Cleanup
[2023-10-30T23:13:02.536+0000][1961.196s][info ][safepoint     ] Leaving safepoint region
[2023-10-30T23:13:02.537+0000][1961.196s][info ][safepoint     ] Total time for which application threads were stopped: 0.0013222 seconds, Stopping threads took: 0.0006134 seconds
[2023-10-30T23:13:03.537+0000][1962.197s][debug][safepoint     ] Safepoint synchronization initiated. (186 threads)
[2023-10-30T23:13:03.539+0000][1962.198s][info ][safepoint     ] Application time: 1.0015392 seconds
[2023-10-30T23:13:03.539+0000][1962.199s][info ][safepoint     ] Entering safepoint region: Cleanup
[2023-10-30T23:13:03.541+0000][1962.200s][info ][safepoint     ] Leaving safepoint region
[2023-10-30T23:13:03.542+0000][1962.201s][info ][safepoint     ] Total time for which application threads were stopped: 0.0023073 seconds, Stopping threads took: 0.0011076 seconds
[2023-10-30T23:13:07.543+0000][1966.203s][debug][safepoint     ] Safepoint synchronization initiated. (186 threads)
[2023-10-30T23:13:07.544+0000][1966.203s][info ][safepoint     ] Application time: 4.0015637 seconds
[2023-10-30T23:13:07.545+0000][1966.204s][info ][safepoint     ] Entering safepoint region: Cleanup
[2023-10-30T23:13:07.546+0000][1966.205s][info ][safepoint     ] Leaving safepoint region
[2023-10-30T23:13:07.547+0000][1966.206s][info ][safepoint     ] Total time for which application threads were stopped: 0.0017447 seconds, Stopping threads took: 0.0007853 seconds
[2023-10-30T23:13:25.551+0000][1984.210s][debug][safepoint     ] Safepoint synchronization initiated. (186 threads)
[2023-10-30T23:13:25.552+0000][1984.211s][info ][safepoint     ] Application time: 18.0039894 seconds
[2023-10-30T23:13:25.552+0000][1984.211s][info ][safepoint     ] Entering safepoint region: Cleanup
[2023-10-30T23:13:25.553+0000][1984.212s][info ][safepoint     ] Leaving safepoint region
[2023-10-30T23:13:25.553+0000][1984.212s][info ][safepoint     ] Total time for which application threads were stopped: 0.0008894 seconds, Stopping threads took: 0.0003723 seconds
[2023-10-30T23:14:03.561+0000][2022.220s][debug][safepoint     ] Safepoint synchronization initiated. (186 threads)
[2023-10-30T23:14:03.562+0000][2022.221s][info ][safepoint     ] Application time: 38.0084703 seconds
[2023-10-30T23:14:03.563+0000][2022.222s][info ][safepoint     ] Entering safepoint region: Cleanup
[2023-10-30T23:14:03.564+0000][2022.223s][info ][safepoint     ] Leaving safepoint region
[2023-10-30T23:14:03.565+0000][2022.224s][info ][safepoint     ] Total time for which application threads were stopped: 0.0021804 seconds, Stopping threads took: 0.0010377 seconds
[2023-10-30T23:14:30.571+0000][2049.230s][debug][safepoint     ] Safepoint synchronization initiated. (186 threads)
[2023-10-30T23:14:30.572+0000][2049.231s][info ][safepoint     ] Application time: 27.0059007 seconds
[2023-10-30T23:14:30.572+0000][2049.231s][info ][safepoint     ] Entering safepoint region: Cleanup
[2023-10-30T23:14:30.573+0000][2049.232s][info ][safepoint     ] Leaving safepoint region
[2023-10-30T23:14:30.573+0000][2049.232s][info ][safepoint     ] Total time for which application threads were stopped: 0.0010042 seconds, Stopping threads took: 0.0004125 seconds
[2023-10-30T23:14:33.579+0000][2052.237s][debug][safepoint     ] Safepoint synchronization initiated. (186 threads)
[2023-10-30T23:14:33.579+0000][2052.238s][info ][safepoint     ] Application time: 3.0051952 seconds
[2023-10-30T23:14:33.579+0000][2052.238s][info ][safepoint     ] Entering safepoint region: Cleanup
[2023-10-30T23:14:33.580+0000][2052.238s][info ][safepoint     ] Leaving safepoint region
[2023-10-30T23:14:33.580+0000][2052.239s][info ][safepoint     ] Total time for which application threads were stopped: 0.0007936 seconds, Stopping threads took: 0.0003235 seconds
[2023-10-30T23:14:41.101+0000][2059.759s][debug][safepoint     ] Safepoint synchronization initiated. (186 threads)
[2023-10-30T23:14:41.114+0000][2059.773s][info ][safepoint     ] Application time: 7.5337585 seconds
[2023-10-30T23:14:41.122+0000][2059.780s][info ][safepoint     ] Entering safepoint region: G1CollectForAllocation
[2023-10-30T23:14:41.124+0000][2059.782s][info ][gc,start      ] GC(79) Pause Young (Prepare Mixed) (G1 Evacuation Pause)
[2023-10-30T23:14:41.124+0000][2059.783s][info ][gc,task       ] GC(79) Using 8 workers of 8 for evacuation
[2023-10-30T23:14:41.143+0000][2059.802s][info ][gc,phases     ] GC(79)   Pre Evacuate Collection Set: 0.0ms
[2023-10-30T23:14:41.144+0000][2059.803s][info ][gc,phases     ] GC(79)   Evacuate Collection Set: 14.2ms
[2023-10-30T23:14:41.145+0000][2059.803s][info ][gc,phases     ] GC(79)   Post Evacuate Collection Set: 3.9ms
[2023-10-30T23:14:41.145+0000][2059.804s][info ][gc,phases     ] GC(79)   Other: 1.5ms
[2023-10-30T23:14:41.146+0000][2059.804s][info ][gc,heap       ] GC(79) Eden regions: 134->0(16)
[2023-10-30T23:14:41.146+0000][2059.805s][info ][gc,heap       ] GC(79) Survivor regions: 5->4(18)
[2023-10-30T23:14:41.147+0000][2059.805s][info ][gc,heap       ] GC(79) Old regions: 159->159
[2023-10-30T23:14:41.147+0000][2059.806s][info ][gc,heap       ] GC(79) Humongous regions: 50->50
[2023-10-30T23:14:41.148+0000][2059.806s][info ][gc,metaspace  ] GC(79) Metaspace: 169358K(176676K)->169358K(176676K) NonClass: 149983K(154788K)->149983K(154788K) Class: 19375K(21888K)->19375K(21888K)
[2023-10-30T23:14:41.148+0000][2059.807s][info ][gc            ] GC(79) Pause Young (Prepare Mixed) (G1 Evacuation Pause) 345M->211M(411M) 24.458ms
[2023-10-30T23:14:41.149+0000][2059.807s][info ][gc,cpu        ] GC(79) User=0.12s Sys=0.02s Real=0.02s
[2023-10-30T23:14:41.149+0000][2059.808s][info ][safepoint     ] Leaving safepoint region
[2023-10-30T23:14:41.150+0000][2059.808s][info ][safepoint     ] Total time for which application threads were stopped: 0.0283851 seconds, Stopping threads took: 0.0020208 seconds
[2023-10-30T23:14:41.150+0000][2059.809s][info ][gc,stringdedup] Concurrent String Deduplication (2059.809s)
[2023-10-30T23:14:41.151+0000][2059.810s][info ][gc,stringdedup] Concurrent String Deduplication 5320.0B->512.0B(4808.0B) avg 54.3% (2059.809s, 2059.810s) 0.824ms
[2023-10-30T23:14:42.150+0000][2060.809s][debug][safepoint     ] Safepoint synchronization initiated. (186 threads)
[2023-10-30T23:14:42.152+0000][2060.810s][info ][safepoint     ] Application time: 1.0015627 seconds
[2023-10-30T23:14:42.153+0000][2060.811s][info ][safepoint     ] Entering safepoint region: Cleanup
[2023-10-30T23:14:42.154+0000][2060.813s][info ][safepoint     ] Leaving safepoint region
[2023-10-30T23:14:42.155+0000][2060.813s][info ][safepoint     ] Total time for which application threads were stopped: 0.0022351 seconds, Stopping threads took: 0.0009769 seconds
[2023-10-30T23:14:57.932+0000][2076.591s][debug][safepoint     ] Safepoint synchronization initiated. (186 threads)
[2023-10-30T23:14:57.933+0000][2076.592s][info ][safepoint     ] Application time: 15.7776604 seconds
[2023-10-30T23:14:57.934+0000][2076.593s][info ][safepoint     ] Entering safepoint region: G1CollectForAllocation
[2023-10-30T23:14:57.936+0000][2076.594s][info ][gc,start      ] GC(80) Pause Young (Mixed) (G1 Evacuation Pause)
[2023-10-30T23:14:57.936+0000][2076.595s][info ][gc,task       ] GC(80) Using 8 workers of 8 for evacuation
[2023-10-30T23:14:57.963+0000][2076.621s][info ][gc,phases     ] GC(80)   Pre Evacuate Collection Set: 0.3ms
[2023-10-30T23:14:57.963+0000][2076.622s][info ][gc,phases     ] GC(80)   Evacuate Collection Set: 19.2ms
[2023-10-30T23:14:57.964+0000][2076.622s][info ][gc,phases     ] GC(80)   Post Evacuate Collection Set: 6.0ms
[2023-10-30T23:14:57.964+0000][2076.623s][info ][gc,phases     ] GC(80)   Other: 1.2ms
[2023-10-30T23:14:57.965+0000][2076.623s][info ][gc,heap       ] GC(80) Eden regions: 16->0(146)
[2023-10-30T23:14:57.965+0000][2076.624s][info ][gc,heap       ] GC(80) Survivor regions: 4->2(3)
[2023-10-30T23:14:57.966+0000][2076.624s][info ][gc,heap       ] GC(80) Old regions: 159->145
[2023-10-30T23:14:57.967+0000][2076.625s][info ][gc,heap       ] GC(80) Humongous regions: 50->50
[2023-10-30T23:14:57.967+0000][2076.626s][info ][gc,metaspace  ] GC(80) Metaspace: 169360K(176676K)->169360K(176676K) NonClass: 149984K(154788K)->149984K(154788K) Class: 19375K(21888K)->19375K(21888K)
[2023-10-30T23:14:57.968+0000][2076.626s][info ][gc            ] GC(80) Pause Young (Mixed) (G1 Evacuation Pause) 227M->194M(411M) 31.723ms
[2023-10-30T23:14:57.968+0000][2076.627s][info ][gc,cpu        ] GC(80) User=0.18s Sys=0.00s Real=0.03s
[2023-10-30T23:14:57.969+0000][2076.627s][info ][safepoint     ] Leaving safepoint region
[2023-10-30T23:14:57.969+0000][2076.628s][info ][safepoint     ] Total time for which application threads were stopped: 0.0353286 seconds, Stopping threads took: 0.0015013 seconds
[2023-10-30T23:14:57.970+0000][2076.628s][info ][gc,stringdedup] Concurrent String Deduplication (2076.628s)
[2023-10-30T23:14:57.970+0000][2076.629s][info ][gc,stringdedup] Concurrent String Deduplication 33944.0B->400.0B(33544.0B) avg 54.3% (2076.628s, 2076.629s) 0.591ms
[2023-10-30T23:15:03.971+0000][2082.630s][debug][safepoint     ] Safepoint synchronization initiated. (186 threads)
[2023-10-30T23:15:03.972+0000][2082.630s][info ][safepoint     ] Application time: 6.0021401 seconds
[2023-10-30T23:15:03.973+0000][2082.631s][info ][safepoint     ] Entering safepoint region: Cleanup
[2023-10-30T23:15:03.973+0000][2082.632s][info ][safepoint     ] Leaving safepoint region
[2023-10-30T23:15:03.974+0000][2082.632s][info ][safepoint     ] Total time for which application threads were stopped: 0.0015105 seconds, Stopping threads took: 0.0007223 seconds
[2023-10-30T23:16:29.992+0000][2168.651s][debug][safepoint     ] Safepoint synchronization initiated. (186 threads)
[2023-10-30T23:16:29.993+0000][2168.651s][info ][safepoint     ] Application time: 86.0181316 seconds
[2023-10-30T23:16:29.994+0000][2168.652s][info ][safepoint     ] Entering safepoint region: Cleanup
[2023-10-30T23:16:29.994+0000][2168.652s][info ][safepoint     ] Leaving safepoint region
[2023-10-30T23:16:29.995+0000][2168.653s][info ][safepoint     ] Total time for which application threads were stopped: 0.0010256 seconds, Stopping threads took: 0.0004351 seconds
[2023-10-30T23:17:04.001+0000][2202.659s][debug][safepoint     ] Safepoint synchronization initiated. (186 threads)
[2023-10-30T23:17:04.002+0000][2202.660s][info ][safepoint     ] Application time: 34.0065627 seconds
[2023-10-30T23:17:04.002+0000][2202.660s][info ][safepoint     ] Entering safepoint region: Cleanup
[2023-10-30T23:17:04.003+0000][2202.661s][info ][safepoint     ] Leaving safepoint region
[2023-10-30T23:17:04.003+0000][2202.661s][info ][safepoint     ] Total time for which application threads were stopped: 0.0013535 seconds, Stopping threads took: 0.0006147 seconds
[2023-10-30T23:17:36.064+0000][2234.722s][debug][safepoint     ] Safepoint synchronization initiated. (186 threads)
[2023-10-30T23:17:36.065+0000][2234.723s][info ][safepoint     ] Application time: 32.0608565 seconds
[2023-10-30T23:17:36.065+0000][2234.723s][info ][safepoint     ] Entering safepoint region: G1CollectForAllocation
[2023-10-30T23:17:36.066+0000][2234.724s][info ][gc,start      ] GC(81) Pause Young (Concurrent Start) (G1 Humongous Allocation)
[2023-10-30T23:17:36.067+0000][2234.724s][info ][gc,task       ] GC(81) Using 8 workers of 8 for evacuation
[2023-10-30T23:17:36.079+0000][2234.736s][info ][gc,phases     ] GC(81)   Pre Evacuate Collection Set: 2.3ms
[2023-10-30T23:17:36.079+0000][2234.737s][info ][gc,phases     ] GC(81)   Evacuate Collection Set: 6.3ms
[2023-10-30T23:17:36.080+0000][2234.738s][info ][gc,phases     ] GC(81)   Post Evacuate Collection Set: 2.6ms
[2023-10-30T23:17:36.081+0000][2234.738s][info ][gc,phases     ] GC(81)   Other: 1.3ms
[2023-10-30T23:17:36.081+0000][2234.739s][info ][gc,heap       ] GC(81) Eden regions: 141->0(147)
[2023-10-30T23:17:36.082+0000][2234.740s][info ][gc,heap       ] GC(81) Survivor regions: 2->2(19)
[2023-10-30T23:17:36.082+0000][2234.740s][info ][gc,heap       ] GC(81) Old regions: 145->145
[2023-10-30T23:17:36.083+0000][2234.740s][info ][gc,heap       ] GC(81) Humongous regions: 50->50
[2023-10-30T23:17:36.083+0000][2234.741s][info ][gc,metaspace  ] GC(81) Metaspace: 169386K(176676K)->169386K(176676K) NonClass: 150010K(154788K)->150010K(154788K) Class: 19375K(21888K)->19375K(21888K)
[2023-10-30T23:17:36.084+0000][2234.741s][info ][gc            ] GC(81) Pause Young (Concurrent Start) (G1 Humongous Allocation) 335M->194M(411M) 17.465ms
[2023-10-30T23:17:36.084+0000][2234.742s][info ][gc,cpu        ] GC(81) User=0.05s Sys=0.00s Real=0.02s
[2023-10-30T23:17:36.084+0000][2234.742s][info ][gc            ] GC(82) Concurrent Cycle
[2023-10-30T23:17:36.085+0000][2234.743s][info ][gc,marking    ] GC(82) Concurrent Clear Claimed Marks
[2023-10-30T23:17:36.085+0000][2234.742s][info ][safepoint     ] Leaving safepoint region
[2023-10-30T23:17:36.086+0000][2234.744s][info ][safepoint     ] Total time for which application threads were stopped: 0.0207350 seconds, Stopping threads took: 0.0004977 seconds
[2023-10-30T23:17:36.087+0000][2234.744s][info ][gc,marking    ] GC(82) Concurrent Clear Claimed Marks 1.563ms
[2023-10-30T23:17:36.087+0000][2234.745s][info ][gc,marking    ] GC(82) Concurrent Scan Root Regions
[2023-10-30T23:17:36.087+0000][2234.745s][info ][gc,stringdedup] Concurrent String Deduplication (2234.745s)
[2023-10-30T23:17:36.088+0000][2234.746s][info ][gc,stringdedup] Concurrent String Deduplication 24.0B->0.0B(24.0B) avg 54.3% (2234.745s, 2234.746s) 1.633ms
[2023-10-30T23:17:36.093+0000][2234.751s][info ][gc,marking    ] GC(82) Concurrent Scan Root Regions 5.662ms
[2023-10-30T23:17:36.093+0000][2234.751s][info ][gc,marking    ] GC(82) Concurrent Mark (2234.751s)
[2023-10-30T23:17:36.094+0000][2234.752s][info ][gc,marking    ] GC(82) Concurrent Mark From Roots
[2023-10-30T23:17:36.094+0000][2234.752s][info ][gc,task       ] GC(82) Using 2 workers of 2 for marking
[2023-10-30T23:17:36.185+0000][2234.843s][info ][gc,marking    ] GC(82) Concurrent Mark From Roots 91.492ms
[2023-10-30T23:17:36.186+0000][2234.844s][info ][gc,marking    ] GC(82) Concurrent Preclean
[2023-10-30T23:17:36.187+0000][2234.844s][info ][gc,marking    ] GC(82) Concurrent Preclean 0.624ms
[2023-10-30T23:17:36.187+0000][2234.845s][info ][gc,marking    ] GC(82) Concurrent Mark (2234.751s, 2234.845s) 93.806ms
[2023-10-30T23:17:36.188+0000][2234.846s][debug][safepoint     ] Safepoint synchronization initiated. (186 threads)
[2023-10-30T23:17:36.188+0000][2234.846s][info ][safepoint     ] Application time: 0.1016089 seconds
[2023-10-30T23:17:36.189+0000][2234.846s][info ][safepoint     ] Entering safepoint region: CGC_Operation
[2023-10-30T23:17:36.189+0000][2234.847s][info ][gc,start      ] GC(82) Pause Remark
[2023-10-30T23:17:36.228+0000][2234.886s][info ][gc,stringtable] GC(82) Cleaned string and symbol table, strings: 72790 processed, 1 removed, symbols: 411181 processed, 415 removed
[2023-10-30T23:17:36.229+0000][2234.887s][info ][gc            ] GC(82) Pause Remark 202M->202M(411M) 39.470ms
[2023-10-30T23:17:36.229+0000][2234.887s][info ][gc,cpu        ] GC(82) User=0.26s Sys=0.00s Real=0.04s
[2023-10-30T23:17:36.230+0000][2234.888s][info ][safepoint     ] Leaving safepoint region
[2023-10-30T23:17:36.230+0000][2234.888s][info ][safepoint     ] Total time for which application threads were stopped: 0.0416084 seconds, Stopping threads took: 0.0003954 seconds
[2023-10-30T23:17:36.231+0000][2234.888s][info ][gc,marking    ] GC(82) Concurrent Rebuild Remembered Sets
[2023-10-30T23:17:36.296+0000][2234.954s][info ][gc,marking    ] GC(82) Concurrent Rebuild Remembered Sets 65.546ms
[2023-10-30T23:17:36.297+0000][2234.955s][debug][safepoint     ] Safepoint synchronization initiated. (186 threads)
[2023-10-30T23:17:36.297+0000][2234.955s][info ][safepoint     ] Application time: 0.0666940 seconds
[2023-10-30T23:17:36.298+0000][2234.956s][info ][safepoint     ] Entering safepoint region: CGC_Operation
[2023-10-30T23:17:36.298+0000][2234.956s][info ][gc,start      ] GC(82) Pause Cleanup
[2023-10-30T23:17:36.299+0000][2234.957s][info ][gc            ] GC(82) Pause Cleanup 202M->202M(411M) 0.844ms
[2023-10-30T23:17:36.299+0000][2234.957s][info ][gc,cpu        ] GC(82) User=0.00s Sys=0.00s Real=0.00s
[2023-10-30T23:17:36.300+0000][2234.958s][info ][safepoint     ] Leaving safepoint region
[2023-10-30T23:17:36.300+0000][2234.958s][info ][safepoint     ] Total time for which application threads were stopped: 0.0026892 seconds, Stopping threads took: 0.0004079 seconds
[2023-10-30T23:17:36.301+0000][2234.959s][info ][gc,marking    ] GC(82) Concurrent Cleanup for Next Mark
[2023-10-30T23:17:36.302+0000][2234.960s][info ][gc,marking    ] GC(82) Concurrent Cleanup for Next Mark 1.390ms
[2023-10-30T23:17:36.303+0000][2234.961s][info ][gc            ] GC(82) Concurrent Cycle 218.154ms
[2023-10-30T23:17:37.301+0000][2235.959s][debug][safepoint     ] Safepoint synchronization initiated. (190 threads)
[2023-10-30T23:17:37.302+0000][2235.960s][info ][safepoint     ] Application time: 1.0011211 seconds
[2023-10-30T23:17:37.303+0000][2235.961s][info ][safepoint     ] Entering safepoint region: Cleanup
[2023-10-30T23:17:37.304+0000][2235.962s][info ][safepoint     ] Leaving safepoint region
[2023-10-30T23:17:37.304+0000][2235.962s][info ][safepoint     ] Total time for which application threads were stopped: 0.0019266 seconds, Stopping threads took: 0.0008818 seconds
[2023-10-30T23:17:38.305+0000][2236.963s][debug][safepoint     ] Safepoint synchronization initiated. (190 threads)
[2023-10-30T23:17:38.306+0000][2236.964s][info ][safepoint     ] Application time: 1.0011544 seconds
[2023-10-30T23:17:38.307+0000][2236.965s][info ][safepoint     ] Entering safepoint region: Cleanup
[2023-10-30T23:17:38.308+0000][2236.966s][info ][safepoint     ] Leaving safepoint region
[2023-10-30T23:17:38.309+0000][2236.967s][info ][safepoint     ] Total time for which application threads were stopped: 0.0019457 seconds, Stopping threads took: 0.0007830 seconds
[2023-10-30T23:17:39.310+0000][2237.968s][debug][safepoint     ] Safepoint synchronization initiated. (190 threads)
[2023-10-30T23:17:39.311+0000][2237.969s][info ][safepoint     ] Application time: 1.0007243 seconds
[2023-10-30T23:17:39.311+0000][2237.969s][info ][safepoint     ] Entering safepoint region: Cleanup
[2023-10-30T23:17:39.312+0000][2237.970s][info ][safepoint     ] Leaving safepoint region
[2023-10-30T23:17:39.312+0000][2237.970s][info ][safepoint     ] Total time for which application threads were stopped: 0.0011026 seconds, Stopping threads took: 0.0004620 seconds
[2023-10-30T23:17:40.313+0000][2238.971s][debug][safepoint     ] Safepoint synchronization initiated. (191 threads)
[2023-10-30T23:17:40.313+0000][2238.971s][info ][safepoint     ] Application time: 1.0006174 seconds
[2023-10-30T23:17:40.314+0000][2238.972s][info ][safepoint     ] Entering safepoint region: Cleanup
[2023-10-30T23:17:40.314+0000][2238.972s][info ][safepoint     ] Leaving safepoint region
[2023-10-30T23:17:40.315+0000][2238.972s][info ][safepoint     ] Total time for which application threads were stopped: 0.0009919 seconds, Stopping threads took: 0.0003927 seconds
[2023-10-30T23:17:41.315+0000][2239.973s][debug][safepoint     ] Safepoint synchronization initiated. (191 threads)
[2023-10-30T23:17:41.316+0000][2239.974s][info ][safepoint     ] Application time: 1.0009730 seconds
[2023-10-30T23:17:41.317+0000][2239.975s][info ][safepoint     ] Entering safepoint region: Cleanup
[2023-10-30T23:17:41.318+0000][2239.975s][info ][safepoint     ] Leaving safepoint region
[2023-10-30T23:17:41.318+0000][2239.976s][info ][safepoint     ] Total time for which application threads were stopped: 0.0015423 seconds, Stopping threads took: 0.0006832 seconds
[2023-10-30T23:17:42.319+0000][2240.977s][debug][safepoint     ] Safepoint synchronization initiated. (191 threads)
[2023-10-30T23:17:42.320+0000][2240.978s][info ][safepoint     ] Application time: 1.0012603 seconds
[2023-10-30T23:17:42.321+0000][2240.979s][info ][safepoint     ] Entering safepoint region: Cleanup
[2023-10-30T23:17:42.322+0000][2240.980s][info ][safepoint     ] Leaving safepoint region
[2023-10-30T23:17:42.323+0000][2240.980s][info ][safepoint     ] Total time for which application threads were stopped: 0.0016764 seconds, Stopping threads took: 0.0007359 seconds
[2023-10-30T23:17:43.323+0000][2241.981s][debug][safepoint     ] Safepoint synchronization initiated. (191 threads)
[2023-10-30T23:17:43.324+0000][2241.982s][info ][safepoint     ] Application time: 1.0007470 seconds
[2023-10-30T23:17:43.324+0000][2241.982s][info ][safepoint     ] Entering safepoint region: Cleanup
[2023-10-30T23:17:43.325+0000][2241.983s][info ][safepoint     ] Leaving safepoint region
[2023-10-30T23:17:43.325+0000][2241.983s][info ][safepoint     ] Total time for which application threads were stopped: 0.0011038 seconds, Stopping threads took: 0.0005216 seconds
[2023-10-30T23:17:44.326+0000][2242.984s][debug][safepoint     ] Safepoint synchronization initiated. (191 threads)
[2023-10-30T23:17:44.327+0000][2242.985s][info ][safepoint     ] Application time: 1.0010459 seconds
[2023-10-30T23:17:44.327+0000][2242.985s][info ][safepoint     ] Entering safepoint region: Cleanup
[2023-10-30T23:17:44.328+0000][2242.986s][info ][safepoint     ] Leaving safepoint region
[2023-10-30T23:17:44.329+0000][2242.987s][info ][safepoint     ] Total time for which application threads were stopped: 0.0012061 seconds, Stopping threads took: 0.0004947 seconds
[2023-10-30T23:17:45.329+0000][2243.987s][debug][safepoint     ] Safepoint synchronization initiated. (191 threads)
[2023-10-30T23:17:45.330+0000][2243.988s][info ][safepoint     ] Application time: 1.0014290 seconds
[2023-10-30T23:17:45.331+0000][2243.989s][info ][safepoint     ] Entering safepoint region: Cleanup
[2023-10-30T23:17:45.333+0000][2243.991s][info ][safepoint     ] Leaving safepoint region
[2023-10-30T23:17:45.333+0000][2243.991s][info ][safepoint     ] Total time for which application threads were stopped: 0.0020990 seconds, Stopping threads took: 0.0009505 seconds
[2023-10-30T23:17:46.335+0000][2244.992s][debug][safepoint     ] Safepoint synchronization initiated. (191 threads)
[2023-10-30T23:17:46.336+0000][2244.994s][info ][safepoint     ] Application time: 1.0013322 seconds
[2023-10-30T23:17:46.337+0000][2244.995s][info ][safepoint     ] Entering safepoint region: Cleanup
[2023-10-30T23:17:46.338+0000][2244.996s][info ][safepoint     ] Leaving safepoint region
[2023-10-30T23:17:46.339+0000][2244.997s][info ][safepoint     ] Total time for which application threads were stopped: 0.0022212 seconds, Stopping threads took: 0.0010930 seconds
[2023-10-30T23:17:47.340+0000][2245.998s][debug][safepoint     ] Safepoint synchronization initiated. (191 threads)
[2023-10-30T23:17:47.340+0000][2245.998s][info ][safepoint     ] Application time: 1.0008128 seconds
[2023-10-30T23:17:47.341+0000][2245.999s][info ][safepoint     ] Entering safepoint region: Cleanup
[2023-10-30T23:17:47.341+0000][2245.999s][info ][safepoint     ] Leaving safepoint region
[2023-10-30T23:17:47.342+0000][2246.000s][info ][safepoint     ] Total time for which application threads were stopped: 0.0010880 seconds, Stopping threads took: 0.0004478 seconds
[2023-10-30T23:17:48.342+0000][2247.000s][debug][safepoint     ] Safepoint synchronization initiated. (191 threads)
[2023-10-30T23:17:48.343+0000][2247.001s][info ][safepoint     ] Application time: 1.0006812 seconds
[2023-10-30T23:17:48.343+0000][2247.001s][info ][safepoint     ] Entering safepoint region: Cleanup
[2023-10-30T23:17:48.344+0000][2247.002s][info ][safepoint     ] Leaving safepoint region
[2023-10-30T23:17:48.344+0000][2247.002s][info ][safepoint     ] Total time for which application threads were stopped: 0.0011178 seconds, Stopping threads took: 0.0004164 seconds
[2023-10-30T23:17:49.345+0000][2248.003s][debug][safepoint     ] Safepoint synchronization initiated. (191 threads)
[2023-10-30T23:17:49.347+0000][2248.004s][info ][safepoint     ] Application time: 1.0015611 seconds
[2023-10-30T23:17:49.348+0000][2248.005s][info ][safepoint     ] Entering safepoint region: Cleanup
[2023-10-30T23:17:49.349+0000][2248.007s][info ][safepoint     ] Leaving safepoint region
[2023-10-30T23:17:49.350+0000][2248.008s][info ][safepoint     ] Total time for which application threads were stopped: 0.0024644 seconds, Stopping threads took: 0.0012673 seconds
[2023-10-30T23:17:49.349+0000][2248.007s][debug][safepoint     ] ... found polling page return exception at pc = 0x00007f93492e2b44, stub =0x00007f9340840600
[2023-10-30T23:17:49.349+0000][2248.007s][debug][safepoint     ] ... found polling page return exception at pc = 0x00007f93492e2b44, stub =0x00007f9340840600
[2023-10-30T23:17:49.349+0000][2248.007s][debug][safepoint     ] ... found polling page return exception at pc = 0x00007f93492e2b44, stub =0x00007f9340840600
[2023-10-30T23:17:49.349+0000][2248.007s][debug][safepoint     ] ... found polling page return exception at pc = 0x00007f93492e2b44, stub =0x00007f9340840600
[2023-10-30T23:17:50.351+0000][2249.009s][debug][safepoint     ] Safepoint synchronization initiated. (191 threads)
[2023-10-30T23:17:50.352+0000][2249.010s][info ][safepoint     ] Application time: 1.0009829 seconds
[2023-10-30T23:17:50.353+0000][2249.010s][info ][safepoint     ] Entering safepoint region: Cleanup
[2023-10-30T23:17:50.354+0000][2249.012s][info ][safepoint     ] Leaving safepoint region
[2023-10-30T23:17:50.355+0000][2249.013s][info ][safepoint     ] Total time for which application threads were stopped: 0.0029261 seconds, Stopping threads took: 0.0009610 seconds
[2023-10-30T23:17:51.356+0000][2250.014s][debug][safepoint     ] Safepoint synchronization initiated. (191 threads)
[2023-10-30T23:17:51.357+0000][2250.015s][info ][safepoint     ] Application time: 1.0009168 seconds
[2023-10-30T23:17:51.358+0000][2250.016s][info ][safepoint     ] Entering safepoint region: Cleanup
[2023-10-30T23:17:51.359+0000][2250.017s][info ][safepoint     ] Leaving safepoint region
[2023-10-30T23:17:51.359+0000][2250.017s][info ][safepoint     ] Total time for which application threads were stopped: 0.0015636 seconds, Stopping threads took: 0.0007425 seconds
[2023-10-30T23:17:52.360+0000][2251.018s][debug][safepoint     ] Safepoint synchronization initiated. (191 threads)
[2023-10-30T23:17:52.361+0000][2251.018s][info ][safepoint     ] Application time: 1.0005126 seconds
[2023-10-30T23:17:52.361+0000][2251.019s][info ][safepoint     ] Entering safepoint region: Cleanup
[2023-10-30T23:17:52.362+0000][2251.019s][info ][safepoint     ] Leaving safepoint region
[2023-10-30T23:17:52.362+0000][2251.020s][info ][safepoint     ] Total time for which application threads were stopped: 0.0008921 seconds, Stopping threads took: 0.0003803 seconds
[2023-10-30T23:17:53.362+0000][2252.020s][debug][safepoint     ] Safepoint synchronization initiated. (191 threads)
[2023-10-30T23:17:53.363+0000][2252.021s][info ][safepoint     ] Application time: 1.0006172 seconds
[2023-10-30T23:17:53.363+0000][2252.021s][info ][safepoint     ] Entering safepoint region: Cleanup
[2023-10-30T23:17:53.364+0000][2252.022s][info ][safepoint     ] Leaving safepoint region
[2023-10-30T23:17:53.364+0000][2252.022s][info ][safepoint     ] Total time for which application threads were stopped: 0.0009412 seconds, Stopping threads took: 0.0003701 seconds
[2023-10-30T23:17:54.365+0000][2253.023s][debug][safepoint     ] Safepoint synchronization initiated. (191 threads)
[2023-10-30T23:17:54.365+0000][2253.023s][info ][safepoint     ] Application time: 1.0009863 seconds
[2023-10-30T23:17:54.366+0000][2253.024s][info ][safepoint     ] Entering safepoint region: Cleanup
[2023-10-30T23:17:54.367+0000][2253.025s][info ][safepoint     ] Leaving safepoint region
[2023-10-30T23:17:54.368+0000][2253.025s][info ][safepoint     ] Total time for which application threads were stopped: 0.0015440 seconds, Stopping threads took: 0.0006183 seconds
[2023-10-30T23:17:55.368+0000][2254.026s][debug][safepoint     ] Safepoint synchronization initiated. (191 threads)
[2023-10-30T23:17:55.369+0000][2254.027s][info ][safepoint     ] Application time: 1.0010299 seconds
[2023-10-30T23:17:55.370+0000][2254.028s][info ][safepoint     ] Entering safepoint region: Cleanup
[2023-10-30T23:17:55.371+0000][2254.029s][info ][safepoint     ] Leaving safepoint region
[2023-10-30T23:17:55.372+0000][2254.030s][info ][safepoint     ] Total time for which application threads were stopped: 0.0022271 seconds, Stopping threads took: 0.0008926 seconds
[2023-10-30T23:17:57.373+0000][2256.031s][debug][safepoint     ] Safepoint synchronization initiated. (195 threads)
[2023-10-30T23:17:57.374+0000][2256.032s][info ][safepoint     ] Application time: 2.0010435 seconds
[2023-10-30T23:17:57.375+0000][2256.032s][info ][safepoint     ] Entering safepoint region: Cleanup
[2023-10-30T23:17:57.375+0000][2256.033s][info ][safepoint     ] Leaving safepoint region
[2023-10-30T23:17:57.376+0000][2256.034s][info ][safepoint     ] Total time for which application threads were stopped: 0.0014520 seconds, Stopping threads took: 0.0005296 seconds
[2023-10-30T23:17:58.377+0000][2257.035s][debug][safepoint     ] Safepoint synchronization initiated. (195 threads)
[2023-10-30T23:17:58.377+0000][2257.035s][info ][safepoint     ] Application time: 1.0009375 seconds
[2023-10-30T23:17:58.378+0000][2257.036s][info ][safepoint     ] Entering safepoint region: Cleanup
[2023-10-30T23:17:58.379+0000][2257.037s][info ][safepoint     ] Leaving safepoint region
[2023-10-30T23:17:58.379+0000][2257.037s][info ][safepoint     ] Total time for which application threads were stopped: 0.0014681 seconds, Stopping threads took: 0.0005481 seconds
[2023-10-30T23:17:59.380+0000][2258.038s][debug][safepoint     ] Safepoint synchronization initiated. (195 threads)
[2023-10-30T23:17:59.381+0000][2258.039s][info ][safepoint     ] Application time: 1.0010956 seconds
[2023-10-30T23:17:59.382+0000][2258.040s][info ][safepoint     ] Entering safepoint region: Cleanup
[2023-10-30T23:17:59.383+0000][2258.041s][info ][safepoint     ] Leaving safepoint region
[2023-10-30T23:17:59.383+0000][2258.041s][info ][safepoint     ] Total time for which application threads were stopped: 0.0015250 seconds, Stopping threads took: 0.0007286 seconds
[2023-10-30T23:18:00.384+0000][2259.042s][debug][safepoint     ] Safepoint synchronization initiated. (195 threads)
[2023-10-30T23:18:00.385+0000][2259.043s][info ][safepoint     ] Application time: 1.0008197 seconds
[2023-10-30T23:18:00.386+0000][2259.044s][info ][safepoint     ] Entering safepoint region: Cleanup
[2023-10-30T23:18:00.387+0000][2259.044s][info ][safepoint     ] Leaving safepoint region
[2023-10-30T23:18:00.387+0000][2259.045s][info ][safepoint     ] Total time for which application threads were stopped: 0.0017228 seconds, Stopping threads took: 0.0007134 seconds
[2023-10-30T23:18:01.388+0000][2260.046s][debug][safepoint     ] Safepoint synchronization initiated. (195 threads)
[2023-10-30T23:18:01.389+0000][2260.047s][info ][safepoint     ] Application time: 1.0008973 seconds
[2023-10-30T23:18:01.389+0000][2260.047s][info ][safepoint     ] Entering safepoint region: Cleanup
[2023-10-30T23:18:01.390+0000][2260.048s][info ][safepoint     ] Leaving safepoint region
[2023-10-30T23:18:01.391+0000][2260.049s][info ][safepoint     ] Total time for which application threads were stopped: 0.0012478 seconds, Stopping threads took: 0.0005945 seconds
[2023-10-30T23:18:02.391+0000][2261.049s][debug][safepoint     ] Safepoint synchronization initiated. (195 threads)
[2023-10-30T23:18:02.392+0000][2261.050s][info ][safepoint     ] Application time: 1.0012061 seconds
[2023-10-30T23:18:02.393+0000][2261.051s][info ][safepoint     ] Entering safepoint region: Cleanup
[2023-10-30T23:18:02.394+0000][2261.052s][info ][safepoint     ] Leaving safepoint region
[2023-10-30T23:18:02.395+0000][2261.053s][info ][safepoint     ] Total time for which application threads were stopped: 0.0018228 seconds, Stopping threads took: 0.0007561 seconds
[2023-10-30T23:18:03.396+0000][2262.054s][debug][safepoint     ] Safepoint synchronization initiated. (195 threads)
[2023-10-30T23:18:03.397+0000][2262.054s][info ][safepoint     ] Application time: 1.0009506 seconds
[2023-10-30T23:18:03.398+0000][2262.056s][info ][safepoint     ] Entering safepoint region: Cleanup
[2023-10-30T23:18:03.399+0000][2262.056s][info ][safepoint     ] Leaving safepoint region
[2023-10-30T23:18:03.399+0000][2262.057s][info ][safepoint     ] Total time for which application threads were stopped: 0.0013987 seconds, Stopping threads took: 0.0007237 seconds
[2023-10-30T23:18:04.400+0000][2263.058s][debug][safepoint     ] Safepoint synchronization initiated. (195 threads)
[2023-10-30T23:18:04.400+0000][2263.058s][info ][safepoint     ] Application time: 1.0009380 seconds
[2023-10-30T23:18:04.401+0000][2263.059s][info ][safepoint     ] Entering safepoint region: Cleanup
[2023-10-30T23:18:04.402+0000][2263.059s][info ][safepoint     ] Leaving safepoint region
[2023-10-30T23:18:04.402+0000][2263.060s][info ][safepoint     ] Total time for which application threads were stopped: 0.0012481 seconds, Stopping threads took: 0.0005357 seconds
[2023-10-30T23:18:05.403+0000][2264.061s][debug][safepoint     ] Safepoint synchronization initiated. (195 threads)
[2023-10-30T23:18:05.404+0000][2264.062s][info ][safepoint     ] Application time: 1.0010159 seconds
[2023-10-30T23:18:05.405+0000][2264.063s][info ][safepoint     ] Entering safepoint region: Cleanup
[2023-10-30T23:18:05.405+0000][2264.063s][info ][safepoint     ] Leaving safepoint region
[2023-10-30T23:18:05.406+0000][2264.064s][info ][safepoint     ] Total time for which application threads were stopped: 0.0015118 seconds, Stopping threads took: 0.0006094 seconds
[2023-10-30T23:18:06.407+0000][2265.065s][debug][safepoint     ] Safepoint synchronization initiated. (195 threads)
[2023-10-30T23:18:06.408+0000][2265.066s][info ][safepoint     ] Application time: 1.0010596 seconds
[2023-10-30T23:18:06.408+0000][2265.066s][info ][safepoint     ] Entering safepoint region: Cleanup
[2023-10-30T23:18:06.410+0000][2265.067s][info ][safepoint     ] Leaving safepoint region
[2023-10-30T23:18:06.410+0000][2265.068s][info ][safepoint     ] Total time for which application threads were stopped: 0.0019645 seconds, Stopping threads took: 0.0008637 seconds
[2023-10-30T23:18:07.411+0000][2266.069s][debug][safepoint     ] Safepoint synchronization initiated. (194 threads)
[2023-10-30T23:18:07.412+0000][2266.070s][info ][safepoint     ] Application time: 1.0011693 seconds
[2023-10-30T23:18:07.413+0000][2266.071s][info ][safepoint     ] Entering safepoint region: Cleanup
[2023-10-30T23:18:07.414+0000][2266.072s][info ][safepoint     ] Leaving safepoint region
[2023-10-30T23:18:07.415+0000][2266.073s][info ][safepoint     ] Total time for which application threads were stopped: 0.0017818 seconds, Stopping threads took: 0.0007121 seconds
[2023-10-30T23:18:08.416+0000][2267.074s][debug][safepoint     ] Safepoint synchronization initiated. (194 threads)
[2023-10-30T23:18:08.417+0000][2267.075s][info ][safepoint     ] Application time: 1.0013796 seconds
[2023-10-30T23:18:08.418+0000][2267.076s][info ][safepoint     ] Entering safepoint region: Cleanup
[2023-10-30T23:18:08.419+0000][2267.077s][info ][safepoint     ] Leaving safepoint region
[2023-10-30T23:18:08.419+0000][2267.077s][info ][safepoint     ] Total time for which application threads were stopped: 0.0017323 seconds, Stopping threads took: 0.0007908 seconds
[2023-10-30T23:18:09.420+0000][2268.078s][debug][safepoint     ] Safepoint synchronization initiated. (194 threads)
[2023-10-30T23:18:09.421+0000][2268.079s][info ][safepoint     ] Application time: 1.0008061 seconds
[2023-10-30T23:18:09.421+0000][2268.079s][info ][safepoint     ] Entering safepoint region: Cleanup
[2023-10-30T23:18:09.422+0000][2268.080s][info ][safepoint     ] Leaving safepoint region
[2023-10-30T23:18:09.423+0000][2268.080s][info ][safepoint     ] Total time for which application threads were stopped: 0.0011550 seconds, Stopping threads took: 0.0005069 seconds
[2023-10-30T23:18:10.423+0000][2269.081s][debug][safepoint     ] Safepoint synchronization initiated. (194 threads)
[2023-10-30T23:18:10.424+0000][2269.082s][info ][safepoint     ] Application time: 1.0011464 seconds
[2023-10-30T23:18:10.425+0000][2269.083s][info ][safepoint     ] Entering safepoint region: Cleanup
[2023-10-30T23:18:10.426+0000][2269.084s][info ][safepoint     ] Leaving safepoint region
[2023-10-30T23:18:10.427+0000][2269.085s][info ][safepoint     ] Total time for which application threads were stopped: 0.0017386 seconds, Stopping threads took: 0.0008229 seconds
[2023-10-30T23:18:11.428+0000][2270.085s][debug][safepoint     ] Safepoint synchronization initiated. (194 threads)
[2023-10-30T23:18:11.429+0000][2270.086s][info ][safepoint     ] Application time: 1.0012511 seconds
[2023-10-30T23:18:11.430+0000][2270.088s][info ][safepoint     ] Entering safepoint region: Cleanup
[2023-10-30T23:18:11.431+0000][2270.089s][info ][safepoint     ] Leaving safepoint region
[2023-10-30T23:18:11.432+0000][2270.090s][info ][safepoint     ] Total time for which application threads were stopped: 0.0023354 seconds, Stopping threads took: 0.0011109 seconds
[2023-10-30T23:18:12.433+0000][2271.091s][debug][safepoint     ] Safepoint synchronization initiated. (194 threads)
[2023-10-30T23:18:12.434+0000][2271.091s][info ][safepoint     ] Application time: 1.0012150 seconds
[2023-10-30T23:18:12.434+0000][2271.092s][info ][safepoint     ] Entering safepoint region: Cleanup
[2023-10-30T23:18:12.435+0000][2271.093s][info ][safepoint     ] Leaving safepoint region
[2023-10-30T23:18:12.436+0000][2271.094s][info ][safepoint     ] Total time for which application threads were stopped: 0.0016233 seconds, Stopping threads took: 0.0006518 seconds
[2023-10-30T23:18:13.437+0000][2272.095s][debug][safepoint     ] Safepoint synchronization initiated. (194 threads)
[2023-10-30T23:18:13.438+0000][2272.095s][info ][safepoint     ] Application time: 1.0008580 seconds
[2023-10-30T23:18:13.438+0000][2272.096s][info ][safepoint     ] Entering safepoint region: Cleanup
[2023-10-30T23:18:13.439+0000][2272.097s][info ][safepoint     ] Leaving safepoint region
[2023-10-30T23:18:13.440+0000][2272.098s][info ][safepoint     ] Total time for which application threads were stopped: 0.0014197 seconds, Stopping threads took: 0.0006439 seconds
[2023-10-30T23:18:14.440+0000][2273.098s][debug][safepoint     ] Safepoint synchronization initiated. (194 threads)
[2023-10-30T23:18:14.441+0000][2273.099s][info ][safepoint     ] Application time: 1.0007043 seconds
[2023-10-30T23:18:14.441+0000][2273.099s][info ][safepoint     ] Entering safepoint region: Cleanup
[2023-10-30T23:18:14.442+0000][2273.100s][info ][safepoint     ] Leaving safepoint region
[2023-10-30T23:18:14.443+0000][2273.101s][info ][safepoint     ] Total time for which application threads were stopped: 0.0013690 seconds, Stopping threads took: 0.0005294 seconds
[2023-10-30T23:18:15.443+0000][2274.101s][debug][safepoint     ] Safepoint synchronization initiated. (194 threads)
[2023-10-30T23:18:15.444+0000][2274.102s][info ][safepoint     ] Application time: 1.0005570 seconds
[2023-10-30T23:18:15.444+0000][2274.102s][info ][safepoint     ] Entering safepoint region: Cleanup
[2023-10-30T23:18:15.445+0000][2274.103s][info ][safepoint     ] Leaving safepoint region
[2023-10-30T23:18:15.445+0000][2274.103s][info ][safepoint     ] Total time for which application threads were stopped: 0.0011880 seconds, Stopping threads took: 0.0005840 seconds
[2023-10-30T23:18:16.446+0000][2275.104s][debug][safepoint     ] Safepoint synchronization initiated. (194 threads)
[2023-10-30T23:18:16.446+0000][2275.104s][info ][safepoint     ] Application time: 1.0005074 seconds
[2023-10-30T23:18:16.446+0000][2275.104s][info ][safepoint     ] Entering safepoint region: Cleanup
[2023-10-30T23:18:16.447+0000][2275.105s][info ][safepoint     ] Leaving safepoint region
[2023-10-30T23:18:16.447+0000][2275.105s][info ][safepoint     ] Total time for which application threads were stopped: 0.0008303 seconds, Stopping threads took: 0.0003429 seconds
[2023-10-30T23:18:17.448+0000][2276.106s][debug][safepoint     ] Safepoint synchronization initiated. (194 threads)
[2023-10-30T23:18:17.449+0000][2276.107s][info ][safepoint     ] Application time: 1.0014038 seconds
[2023-10-30T23:18:17.450+0000][2276.108s][info ][safepoint     ] Entering safepoint region: Cleanup
[2023-10-30T23:18:17.451+0000][2276.109s][info ][safepoint     ] Leaving safepoint region
[2023-10-30T23:18:17.452+0000][2276.110s][info ][safepoint     ] Total time for which application threads were stopped: 0.0017594 seconds, Stopping threads took: 0.0009615 seconds
[2023-10-30T23:18:18.453+0000][2277.110s][debug][safepoint     ] Safepoint synchronization initiated. (194 threads)
[2023-10-30T23:18:18.453+0000][2277.111s][info ][safepoint     ] Application time: 1.0005653 seconds
[2023-10-30T23:18:18.453+0000][2277.111s][info ][safepoint     ] Entering safepoint region: Cleanup
[2023-10-30T23:18:18.454+0000][2277.112s][info ][safepoint     ] Leaving safepoint region
[2023-10-30T23:18:18.454+0000][2277.112s][info ][safepoint     ] Total time for which application threads were stopped: 0.0008705 seconds, Stopping threads took: 0.0003521 seconds
[2023-10-30T23:18:19.455+0000][2278.112s][debug][safepoint     ] Safepoint synchronization initiated. (194 threads)
[2023-10-30T23:18:19.455+0000][2278.113s][info ][safepoint     ] Application time: 1.0008179 seconds
[2023-10-30T23:18:19.456+0000][2278.114s][info ][safepoint     ] Entering safepoint region: Cleanup
[2023-10-30T23:18:19.457+0000][2278.115s][info ][safepoint     ] Leaving safepoint region
[2023-10-30T23:18:19.457+0000][2278.115s][info ][safepoint     ] Total time for which application threads were stopped: 0.0013030 seconds, Stopping threads took: 0.0005870 seconds
[2023-10-30T23:18:20.458+0000][2279.116s][debug][safepoint     ] Safepoint synchronization initiated. (194 threads)
[2023-10-30T23:18:20.459+0000][2279.117s][info ][safepoint     ] Application time: 1.0010388 seconds
[2023-10-30T23:18:20.460+0000][2279.117s][info ][safepoint     ] Entering safepoint region: Cleanup
[2023-10-30T23:18:20.460+0000][2279.118s][info ][safepoint     ] Leaving safepoint region
[2023-10-30T23:18:20.461+0000][2279.119s][info ][safepoint     ] Total time for which application threads were stopped: 0.0015842 seconds, Stopping threads took: 0.0007112 seconds
[2023-10-30T23:18:21.462+0000][2280.120s][debug][safepoint     ] Safepoint synchronization initiated. (194 threads)
[2023-10-30T23:18:21.463+0000][2280.121s][info ][safepoint     ] Application time: 1.0010929 seconds
[2023-10-30T23:18:21.463+0000][2280.121s][info ][safepoint     ] Entering safepoint region: Cleanup
[2023-10-30T23:18:21.464+0000][2280.122s][info ][safepoint     ] Leaving safepoint region
[2023-10-30T23:18:21.465+0000][2280.123s][info ][safepoint     ] Total time for which application threads were stopped: 0.0013747 seconds, Stopping threads took: 0.0006077 seconds
[2023-10-30T23:18:22.465+0000][2281.123s][debug][safepoint     ] Safepoint synchronization initiated. (194 threads)
[2023-10-30T23:18:22.466+0000][2281.124s][info ][safepoint     ] Application time: 1.0004999 seconds
[2023-10-30T23:18:22.466+0000][2281.124s][info ][safepoint     ] Entering safepoint region: Cleanup
[2023-10-30T23:18:22.467+0000][2281.125s][info ][safepoint     ] Leaving safepoint region
[2023-10-30T23:18:22.467+0000][2281.125s][info ][safepoint     ] Total time for which application threads were stopped: 0.0009581 seconds, Stopping threads took: 0.0004100 seconds
[2023-10-30T23:18:23.468+0000][2282.125s][debug][safepoint     ] Safepoint synchronization initiated. (194 threads)
[2023-10-30T23:18:23.468+0000][2282.126s][info ][safepoint     ] Application time: 1.0005994 seconds
[2023-10-30T23:18:23.468+0000][2282.126s][info ][safepoint     ] Entering safepoint region: Cleanup
[2023-10-30T23:18:23.469+0000][2282.127s][info ][safepoint     ] Leaving safepoint region
[2023-10-30T23:18:23.469+0000][2282.127s][info ][safepoint     ] Total time for which application threads were stopped: 0.0007705 seconds, Stopping threads took: 0.0003321 seconds
[2023-10-30T23:18:24.470+0000][2283.127s][debug][safepoint     ] Safepoint synchronization initiated. (194 threads)
[2023-10-30T23:18:24.470+0000][2283.128s][info ][safepoint     ] Application time: 1.0009420 seconds
[2023-10-30T23:18:24.471+0000][2283.129s][info ][safepoint     ] Entering safepoint region: Cleanup
[2023-10-30T23:18:24.471+0000][2283.129s][info ][safepoint     ] Leaving safepoint region
[2023-10-30T23:18:24.472+0000][2283.130s][info ][safepoint     ] Total time for which application threads were stopped: 0.0012134 seconds, Stopping threads took: 0.0004950 seconds
[2023-10-30T23:18:25.473+0000][2284.131s][debug][safepoint     ] Safepoint synchronization initiated. (194 threads)
[2023-10-30T23:18:25.473+0000][2284.131s][info ][safepoint     ] Application time: 1.0007319 seconds
[2023-10-30T23:18:25.474+0000][2284.132s][info ][safepoint     ] Entering safepoint region: Cleanup
[2023-10-30T23:18:25.475+0000][2284.133s][info ][safepoint     ] Leaving safepoint region
[2023-10-30T23:18:25.475+0000][2284.133s][info ][safepoint     ] Total time for which application threads were stopped: 0.0012914 seconds, Stopping threads took: 0.0006234 seconds
[2023-10-30T23:18:26.476+0000][2285.134s][debug][safepoint     ] Safepoint synchronization initiated. (194 threads)
[2023-10-30T23:18:26.477+0000][2285.134s][info ][safepoint     ] Application time: 1.0009934 seconds
[2023-10-30T23:18:26.477+0000][2285.135s][info ][safepoint     ] Entering safepoint region: Cleanup
[2023-10-30T23:18:26.478+0000][2285.136s][info ][safepoint     ] Leaving safepoint region
[2023-10-30T23:18:26.478+0000][2285.136s][info ][safepoint     ] Total time for which application threads were stopped: 0.0013712 seconds, Stopping threads took: 0.0005528 seconds
[2023-10-30T23:18:27.479+0000][2286.137s][debug][safepoint     ] Safepoint synchronization initiated. (194 threads)
[2023-10-30T23:18:27.480+0000][2286.138s][info ][safepoint     ] Application time: 1.0013658 seconds
[2023-10-30T23:18:27.481+0000][2286.139s][info ][safepoint     ] Entering safepoint region: Cleanup
[2023-10-30T23:18:27.482+0000][2286.140s][info ][safepoint     ] Leaving safepoint region
[2023-10-30T23:18:27.482+0000][2286.140s][info ][safepoint     ] Total time for which application threads were stopped: 0.0014373 seconds, Stopping threads took: 0.0004430 seconds
[2023-10-30T23:18:28.483+0000][2287.141s][debug][safepoint     ] Safepoint synchronization initiated. (194 threads)
[2023-10-30T23:18:28.483+0000][2287.141s][info ][safepoint     ] Application time: 1.0005129 seconds
[2023-10-30T23:18:28.484+0000][2287.142s][info ][safepoint     ] Entering safepoint region: Cleanup
[2023-10-30T23:18:28.484+0000][2287.142s][info ][safepoint     ] Leaving safepoint region
[2023-10-30T23:18:28.485+0000][2287.143s][info ][safepoint     ] Total time for which application threads were stopped: 0.0008853 seconds, Stopping threads took: 0.0003990 seconds
[2023-10-30T23:18:29.485+0000][2288.143s][debug][safepoint     ] Safepoint synchronization initiated. (194 threads)
[2023-10-30T23:18:29.486+0000][2288.144s][info ][safepoint     ] Application time: 1.0006348 seconds
[2023-10-30T23:18:29.486+0000][2288.144s][debug][safepoint     ] ... found polling page loop exception at pc = 0x00007f9343b63fcb, stub =0x00007f9340843680
[2023-10-30T23:18:29.486+0000][2288.144s][debug][safepoint     ] ... found polling page return exception at pc = 0x00007f93493f09d6, stub =0x00007f9340840600
[2023-10-30T23:18:29.486+0000][2288.144s][debug][safepoint     ] ... found polling page return exception at pc = 0x00007f9348c563c4, stub =0x00007f9340840600
[2023-10-30T23:18:29.486+0000][2288.144s][debug][safepoint     ] ... found polling page return exception at pc = 0x00007f93493f09d6, stub =0x00007f9340840600
[2023-10-30T23:18:29.486+0000][2288.144s][debug][safepoint     ] ... found polling page return exception at pc = 0x00007f93493f09d6, stub =0x00007f9340840600
[2023-10-30T23:18:29.486+0000][2288.144s][debug][safepoint     ] ... found polling page return exception at pc = 0x00007f9348bcb376, stub =0x00007f9340840600
[2023-10-30T23:18:29.486+0000][2288.144s][debug][safepoint     ] ... found polling page return exception at pc = 0x00007f93493f09d6, stub =0x00007f9340840600
[2023-10-30T23:18:29.490+0000][2288.148s][debug][safepoint     ] Waiting for 7 thread(s) to block
[2023-10-30T23:18:29.491+0000][2288.149s][info ][safepoint     ] Entering safepoint region: Cleanup
[2023-10-30T23:18:29.492+0000][2288.150s][info ][safepoint     ] Leaving safepoint region
[2023-10-30T23:18:29.493+0000][2288.151s][info ][safepoint     ] Total time for which application threads were stopped: 0.0068009 seconds, Stopping threads took: 0.0052567 seconds
[2023-10-30T23:18:30.493+0000][2289.151s][debug][safepoint     ] Safepoint synchronization initiated. (194 threads)
[2023-10-30T23:18:30.495+0000][2289.153s][info ][safepoint     ] Application time: 1.0014242 seconds
[2023-10-30T23:18:30.495+0000][2289.153s][info ][safepoint     ] Entering safepoint region: Cleanup
[2023-10-30T23:18:30.496+0000][2289.154s][info ][safepoint     ] Leaving safepoint region
[2023-10-30T23:18:30.497+0000][2289.155s][info ][safepoint     ] Total time for which application threads were stopped: 0.0015964 seconds, Stopping threads took: 0.0005984 seconds
[2023-10-30T23:18:31.498+0000][2290.156s][debug][safepoint     ] Safepoint synchronization initiated. (194 threads)
[2023-10-30T23:18:31.498+0000][2290.156s][info ][safepoint     ] Application time: 1.0008378 seconds
[2023-10-30T23:18:31.499+0000][2290.157s][info ][safepoint     ] Entering safepoint region: Cleanup
[2023-10-30T23:18:31.499+0000][2290.157s][info ][safepoint     ] Leaving safepoint region
[2023-10-30T23:18:31.500+0000][2290.158s][info ][safepoint     ] Total time for which application threads were stopped: 0.0009032 seconds, Stopping threads took: 0.0003295 seconds
[2023-10-30T23:18:32.500+0000][2291.158s][debug][safepoint     ] Safepoint synchronization initiated. (194 threads)
[2023-10-30T23:18:32.501+0000][2291.159s][info ][safepoint     ] Application time: 1.0009240 seconds
[2023-10-30T23:18:32.501+0000][2291.159s][info ][safepoint     ] Entering safepoint region: Cleanup
[2023-10-30T23:18:32.502+0000][2291.160s][info ][safepoint     ] Leaving safepoint region
[2023-10-30T23:18:32.503+0000][2291.161s][info ][safepoint     ] Total time for which application threads were stopped: 0.0012996 seconds, Stopping threads took: 0.0005842 seconds
[2023-10-30T23:18:33.503+0000][2292.161s][debug][safepoint     ] Safepoint synchronization initiated. (194 threads)
[2023-10-30T23:18:33.504+0000][2292.162s][info ][safepoint     ] Application time: 1.0008040 seconds
[2023-10-30T23:18:33.505+0000][2292.162s][info ][safepoint     ] Entering safepoint region: Cleanup
[2023-10-30T23:18:33.505+0000][2292.163s][info ][safepoint     ] Leaving safepoint region
[2023-10-30T23:18:33.506+0000][2292.164s][info ][safepoint     ] Total time for which application threads were stopped: 0.0012368 seconds, Stopping threads took: 0.0004649 seconds
[2023-10-30T23:18:34.506+0000][2293.164s][debug][safepoint     ] Safepoint synchronization initiated. (194 threads)
[2023-10-30T23:18:34.507+0000][2293.165s][info ][safepoint     ] Application time: 1.0005211 seconds
[2023-10-30T23:18:34.507+0000][2293.165s][info ][safepoint     ] Entering safepoint region: Cleanup
[2023-10-30T23:18:34.508+0000][2293.165s][info ][safepoint     ] Leaving safepoint region
[2023-10-30T23:18:34.508+0000][2293.166s][info ][safepoint     ] Total time for which application threads were stopped: 0.0008368 seconds, Stopping threads took: 0.0003355 seconds
[2023-10-30T23:18:35.508+0000][2294.166s][debug][safepoint     ] Safepoint synchronization initiated. (194 threads)
[2023-10-30T23:18:35.509+0000][2294.167s][info ][safepoint     ] Application time: 1.0007149 seconds
[2023-10-30T23:18:35.509+0000][2294.167s][info ][safepoint     ] Entering safepoint region: Cleanup
[2023-10-30T23:18:35.510+0000][2294.168s][info ][safepoint     ] Leaving safepoint region
[2023-10-30T23:18:35.511+0000][2294.169s][info ][safepoint     ] Total time for which application threads were stopped: 0.0014048 seconds, Stopping threads took: 0.0007667 seconds
[2023-10-30T23:18:36.511+0000][2295.169s][debug][safepoint     ] Safepoint synchronization initiated. (194 threads)
[2023-10-30T23:18:36.512+0000][2295.170s][info ][safepoint     ] Application time: 1.0008511 seconds
[2023-10-30T23:18:36.513+0000][2295.171s][info ][safepoint     ] Entering safepoint region: Cleanup
[2023-10-30T23:18:36.513+0000][2295.171s][info ][safepoint     ] Leaving safepoint region
[2023-10-30T23:18:36.514+0000][2295.172s][info ][safepoint     ] Total time for which application threads were stopped: 0.0012603 seconds, Stopping threads took: 0.0005706 seconds
[2023-10-30T23:18:37.515+0000][2296.173s][debug][safepoint     ] Safepoint synchronization initiated. (194 threads)
[2023-10-30T23:18:37.515+0000][2296.173s][info ][safepoint     ] Application time: 1.0008731 seconds
[2023-10-30T23:18:37.516+0000][2296.174s][info ][safepoint     ] Entering safepoint region: Cleanup
[2023-10-30T23:18:37.517+0000][2296.175s][info ][safepoint     ] Leaving safepoint region
[2023-10-30T23:18:37.517+0000][2296.175s][info ][safepoint     ] Total time for which application threads were stopped: 0.0014182 seconds, Stopping threads took: 0.0005458 seconds
[2023-10-30T23:18:38.518+0000][2297.176s][debug][safepoint     ] Safepoint synchronization initiated. (194 threads)
[2023-10-30T23:18:38.519+0000][2297.177s][info ][safepoint     ] Application time: 1.0013269 seconds
[2023-10-30T23:18:38.520+0000][2297.178s][info ][safepoint     ] Entering safepoint region: Cleanup
[2023-10-30T23:18:38.521+0000][2297.179s][info ][safepoint     ] Leaving safepoint region
[2023-10-30T23:18:38.522+0000][2297.180s][info ][safepoint     ] Total time for which application threads were stopped: 0.0020152 seconds, Stopping threads took: 0.0009360 seconds
[2023-10-30T23:18:39.523+0000][2298.181s][debug][safepoint     ] Safepoint synchronization initiated. (194 threads)
[2023-10-30T23:18:39.523+0000][2298.181s][info ][safepoint     ] Application time: 1.0006916 seconds
[2023-10-30T23:18:39.524+0000][2298.182s][info ][safepoint     ] Entering safepoint region: Cleanup
[2023-10-30T23:18:39.524+0000][2298.182s][info ][safepoint     ] Leaving safepoint region
[2023-10-30T23:18:39.525+0000][2298.183s][info ][safepoint     ] Total time for which application threads were stopped: 0.0012490 seconds, Stopping threads took: 0.0005349 seconds
[2023-10-30T23:18:40.525+0000][2299.183s][debug][safepoint     ] Safepoint synchronization initiated. (194 threads)
[2023-10-30T23:18:40.526+0000][2299.184s][info ][safepoint     ] Application time: 1.0008376 seconds
[2023-10-30T23:18:40.527+0000][2299.185s][info ][safepoint     ] Entering safepoint region: Cleanup
[2023-10-30T23:18:40.527+0000][2299.185s][info ][safepoint     ] Leaving safepoint region
[2023-10-30T23:18:40.528+0000][2299.186s][info ][safepoint     ] Total time for which application threads were stopped: 0.0012034 seconds, Stopping threads took: 0.0004182 seconds
[2023-10-30T23:18:41.528+0000][2300.186s][debug][safepoint     ] Safepoint synchronization initiated. (194 threads)
[2023-10-30T23:18:41.529+0000][2300.187s][info ][safepoint     ] Application time: 1.0007436 seconds
[2023-10-30T23:18:41.530+0000][2300.188s][info ][safepoint     ] Entering safepoint region: Cleanup
[2023-10-30T23:18:41.530+0000][2300.188s][info ][safepoint     ] Leaving safepoint region
[2023-10-30T23:18:41.531+0000][2300.189s][info ][safepoint     ] Total time for which application threads were stopped: 0.0011952 seconds, Stopping threads took: 0.0005632 seconds
[2023-10-30T23:18:42.531+0000][2301.189s][debug][safepoint     ] Safepoint synchronization initiated. (194 threads)
[2023-10-30T23:18:42.532+0000][2301.190s][info ][safepoint     ] Application time: 1.0006038 seconds
[2023-10-30T23:18:42.532+0000][2301.190s][info ][safepoint     ] Entering safepoint region: Cleanup
[2023-10-30T23:18:42.533+0000][2301.191s][info ][safepoint     ] Leaving safepoint region
[2023-10-30T23:18:42.533+0000][2301.191s][info ][safepoint     ] Total time for which application threads were stopped: 0.0010783 seconds, Stopping threads took: 0.0005430 seconds
[2023-10-30T23:18:43.534+0000][2302.192s][debug][safepoint     ] Safepoint synchronization initiated. (194 threads)
[2023-10-30T23:18:43.535+0000][2302.193s][info ][safepoint     ] Application time: 1.0017035 seconds
[2023-10-30T23:18:43.537+0000][2302.195s][info ][safepoint     ] Entering safepoint region: Cleanup
[2023-10-30T23:18:43.538+0000][2302.196s][info ][safepoint     ] Leaving safepoint region
[2023-10-30T23:18:43.539+0000][2302.197s][info ][safepoint     ] Total time for which application threads were stopped: 0.0029220 seconds, Stopping threads took: 0.0013056 seconds
[2023-10-30T23:18:44.540+0000][2303.198s][debug][safepoint     ] Safepoint synchronization initiated. (194 threads)
[2023-10-30T23:18:44.541+0000][2303.199s][info ][safepoint     ] Application time: 1.0011975 seconds
[2023-10-30T23:18:44.542+0000][2303.200s][info ][safepoint     ] Entering safepoint region: Cleanup
[2023-10-30T23:18:44.543+0000][2303.201s][info ][safepoint     ] Leaving safepoint region
[2023-10-30T23:18:44.544+0000][2303.202s][info ][safepoint     ] Total time for which application threads were stopped: 0.0016424 seconds, Stopping threads took: 0.0007479 seconds
[2023-10-30T23:18:45.545+0000][2304.203s][debug][safepoint     ] Safepoint synchronization initiated. (194 threads)
[2023-10-30T23:18:45.545+0000][2304.203s][info ][safepoint     ] Application time: 1.0009767 seconds
[2023-10-30T23:18:45.546+0000][2304.204s][info ][safepoint     ] Entering safepoint region: Cleanup
[2023-10-30T23:18:45.547+0000][2304.205s][info ][safepoint     ] Leaving safepoint region
[2023-10-30T23:18:45.548+0000][2304.206s][info ][safepoint     ] Total time for which application threads were stopped: 0.0022952 seconds, Stopping threads took: 0.0005329 seconds
[2023-10-30T23:18:46.549+0000][2305.207s][debug][safepoint     ] Safepoint synchronization initiated. (194 threads)
[2023-10-30T23:18:46.549+0000][2305.207s][info ][safepoint     ] Application time: 1.0007938 seconds
[2023-10-30T23:18:46.550+0000][2305.208s][info ][safepoint     ] Entering safepoint region: Cleanup
[2023-10-30T23:18:46.551+0000][2305.209s][info ][safepoint     ] Leaving safepoint region
[2023-10-30T23:18:46.551+0000][2305.209s][info ][safepoint     ] Total time for which application threads were stopped: 0.0012373 seconds, Stopping threads took: 0.0005258 seconds
[2023-10-30T23:18:47.552+0000][2306.210s][debug][safepoint     ] Safepoint synchronization initiated. (194 threads)
[2023-10-30T23:18:47.553+0000][2306.211s][info ][safepoint     ] Application time: 1.0013952 seconds
[2023-10-30T23:18:47.554+0000][2306.212s][info ][safepoint     ] Entering safepoint region: Cleanup
[2023-10-30T23:18:47.555+0000][2306.213s][info ][safepoint     ] Leaving safepoint region
[2023-10-30T23:18:47.556+0000][2306.214s][info ][safepoint     ] Total time for which application threads were stopped: 0.0018933 seconds, Stopping threads took: 0.0008698 seconds
[2023-10-30T23:18:48.557+0000][2307.215s][debug][safepoint     ] Safepoint synchronization initiated. (194 threads)
[2023-10-30T23:18:48.558+0000][2307.216s][info ][safepoint     ] Application time: 1.0014042 seconds
[2023-10-30T23:18:48.559+0000][2307.217s][info ][safepoint     ] Entering safepoint region: Cleanup
[2023-10-30T23:18:48.560+0000][2307.218s][info ][safepoint     ] Leaving safepoint region
[2023-10-30T23:18:48.561+0000][2307.219s][info ][safepoint     ] Total time for which application threads were stopped: 0.0018833 seconds, Stopping threads took: 0.0008634 seconds
[2023-10-30T23:18:49.562+0000][2308.220s][debug][safepoint     ] Safepoint synchronization initiated. (194 threads)
[2023-10-30T23:18:49.562+0000][2308.220s][info ][safepoint     ] Application time: 1.0007768 seconds
[2023-10-30T23:18:49.563+0000][2308.221s][info ][safepoint     ] Entering safepoint region: Cleanup
[2023-10-30T23:18:49.563+0000][2308.221s][info ][safepoint     ] Leaving safepoint region
[2023-10-30T23:18:49.564+0000][2308.222s][info ][safepoint     ] Total time for which application threads were stopped: 0.0009979 seconds, Stopping threads took: 0.0004348 seconds
[2023-10-30T23:18:50.564+0000][2309.222s][debug][safepoint     ] Safepoint synchronization initiated. (194 threads)
[2023-10-30T23:18:50.565+0000][2309.223s][info ][safepoint     ] Application time: 1.0012037 seconds
[2023-10-30T23:18:50.566+0000][2309.224s][info ][safepoint     ] Entering safepoint region: Cleanup
[2023-10-30T23:18:50.567+0000][2309.225s][info ][safepoint     ] Leaving safepoint region
[2023-10-30T23:18:50.568+0000][2309.226s][info ][safepoint     ] Total time for which application threads were stopped: 0.0020042 seconds, Stopping threads took: 0.0009114 seconds
[2023-10-30T23:18:51.569+0000][2310.227s][debug][safepoint     ] Safepoint synchronization initiated. (194 threads)
[2023-10-30T23:18:51.570+0000][2310.228s][info ][safepoint     ] Application time: 1.0009005 seconds
[2023-10-30T23:18:51.570+0000][2310.228s][info ][safepoint     ] Entering safepoint region: Cleanup
[2023-10-30T23:18:51.571+0000][2310.229s][info ][safepoint     ] Leaving safepoint region
[2023-10-30T23:18:51.572+0000][2310.230s][info ][safepoint     ] Total time for which application threads were stopped: 0.0015244 seconds, Stopping threads took: 0.0004689 seconds
[2023-10-30T23:18:52.573+0000][2311.231s][debug][safepoint     ] Safepoint synchronization initiated. (194 threads)
[2023-10-30T23:18:52.573+0000][2311.231s][info ][safepoint     ] Application time: 1.0007958 seconds
[2023-10-30T23:18:52.574+0000][2311.232s][info ][safepoint     ] Entering safepoint region: Cleanup
[2023-10-30T23:18:52.574+0000][2311.232s][info ][safepoint     ] Leaving safepoint region
[2023-10-30T23:18:52.575+0000][2311.233s][info ][safepoint     ] Total time for which application threads were stopped: 0.0012676 seconds, Stopping threads took: 0.0005239 seconds
[2023-10-30T23:18:53.576+0000][2312.234s][debug][safepoint     ] Safepoint synchronization initiated. (194 threads)
[2023-10-30T23:18:53.576+0000][2312.234s][info ][safepoint     ] Application time: 1.0007748 seconds
[2023-10-30T23:18:53.577+0000][2312.235s][info ][safepoint     ] Entering safepoint region: Cleanup
[2023-10-30T23:18:53.578+0000][2312.236s][info ][safepoint     ] Leaving safepoint region
[2023-10-30T23:18:53.578+0000][2312.236s][info ][safepoint     ] Total time for which application threads were stopped: 0.0011833 seconds, Stopping threads took: 0.0005958 seconds
[2023-10-30T23:18:54.579+0000][2313.237s][debug][safepoint     ] Safepoint synchronization initiated. (194 threads)
[2023-10-30T23:18:54.580+0000][2313.238s][info ][safepoint     ] Application time: 1.0014815 seconds
[2023-10-30T23:18:54.581+0000][2313.239s][info ][safepoint     ] Entering safepoint region: Cleanup
[2023-10-30T23:18:54.583+0000][2313.240s][info ][safepoint     ] Leaving safepoint region
[2023-10-30T23:18:54.583+0000][2313.241s][info ][safepoint     ] Total time for which application threads were stopped: 0.0021670 seconds, Stopping threads took: 0.0008620 seconds
[2023-10-30T23:18:55.584+0000][2314.242s][debug][safepoint     ] Safepoint synchronization initiated. (194 threads)
[2023-10-30T23:18:55.586+0000][2314.244s][info ][safepoint     ] Application time: 1.0014357 seconds
[2023-10-30T23:18:55.587+0000][2314.245s][info ][safepoint     ] Entering safepoint region: Cleanup
[2023-10-30T23:18:55.588+0000][2314.246s][info ][safepoint     ] Leaving safepoint region
[2023-10-30T23:18:55.589+0000][2314.247s][info ][safepoint     ] Total time for which application threads were stopped: 0.0020041 seconds, Stopping threads took: 0.0008781 seconds
[2023-10-30T23:18:56.590+0000][2315.247s][debug][safepoint     ] Safepoint synchronization initiated. (194 threads)
[2023-10-30T23:18:56.590+0000][2315.248s][info ][safepoint     ] Application time: 1.0008455 seconds
[2023-10-30T23:18:56.591+0000][2315.249s][info ][safepoint     ] Entering safepoint region: Cleanup
[2023-10-30T23:18:56.591+0000][2315.249s][info ][safepoint     ] Leaving safepoint region
[2023-10-30T23:18:56.592+0000][2315.250s][info ][safepoint     ] Total time for which application threads were stopped: 0.0011304 seconds, Stopping threads took: 0.0005326 seconds
[2023-10-30T23:18:57.593+0000][2316.250s][debug][safepoint     ] Safepoint synchronization initiated. (193 threads)
[2023-10-30T23:18:57.594+0000][2316.251s][info ][safepoint     ] Application time: 1.0011872 seconds
[2023-10-30T23:18:57.595+0000][2316.252s][info ][safepoint     ] Entering safepoint region: Cleanup
[2023-10-30T23:18:57.596+0000][2316.254s][info ][safepoint     ] Leaving safepoint region
[2023-10-30T23:18:57.597+0000][2316.255s][info ][safepoint     ] Total time for which application threads were stopped: 0.0022142 seconds, Stopping threads took: 0.0009046 seconds
[2023-10-30T23:18:58.598+0000][2317.256s][debug][safepoint     ] Safepoint synchronization initiated. (193 threads)
[2023-10-30T23:18:58.599+0000][2317.257s][info ][safepoint     ] Application time: 1.0014300 seconds
[2023-10-30T23:18:58.600+0000][2317.258s][info ][safepoint     ] Entering safepoint region: Cleanup
[2023-10-30T23:18:58.601+0000][2317.259s][info ][safepoint     ] Leaving safepoint region
[2023-10-30T23:18:58.602+0000][2317.260s][info ][safepoint     ] Total time for which application threads were stopped: 0.0022339 seconds, Stopping threads took: 0.0010312 seconds
[2023-10-30T23:18:59.603+0000][2318.261s][debug][safepoint     ] Safepoint synchronization initiated. (193 threads)
[2023-10-30T23:18:59.604+0000][2318.262s][info ][safepoint     ] Application time: 1.0013113 seconds
[2023-10-30T23:18:59.605+0000][2318.263s][info ][safepoint     ] Entering safepoint region: Cleanup
[2023-10-30T23:18:59.606+0000][2318.264s][info ][safepoint     ] Leaving safepoint region
[2023-10-30T23:18:59.607+0000][2318.265s][info ][safepoint     ] Total time for which application threads were stopped: 0.0017325 seconds, Stopping threads took: 0.0007385 seconds
[2023-10-30T23:19:00.608+0000][2319.266s][debug][safepoint     ] Safepoint synchronization initiated. (193 threads)
[2023-10-30T23:19:00.609+0000][2319.267s][info ][safepoint     ] Application time: 1.0017296 seconds
[2023-10-30T23:19:00.610+0000][2319.268s][info ][safepoint     ] Entering safepoint region: Cleanup
[2023-10-30T23:19:00.612+0000][2319.270s][info ][safepoint     ] Leaving safepoint region
[2023-10-30T23:19:00.613+0000][2319.271s][info ][safepoint     ] Total time for which application threads were stopped: 0.0024828 seconds, Stopping threads took: 0.0013512 seconds
[2023-10-30T23:19:01.614+0000][2320.272s][debug][safepoint     ] Safepoint synchronization initiated. (193 threads)
[2023-10-30T23:19:01.615+0000][2320.272s][info ][safepoint     ] Application time: 1.0009379 seconds
[2023-10-30T23:19:01.615+0000][2320.273s][info ][safepoint     ] Entering safepoint region: Cleanup
[2023-10-30T23:19:01.616+0000][2320.274s][info ][safepoint     ] Leaving safepoint region
[2023-10-30T23:19:01.616+0000][2320.274s][info ][safepoint     ] Total time for which application threads were stopped: 0.0013214 seconds, Stopping threads took: 0.0005651 seconds
[2023-10-30T23:19:02.617+0000][2321.275s][debug][safepoint     ] Safepoint synchronization initiated. (193 threads)
[2023-10-30T23:19:02.618+0000][2321.276s][info ][safepoint     ] Application time: 1.0010031 seconds
[2023-10-30T23:19:02.619+0000][2321.276s][info ][safepoint     ] Entering safepoint region: Cleanup
[2023-10-30T23:19:02.619+0000][2321.277s][info ][safepoint     ] Leaving safepoint region
[2023-10-30T23:19:02.620+0000][2321.278s][info ][safepoint     ] Total time for which application threads were stopped: 0.0011571 seconds, Stopping threads took: 0.0004912 seconds
[2023-10-30T23:19:03.620+0000][2322.278s][debug][safepoint     ] Safepoint synchronization initiated. (192 threads)
[2023-10-30T23:19:03.621+0000][2322.279s][info ][safepoint     ] Application time: 1.0009804 seconds
[2023-10-30T23:19:03.622+0000][2322.280s][info ][safepoint     ] Entering safepoint region: Cleanup
[2023-10-30T23:19:03.623+0000][2322.281s][info ][safepoint     ] Leaving safepoint region
[2023-10-30T23:19:03.624+0000][2322.282s][info ][safepoint     ] Total time for which application threads were stopped: 0.0018310 seconds, Stopping threads took: 0.0007488 seconds
[2023-10-30T23:19:04.625+0000][2323.283s][debug][safepoint     ] Safepoint synchronization initiated. (192 threads)
[2023-10-30T23:19:04.626+0000][2323.284s][info ][safepoint     ] Application time: 1.0013613 seconds
[2023-10-30T23:19:04.627+0000][2323.285s][info ][safepoint     ] Entering safepoint region: Cleanup
[2023-10-30T23:19:04.628+0000][2323.286s][info ][safepoint     ] Leaving safepoint region
[2023-10-30T23:19:04.629+0000][2323.286s][info ][safepoint     ] Total time for which application threads were stopped: 0.0018679 seconds, Stopping threads took: 0.0008197 seconds
[2023-10-30T23:19:04.628+0000][2323.286s][debug][safepoint     ] ... found polling page return exception at pc = 0x00007f93492e2b44, stub =0x00007f9340840600
[2023-10-30T23:19:04.628+0000][2323.286s][debug][safepoint     ] ... found polling page return exception at pc = 0x00007f93492e2b44, stub =0x00007f9340840600
[2023-10-30T23:19:04.628+0000][2323.286s][debug][safepoint     ] ... found polling page return exception at pc = 0x00007f93492e2b44, stub =0x00007f9340840600
[2023-10-30T23:19:04.628+0000][2323.286s][debug][safepoint     ] ... found polling page return exception at pc = 0x00007f93492e2b44, stub =0x00007f9340840600
[2023-10-30T23:19:04.628+0000][2323.286s][debug][safepoint     ] ... found polling page return exception at pc = 0x00007f93492e2b44, stub =0x00007f9340840600
[2023-10-30T23:19:04.628+0000][2323.286s][debug][safepoint     ] ... found polling page return exception at pc = 0x00007f93492e2b44, stub =0x00007f9340840600
[2023-10-30T23:19:05.630+0000][2324.287s][debug][safepoint     ] Safepoint synchronization initiated. (192 threads)
[2023-10-30T23:19:05.630+0000][2324.288s][info ][safepoint     ] Application time: 1.0011774 seconds
[2023-10-30T23:19:05.631+0000][2324.289s][info ][safepoint     ] Entering safepoint region: Cleanup
[2023-10-30T23:19:05.632+0000][2324.290s][info ][safepoint     ] Leaving safepoint region
[2023-10-30T23:19:05.633+0000][2324.291s][info ][safepoint     ] Total time for which application threads were stopped: 0.0018026 seconds, Stopping threads took: 0.0007335 seconds
[2023-10-30T23:19:06.634+0000][2325.292s][debug][safepoint     ] Safepoint synchronization initiated. (192 threads)
[2023-10-30T23:19:06.635+0000][2325.293s][info ][safepoint     ] Application time: 1.0011047 seconds
[2023-10-30T23:19:06.636+0000][2325.294s][info ][safepoint     ] Entering safepoint region: Cleanup
[2023-10-30T23:19:06.637+0000][2325.295s][info ][safepoint     ] Leaving safepoint region
[2023-10-30T23:19:06.638+0000][2325.295s][info ][safepoint     ] Total time for which application threads were stopped: 0.0018102 seconds, Stopping threads took: 0.0008648 seconds
[2023-10-30T23:19:07.638+0000][2326.296s][debug][safepoint     ] Safepoint synchronization initiated. (193 threads)
[2023-10-30T23:19:07.639+0000][2326.297s][info ][safepoint     ] Application time: 1.0012554 seconds
[2023-10-30T23:19:07.640+0000][2326.298s][info ][safepoint     ] Entering safepoint region: Cleanup
[2023-10-30T23:19:07.641+0000][2326.299s][info ][safepoint     ] Leaving safepoint region
[2023-10-30T23:19:07.642+0000][2326.300s][info ][safepoint     ] Total time for which application threads were stopped: 0.0017390 seconds, Stopping threads took: 0.0007860 seconds
[2023-10-30T23:19:08.643+0000][2327.301s][debug][safepoint     ] Safepoint synchronization initiated. (193 threads)
[2023-10-30T23:19:08.644+0000][2327.302s][info ][safepoint     ] Application time: 1.0011830 seconds
[2023-10-30T23:19:08.645+0000][2327.303s][info ][safepoint     ] Entering safepoint region: Cleanup
[2023-10-30T23:19:08.646+0000][2327.304s][info ][safepoint     ] Leaving safepoint region
[2023-10-30T23:19:08.647+0000][2327.305s][info ][safepoint     ] Total time for which application threads were stopped: 0.0019711 seconds, Stopping threads took: 0.0009099 seconds
[2023-10-30T23:19:09.648+0000][2328.305s][debug][safepoint     ] Safepoint synchronization initiated. (193 threads)
[2023-10-30T23:19:09.649+0000][2328.307s][info ][safepoint     ] Application time: 1.0020955 seconds
[2023-10-30T23:19:09.651+0000][2328.308s][info ][safepoint     ] Entering safepoint region: Cleanup
[2023-10-30T23:19:09.652+0000][2328.310s][info ][safepoint     ] Leaving safepoint region
[2023-10-30T23:19:09.653+0000][2328.311s][info ][safepoint     ] Total time for which application threads were stopped: 0.0023291 seconds, Stopping threads took: 0.0011440 seconds
[2023-10-30T23:19:10.654+0000][2329.311s][debug][safepoint     ] Safepoint synchronization initiated. (193 threads)
[2023-10-30T23:19:10.655+0000][2329.312s][info ][safepoint     ] Application time: 1.0010566 seconds
[2023-10-30T23:19:10.655+0000][2329.313s][info ][safepoint     ] Entering safepoint region: Cleanup
[2023-10-30T23:19:10.656+0000][2329.314s][info ][safepoint     ] Leaving safepoint region
[2023-10-30T23:19:10.656+0000][2329.314s][info ][safepoint     ] Total time for which application threads were stopped: 0.0010879 seconds, Stopping threads took: 0.0004960 seconds
[2023-10-30T23:19:11.657+0000][2330.315s][debug][safepoint     ] Safepoint synchronization initiated. (193 threads)
[2023-10-30T23:19:11.658+0000][2330.315s][info ][safepoint     ] Application time: 1.0010944 seconds
[2023-10-30T23:19:11.658+0000][2330.316s][info ][safepoint     ] Entering safepoint region: Cleanup
[2023-10-30T23:19:11.659+0000][2330.317s][info ][safepoint     ] Leaving safepoint region
[2023-10-30T23:19:11.660+0000][2330.318s][info ][safepoint     ] Total time for which application threads were stopped: 0.0014142 seconds, Stopping threads took: 0.0005305 seconds
[2023-10-30T23:19:12.660+0000][2331.318s][debug][safepoint     ] Safepoint synchronization initiated. (194 threads)
[2023-10-30T23:19:12.661+0000][2331.319s][info ][safepoint     ] Application time: 1.0009716 seconds
[2023-10-30T23:19:12.662+0000][2331.320s][info ][safepoint     ] Entering safepoint region: Cleanup
[2023-10-30T23:19:12.663+0000][2331.321s][info ][safepoint     ] Leaving safepoint region
[2023-10-30T23:19:12.664+0000][2331.321s][info ][safepoint     ] Total time for which application threads were stopped: 0.0016262 seconds, Stopping threads took: 0.0006989 seconds
[2023-10-30T23:19:13.664+0000][2332.322s][debug][safepoint     ] Safepoint synchronization initiated. (194 threads)
[2023-10-30T23:19:13.665+0000][2332.322s][info ][safepoint     ] Application time: 1.0004533 seconds
[2023-10-30T23:19:13.665+0000][2332.323s][info ][safepoint     ] Entering safepoint region: Cleanup
[2023-10-30T23:19:13.665+0000][2332.323s][info ][safepoint     ] Leaving safepoint region
[2023-10-30T23:19:13.666+0000][2332.323s][info ][safepoint     ] Total time for which application threads were stopped: 0.0007513 seconds, Stopping threads took: 0.0003153 seconds
[2023-10-30T23:19:14.666+0000][2333.324s][debug][safepoint     ] Safepoint synchronization initiated. (194 threads)
[2023-10-30T23:19:14.667+0000][2333.324s][info ][safepoint     ] Application time: 1.0005817 seconds
[2023-10-30T23:19:14.667+0000][2333.325s][info ][safepoint     ] Entering safepoint region: Cleanup
[2023-10-30T23:19:14.667+0000][2333.325s][info ][safepoint     ] Leaving safepoint region
[2023-10-30T23:19:14.668+0000][2333.326s][info ][safepoint     ] Total time for which application threads were stopped: 0.0008778 seconds, Stopping threads took: 0.0003704 seconds
[2023-10-30T23:19:15.668+0000][2334.326s][debug][safepoint     ] Safepoint synchronization initiated. (194 threads)
[2023-10-30T23:19:15.670+0000][2334.327s][info ][safepoint     ] Application time: 1.0015334 seconds
[2023-10-30T23:19:15.670+0000][2334.328s][info ][safepoint     ] Entering safepoint region: Cleanup
[2023-10-30T23:19:15.671+0000][2334.329s][info ][safepoint     ] Leaving safepoint region
[2023-10-30T23:19:15.672+0000][2334.329s][info ][safepoint     ] Total time for which application threads were stopped: 0.0014202 seconds, Stopping threads took: 0.0006794 seconds
[2023-10-30T23:19:16.672+0000][2335.330s][debug][safepoint     ] Safepoint synchronization initiated. (194 threads)
[2023-10-30T23:19:16.673+0000][2335.331s][info ][safepoint     ] Application time: 1.0008385 seconds
[2023-10-30T23:19:16.673+0000][2335.331s][info ][safepoint     ] Entering safepoint region: Cleanup
[2023-10-30T23:19:16.674+0000][2335.332s][info ][safepoint     ] Leaving safepoint region
[2023-10-30T23:19:16.675+0000][2335.332s][info ][safepoint     ] Total time for which application threads were stopped: 0.0011655 seconds, Stopping threads took: 0.0004855 seconds
[2023-10-30T23:19:17.675+0000][2336.333s][debug][safepoint     ] Safepoint synchronization initiated. (194 threads)
[2023-10-30T23:19:17.675+0000][2336.333s][info ][safepoint     ] Application time: 1.0006016 seconds
[2023-10-30T23:19:17.676+0000][2336.334s][info ][safepoint     ] Entering safepoint region: Cleanup
[2023-10-30T23:19:17.676+0000][2336.334s][info ][safepoint     ] Leaving safepoint region
[2023-10-30T23:19:17.677+0000][2336.335s][info ][safepoint     ] Total time for which application threads were stopped: 0.0008565 seconds, Stopping threads took: 0.0003360 seconds
[2023-10-30T23:19:18.677+0000][2337.335s][debug][safepoint     ] Safepoint synchronization initiated. (194 threads)
[2023-10-30T23:19:18.679+0000][2337.337s][info ][safepoint     ] Application time: 1.0018323 seconds
[2023-10-30T23:19:18.680+0000][2337.338s][info ][safepoint     ] Entering safepoint region: Cleanup
[2023-10-30T23:19:18.683+0000][2337.341s][info ][safepoint     ] Leaving safepoint region
[2023-10-30T23:19:18.684+0000][2337.341s][info ][safepoint     ] Total time for which application threads were stopped: 0.0033537 seconds, Stopping threads took: 0.0025865 seconds
[2023-10-30T23:19:19.684+0000][2338.342s][debug][safepoint     ] Safepoint synchronization initiated. (194 threads)
[2023-10-30T23:19:19.685+0000][2338.343s][info ][safepoint     ] Application time: 1.0005649 seconds
[2023-10-30T23:19:19.685+0000][2338.343s][info ][safepoint     ] Entering safepoint region: Cleanup
[2023-10-30T23:19:19.686+0000][2338.344s][info ][safepoint     ] Leaving safepoint region
[2023-10-30T23:19:19.686+0000][2338.344s][info ][safepoint     ] Total time for which application threads were stopped: 0.0008892 seconds, Stopping threads took: 0.0004250 seconds
[2023-10-30T23:19:20.687+0000][2339.345s][debug][safepoint     ] Safepoint synchronization initiated. (197 threads)
[2023-10-30T23:19:20.688+0000][2339.345s][info ][safepoint     ] Application time: 1.0011214 seconds
[2023-10-30T23:19:20.688+0000][2339.346s][info ][safepoint     ] Entering safepoint region: Cleanup
[2023-10-30T23:19:20.689+0000][2339.347s][info ][safepoint     ] Leaving safepoint region
[2023-10-30T23:19:20.690+0000][2339.348s][info ][safepoint     ] Total time for which application threads were stopped: 0.0016036 seconds, Stopping threads took: 0.0006892 seconds
[2023-10-30T23:19:21.691+0000][2340.349s][debug][safepoint     ] Safepoint synchronization initiated. (197 threads)
[2023-10-30T23:19:21.691+0000][2340.349s][info ][safepoint     ] Application time: 1.0005954 seconds
[2023-10-30T23:19:21.692+0000][2340.349s][info ][safepoint     ] Entering safepoint region: Cleanup
[2023-10-30T23:19:21.692+0000][2340.350s][info ][safepoint     ] Leaving safepoint region
[2023-10-30T23:19:21.693+0000][2340.350s][info ][safepoint     ] Total time for which application threads were stopped: 0.0009086 seconds, Stopping threads took: 0.0003640 seconds
[2023-10-30T23:19:22.693+0000][2341.351s][debug][safepoint     ] Safepoint synchronization initiated. (197 threads)
[2023-10-30T23:19:22.694+0000][2341.352s][info ][safepoint     ] Application time: 1.0014072 seconds
[2023-10-30T23:19:22.695+0000][2341.353s][info ][safepoint     ] Entering safepoint region: Cleanup
[2023-10-30T23:19:22.696+0000][2341.354s][info ][safepoint     ] Leaving safepoint region
[2023-10-30T23:19:22.697+0000][2341.355s][info ][safepoint     ] Total time for which application threads were stopped: 0.0018952 seconds, Stopping threads took: 0.0008095 seconds
[2023-10-30T23:19:23.698+0000][2342.356s][debug][safepoint     ] Safepoint synchronization initiated. (197 threads)
[2023-10-30T23:19:23.698+0000][2342.356s][info ][safepoint     ] Application time: 1.0005343 seconds
[2023-10-30T23:19:23.699+0000][2342.356s][info ][safepoint     ] Entering safepoint region: Cleanup
[2023-10-30T23:19:23.699+0000][2342.357s][info ][safepoint     ] Leaving safepoint region
[2023-10-30T23:19:23.699+0000][2342.357s][info ][safepoint     ] Total time for which application threads were stopped: 0.0008193 seconds, Stopping threads took: 0.0003429 seconds
[2023-10-30T23:19:24.700+0000][2343.358s][debug][safepoint     ] Safepoint synchronization initiated. (197 threads)
[2023-10-30T23:19:24.701+0000][2343.359s][info ][safepoint     ] Application time: 1.0011384 seconds
[2023-10-30T23:19:24.702+0000][2343.359s][info ][safepoint     ] Entering safepoint region: Cleanup
[2023-10-30T23:19:24.703+0000][2343.361s][info ][safepoint     ] Leaving safepoint region
[2023-10-30T23:19:24.703+0000][2343.361s][info ][safepoint     ] Total time for which application threads were stopped: 0.0017387 seconds, Stopping threads took: 0.0008208 seconds
[2023-10-30T23:19:25.704+0000][2344.362s][debug][safepoint     ] Safepoint synchronization initiated. (197 threads)
[2023-10-30T23:19:25.706+0000][2344.363s][info ][safepoint     ] Application time: 1.0013551 seconds
[2023-10-30T23:19:25.707+0000][2344.364s][info ][safepoint     ] Entering safepoint region: Cleanup
[2023-10-30T23:19:25.708+0000][2344.366s][info ][safepoint     ] Leaving safepoint region
[2023-10-30T23:19:25.709+0000][2344.366s][info ][safepoint     ] Total time for which application threads were stopped: 0.0019804 seconds, Stopping threads took: 0.0009346 seconds
[2023-10-30T23:19:26.710+0000][2345.367s][debug][safepoint     ] Safepoint synchronization initiated. (197 threads)
[2023-10-30T23:19:26.711+0000][2345.369s][info ][safepoint     ] Application time: 1.0014484 seconds
[2023-10-30T23:19:26.712+0000][2345.369s][info ][safepoint     ] Entering safepoint region: Cleanup
[2023-10-30T23:19:26.713+0000][2345.371s][info ][safepoint     ] Leaving safepoint region
[2023-10-30T23:19:26.714+0000][2345.371s][info ][safepoint     ] Total time for which application threads were stopped: 0.0020500 seconds, Stopping threads took: 0.0010322 seconds
[2023-10-30T23:19:27.715+0000][2346.373s][debug][safepoint     ] Safepoint synchronization initiated. (197 threads)
[2023-10-30T23:19:27.716+0000][2346.374s][info ][safepoint     ] Application time: 1.0015147 seconds
[2023-10-30T23:19:27.717+0000][2346.375s][info ][safepoint     ] Entering safepoint region: Cleanup
[2023-10-30T23:19:27.718+0000][2346.376s][info ][safepoint     ] Leaving safepoint region
[2023-10-30T23:19:27.719+0000][2346.377s][info ][safepoint     ] Total time for which application threads were stopped: 0.0020770 seconds, Stopping threads took: 0.0008140 seconds
[2023-10-30T23:19:28.720+0000][2347.378s][debug][safepoint     ] Safepoint synchronization initiated. (197 threads)
[2023-10-30T23:19:28.721+0000][2347.379s][info ][safepoint     ] Application time: 1.0016498 seconds
[2023-10-30T23:19:28.722+0000][2347.380s][info ][safepoint     ] Entering safepoint region: Cleanup
[2023-10-30T23:19:28.724+0000][2347.382s][info ][safepoint     ] Leaving safepoint region
[2023-10-30T23:19:28.725+0000][2347.383s][info ][safepoint     ] Total time for which application threads were stopped: 0.0024668 seconds, Stopping threads took: 0.0011616 seconds
[2023-10-30T23:19:29.726+0000][2348.384s][debug][safepoint     ] Safepoint synchronization initiated. (197 threads)
[2023-10-30T23:19:29.727+0000][2348.385s][info ][safepoint     ] Application time: 1.0012722 seconds
[2023-10-30T23:19:29.728+0000][2348.386s][info ][safepoint     ] Entering safepoint region: Cleanup
[2023-10-30T23:19:29.729+0000][2348.387s][info ][safepoint     ] Leaving safepoint region
[2023-10-30T23:19:29.730+0000][2348.387s][info ][safepoint     ] Total time for which application threads were stopped: 0.0015863 seconds, Stopping threads took: 0.0006778 seconds
[2023-10-30T23:19:30.730+0000][2349.388s][debug][safepoint     ] Safepoint synchronization initiated. (197 threads)
[2023-10-30T23:19:30.731+0000][2349.389s][info ][safepoint     ] Application time: 1.0011131 seconds
[2023-10-30T23:19:30.732+0000][2349.390s][info ][safepoint     ] Entering safepoint region: Cleanup
[2023-10-30T23:19:30.733+0000][2349.391s][info ][safepoint     ] Leaving safepoint region
[2023-10-30T23:19:30.734+0000][2349.392s][info ][safepoint     ] Total time for which application threads were stopped: 0.0019792 seconds, Stopping threads took: 0.0008738 seconds
[2023-10-30T23:19:31.735+0000][2350.393s][debug][safepoint     ] Safepoint synchronization initiated. (197 threads)
[2023-10-30T23:19:31.736+0000][2350.394s][info ][safepoint     ] Application time: 1.0009645 seconds
[2023-10-30T23:19:31.736+0000][2350.394s][info ][safepoint     ] Entering safepoint region: Cleanup
[2023-10-30T23:19:31.737+0000][2350.395s][info ][safepoint     ] Leaving safepoint region
[2023-10-30T23:19:31.738+0000][2350.395s][info ][safepoint     ] Total time for which application threads were stopped: 0.0013108 seconds, Stopping threads took: 0.0006025 seconds
[2023-10-30T23:19:32.738+0000][2351.396s][debug][safepoint     ] Safepoint synchronization initiated. (197 threads)
[2023-10-30T23:19:32.739+0000][2351.397s][info ][safepoint     ] Application time: 1.0009758 seconds
[2023-10-30T23:19:32.740+0000][2351.398s][info ][safepoint     ] Entering safepoint region: Cleanup
[2023-10-30T23:19:32.741+0000][2351.399s][info ][safepoint     ] Leaving safepoint region
[2023-10-30T23:19:32.742+0000][2351.399s][info ][safepoint     ] Total time for which application threads were stopped: 0.0016891 seconds, Stopping threads took: 0.0007885 seconds
[2023-10-30T23:19:33.742+0000][2352.400s][debug][safepoint     ] Safepoint synchronization initiated. (197 threads)
[2023-10-30T23:19:33.743+0000][2352.401s][info ][safepoint     ] Application time: 1.0008678 seconds
[2023-10-30T23:19:33.744+0000][2352.402s][info ][safepoint     ] Entering safepoint region: Cleanup
[2023-10-30T23:19:33.744+0000][2352.402s][info ][safepoint     ] Leaving safepoint region
[2023-10-30T23:19:33.745+0000][2352.403s][info ][safepoint     ] Total time for which application threads were stopped: 0.0012132 seconds, Stopping threads took: 0.0005184 seconds
[2023-10-30T23:19:34.745+0000][2353.403s][debug][safepoint     ] Safepoint synchronization initiated. (197 threads)
[2023-10-30T23:19:34.746+0000][2353.404s][info ][safepoint     ] Application time: 1.0004797 seconds
[2023-10-30T23:19:34.746+0000][2353.404s][info ][safepoint     ] Entering safepoint region: Cleanup
[2023-10-30T23:19:34.747+0000][2353.404s][info ][safepoint     ] Leaving safepoint region
[2023-10-30T23:19:34.747+0000][2353.405s][info ][safepoint     ] Total time for which application threads were stopped: 0.0007752 seconds, Stopping threads took: 0.0003431 seconds
[2023-10-30T23:19:35.747+0000][2354.405s][debug][safepoint     ] Safepoint synchronization initiated. (197 threads)
[2023-10-30T23:19:35.748+0000][2354.405s][info ][safepoint     ] Application time: 1.0005075 seconds
[2023-10-30T23:19:35.748+0000][2354.406s][info ][safepoint     ] Entering safepoint region: Cleanup
[2023-10-30T23:19:35.748+0000][2354.406s][info ][safepoint     ] Leaving safepoint region
[2023-10-30T23:19:35.749+0000][2354.407s][info ][safepoint     ] Total time for which application threads were stopped: 0.0008566 seconds, Stopping threads took: 0.0003550 seconds
[2023-10-30T23:19:36.749+0000][2355.407s][debug][safepoint     ] Safepoint synchronization initiated. (197 threads)
[2023-10-30T23:19:36.750+0000][2355.408s][info ][safepoint     ] Application time: 1.0012376 seconds
[2023-10-30T23:19:36.751+0000][2355.409s][info ][safepoint     ] Entering safepoint region: Cleanup
[2023-10-30T23:19:36.752+0000][2355.410s][info ][safepoint     ] Leaving safepoint region
[2023-10-30T23:19:36.753+0000][2355.411s][info ][safepoint     ] Total time for which application threads were stopped: 0.0017266 seconds, Stopping threads took: 0.0007314 seconds
[2023-10-30T23:19:37.754+0000][2356.411s][debug][safepoint     ] Safepoint synchronization initiated. (197 threads)
[2023-10-30T23:19:37.754+0000][2356.412s][info ][safepoint     ] Application time: 1.0007188 seconds
[2023-10-30T23:19:37.755+0000][2356.412s][info ][safepoint     ] Entering safepoint region: Cleanup
[2023-10-30T23:19:37.755+0000][2356.413s][info ][safepoint     ] Leaving safepoint region
[2023-10-30T23:19:37.755+0000][2356.413s][info ][safepoint     ] Total time for which application threads were stopped: 0.0008460 seconds, Stopping threads took: 0.0003714 seconds
[2023-10-30T23:19:38.756+0000][2357.414s][debug][safepoint     ] Safepoint synchronization initiated. (197 threads)
[2023-10-30T23:19:38.787+0000][2357.445s][info ][safepoint     ] Application time: 1.0312133 seconds
[2023-10-30T23:19:38.794+0000][2357.452s][info ][safepoint     ] Entering safepoint region: Cleanup
[2023-10-30T23:19:38.795+0000][2357.453s][info ][safepoint     ] Leaving safepoint region
[2023-10-30T23:19:38.796+0000][2357.453s][info ][safepoint     ] Total time for which application threads were stopped: 0.0014806 seconds, Stopping threads took: 0.0007218 seconds
[2023-10-30T23:19:39.796+0000][2358.454s][debug][safepoint     ] Safepoint synchronization initiated. (197 threads)
[2023-10-30T23:19:39.797+0000][2358.455s][info ][safepoint     ] Application time: 1.0006501 seconds
[2023-10-30T23:19:39.797+0000][2358.455s][info ][safepoint     ] Entering safepoint region: Cleanup
[2023-10-30T23:19:39.798+0000][2358.456s][info ][safepoint     ] Leaving safepoint region
[2023-10-30T23:19:39.798+0000][2358.456s][info ][safepoint     ] Total time for which application threads were stopped: 0.0008918 seconds, Stopping threads took: 0.0004214 seconds
[2023-10-30T23:19:40.799+0000][2359.456s][debug][safepoint     ] Safepoint synchronization initiated. (197 threads)
[2023-10-30T23:19:40.799+0000][2359.457s][info ][safepoint     ] Application time: 1.0010628 seconds
[2023-10-30T23:19:40.800+0000][2359.458s][info ][safepoint     ] Entering safepoint region: Cleanup
[2023-10-30T23:19:40.801+0000][2359.459s][info ][safepoint     ] Leaving safepoint region
[2023-10-30T23:19:40.802+0000][2359.460s][info ][safepoint     ] Total time for which application threads were stopped: 0.0014942 seconds, Stopping threads took: 0.0006658 seconds
[2023-10-30T23:19:41.803+0000][2360.460s][debug][safepoint     ] Safepoint synchronization initiated. (197 threads)
[2023-10-30T23:19:41.803+0000][2360.461s][info ][safepoint     ] Application time: 1.0009024 seconds
[2023-10-30T23:19:41.804+0000][2360.462s][info ][safepoint     ] Entering safepoint region: Cleanup
[2023-10-30T23:19:41.805+0000][2360.462s][info ][safepoint     ] Leaving safepoint region
[2023-10-30T23:19:41.805+0000][2360.463s][info ][safepoint     ] Total time for which application threads were stopped: 0.0014578 seconds, Stopping threads took: 0.0005872 seconds
[2023-10-30T23:19:42.806+0000][2361.464s][debug][safepoint     ] Safepoint synchronization initiated. (197 threads)
[2023-10-30T23:19:42.807+0000][2361.465s][info ][safepoint     ] Application time: 1.0009749 seconds
[2023-10-30T23:19:42.808+0000][2361.465s][info ][safepoint     ] Entering safepoint region: Cleanup
[2023-10-30T23:19:42.809+0000][2361.467s][info ][safepoint     ] Leaving safepoint region
[2023-10-30T23:19:42.809+0000][2361.467s][info ][safepoint     ] Total time for which application threads were stopped: 0.0017986 seconds, Stopping threads took: 0.0006932 seconds
[2023-10-30T23:19:43.811+0000][2362.469s][debug][safepoint     ] Safepoint synchronization initiated. (197 threads)
[2023-10-30T23:19:43.812+0000][2362.469s][info ][safepoint     ] Application time: 1.0012706 seconds
[2023-10-30T23:19:43.812+0000][2362.470s][info ][safepoint     ] Entering safepoint region: Cleanup
[2023-10-30T23:19:43.813+0000][2362.470s][info ][safepoint     ] Leaving safepoint region
[2023-10-30T23:19:43.813+0000][2362.471s][info ][safepoint     ] Total time for which application threads were stopped: 0.0008629 seconds, Stopping threads took: 0.0003602 seconds
[2023-10-30T23:19:44.813+0000][2363.471s][debug][safepoint     ] Safepoint synchronization initiated. (197 threads)
[2023-10-30T23:19:44.814+0000][2363.472s][info ][safepoint     ] Application time: 1.0011302 seconds
[2023-10-30T23:19:44.815+0000][2363.473s][info ][safepoint     ] Entering safepoint region: Cleanup
[2023-10-30T23:19:44.816+0000][2363.474s][info ][safepoint     ] Leaving safepoint region
[2023-10-30T23:19:44.817+0000][2363.475s][info ][safepoint     ] Total time for which application threads were stopped: 0.0017375 seconds, Stopping threads took: 0.0006947 seconds
[2023-10-30T23:19:45.818+0000][2364.476s][debug][safepoint     ] Safepoint synchronization initiated. (197 threads)
[2023-10-30T23:19:45.819+0000][2364.477s][info ][safepoint     ] Application time: 1.0012879 seconds
[2023-10-30T23:19:45.820+0000][2364.478s][info ][safepoint     ] Entering safepoint region: Cleanup
[2023-10-30T23:19:45.821+0000][2364.479s][info ][safepoint     ] Leaving safepoint region
[2023-10-30T23:19:45.822+0000][2364.480s][info ][safepoint     ] Total time for which application threads were stopped: 0.0021001 seconds, Stopping threads took: 0.0010196 seconds
[2023-10-30T23:19:46.823+0000][2365.481s][debug][safepoint     ] Safepoint synchronization initiated. (197 threads)
[2023-10-30T23:19:46.824+0000][2365.482s][info ][safepoint     ] Application time: 1.0009891 seconds
[2023-10-30T23:19:46.824+0000][2365.482s][info ][safepoint     ] Entering safepoint region: Cleanup
[2023-10-30T23:19:46.825+0000][2365.483s][info ][safepoint     ] Leaving safepoint region
[2023-10-30T23:19:46.826+0000][2365.483s][info ][safepoint     ] Total time for which application threads were stopped: 0.0013782 seconds, Stopping threads took: 0.0005769 seconds
[2023-10-30T23:19:47.826+0000][2366.484s][debug][safepoint     ] Safepoint synchronization initiated. (197 threads)
[2023-10-30T23:19:47.827+0000][2366.485s][info ][safepoint     ] Application time: 1.0010021 seconds
[2023-10-30T23:19:47.828+0000][2366.486s][info ][safepoint     ] Entering safepoint region: Cleanup
[2023-10-30T23:19:47.829+0000][2366.487s][info ][safepoint     ] Leaving safepoint region
[2023-10-30T23:19:47.829+0000][2366.487s][info ][safepoint     ] Total time for which application threads were stopped: 0.0013071 seconds, Stopping threads took: 0.0005418 seconds
[2023-10-30T23:19:48.830+0000][2367.488s][debug][safepoint     ] Safepoint synchronization initiated. (197 threads)
[2023-10-30T23:19:48.831+0000][2367.489s][info ][safepoint     ] Application time: 1.0013721 seconds
[2023-10-30T23:19:48.832+0000][2367.490s][info ][safepoint     ] Entering safepoint region: Cleanup
[2023-10-30T23:19:48.833+0000][2367.491s][info ][safepoint     ] Leaving safepoint region
[2023-10-30T23:19:48.834+0000][2367.492s][info ][safepoint     ] Total time for which application threads were stopped: 0.0020655 seconds, Stopping threads took: 0.0009970 seconds
[2023-10-30T23:19:49.835+0000][2368.493s][debug][safepoint     ] Safepoint synchronization initiated. (197 threads)
[2023-10-30T23:19:49.836+0000][2368.493s][info ][safepoint     ] Application time: 1.0008680 seconds
[2023-10-30T23:19:49.836+0000][2368.494s][info ][safepoint     ] Entering safepoint region: Cleanup
[2023-10-30T23:19:49.837+0000][2368.495s][info ][safepoint     ] Leaving safepoint region
[2023-10-30T23:19:49.837+0000][2368.495s][info ][safepoint     ] Total time for which application threads were stopped: 0.0009967 seconds, Stopping threads took: 0.0004066 seconds
[2023-10-30T23:19:50.838+0000][2369.496s][debug][safepoint     ] Safepoint synchronization initiated. (197 threads)
[2023-10-30T23:19:50.839+0000][2369.497s][info ][safepoint     ] Application time: 1.0012533 seconds
[2023-10-30T23:19:50.840+0000][2369.498s][info ][safepoint     ] Entering safepoint region: Cleanup
[2023-10-30T23:19:50.841+0000][2369.499s][info ][safepoint     ] Leaving safepoint region
[2023-10-30T23:19:50.842+0000][2369.499s][info ][safepoint     ] Total time for which application threads were stopped: 0.0017190 seconds, Stopping threads took: 0.0007448 seconds
[2023-10-30T23:19:51.842+0000][2370.500s][debug][safepoint     ] Safepoint synchronization initiated. (197 threads)
[2023-10-30T23:19:51.843+0000][2370.501s][info ][safepoint     ] Application time: 1.0007831 seconds
[2023-10-30T23:19:51.844+0000][2370.501s][info ][safepoint     ] Entering safepoint region: Cleanup
[2023-10-30T23:19:51.844+0000][2370.502s][info ][safepoint     ] Leaving safepoint region
[2023-10-30T23:19:51.845+0000][2370.503s][info ][safepoint     ] Total time for which application threads were stopped: 0.0011905 seconds, Stopping threads took: 0.0004711 seconds
[2023-10-30T23:19:52.845+0000][2371.503s][debug][safepoint     ] Safepoint synchronization initiated. (197 threads)
[2023-10-30T23:19:52.846+0000][2371.504s][info ][safepoint     ] Application time: 1.0006631 seconds
[2023-10-30T23:19:52.846+0000][2371.504s][info ][safepoint     ] Entering safepoint region: Cleanup
[2023-10-30T23:19:52.847+0000][2371.505s][info ][safepoint     ] Leaving safepoint region
[2023-10-30T23:19:52.848+0000][2371.505s][info ][safepoint     ] Total time for which application threads were stopped: 0.0011307 seconds, Stopping threads took: 0.0006016 seconds
[2023-10-30T23:19:53.847+0000][2372.506s][debug][safepoint     ] Safepoint synchronization initiated. (197 threads)
[2023-10-30T23:19:53.848+0000][2372.506s][info ][safepoint     ] Application time: 1.0004847 seconds
[2023-10-30T23:19:53.848+0000][2372.507s][info ][safepoint     ] Entering safepoint region: Cleanup
[2023-10-30T23:19:53.849+0000][2372.507s][info ][safepoint     ] Leaving safepoint region
[2023-10-30T23:19:53.849+0000][2372.508s][info ][safepoint     ] Total time for which application threads were stopped: 0.0010402 seconds, Stopping threads took: 0.0004441 seconds
[2023-10-30T23:19:54.850+0000][2373.508s][debug][safepoint     ] Safepoint synchronization initiated. (197 threads)
[2023-10-30T23:19:54.851+0000][2373.509s][info ][safepoint     ] Application time: 1.0013201 seconds
[2023-10-30T23:19:54.852+0000][2373.510s][info ][safepoint     ] Entering safepoint region: Cleanup
[2023-10-30T23:19:54.853+0000][2373.512s][info ][safepoint     ] Leaving safepoint region
[2023-10-30T23:19:54.854+0000][2373.513s][info ][safepoint     ] Total time for which application threads were stopped: 0.0023276 seconds, Stopping threads took: 0.0010728 seconds
[2023-10-30T23:19:55.855+0000][2374.514s][debug][safepoint     ] Safepoint synchronization initiated. (197 threads)
[2023-10-30T23:19:55.856+0000][2374.514s][info ][safepoint     ] Application time: 1.0006980 seconds
[2023-10-30T23:19:55.856+0000][2374.515s][info ][safepoint     ] Entering safepoint region: Cleanup
[2023-10-30T23:19:55.857+0000][2374.515s][info ][safepoint     ] Leaving safepoint region
[2023-10-30T23:19:55.857+0000][2374.515s][info ][safepoint     ] Total time for which application threads were stopped: 0.0008631 seconds, Stopping threads took: 0.0003824 seconds
[2023-10-30T23:19:56.857+0000][2375.516s][debug][safepoint     ] Safepoint synchronization initiated. (197 threads)
[2023-10-30T23:19:56.858+0000][2375.516s][info ][safepoint     ] Application time: 1.0005835 seconds
[2023-10-30T23:19:56.859+0000][2375.517s][info ][safepoint     ] Entering safepoint region: Cleanup
[2023-10-30T23:19:56.860+0000][2375.518s][info ][safepoint     ] Leaving safepoint region
[2023-10-30T23:19:56.860+0000][2375.519s][info ][safepoint     ] Total time for which application threads were stopped: 0.0014512 seconds, Stopping threads took: 0.0009085 seconds
[2023-10-30T23:19:57.861+0000][2376.519s][debug][safepoint     ] Safepoint synchronization initiated. (197 threads)
[2023-10-30T23:19:57.861+0000][2376.520s][info ][safepoint     ] Application time: 1.0010604 seconds
[2023-10-30T23:19:57.862+0000][2376.521s][info ][safepoint     ] Entering safepoint region: Cleanup
[2023-10-30T23:19:57.863+0000][2376.521s][info ][safepoint     ] Leaving safepoint region
[2023-10-30T23:19:57.864+0000][2376.522s][info ][safepoint     ] Total time for which application threads were stopped: 0.0015101 seconds, Stopping threads took: 0.0007011 seconds
[2023-10-30T23:19:58.864+0000][2377.523s][debug][safepoint     ] Safepoint synchronization initiated. (197 threads)
[2023-10-30T23:19:58.865+0000][2377.523s][info ][safepoint     ] Application time: 1.0008915 seconds
[2023-10-30T23:19:58.866+0000][2377.524s][info ][safepoint     ] Entering safepoint region: Cleanup
[2023-10-30T23:19:58.866+0000][2377.525s][info ][safepoint     ] Leaving safepoint region
[2023-10-30T23:19:58.867+0000][2377.525s][info ][safepoint     ] Total time for which application threads were stopped: 0.0013693 seconds, Stopping threads took: 0.0005540 seconds
[2023-10-30T23:19:59.868+0000][2378.526s][debug][safepoint     ] Safepoint synchronization initiated. (197 threads)
[2023-10-30T23:19:59.868+0000][2378.527s][info ][safepoint     ] Application time: 1.0006269 seconds
[2023-10-30T23:19:59.869+0000][2378.527s][info ][safepoint     ] Entering safepoint region: Cleanup
[2023-10-30T23:19:59.869+0000][2378.528s][info ][safepoint     ] Leaving safepoint region
[2023-10-30T23:19:59.869+0000][2378.528s][info ][safepoint     ] Total time for which application threads were stopped: 0.0009506 seconds, Stopping threads took: 0.0003776 seconds
[2023-10-30T23:20:00.870+0000][2379.528s][debug][safepoint     ] Safepoint synchronization initiated. (197 threads)
[2023-10-30T23:20:00.871+0000][2379.529s][info ][safepoint     ] Application time: 1.0010797 seconds
[2023-10-30T23:20:00.872+0000][2379.530s][info ][safepoint     ] Entering safepoint region: Cleanup
[2023-10-30T23:20:00.873+0000][2379.531s][info ][safepoint     ] Leaving safepoint region
[2023-10-30T23:20:00.873+0000][2379.532s][info ][safepoint     ] Total time for which application threads were stopped: 0.0015541 seconds, Stopping threads took: 0.0007150 seconds
[2023-10-30T23:20:01.874+0000][2380.533s][debug][safepoint     ] Safepoint synchronization initiated. (197 threads)
[2023-10-30T23:20:01.875+0000][2380.534s][info ][safepoint     ] Application time: 1.0012721 seconds
[2023-10-30T23:20:01.876+0000][2380.534s][info ][safepoint     ] Entering safepoint region: Cleanup
[2023-10-30T23:20:01.877+0000][2380.536s][info ][safepoint     ] Leaving safepoint region
[2023-10-30T23:20:01.878+0000][2380.536s][info ][safepoint     ] Total time for which application threads were stopped: 0.0020575 seconds, Stopping threads took: 0.0007774 seconds
[2023-10-30T23:20:02.301+0000][2380.959s][debug][safepoint     ] Safepoint synchronization initiated. (197 threads)
[2023-10-30T23:20:02.301+0000][2380.960s][info ][safepoint     ] Application time: 0.4227696 seconds
[2023-10-30T23:20:02.302+0000][2380.960s][info ][safepoint     ] Entering safepoint region: G1CollectForAllocation
[2023-10-30T23:20:02.302+0000][2380.961s][info ][gc,start      ] GC(83) Pause Young (Prepare Mixed) (G1 Evacuation Pause)
[2023-10-30T23:20:02.303+0000][2380.961s][info ][gc,task       ] GC(83) Using 8 workers of 8 for evacuation
[2023-10-30T23:20:02.312+0000][2380.970s][info ][gc,phases     ] GC(83)   Pre Evacuate Collection Set: 0.1ms
[2023-10-30T23:20:02.312+0000][2380.970s][info ][gc,phases     ] GC(83)   Evacuate Collection Set: 3.8ms
[2023-10-30T23:20:02.312+0000][2380.971s][info ][gc,phases     ] GC(83)   Post Evacuate Collection Set: 4.1ms
[2023-10-30T23:20:02.313+0000][2380.971s][info ][gc,phases     ] GC(83)   Other: 1.1ms
[2023-10-30T23:20:02.313+0000][2380.972s][info ][gc,heap       ] GC(83) Eden regions: 147->0(17)
[2023-10-30T23:20:02.313+0000][2380.972s][info ][gc,heap       ] GC(83) Survivor regions: 2->3(19)
[2023-10-30T23:20:02.314+0000][2380.972s][info ][gc,heap       ] GC(83) Old regions: 145->145
[2023-10-30T23:20:02.314+0000][2380.973s][info ][gc,heap       ] GC(83) Humongous regions: 60->60
[2023-10-30T23:20:02.315+0000][2380.973s][info ][gc,metaspace  ] GC(83) Metaspace: 169629K(176932K)->169629K(176932K) NonClass: 150254K(155044K)->150254K(155044K) Class: 19375K(21888K)->19375K(21888K)
[2023-10-30T23:20:02.315+0000][2380.974s][info ][gc            ] GC(83) Pause Young (Prepare Mixed) (G1 Evacuation Pause) 351M->205M(411M) 12.882ms
[2023-10-30T23:20:02.316+0000][2380.974s][info ][gc,cpu        ] GC(83) User=0.05s Sys=0.00s Real=0.01s
[2023-10-30T23:20:02.316+0000][2380.974s][info ][safepoint     ] Leaving safepoint region
[2023-10-30T23:20:02.316+0000][2380.975s][info ][safepoint     ] Total time for which application threads were stopped: 0.0145807 seconds, Stopping threads took: 0.0004176 seconds
[2023-10-30T23:20:03.317+0000][2381.975s][debug][safepoint     ] Safepoint synchronization initiated. (197 threads)
[2023-10-30T23:20:03.318+0000][2381.976s][info ][safepoint     ] Application time: 1.0012534 seconds
[2023-10-30T23:20:03.319+0000][2381.977s][debug][safepoint     ] Waiting for 1 thread(s) to block
[2023-10-30T23:20:03.320+0000][2381.978s][info ][safepoint     ] Entering safepoint region: Cleanup
[2023-10-30T23:20:03.321+0000][2381.979s][info ][safepoint     ] Leaving safepoint region
[2023-10-30T23:20:03.321+0000][2381.980s][info ][safepoint     ] Total time for which application threads were stopped: 0.0027418 seconds, Stopping threads took: 0.0017699 seconds
[2023-10-30T23:20:04.322+0000][2382.981s][debug][safepoint     ] Safepoint synchronization initiated. (197 threads)
[2023-10-30T23:20:04.323+0000][2382.982s][info ][safepoint     ] Application time: 1.0014020 seconds
[2023-10-30T23:20:04.324+0000][2382.983s][info ][safepoint     ] Entering safepoint region: Cleanup
[2023-10-30T23:20:04.325+0000][2382.984s][info ][safepoint     ] Leaving safepoint region
[2023-10-30T23:20:04.326+0000][2382.984s][info ][safepoint     ] Total time for which application threads were stopped: 0.0016619 seconds, Stopping threads took: 0.0008003 seconds
[2023-10-30T23:20:05.327+0000][2383.985s][debug][safepoint     ] Safepoint synchronization initiated. (197 threads)
[2023-10-30T23:20:05.328+0000][2383.986s][info ][safepoint     ] Application time: 1.0013621 seconds
[2023-10-30T23:20:05.329+0000][2383.987s][info ][safepoint     ] Entering safepoint region: Cleanup
[2023-10-30T23:20:05.329+0000][2383.988s][info ][safepoint     ] Leaving safepoint region
[2023-10-30T23:20:05.330+0000][2383.989s][info ][safepoint     ] Total time for which application threads were stopped: 0.0016250 seconds, Stopping threads took: 0.0006773 seconds
[2023-10-30T23:20:06.331+0000][2384.989s][debug][safepoint     ] Safepoint synchronization initiated. (197 threads)
[2023-10-30T23:20:06.332+0000][2384.990s][info ][safepoint     ] Application time: 1.0009040 seconds
[2023-10-30T23:20:06.332+0000][2384.991s][info ][safepoint     ] Entering safepoint region: Cleanup
[2023-10-30T23:20:06.333+0000][2384.992s][info ][safepoint     ] Leaving safepoint region
[2023-10-30T23:20:06.334+0000][2384.992s][info ][safepoint     ] Total time for which application threads were stopped: 0.0013740 seconds, Stopping threads took: 0.0006659 seconds
[2023-10-30T23:20:07.334+0000][2385.993s][debug][safepoint     ] Safepoint synchronization initiated. (197 threads)
[2023-10-30T23:20:07.335+0000][2385.994s][info ][safepoint     ] Application time: 1.0009476 seconds
[2023-10-30T23:20:07.336+0000][2385.994s][info ][safepoint     ] Entering safepoint region: Cleanup
[2023-10-30T23:20:07.337+0000][2385.995s][info ][safepoint     ] Leaving safepoint region
[2023-10-30T23:20:07.337+0000][2385.996s][info ][safepoint     ] Total time for which application threads were stopped: 0.0013633 seconds, Stopping threads took: 0.0006078 seconds
[2023-10-30T23:20:08.338+0000][2386.996s][debug][safepoint     ] Safepoint synchronization initiated. (197 threads)
[2023-10-30T23:20:08.339+0000][2386.997s][info ][safepoint     ] Application time: 1.0010185 seconds
[2023-10-30T23:20:08.340+0000][2386.998s][info ][safepoint     ] Entering safepoint region: Cleanup
[2023-10-30T23:20:08.341+0000][2386.999s][info ][safepoint     ] Leaving safepoint region
[2023-10-30T23:20:08.341+0000][2387.000s][info ][safepoint     ] Total time for which application threads were stopped: 0.0016426 seconds, Stopping threads took: 0.0007660 seconds
[2023-10-30T23:20:09.342+0000][2388.001s][debug][safepoint     ] Safepoint synchronization initiated. (197 threads)
[2023-10-30T23:20:09.343+0000][2388.002s][info ][safepoint     ] Application time: 1.0012705 seconds
[2023-10-30T23:20:09.344+0000][2388.003s][info ][safepoint     ] Entering safepoint region: Cleanup
[2023-10-30T23:20:09.345+0000][2388.004s][info ][safepoint     ] Leaving safepoint region
[2023-10-30T23:20:09.346+0000][2388.004s][info ][safepoint     ] Total time for which application threads were stopped: 0.0018397 seconds, Stopping threads took: 0.0008436 seconds
[2023-10-30T23:20:10.347+0000][2389.005s][debug][safepoint     ] Safepoint synchronization initiated. (197 threads)
[2023-10-30T23:20:10.347+0000][2389.006s][info ][safepoint     ] Application time: 1.0005584 seconds
[2023-10-30T23:20:10.348+0000][2389.006s][info ][safepoint     ] Entering safepoint region: Cleanup
[2023-10-30T23:20:10.348+0000][2389.007s][info ][safepoint     ] Leaving safepoint region
[2023-10-30T23:20:10.349+0000][2389.007s][info ][safepoint     ] Total time for which application threads were stopped: 0.0009773 seconds, Stopping threads took: 0.0003851 seconds
[2023-10-30T23:20:11.349+0000][2390.007s][debug][safepoint     ] Safepoint synchronization initiated. (197 threads)
[2023-10-30T23:20:11.349+0000][2390.008s][info ][safepoint     ] Application time: 1.0004766 seconds
[2023-10-30T23:20:11.350+0000][2390.008s][info ][safepoint     ] Entering safepoint region: Cleanup
[2023-10-30T23:20:11.350+0000][2390.009s][info ][safepoint     ] Leaving safepoint region
[2023-10-30T23:20:11.350+0000][2390.009s][info ][safepoint     ] Total time for which application threads were stopped: 0.0008598 seconds, Stopping threads took: 0.0003472 seconds
[2023-10-30T23:20:12.351+0000][2391.009s][debug][safepoint     ] Safepoint synchronization initiated. (197 threads)
[2023-10-30T23:20:12.352+0000][2391.010s][info ][safepoint     ] Application time: 1.0010507 seconds
[2023-10-30T23:20:12.352+0000][2391.011s][info ][safepoint     ] Entering safepoint region: Cleanup
[2023-10-30T23:20:12.353+0000][2391.012s][info ][safepoint     ] Leaving safepoint region
[2023-10-30T23:20:12.354+0000][2391.012s][info ][safepoint     ] Total time for which application threads were stopped: 0.0012754 seconds, Stopping threads took: 0.0006518 seconds
[2023-10-30T23:20:13.354+0000][2392.013s][debug][safepoint     ] Safepoint synchronization initiated. (197 threads)
[2023-10-30T23:20:13.355+0000][2392.013s][info ][safepoint     ] Application time: 1.0005720 seconds
[2023-10-30T23:20:13.355+0000][2392.014s][info ][safepoint     ] Entering safepoint region: Cleanup
[2023-10-30T23:20:13.356+0000][2392.014s][info ][safepoint     ] Leaving safepoint region
[2023-10-30T23:20:13.356+0000][2392.014s][info ][safepoint     ] Total time for which application threads were stopped: 0.0008942 seconds, Stopping threads took: 0.0003785 seconds
[2023-10-30T23:20:14.357+0000][2393.015s][debug][safepoint     ] Safepoint synchronization initiated. (197 threads)
[2023-10-30T23:20:14.357+0000][2393.015s][info ][safepoint     ] Application time: 1.0005774 seconds
[2023-10-30T23:20:14.357+0000][2393.016s][info ][safepoint     ] Entering safepoint region: Cleanup
[2023-10-30T23:20:14.358+0000][2393.016s][info ][safepoint     ] Leaving safepoint region
[2023-10-30T23:20:14.358+0000][2393.017s][info ][safepoint     ] Total time for which application threads were stopped: 0.0009869 seconds, Stopping threads took: 0.0004138 seconds
[2023-10-30T23:20:15.359+0000][2394.018s][debug][safepoint     ] Safepoint synchronization initiated. (197 threads)
[2023-10-30T23:20:15.360+0000][2394.018s][info ][safepoint     ] Application time: 1.0007074 seconds
[2023-10-30T23:20:15.360+0000][2394.019s][info ][safepoint     ] Entering safepoint region: Cleanup
[2023-10-30T23:20:15.361+0000][2394.019s][info ][safepoint     ] Leaving safepoint region
[2023-10-30T23:20:15.361+0000][2394.020s][info ][safepoint     ] Total time for which application threads were stopped: 0.0010826 seconds, Stopping threads took: 0.0004899 seconds
[2023-10-30T23:20:16.362+0000][2395.020s][debug][safepoint     ] Safepoint synchronization initiated. (197 threads)
[2023-10-30T23:20:16.362+0000][2395.021s][info ][safepoint     ] Application time: 1.0006441 seconds
[2023-10-30T23:20:16.363+0000][2395.021s][info ][safepoint     ] Entering safepoint region: Cleanup
[2023-10-30T23:20:16.363+0000][2395.022s][info ][safepoint     ] Leaving safepoint region
[2023-10-30T23:20:16.364+0000][2395.022s][info ][safepoint     ] Total time for which application threads were stopped: 0.0010004 seconds, Stopping threads took: 0.0004648 seconds
[2023-10-30T23:20:17.364+0000][2396.023s][debug][safepoint     ] Safepoint synchronization initiated. (197 threads)
[2023-10-30T23:20:17.365+0000][2396.023s][info ][safepoint     ] Application time: 1.0007377 seconds
[2023-10-30T23:20:17.365+0000][2396.024s][info ][safepoint     ] Entering safepoint region: Cleanup
[2023-10-30T23:20:17.366+0000][2396.024s][info ][safepoint     ] Leaving safepoint region
[2023-10-30T23:20:17.366+0000][2396.025s][info ][safepoint     ] Total time for which application threads were stopped: 0.0013577 seconds, Stopping threads took: 0.0004303 seconds
[2023-10-30T23:20:18.367+0000][2397.025s][debug][safepoint     ] Safepoint synchronization initiated. (197 threads)
[2023-10-30T23:20:18.367+0000][2397.026s][info ][safepoint     ] Application time: 1.0005975 seconds
[2023-10-30T23:20:18.368+0000][2397.026s][info ][safepoint     ] Entering safepoint region: Cleanup
[2023-10-30T23:20:18.368+0000][2397.027s][info ][safepoint     ] Leaving safepoint region
[2023-10-30T23:20:18.369+0000][2397.027s][info ][safepoint     ] Total time for which application threads were stopped: 0.0008367 seconds, Stopping threads took: 0.0003436 seconds
[2023-10-30T23:20:19.369+0000][2398.027s][debug][safepoint     ] Safepoint synchronization initiated. (197 threads)
[2023-10-30T23:20:19.370+0000][2398.028s][info ][safepoint     ] Application time: 1.0009407 seconds
[2023-10-30T23:20:19.370+0000][2398.029s][info ][safepoint     ] Entering safepoint region: Cleanup
[2023-10-30T23:20:19.371+0000][2398.029s][info ][safepoint     ] Leaving safepoint region
[2023-10-30T23:20:19.371+0000][2398.030s][info ][safepoint     ] Total time for which application threads were stopped: 0.0012655 seconds, Stopping threads took: 0.0005596 seconds
[2023-10-30T23:20:19.953+0000][2398.611s][debug][safepoint     ] Safepoint synchronization initiated. (197 threads)
[2023-10-30T23:20:19.953+0000][2398.612s][info ][safepoint     ] Application time: 0.5811258 seconds
[2023-10-30T23:20:19.953+0000][2398.612s][info ][safepoint     ] Entering safepoint region: G1CollectForAllocation
[2023-10-30T23:20:19.954+0000][2398.612s][info ][gc,start      ] GC(84) Pause Young (Mixed) (G1 Evacuation Pause)
[2023-10-30T23:20:19.954+0000][2398.613s][info ][gc,task       ] GC(84) Using 8 workers of 8 for evacuation
[2023-10-30T23:20:19.960+0000][2398.619s][info ][gc,phases     ] GC(84)   Pre Evacuate Collection Set: 0.1ms
[2023-10-30T23:20:19.961+0000][2398.619s][info ][gc,phases     ] GC(84)   Evacuate Collection Set: 3.1ms
[2023-10-30T23:20:19.961+0000][2398.620s][info ][gc,phases     ] GC(84)   Post Evacuate Collection Set: 2.4ms
[2023-10-30T23:20:19.961+0000][2398.620s][info ][gc,phases     ] GC(84)   Other: 0.9ms
[2023-10-30T23:20:19.962+0000][2398.620s][info ][gc,heap       ] GC(84) Eden regions: 17->0(144)
[2023-10-30T23:20:19.962+0000][2398.620s][info ][gc,heap       ] GC(84) Survivor regions: 3->2(3)
[2023-10-30T23:20:19.962+0000][2398.621s][info ][gc,heap       ] GC(84) Old regions: 145->145
[2023-10-30T23:20:19.963+0000][2398.621s][info ][gc,heap       ] GC(84) Humongous regions: 60->60
[2023-10-30T23:20:19.963+0000][2398.621s][info ][gc,metaspace  ] GC(84) Metaspace: 169638K(176932K)->169638K(176932K) NonClass: 150263K(155044K)->150263K(155044K) Class: 19375K(21888K)->19375K(21888K)
[2023-10-30T23:20:19.963+0000][2398.622s][info ][gc            ] GC(84) Pause Young (Mixed) (G1 Evacuation Pause) 222M->204M(411M) 9.365ms
[2023-10-30T23:20:19.964+0000][2398.622s][info ][gc,cpu        ] GC(84) User=0.03s Sys=0.01s Real=0.01s
[2023-10-30T23:20:19.964+0000][2398.622s][info ][safepoint     ] Leaving safepoint region
[2023-10-30T23:20:19.964+0000][2398.623s][info ][safepoint     ] Total time for which application threads were stopped: 0.0109472 seconds, Stopping threads took: 0.0003601 seconds
[2023-10-30T23:20:19.965+0000][2398.623s][info ][gc,stringdedup] Concurrent String Deduplication (2398.623s)
[2023-10-30T23:20:19.965+0000][2398.623s][info ][gc,stringdedup] Concurrent String Deduplication 272.0B->120.0B(152.0B) avg 54.3% (2398.623s, 2398.623s) 0.360ms
[2023-10-30T23:20:20.965+0000][2399.623s][debug][safepoint     ] Safepoint synchronization initiated. (196 threads)
[2023-10-30T23:20:20.966+0000][2399.624s][info ][safepoint     ] Application time: 1.0013307 seconds
[2023-10-30T23:20:20.967+0000][2399.625s][info ][safepoint     ] Entering safepoint region: Cleanup
[2023-10-30T23:20:20.968+0000][2399.627s][info ][safepoint     ] Leaving safepoint region
[2023-10-30T23:20:20.969+0000][2399.627s][info ][safepoint     ] Total time for which application threads were stopped: 0.0018803 seconds, Stopping threads took: 0.0008936 seconds
[2023-10-30T23:20:21.970+0000][2400.628s][debug][safepoint     ] Safepoint synchronization initiated. (196 threads)
[2023-10-30T23:20:21.970+0000][2400.629s][info ][safepoint     ] Application time: 1.0008209 seconds
[2023-10-30T23:20:21.971+0000][2400.629s][info ][safepoint     ] Entering safepoint region: Cleanup
[2023-10-30T23:20:21.971+0000][2400.630s][info ][safepoint     ] Leaving safepoint region
[2023-10-30T23:20:21.972+0000][2400.630s][info ][safepoint     ] Total time for which application threads were stopped: 0.0011352 seconds, Stopping threads took: 0.0005259 seconds
[2023-10-30T23:20:22.973+0000][2401.631s][debug][safepoint     ] Safepoint synchronization initiated. (195 threads)
[2023-10-30T23:20:22.974+0000][2401.632s][info ][safepoint     ] Application time: 1.0012661 seconds
[2023-10-30T23:20:22.975+0000][2401.633s][info ][safepoint     ] Entering safepoint region: Cleanup
[2023-10-30T23:20:22.976+0000][2401.634s][info ][safepoint     ] Leaving safepoint region
[2023-10-30T23:20:22.976+0000][2401.635s][info ][safepoint     ] Total time for which application threads were stopped: 0.0019120 seconds, Stopping threads took: 0.0007288 seconds
[2023-10-30T23:20:23.977+0000][2402.636s][debug][safepoint     ] Safepoint synchronization initiated. (195 threads)
[2023-10-30T23:20:23.978+0000][2402.637s][info ][safepoint     ] Application time: 1.0016199 seconds
[2023-10-30T23:20:23.979+0000][2402.638s][info ][safepoint     ] Entering safepoint region: Cleanup
[2023-10-30T23:20:23.980+0000][2402.639s][info ][safepoint     ] Leaving safepoint region
[2023-10-30T23:20:23.981+0000][2402.640s][info ][safepoint     ] Total time for which application threads were stopped: 0.0021003 seconds, Stopping threads took: 0.0008687 seconds
[2023-10-30T23:20:24.982+0000][2403.641s][debug][safepoint     ] Safepoint synchronization initiated. (195 threads)
[2023-10-30T23:20:24.983+0000][2403.642s][info ][safepoint     ] Application time: 1.0012884 seconds
[2023-10-30T23:20:24.984+0000][2403.643s][info ][safepoint     ] Entering safepoint region: Cleanup
[2023-10-30T23:20:24.985+0000][2403.644s][info ][safepoint     ] Leaving safepoint region
[2023-10-30T23:20:24.985+0000][2403.644s][info ][safepoint     ] Total time for which application threads were stopped: 0.0011900 seconds, Stopping threads took: 0.0005345 seconds
[2023-10-30T23:20:25.986+0000][2404.645s][debug][safepoint     ] Safepoint synchronization initiated. (195 threads)
[2023-10-30T23:20:25.987+0000][2404.646s][info ][safepoint     ] Application time: 1.0010947 seconds
[2023-10-30T23:20:25.987+0000][2404.647s][info ][safepoint     ] Entering safepoint region: Cleanup
[2023-10-30T23:20:25.988+0000][2404.647s][info ][safepoint     ] Leaving safepoint region
[2023-10-30T23:20:25.989+0000][2404.648s][info ][safepoint     ] Total time for which application threads were stopped: 0.0014809 seconds, Stopping threads took: 0.0005618 seconds
[2023-10-30T23:20:26.990+0000][2405.649s][debug][safepoint     ] Safepoint synchronization initiated. (195 threads)
[2023-10-30T23:20:26.991+0000][2405.650s][info ][safepoint     ] Application time: 1.0012235 seconds
[2023-10-30T23:20:26.992+0000][2405.651s][info ][safepoint     ] Entering safepoint region: Cleanup
[2023-10-30T23:20:26.993+0000][2405.652s][info ][safepoint     ] Leaving safepoint region
[2023-10-30T23:20:26.993+0000][2405.653s][info ][safepoint     ] Total time for which application threads were stopped: 0.0018932 seconds, Stopping threads took: 0.0007728 seconds
[2023-10-30T23:20:27.994+0000][2406.654s][debug][safepoint     ] Safepoint synchronization initiated. (195 threads)
[2023-10-30T23:20:27.995+0000][2406.654s][info ][safepoint     ] Application time: 1.0011819 seconds
[2023-10-30T23:20:27.996+0000][2406.655s][info ][safepoint     ] Entering safepoint region: Cleanup
[2023-10-30T23:20:27.997+0000][2406.656s][info ][safepoint     ] Leaving safepoint region
[2023-10-30T23:20:27.998+0000][2406.657s][info ][safepoint     ] Total time for which application threads were stopped: 0.0017091 seconds, Stopping threads took: 0.0007680 seconds
[2023-10-30T23:20:28.998+0000][2407.658s][debug][safepoint     ] Safepoint synchronization initiated. (195 threads)
[2023-10-30T23:20:28.999+0000][2407.658s][info ][safepoint     ] Application time: 1.0006761 seconds
[2023-10-30T23:20:29.000+0000][2407.659s][info ][safepoint     ] Entering safepoint region: Cleanup
[2023-10-30T23:20:29.000+0000][2407.659s][info ][safepoint     ] Leaving safepoint region
[2023-10-30T23:20:29.000+0000][2407.660s][info ][safepoint     ] Total time for which application threads were stopped: 0.0010100 seconds, Stopping threads took: 0.0004668 seconds
[2023-10-30T23:20:30.001+0000][2408.660s][debug][safepoint     ] Safepoint synchronization initiated. (195 threads)
[2023-10-30T23:20:30.002+0000][2408.661s][info ][safepoint     ] Application time: 1.0011024 seconds
[2023-10-30T23:20:30.003+0000][2408.662s][info ][safepoint     ] Entering safepoint region: Cleanup
[2023-10-30T23:20:30.003+0000][2408.663s][info ][safepoint     ] Leaving safepoint region
[2023-10-30T23:20:30.004+0000][2408.663s][info ][safepoint     ] Total time for which application threads were stopped: 0.0013569 seconds, Stopping threads took: 0.0006415 seconds
[2023-10-30T23:20:31.005+0000][2409.664s][debug][safepoint     ] Safepoint synchronization initiated. (195 threads)
[2023-10-30T23:20:31.006+0000][2409.665s][info ][safepoint     ] Application time: 1.0013602 seconds
[2023-10-30T23:20:31.007+0000][2409.666s][info ][safepoint     ] Entering safepoint region: Cleanup
[2023-10-30T23:20:31.008+0000][2409.667s][info ][safepoint     ] Leaving safepoint region
[2023-10-30T23:20:31.009+0000][2409.668s][info ][safepoint     ] Total time for which application threads were stopped: 0.0021093 seconds, Stopping threads took: 0.0009407 seconds
[2023-10-30T23:20:32.010+0000][2410.669s][debug][safepoint     ] Safepoint synchronization initiated. (195 threads)
[2023-10-30T23:20:32.011+0000][2410.670s][info ][safepoint     ] Application time: 1.0015549 seconds
[2023-10-30T23:20:32.012+0000][2410.671s][info ][safepoint     ] Entering safepoint region: Cleanup
[2023-10-30T23:20:32.013+0000][2410.672s][info ][safepoint     ] Leaving safepoint region
[2023-10-30T23:20:32.014+0000][2410.673s][info ][safepoint     ] Total time for which application threads were stopped: 0.0020055 seconds, Stopping threads took: 0.0008779 seconds
[2023-10-30T23:20:33.015+0000][2411.674s][debug][safepoint     ] Safepoint synchronization initiated. (195 threads)
[2023-10-30T23:20:33.016+0000][2411.675s][info ][safepoint     ] Application time: 1.0011736 seconds
[2023-10-30T23:20:33.017+0000][2411.676s][info ][safepoint     ] Entering safepoint region: Cleanup
[2023-10-30T23:20:33.018+0000][2411.677s][info ][safepoint     ] Leaving safepoint region
[2023-10-30T23:20:33.018+0000][2411.677s][info ][safepoint     ] Total time for which application threads were stopped: 0.0014936 seconds, Stopping threads took: 0.0006635 seconds
[2023-10-30T23:20:34.019+0000][2412.678s][debug][safepoint     ] Safepoint synchronization initiated. (195 threads)
[2023-10-30T23:20:34.020+0000][2412.680s][info ][safepoint     ] Application time: 1.0015794 seconds
[2023-10-30T23:20:34.021+0000][2412.681s][info ][safepoint     ] Entering safepoint region: Cleanup
[2023-10-30T23:20:34.022+0000][2412.682s][info ][safepoint     ] Leaving safepoint region
[2023-10-30T23:20:34.023+0000][2412.682s][info ][safepoint     ] Total time for which application threads were stopped: 0.0019332 seconds, Stopping threads took: 0.0008586 seconds
[2023-10-30T23:20:35.024+0000][2413.683s][debug][safepoint     ] Safepoint synchronization initiated. (195 threads)
[2023-10-30T23:20:35.025+0000][2413.684s][info ][safepoint     ] Application time: 1.0005768 seconds
[2023-10-30T23:20:35.025+0000][2413.684s][info ][safepoint     ] Entering safepoint region: Cleanup
[2023-10-30T23:20:35.025+0000][2413.685s][info ][safepoint     ] Leaving safepoint region
[2023-10-30T23:20:35.026+0000][2413.685s][info ][safepoint     ] Total time for which application threads were stopped: 0.0009232 seconds, Stopping threads took: 0.0003470 seconds
[2023-10-30T23:20:36.026+0000][2414.686s][debug][safepoint     ] Safepoint synchronization initiated. (195 threads)
[2023-10-30T23:20:36.028+0000][2414.687s][info ][safepoint     ] Application time: 1.0016228 seconds
[2023-10-30T23:20:36.029+0000][2414.688s][info ][safepoint     ] Entering safepoint region: Cleanup
[2023-10-30T23:20:36.031+0000][2414.690s][info ][safepoint     ] Leaving safepoint region
[2023-10-30T23:20:36.031+0000][2414.691s][info ][safepoint     ] Total time for which application threads were stopped: 0.0021770 seconds, Stopping threads took: 0.0010413 seconds
[2023-10-30T23:20:37.032+0000][2415.692s][debug][safepoint     ] Safepoint synchronization initiated. (195 threads)
[2023-10-30T23:20:37.033+0000][2415.692s][info ][safepoint     ] Application time: 1.0008451 seconds
[2023-10-30T23:20:37.033+0000][2415.693s][info ][safepoint     ] Entering safepoint region: Cleanup
[2023-10-30T23:20:37.034+0000][2415.693s][info ][safepoint     ] Leaving safepoint region
[2023-10-30T23:20:37.035+0000][2415.694s][info ][safepoint     ] Total time for which application threads were stopped: 0.0013090 seconds, Stopping threads took: 0.0005621 seconds
[2023-10-30T23:20:38.035+0000][2416.695s][debug][safepoint     ] Safepoint synchronization initiated. (195 threads)
[2023-10-30T23:20:38.036+0000][2416.695s][info ][safepoint     ] Application time: 1.0010503 seconds
[2023-10-30T23:20:38.037+0000][2416.696s][info ][safepoint     ] Entering safepoint region: Cleanup
[2023-10-30T23:20:38.038+0000][2416.697s][info ][safepoint     ] Leaving safepoint region
[2023-10-30T23:20:38.038+0000][2416.697s][info ][safepoint     ] Total time for which application threads were stopped: 0.0013609 seconds, Stopping threads took: 0.0005958 seconds
[2023-10-30T23:20:39.039+0000][2417.698s][debug][safepoint     ] Safepoint synchronization initiated. (195 threads)
[2023-10-30T23:20:39.040+0000][2417.699s][info ][safepoint     ] Application time: 1.0010207 seconds
[2023-10-30T23:20:39.040+0000][2417.699s][info ][safepoint     ] Entering safepoint region: Cleanup
[2023-10-30T23:20:39.041+0000][2417.700s][info ][safepoint     ] Leaving safepoint region
[2023-10-30T23:20:39.041+0000][2417.701s][info ][safepoint     ] Total time for which application threads were stopped: 0.0013052 seconds, Stopping threads took: 0.0007022 seconds
[2023-10-30T23:20:40.042+0000][2418.701s][debug][safepoint     ] Safepoint synchronization initiated. (195 threads)
[2023-10-30T23:20:40.042+0000][2418.702s][info ][safepoint     ] Application time: 1.0005631 seconds
[2023-10-30T23:20:40.043+0000][2418.702s][info ][safepoint     ] Entering safepoint region: Cleanup
[2023-10-30T23:20:40.043+0000][2418.703s][info ][safepoint     ] Leaving safepoint region
[2023-10-30T23:20:40.044+0000][2418.703s][info ][safepoint     ] Total time for which application threads were stopped: 0.0010101 seconds, Stopping threads took: 0.0003815 seconds
[2023-10-30T23:20:41.044+0000][2419.703s][debug][safepoint     ] Safepoint synchronization initiated. (195 threads)
[2023-10-30T23:20:41.045+0000][2419.704s][info ][safepoint     ] Application time: 1.0010059 seconds
[2023-10-30T23:20:41.046+0000][2419.705s][info ][safepoint     ] Entering safepoint region: Cleanup
[2023-10-30T23:20:41.047+0000][2419.706s][info ][safepoint     ] Leaving safepoint region
[2023-10-30T23:20:41.048+0000][2419.707s][info ][safepoint     ] Total time for which application threads were stopped: 0.0018319 seconds, Stopping threads took: 0.0008219 seconds
[2023-10-30T23:20:42.048+0000][2420.708s][debug][safepoint     ] Safepoint synchronization initiated. (195 threads)
[2023-10-30T23:20:42.049+0000][2420.708s][info ][safepoint     ] Application time: 1.0005263 seconds
[2023-10-30T23:20:42.049+0000][2420.708s][info ][safepoint     ] Entering safepoint region: Cleanup
[2023-10-30T23:20:42.050+0000][2420.709s][info ][safepoint     ] Leaving safepoint region
[2023-10-30T23:20:42.050+0000][2420.709s][info ][safepoint     ] Total time for which application threads were stopped: 0.0008936 seconds, Stopping threads took: 0.0003906 seconds
[2023-10-30T23:20:43.050+0000][2421.710s][debug][safepoint     ] Safepoint synchronization initiated. (195 threads)
[2023-10-30T23:20:43.051+0000][2421.711s][info ][safepoint     ] Application time: 1.0010723 seconds
[2023-10-30T23:20:43.052+0000][2421.711s][info ][safepoint     ] Entering safepoint region: Cleanup
[2023-10-30T23:20:43.053+0000][2421.713s][info ][safepoint     ] Leaving safepoint region
[2023-10-30T23:20:43.054+0000][2421.713s][info ][safepoint     ] Total time for which application threads were stopped: 0.0019293 seconds, Stopping threads took: 0.0008057 seconds
[2023-10-30T23:20:44.055+0000][2422.714s][debug][safepoint     ] Safepoint synchronization initiated. (195 threads)
[2023-10-30T23:20:44.056+0000][2422.715s][info ][safepoint     ] Application time: 1.0013740 seconds
[2023-10-30T23:20:44.057+0000][2422.716s][info ][safepoint     ] Entering safepoint region: Cleanup
[2023-10-30T23:20:44.058+0000][2422.718s][info ][safepoint     ] Leaving safepoint region
[2023-10-30T23:20:44.059+0000][2422.718s][info ][safepoint     ] Total time for which application threads were stopped: 0.0021178 seconds, Stopping threads took: 0.0009688 seconds
[2023-10-30T23:20:45.060+0000][2423.719s][debug][safepoint     ] Safepoint synchronization initiated. (195 threads)
[2023-10-30T23:20:45.060+0000][2423.720s][info ][safepoint     ] Application time: 1.0004635 seconds
[2023-10-30T23:20:45.061+0000][2423.720s][info ][safepoint     ] Entering safepoint region: Cleanup
[2023-10-30T23:20:45.061+0000][2423.721s][info ][safepoint     ] Leaving safepoint region
[2023-10-30T23:20:45.062+0000][2423.721s][info ][safepoint     ] Total time for which application threads were stopped: 0.0007522 seconds, Stopping threads took: 0.0003287 seconds
[2023-10-30T23:20:46.062+0000][2424.721s][debug][safepoint     ] Safepoint synchronization initiated. (195 threads)
[2023-10-30T23:20:46.062+0000][2424.722s][info ][safepoint     ] Application time: 1.0005860 seconds
[2023-10-30T23:20:46.063+0000][2424.722s][info ][safepoint     ] Entering safepoint region: Cleanup
[2023-10-30T23:20:46.063+0000][2424.723s][info ][safepoint     ] Leaving safepoint region
[2023-10-30T23:20:46.064+0000][2424.723s][info ][safepoint     ] Total time for which application threads were stopped: 0.0008717 seconds, Stopping threads took: 0.0003668 seconds
[2023-10-30T23:20:47.064+0000][2425.723s][debug][safepoint     ] Safepoint synchronization initiated. (195 threads)
[2023-10-30T23:20:47.065+0000][2425.724s][info ][safepoint     ] Application time: 1.0006051 seconds
[2023-10-30T23:20:47.065+0000][2425.724s][info ][safepoint     ] Entering safepoint region: Cleanup
[2023-10-30T23:20:47.065+0000][2425.725s][info ][safepoint     ] Leaving safepoint region
[2023-10-30T23:20:47.066+0000][2425.725s][info ][safepoint     ] Total time for which application threads were stopped: 0.0007782 seconds, Stopping threads took: 0.0003230 seconds
[2023-10-30T23:20:48.066+0000][2426.725s][debug][safepoint     ] Safepoint synchronization initiated. (195 threads)
[2023-10-30T23:20:48.066+0000][2426.726s][info ][safepoint     ] Application time: 1.0004669 seconds
[2023-10-30T23:20:48.067+0000][2426.726s][info ][safepoint     ] Entering safepoint region: Cleanup
[2023-10-30T23:20:48.067+0000][2426.726s][info ][safepoint     ] Leaving safepoint region
[2023-10-30T23:20:48.068+0000][2426.727s][info ][safepoint     ] Total time for which application threads were stopped: 0.0008741 seconds, Stopping threads took: 0.0003201 seconds
[2023-10-30T23:20:49.068+0000][2427.727s][debug][safepoint     ] Safepoint synchronization initiated. (195 threads)
[2023-10-30T23:20:49.069+0000][2427.728s][info ][safepoint     ] Application time: 1.0013891 seconds
[2023-10-30T23:20:49.070+0000][2427.729s][info ][safepoint     ] Entering safepoint region: Cleanup
[2023-10-30T23:20:49.071+0000][2427.730s][info ][safepoint     ] Leaving safepoint region
[2023-10-30T23:20:49.072+0000][2427.731s][info ][safepoint     ] Total time for which application threads were stopped: 0.0018165 seconds, Stopping threads took: 0.0008374 seconds
[2023-10-30T23:20:50.073+0000][2428.732s][debug][safepoint     ] Safepoint synchronization initiated. (195 threads)
[2023-10-30T23:20:50.074+0000][2428.733s][info ][safepoint     ] Application time: 1.0012888 seconds
[2023-10-30T23:20:50.075+0000][2428.734s][info ][safepoint     ] Entering safepoint region: Cleanup
[2023-10-30T23:20:50.076+0000][2428.736s][info ][safepoint     ] Leaving safepoint region
[2023-10-30T23:20:50.077+0000][2428.736s][info ][safepoint     ] Total time for which application threads were stopped: 0.0021606 seconds, Stopping threads took: 0.0010451 seconds
[2023-10-30T23:20:51.078+0000][2429.737s][debug][safepoint     ] Safepoint synchronization initiated. (195 threads)
[2023-10-30T23:20:51.079+0000][2429.738s][info ][safepoint     ] Application time: 1.0013428 seconds
[2023-10-30T23:20:51.080+0000][2429.739s][info ][safepoint     ] Entering safepoint region: Cleanup
[2023-10-30T23:20:51.081+0000][2429.740s][info ][safepoint     ] Leaving safepoint region
[2023-10-30T23:20:51.082+0000][2429.741s][info ][safepoint     ] Total time for which application threads were stopped: 0.0021873 seconds, Stopping threads took: 0.0009171 seconds
[2023-10-30T23:20:52.083+0000][2430.742s][debug][safepoint     ] Safepoint synchronization initiated. (195 threads)
[2023-10-30T23:20:52.083+0000][2430.743s][info ][safepoint     ] Application time: 1.0007243 seconds
[2023-10-30T23:20:52.084+0000][2430.743s][info ][safepoint     ] Entering safepoint region: Cleanup
[2023-10-30T23:20:52.084+0000][2430.744s][info ][safepoint     ] Leaving safepoint region
[2023-10-30T23:20:52.085+0000][2430.744s][info ][safepoint     ] Total time for which application threads were stopped: 0.0007505 seconds, Stopping threads took: 0.0003129 seconds
[2023-10-30T23:20:53.085+0000][2431.744s][debug][safepoint     ] Safepoint synchronization initiated. (195 threads)
[2023-10-30T23:20:53.086+0000][2431.745s][info ][safepoint     ] Application time: 1.0007859 seconds
[2023-10-30T23:20:53.086+0000][2431.746s][info ][safepoint     ] Entering safepoint region: Cleanup
[2023-10-30T23:20:53.087+0000][2431.746s][info ][safepoint     ] Leaving safepoint region
[2023-10-30T23:20:53.087+0000][2431.747s][info ][safepoint     ] Total time for which application threads were stopped: 0.0011036 seconds, Stopping threads took: 0.0005401 seconds
[2023-10-30T23:20:54.088+0000][2432.747s][debug][safepoint     ] Safepoint synchronization initiated. (195 threads)
[2023-10-30T23:20:54.089+0000][2432.748s][info ][safepoint     ] Application time: 1.0012472 seconds
[2023-10-30T23:20:54.090+0000][2432.749s][info ][safepoint     ] Entering safepoint region: Cleanup
[2023-10-30T23:20:54.091+0000][2432.750s][info ][safepoint     ] Leaving safepoint region
[2023-10-30T23:20:54.091+0000][2432.750s][info ][safepoint     ] Total time for which application threads were stopped: 0.0015258 seconds, Stopping threads took: 0.0006824 seconds
[2023-10-30T23:20:55.092+0000][2433.751s][debug][safepoint     ] Safepoint synchronization initiated. (195 threads)
[2023-10-30T23:20:55.093+0000][2433.753s][info ][safepoint     ] Application time: 1.0013472 seconds
[2023-10-30T23:20:55.094+0000][2433.753s][info ][safepoint     ] Entering safepoint region: Cleanup
[2023-10-30T23:20:55.095+0000][2433.754s][info ][safepoint     ] Leaving safepoint region
[2023-10-30T23:20:55.095+0000][2433.754s][info ][safepoint     ] Total time for which application threads were stopped: 0.0013871 seconds, Stopping threads took: 0.0007816 seconds
[2023-10-30T23:20:56.096+0000][2434.755s][debug][safepoint     ] Safepoint synchronization initiated. (195 threads)
[2023-10-30T23:20:56.096+0000][2434.756s][info ][safepoint     ] Application time: 1.0009681 seconds
[2023-10-30T23:20:56.097+0000][2434.756s][info ][safepoint     ] Entering safepoint region: Cleanup
[2023-10-30T23:20:56.098+0000][2434.757s][info ][safepoint     ] Leaving safepoint region
[2023-10-30T23:20:56.098+0000][2434.757s][info ][safepoint     ] Total time for which application threads were stopped: 0.0012418 seconds, Stopping threads took: 0.0005397 seconds
[2023-10-30T23:20:57.099+0000][2435.758s][debug][safepoint     ] Safepoint synchronization initiated. (195 threads)
[2023-10-30T23:20:57.099+0000][2435.759s][info ][safepoint     ] Application time: 1.0006861 seconds
[2023-10-30T23:20:57.100+0000][2435.759s][info ][safepoint     ] Entering safepoint region: Cleanup
[2023-10-30T23:20:57.100+0000][2435.760s][info ][safepoint     ] Leaving safepoint region
[2023-10-30T23:20:57.101+0000][2435.760s][info ][safepoint     ] Total time for which application threads were stopped: 0.0008969 seconds, Stopping threads took: 0.0003960 seconds
[2023-10-30T23:20:58.101+0000][2436.760s][debug][safepoint     ] Safepoint synchronization initiated. (195 threads)
[2023-10-30T23:20:58.102+0000][2436.762s][info ][safepoint     ] Application time: 1.0013522 seconds
[2023-10-30T23:20:58.103+0000][2436.762s][info ][safepoint     ] Entering safepoint region: Cleanup
[2023-10-30T23:20:58.104+0000][2436.764s][info ][safepoint     ] Leaving safepoint region
[2023-10-30T23:20:58.105+0000][2436.764s][info ][safepoint     ] Total time for which application threads were stopped: 0.0017674 seconds, Stopping threads took: 0.0008250 seconds
[2023-10-30T23:20:58.104+0000][2436.764s][debug][safepoint     ] ... found polling page return exception at pc = 0x00007f93492e2b44, stub =0x00007f9340840600
[2023-10-30T23:20:58.104+0000][2436.764s][debug][safepoint     ] ... found polling page return exception at pc = 0x00007f93492e2b44, stub =0x00007f9340840600
[2023-10-30T23:20:59.106+0000][2437.765s][debug][safepoint     ] Safepoint synchronization initiated. (195 threads)
[2023-10-30T23:20:59.106+0000][2437.766s][info ][safepoint     ] Application time: 1.0009743 seconds
[2023-10-30T23:20:59.107+0000][2437.766s][info ][safepoint     ] Entering safepoint region: Cleanup
[2023-10-30T23:20:59.108+0000][2437.767s][info ][safepoint     ] Leaving safepoint region
[2023-10-30T23:20:59.108+0000][2437.768s][info ][safepoint     ] Total time for which application threads were stopped: 0.0013668 seconds, Stopping threads took: 0.0005495 seconds
[2023-10-30T23:21:00.109+0000][2438.768s][debug][safepoint     ] Safepoint synchronization initiated. (195 threads)
[2023-10-30T23:21:00.110+0000][2438.769s][info ][safepoint     ] Application time: 1.0009534 seconds
[2023-10-30T23:21:00.110+0000][2438.770s][info ][safepoint     ] Entering safepoint region: Cleanup
[2023-10-30T23:21:00.111+0000][2438.771s][info ][safepoint     ] Leaving safepoint region
[2023-10-30T23:21:00.112+0000][2438.771s][info ][safepoint     ] Total time for which application threads were stopped: 0.0014641 seconds, Stopping threads took: 0.0006327 seconds
[2023-10-30T23:21:01.113+0000][2439.772s][debug][safepoint     ] Safepoint synchronization initiated. (195 threads)
[2023-10-30T23:21:01.113+0000][2439.773s][info ][safepoint     ] Application time: 1.0007520 seconds
[2023-10-30T23:21:01.114+0000][2439.773s][info ][safepoint     ] Entering safepoint region: Cleanup
[2023-10-30T23:21:01.114+0000][2439.774s][info ][safepoint     ] Leaving safepoint region
[2023-10-30T23:21:01.115+0000][2439.774s][info ][safepoint     ] Total time for which application threads were stopped: 0.0011746 seconds, Stopping threads took: 0.0004721 seconds
[2023-10-30T23:21:02.116+0000][2440.775s][debug][safepoint     ] Safepoint synchronization initiated. (195 threads)
[2023-10-30T23:21:02.117+0000][2440.776s][info ][safepoint     ] Application time: 1.0012984 seconds
[2023-10-30T23:21:02.118+0000][2440.777s][info ][safepoint     ] Entering safepoint region: Cleanup
[2023-10-30T23:21:02.119+0000][2440.778s][info ][safepoint     ] Leaving safepoint region
[2023-10-30T23:21:02.119+0000][2440.779s][info ][safepoint     ] Total time for which application threads were stopped: 0.0019712 seconds, Stopping threads took: 0.0009323 seconds
[2023-10-30T23:21:03.120+0000][2441.780s][debug][safepoint     ] Safepoint synchronization initiated. (195 threads)
[2023-10-30T23:21:03.121+0000][2441.780s][info ][safepoint     ] Application time: 1.0009462 seconds
[2023-10-30T23:21:03.122+0000][2441.781s][info ][safepoint     ] Entering safepoint region: Cleanup
[2023-10-30T23:21:03.122+0000][2441.782s][info ][safepoint     ] Leaving safepoint region
[2023-10-30T23:21:03.123+0000][2441.782s][info ][safepoint     ] Total time for which application threads were stopped: 0.0011908 seconds, Stopping threads took: 0.0005524 seconds
[2023-10-30T23:21:04.123+0000][2442.783s][debug][safepoint     ] Safepoint synchronization initiated. (195 threads)
[2023-10-30T23:21:04.124+0000][2442.784s][info ][safepoint     ] Application time: 1.0013988 seconds
[2023-10-30T23:21:04.126+0000][2442.785s][info ][safepoint     ] Entering safepoint region: Cleanup
[2023-10-30T23:21:04.127+0000][2442.786s][info ][safepoint     ] Leaving safepoint region
[2023-10-30T23:21:04.128+0000][2442.787s][info ][safepoint     ] Total time for which application threads were stopped: 0.0020185 seconds, Stopping threads took: 0.0009299 seconds
[2023-10-30T23:21:05.129+0000][2443.788s][debug][safepoint     ] Safepoint synchronization initiated. (195 threads)
[2023-10-30T23:21:05.130+0000][2443.789s][info ][safepoint     ] Application time: 1.0011159 seconds
[2023-10-30T23:21:05.130+0000][2443.790s][info ][safepoint     ] Entering safepoint region: Cleanup
[2023-10-30T23:21:05.131+0000][2443.790s][info ][safepoint     ] Leaving safepoint region
[2023-10-30T23:21:05.132+0000][2443.791s][info ][safepoint     ] Total time for which application threads were stopped: 0.0015169 seconds, Stopping threads took: 0.0006622 seconds
[2023-10-30T23:21:06.133+0000][2444.792s][debug][safepoint     ] Safepoint synchronization initiated. (195 threads)
[2023-10-30T23:21:06.133+0000][2444.792s][info ][safepoint     ] Application time: 1.0006089 seconds
[2023-10-30T23:21:06.133+0000][2444.793s][info ][safepoint     ] Entering safepoint region: Cleanup
[2023-10-30T23:21:06.134+0000][2444.793s][info ][safepoint     ] Leaving safepoint region
[2023-10-30T23:21:06.134+0000][2444.793s][info ][safepoint     ] Total time for which application threads were stopped: 0.0007546 seconds, Stopping threads took: 0.0003085 seconds
[2023-10-30T23:21:07.135+0000][2445.794s][debug][safepoint     ] Safepoint synchronization initiated. (195 threads)
[2023-10-30T23:21:07.135+0000][2445.795s][info ][safepoint     ] Application time: 1.0011847 seconds
[2023-10-30T23:21:07.136+0000][2445.796s][info ][safepoint     ] Entering safepoint region: Cleanup
[2023-10-30T23:21:07.138+0000][2445.797s][info ][safepoint     ] Leaving safepoint region
[2023-10-30T23:21:07.138+0000][2445.798s][info ][safepoint     ] Total time for which application threads were stopped: 0.0020146 seconds, Stopping threads took: 0.0007564 seconds
[2023-10-30T23:21:08.139+0000][2446.798s][debug][safepoint     ] Safepoint synchronization initiated. (195 threads)
[2023-10-30T23:21:08.140+0000][2446.799s][info ][safepoint     ] Application time: 1.0007671 seconds
[2023-10-30T23:21:08.140+0000][2446.799s][info ][safepoint     ] Entering safepoint region: Cleanup
[2023-10-30T23:21:08.141+0000][2446.800s][info ][safepoint     ] Leaving safepoint region
[2023-10-30T23:21:08.141+0000][2446.800s][info ][safepoint     ] Total time for which application threads were stopped: 0.0010237 seconds, Stopping threads took: 0.0004468 seconds
[2023-10-30T23:21:09.142+0000][2447.801s][debug][safepoint     ] Safepoint synchronization initiated. (195 threads)
[2023-10-30T23:21:09.143+0000][2447.802s][info ][safepoint     ] Application time: 1.0012343 seconds
[2023-10-30T23:21:09.144+0000][2447.803s][info ][safepoint     ] Entering safepoint region: Cleanup
[2023-10-30T23:21:09.145+0000][2447.804s][info ][safepoint     ] Leaving safepoint region
[2023-10-30T23:21:09.146+0000][2447.805s][info ][safepoint     ] Total time for which application threads were stopped: 0.0019015 seconds, Stopping threads took: 0.0007906 seconds
[2023-10-30T23:21:10.147+0000][2448.806s][debug][safepoint     ] Safepoint synchronization initiated. (195 threads)
[2023-10-30T23:21:10.148+0000][2448.807s][info ][safepoint     ] Application time: 1.0014462 seconds
[2023-10-30T23:21:10.149+0000][2448.808s][info ][safepoint     ] Entering safepoint region: Cleanup
[2023-10-30T23:21:10.150+0000][2448.809s][info ][safepoint     ] Leaving safepoint region
[2023-10-30T23:21:10.151+0000][2448.810s][info ][safepoint     ] Total time for which application threads were stopped: 0.0020254 seconds, Stopping threads took: 0.0011031 seconds
[2023-10-30T23:21:11.152+0000][2449.811s][debug][safepoint     ] Safepoint synchronization initiated. (195 threads)
[2023-10-30T23:21:11.152+0000][2449.812s][info ][safepoint     ] Application time: 1.0009230 seconds
[2023-10-30T23:21:11.153+0000][2449.812s][info ][safepoint     ] Entering safepoint region: Cleanup
[2023-10-30T23:21:11.154+0000][2449.813s][info ][safepoint     ] Leaving safepoint region
[2023-10-30T23:21:11.155+0000][2449.814s][info ][safepoint     ] Total time for which application threads were stopped: 0.0016299 seconds, Stopping threads took: 0.0007036 seconds
[2023-10-30T23:21:12.155+0000][2450.815s][debug][safepoint     ] Safepoint synchronization initiated. (195 threads)
[2023-10-30T23:21:12.156+0000][2450.816s][info ][safepoint     ] Application time: 1.0011596 seconds
[2023-10-30T23:21:12.157+0000][2450.816s][info ][safepoint     ] Entering safepoint region: Cleanup
[2023-10-30T23:21:12.158+0000][2450.817s][info ][safepoint     ] Leaving safepoint region
[2023-10-30T23:21:12.158+0000][2450.818s][info ][safepoint     ] Total time for which application threads were stopped: 0.0012896 seconds, Stopping threads took: 0.0004925 seconds
[2023-10-30T23:21:13.159+0000][2451.818s][debug][safepoint     ] Safepoint synchronization initiated. (195 threads)
[2023-10-30T23:21:13.160+0000][2451.820s][info ][safepoint     ] Application time: 1.0013556 seconds
[2023-10-30T23:21:13.161+0000][2451.820s][info ][safepoint     ] Entering safepoint region: Cleanup
[2023-10-30T23:21:13.162+0000][2451.821s][info ][safepoint     ] Leaving safepoint region
[2023-10-30T23:21:13.163+0000][2451.822s][info ][safepoint     ] Total time for which application threads were stopped: 0.0019113 seconds, Stopping threads took: 0.0007892 seconds
[2023-10-30T23:21:14.164+0000][2452.823s][debug][safepoint     ] Safepoint synchronization initiated. (195 threads)
[2023-10-30T23:21:14.165+0000][2452.824s][info ][safepoint     ] Application time: 1.0014293 seconds
[2023-10-30T23:21:14.166+0000][2452.825s][info ][safepoint     ] Entering safepoint region: Cleanup
[2023-10-30T23:21:14.167+0000][2452.826s][info ][safepoint     ] Leaving safepoint region
[2023-10-30T23:21:14.168+0000][2452.827s][info ][safepoint     ] Total time for which application threads were stopped: 0.0019018 seconds, Stopping threads took: 0.0008355 seconds
[2023-10-30T23:21:15.169+0000][2453.828s][debug][safepoint     ] Safepoint synchronization initiated. (195 threads)
[2023-10-30T23:21:15.170+0000][2453.829s][info ][safepoint     ] Application time: 1.0014109 seconds
[2023-10-30T23:21:15.171+0000][2453.830s][info ][safepoint     ] Entering safepoint region: Cleanup
[2023-10-30T23:21:15.172+0000][2453.831s][info ][safepoint     ] Leaving safepoint region
[2023-10-30T23:21:15.173+0000][2453.832s][info ][safepoint     ] Total time for which application threads were stopped: 0.0020213 seconds, Stopping threads took: 0.0007912 seconds
[2023-10-30T23:21:16.174+0000][2454.833s][debug][safepoint     ] Safepoint synchronization initiated. (195 threads)
[2023-10-30T23:21:16.174+0000][2454.833s][info ][safepoint     ] Application time: 1.0005791 seconds
[2023-10-30T23:21:16.174+0000][2454.834s][info ][safepoint     ] Entering safepoint region: Cleanup
[2023-10-30T23:21:16.175+0000][2454.834s][info ][safepoint     ] Leaving safepoint region
[2023-10-30T23:21:16.175+0000][2454.835s][info ][safepoint     ] Total time for which application threads were stopped: 0.0008261 seconds, Stopping threads took: 0.0003495 seconds
[2023-10-30T23:21:17.176+0000][2455.835s][debug][safepoint     ] Safepoint synchronization initiated. (195 threads)
[2023-10-30T23:21:17.176+0000][2455.835s][info ][safepoint     ] Application time: 1.0006344 seconds
[2023-10-30T23:21:17.177+0000][2455.836s][info ][safepoint     ] Entering safepoint region: Cleanup
[2023-10-30T23:21:17.177+0000][2455.836s][info ][safepoint     ] Leaving safepoint region
[2023-10-30T23:21:17.177+0000][2455.837s][info ][safepoint     ] Total time for which application threads were stopped: 0.0009306 seconds, Stopping threads took: 0.0003947 seconds
[2023-10-30T23:21:18.178+0000][2456.837s][debug][safepoint     ] Safepoint synchronization initiated. (195 threads)
[2023-10-30T23:21:18.178+0000][2456.838s][info ][safepoint     ] Application time: 1.0006478 seconds
[2023-10-30T23:21:18.179+0000][2456.838s][info ][safepoint     ] Entering safepoint region: Cleanup
[2023-10-30T23:21:18.180+0000][2456.839s][info ][safepoint     ] Leaving safepoint region
[2023-10-30T23:21:18.180+0000][2456.839s][info ][safepoint     ] Total time for which application threads were stopped: 0.0010086 seconds, Stopping threads took: 0.0004861 seconds
[2023-10-30T23:21:19.181+0000][2457.840s][debug][safepoint     ] Safepoint synchronization initiated. (195 threads)
[2023-10-30T23:21:19.181+0000][2457.841s][info ][safepoint     ] Application time: 1.0010020 seconds
[2023-10-30T23:21:19.182+0000][2457.841s][info ][safepoint     ] Entering safepoint region: Cleanup
[2023-10-30T23:21:19.183+0000][2457.842s][info ][safepoint     ] Leaving safepoint region
[2023-10-30T23:21:19.183+0000][2457.843s][info ][safepoint     ] Total time for which application threads were stopped: 0.0013486 seconds, Stopping threads took: 0.0006868 seconds
[2023-10-30T23:21:20.184+0000][2458.843s][debug][safepoint     ] Safepoint synchronization initiated. (195 threads)
[2023-10-30T23:21:20.185+0000][2458.844s][info ][safepoint     ] Application time: 1.0013467 seconds
[2023-10-30T23:21:20.186+0000][2458.845s][info ][safepoint     ] Entering safepoint region: Cleanup
[2023-10-30T23:21:20.187+0000][2458.846s][info ][safepoint     ] Leaving safepoint region
[2023-10-30T23:21:20.188+0000][2458.847s][info ][safepoint     ] Total time for which application threads were stopped: 0.0021077 seconds, Stopping threads took: 0.0008610 seconds
[2023-10-30T23:21:21.189+0000][2459.848s][debug][safepoint     ] Safepoint synchronization initiated. (194 threads)
[2023-10-30T23:21:21.190+0000][2459.849s][info ][safepoint     ] Application time: 1.0012138 seconds
[2023-10-30T23:21:21.191+0000][2459.850s][info ][safepoint     ] Entering safepoint region: Cleanup
[2023-10-30T23:21:21.192+0000][2459.851s][info ][safepoint     ] Leaving safepoint region
[2023-10-30T23:21:21.193+0000][2459.852s][info ][safepoint     ] Total time for which application threads were stopped: 0.0020502 seconds, Stopping threads took: 0.0008814 seconds
[2023-10-30T23:21:22.194+0000][2460.853s][debug][safepoint     ] Safepoint synchronization initiated. (194 threads)
[2023-10-30T23:21:22.195+0000][2460.854s][info ][safepoint     ] Application time: 1.0009788 seconds
[2023-10-30T23:21:22.196+0000][2460.855s][info ][safepoint     ] Entering safepoint region: Cleanup
[2023-10-30T23:21:22.196+0000][2460.856s][info ][safepoint     ] Leaving safepoint region
[2023-10-30T23:21:22.197+0000][2460.856s][info ][safepoint     ] Total time for which application threads were stopped: 0.0012473 seconds, Stopping threads took: 0.0006016 seconds
[2023-10-30T23:21:23.197+0000][2461.857s][debug][safepoint     ] Safepoint synchronization initiated. (194 threads)
[2023-10-30T23:21:23.198+0000][2461.857s][info ][safepoint     ] Application time: 1.0006379 seconds
[2023-10-30T23:21:23.198+0000][2461.858s][info ][safepoint     ] Entering safepoint region: Cleanup
[2023-10-30T23:21:23.199+0000][2461.858s][info ][safepoint     ] Leaving safepoint region
[2023-10-30T23:21:23.199+0000][2461.859s][info ][safepoint     ] Total time for which application threads were stopped: 0.0011889 seconds, Stopping threads took: 0.0004606 seconds
[2023-10-30T23:21:24.200+0000][2462.859s][debug][safepoint     ] Safepoint synchronization initiated. (194 threads)
[2023-10-30T23:21:24.201+0000][2462.860s][info ][safepoint     ] Application time: 1.0013218 seconds
[2023-10-30T23:21:24.202+0000][2462.861s][info ][safepoint     ] Entering safepoint region: Cleanup
[2023-10-30T23:21:24.204+0000][2462.863s][info ][safepoint     ] Leaving safepoint region
[2023-10-30T23:21:24.204+0000][2462.864s][info ][safepoint     ] Total time for which application threads were stopped: 0.0022148 seconds, Stopping threads took: 0.0009511 seconds
[2023-10-30T23:21:25.205+0000][2463.865s][debug][safepoint     ] Safepoint synchronization initiated. (194 threads)
[2023-10-30T23:21:25.206+0000][2463.865s][info ][safepoint     ] Application time: 1.0006385 seconds
[2023-10-30T23:21:25.206+0000][2463.865s][info ][safepoint     ] Entering safepoint region: Cleanup
[2023-10-30T23:21:25.207+0000][2463.866s][info ][safepoint     ] Leaving safepoint region
[2023-10-30T23:21:25.207+0000][2463.866s][info ][safepoint     ] Total time for which application threads were stopped: 0.0010719 seconds, Stopping threads took: 0.0003762 seconds
[2023-10-30T23:21:26.208+0000][2464.867s][debug][safepoint     ] Safepoint synchronization initiated. (194 threads)
[2023-10-30T23:21:26.209+0000][2464.868s][info ][safepoint     ] Application time: 1.0009062 seconds
[2023-10-30T23:21:26.209+0000][2464.869s][info ][safepoint     ] Entering safepoint region: Cleanup
[2023-10-30T23:21:26.210+0000][2464.870s][info ][safepoint     ] Leaving safepoint region
[2023-10-30T23:21:26.211+0000][2464.870s][info ][safepoint     ] Total time for which application threads were stopped: 0.0016294 seconds, Stopping threads took: 0.0008682 seconds
[2023-10-30T23:21:27.212+0000][2465.871s][debug][safepoint     ] Safepoint synchronization initiated. (194 threads)
[2023-10-30T23:21:27.213+0000][2465.872s][info ][safepoint     ] Application time: 1.0010581 seconds
[2023-10-30T23:21:27.213+0000][2465.872s][info ][safepoint     ] Entering safepoint region: Cleanup
[2023-10-30T23:21:27.214+0000][2465.873s][info ][safepoint     ] Leaving safepoint region
[2023-10-30T23:21:27.214+0000][2465.873s][info ][safepoint     ] Total time for which application threads were stopped: 0.0010767 seconds, Stopping threads took: 0.0005329 seconds
[2023-10-30T23:21:28.215+0000][2466.874s][debug][safepoint     ] Safepoint synchronization initiated. (194 threads)
[2023-10-30T23:21:28.215+0000][2466.874s][info ][safepoint     ] Application time: 1.0007576 seconds
[2023-10-30T23:21:28.216+0000][2466.875s][info ][safepoint     ] Entering safepoint region: Cleanup
[2023-10-30T23:21:28.217+0000][2466.876s][info ][safepoint     ] Leaving safepoint region
[2023-10-30T23:21:28.217+0000][2466.876s][info ][safepoint     ] Total time for which application threads were stopped: 0.0013462 seconds, Stopping threads took: 0.0005626 seconds
[2023-10-30T23:21:29.218+0000][2467.877s][debug][safepoint     ] Safepoint synchronization initiated. (194 threads)
[2023-10-30T23:21:29.218+0000][2467.878s][info ][safepoint     ] Application time: 1.0008084 seconds
[2023-10-30T23:21:29.219+0000][2467.878s][info ][safepoint     ] Entering safepoint region: Cleanup
[2023-10-30T23:21:29.220+0000][2467.879s][info ][safepoint     ] Leaving safepoint region
[2023-10-30T23:21:29.220+0000][2467.879s][info ][safepoint     ] Total time for which application threads were stopped: 0.0013472 seconds, Stopping threads took: 0.0005221 seconds
[2023-10-30T23:21:30.221+0000][2468.880s][debug][safepoint     ] Safepoint synchronization initiated. (194 threads)
[2023-10-30T23:21:30.221+0000][2468.880s][info ][safepoint     ] Application time: 1.0006081 seconds
[2023-10-30T23:21:30.222+0000][2468.881s][info ][safepoint     ] Entering safepoint region: Cleanup
[2023-10-30T23:21:30.223+0000][2468.882s][info ][safepoint     ] Leaving safepoint region
[2023-10-30T23:21:30.223+0000][2468.882s][info ][safepoint     ] Total time for which application threads were stopped: 0.0015081 seconds, Stopping threads took: 0.0005646 seconds
[2023-10-30T23:21:31.224+0000][2469.883s][debug][safepoint     ] Safepoint synchronization initiated. (194 threads)
[2023-10-30T23:21:31.224+0000][2469.884s][info ][safepoint     ] Application time: 1.0010549 seconds
[2023-10-30T23:21:31.225+0000][2469.884s][info ][safepoint     ] Entering safepoint region: Cleanup
[2023-10-30T23:21:31.226+0000][2469.885s][info ][safepoint     ] Leaving safepoint region
[2023-10-30T23:21:31.226+0000][2469.885s][info ][safepoint     ] Total time for which application threads were stopped: 0.0011491 seconds, Stopping threads took: 0.0005603 seconds
[2023-10-30T23:21:32.227+0000][2470.886s][debug][safepoint     ] Safepoint synchronization initiated. (194 threads)
[2023-10-30T23:21:32.227+0000][2470.886s][info ][safepoint     ] Application time: 1.0006519 seconds
[2023-10-30T23:21:32.228+0000][2470.887s][info ][safepoint     ] Entering safepoint region: Cleanup
[2023-10-30T23:21:32.229+0000][2470.888s][info ][safepoint     ] Leaving safepoint region
[2023-10-30T23:21:32.229+0000][2470.888s][info ][safepoint     ] Total time for which application threads were stopped: 0.0015628 seconds, Stopping threads took: 0.0005832 seconds
[2023-10-30T23:21:33.230+0000][2471.889s][debug][safepoint     ] Safepoint synchronization initiated. (194 threads)
[2023-10-30T23:21:33.231+0000][2471.890s][info ][safepoint     ] Application time: 1.0007440 seconds
[2023-10-30T23:21:33.231+0000][2471.890s][info ][safepoint     ] Entering safepoint region: Cleanup
[2023-10-30T23:21:33.232+0000][2471.891s][info ][safepoint     ] Leaving safepoint region
[2023-10-30T23:21:33.232+0000][2471.891s][info ][safepoint     ] Total time for which application threads were stopped: 0.0011044 seconds, Stopping threads took: 0.0004226 seconds
[2023-10-30T23:21:34.233+0000][2472.892s][debug][safepoint     ] Safepoint synchronization initiated. (194 threads)
[2023-10-30T23:21:34.234+0000][2472.893s][info ][safepoint     ] Application time: 1.0010091 seconds
[2023-10-30T23:21:34.234+0000][2472.893s][info ][safepoint     ] Entering safepoint region: Cleanup
[2023-10-30T23:21:34.235+0000][2472.894s][info ][safepoint     ] Leaving safepoint region
[2023-10-30T23:21:34.235+0000][2472.895s][info ][safepoint     ] Total time for which application threads were stopped: 0.0011816 seconds, Stopping threads took: 0.0005113 seconds
[2023-10-30T23:21:35.236+0000][2473.895s][debug][safepoint     ] Safepoint synchronization initiated. (194 threads)
[2023-10-30T23:21:35.237+0000][2473.896s][info ][safepoint     ] Application time: 1.0008426 seconds
[2023-10-30T23:21:35.237+0000][2473.897s][info ][safepoint     ] Entering safepoint region: Cleanup
[2023-10-30T23:21:35.238+0000][2473.898s][info ][safepoint     ] Leaving safepoint region
[2023-10-30T23:21:35.239+0000][2473.898s][info ][safepoint     ] Total time for which application threads were stopped: 0.0015740 seconds, Stopping threads took: 0.0007994 seconds
[2023-10-30T23:21:36.240+0000][2474.899s][debug][safepoint     ] Safepoint synchronization initiated. (194 threads)
[2023-10-30T23:21:36.240+0000][2474.899s][info ][safepoint     ] Application time: 1.0005988 seconds
[2023-10-30T23:21:36.240+0000][2474.900s][info ][safepoint     ] Entering safepoint region: Cleanup
[2023-10-30T23:21:36.241+0000][2474.900s][info ][safepoint     ] Leaving safepoint region
[2023-10-30T23:21:36.241+0000][2474.900s][info ][safepoint     ] Total time for which application threads were stopped: 0.0008295 seconds, Stopping threads took: 0.0003296 seconds
[2023-10-30T23:21:37.242+0000][2475.901s][debug][safepoint     ] Safepoint synchronization initiated. (194 threads)
[2023-10-30T23:21:37.242+0000][2475.901s][info ][safepoint     ] Application time: 1.0008936 seconds
[2023-10-30T23:21:37.243+0000][2475.902s][info ][safepoint     ] Entering safepoint region: Cleanup
[2023-10-30T23:21:37.243+0000][2475.903s][info ][safepoint     ] Leaving safepoint region
[2023-10-30T23:21:37.244+0000][2475.903s][info ][safepoint     ] Total time for which application threads were stopped: 0.0010449 seconds, Stopping threads took: 0.0004536 seconds
[2023-10-30T23:21:38.245+0000][2476.904s][debug][safepoint     ] Safepoint synchronization initiated. (194 threads)
[2023-10-30T23:21:38.245+0000][2476.904s][info ][safepoint     ] Application time: 1.0008253 seconds
[2023-10-30T23:21:38.246+0000][2476.905s][info ][safepoint     ] Entering safepoint region: Cleanup
[2023-10-30T23:21:38.246+0000][2476.906s][info ][safepoint     ] Leaving safepoint region
[2023-10-30T23:21:38.247+0000][2476.906s][info ][safepoint     ] Total time for which application threads were stopped: 0.0012570 seconds, Stopping threads took: 0.0005449 seconds
[2023-10-30T23:21:39.248+0000][2477.907s][debug][safepoint     ] Safepoint synchronization initiated. (194 threads)
[2023-10-30T23:21:39.248+0000][2477.907s][info ][safepoint     ] Application time: 1.0008756 seconds
[2023-10-30T23:21:39.249+0000][2477.908s][info ][safepoint     ] Entering safepoint region: Cleanup
[2023-10-30T23:21:39.249+0000][2477.909s][info ][safepoint     ] Leaving safepoint region
[2023-10-30T23:21:39.250+0000][2477.909s][info ][safepoint     ] Total time for which application threads were stopped: 0.0010481 seconds, Stopping threads took: 0.0005224 seconds
[2023-10-30T23:21:40.250+0000][2478.909s][debug][safepoint     ] Safepoint synchronization initiated. (194 threads)
[2023-10-30T23:21:40.251+0000][2478.910s][info ][safepoint     ] Application time: 1.0008273 seconds
[2023-10-30T23:21:40.251+0000][2478.911s][info ][safepoint     ] Entering safepoint region: Cleanup
[2023-10-30T23:21:40.252+0000][2478.911s][info ][safepoint     ] Leaving safepoint region
[2023-10-30T23:21:40.253+0000][2478.912s][info ][safepoint     ] Total time for which application threads were stopped: 0.0012607 seconds, Stopping threads took: 0.0005314 seconds
[2023-10-30T23:21:41.253+0000][2479.912s][debug][safepoint     ] Safepoint synchronization initiated. (194 threads)
[2023-10-30T23:21:41.254+0000][2479.913s][info ][safepoint     ] Application time: 1.0008486 seconds
[2023-10-30T23:21:41.255+0000][2479.914s][info ][safepoint     ] Entering safepoint region: Cleanup
[2023-10-30T23:21:41.255+0000][2479.915s][info ][safepoint     ] Leaving safepoint region
[2023-10-30T23:21:41.256+0000][2479.915s][info ][safepoint     ] Total time for which application threads were stopped: 0.0013891 seconds, Stopping threads took: 0.0006384 seconds
[2023-10-30T23:21:42.257+0000][2480.916s][debug][safepoint     ] Safepoint synchronization initiated. (194 threads)
[2023-10-30T23:21:42.257+0000][2480.916s][info ][safepoint     ] Application time: 1.0008291 seconds
[2023-10-30T23:21:42.258+0000][2480.917s][info ][safepoint     ] Entering safepoint region: Cleanup
[2023-10-30T23:21:42.258+0000][2480.918s][info ][safepoint     ] Leaving safepoint region
[2023-10-30T23:21:42.259+0000][2480.918s][info ][safepoint     ] Total time for which application threads were stopped: 0.0012364 seconds, Stopping threads took: 0.0005404 seconds
[2023-10-30T23:21:43.260+0000][2481.919s][debug][safepoint     ] Safepoint synchronization initiated. (194 threads)
[2023-10-30T23:21:43.261+0000][2481.920s][info ][safepoint     ] Application time: 1.0013267 seconds
[2023-10-30T23:21:43.261+0000][2481.920s][info ][safepoint     ] Entering safepoint region: Cleanup
[2023-10-30T23:21:43.262+0000][2481.921s][info ][safepoint     ] Leaving safepoint region
[2023-10-30T23:21:43.262+0000][2481.921s][info ][safepoint     ] Total time for which application threads were stopped: 0.0010749 seconds, Stopping threads took: 0.0004636 seconds
[2023-10-30T23:21:44.263+0000][2482.922s][debug][safepoint     ] Safepoint synchronization initiated. (194 threads)
[2023-10-30T23:21:44.264+0000][2482.923s][info ][safepoint     ] Application time: 1.0010749 seconds
[2023-10-30T23:21:44.265+0000][2482.924s][info ][safepoint     ] Entering safepoint region: Cleanup
[2023-10-30T23:21:44.266+0000][2482.925s][info ][safepoint     ] Leaving safepoint region
[2023-10-30T23:21:44.266+0000][2482.925s][info ][safepoint     ] Total time for which application threads were stopped: 0.0017654 seconds, Stopping threads took: 0.0008103 seconds
[2023-10-30T23:21:45.267+0000][2483.926s][debug][safepoint     ] Safepoint synchronization initiated. (194 threads)
[2023-10-30T23:21:45.268+0000][2483.927s][info ][safepoint     ] Application time: 1.0009775 seconds
[2023-10-30T23:21:45.269+0000][2483.928s][info ][safepoint     ] Entering safepoint region: Cleanup
[2023-10-30T23:21:45.269+0000][2483.928s][info ][safepoint     ] Leaving safepoint region
[2023-10-30T23:21:45.270+0000][2483.929s][info ][safepoint     ] Total time for which application threads were stopped: 0.0011173 seconds, Stopping threads took: 0.0005122 seconds
[2023-10-30T23:21:46.270+0000][2484.929s][debug][safepoint     ] Safepoint synchronization initiated. (194 threads)
[2023-10-30T23:21:46.271+0000][2484.930s][info ][safepoint     ] Application time: 1.0008341 seconds
[2023-10-30T23:21:46.272+0000][2484.931s][info ][safepoint     ] Entering safepoint region: Cleanup
[2023-10-30T23:21:46.272+0000][2484.931s][info ][safepoint     ] Leaving safepoint region
[2023-10-30T23:21:46.273+0000][2484.932s][info ][safepoint     ] Total time for which application threads were stopped: 0.0012080 seconds, Stopping threads took: 0.0004921 seconds
[2023-10-30T23:21:46.272+0000][2484.931s][debug][safepoint     ] ... found polling page return exception at pc = 0x00007f93492e2b44, stub =0x00007f9340840600
[2023-10-30T23:21:46.272+0000][2484.931s][debug][safepoint     ] ... found polling page return exception at pc = 0x00007f93492e2b44, stub =0x00007f9340840600
[2023-10-30T23:21:46.272+0000][2484.931s][debug][safepoint     ] ... found polling page return exception at pc = 0x00007f93492e2b44, stub =0x00007f9340840600
[2023-10-30T23:21:46.272+0000][2484.931s][debug][safepoint     ] ... found polling page return exception at pc = 0x00007f93492e2b44, stub =0x00007f9340840600
[2023-10-30T23:21:46.272+0000][2484.931s][debug][safepoint     ] ... found polling page return exception at pc = 0x00007f93492e2b44, stub =0x00007f9340840600
[2023-10-30T23:21:46.272+0000][2484.931s][debug][safepoint     ] ... found polling page return exception at pc = 0x00007f93492e2b44, stub =0x00007f9340840600
[2023-10-30T23:21:46.272+0000][2484.931s][debug][safepoint     ] ... found polling page return exception at pc = 0x00007f93492e2b44, stub =0x00007f9340840600
[2023-10-30T23:21:47.273+0000][2485.933s][debug][safepoint     ] Safepoint synchronization initiated. (194 threads)
[2023-10-30T23:21:47.274+0000][2485.933s][info ][safepoint     ] Application time: 1.0008536 seconds
[2023-10-30T23:21:47.275+0000][2485.934s][info ][safepoint     ] Entering safepoint region: Cleanup
[2023-10-30T23:21:47.275+0000][2485.934s][info ][safepoint     ] Leaving safepoint region
[2023-10-30T23:21:47.276+0000][2485.935s][info ][safepoint     ] Total time for which application threads were stopped: 0.0011044 seconds, Stopping threads took: 0.0004786 seconds
[2023-10-30T23:21:48.276+0000][2486.936s][debug][safepoint     ] Safepoint synchronization initiated. (194 threads)
[2023-10-30T23:21:48.278+0000][2486.937s][info ][safepoint     ] Application time: 1.0013533 seconds
[2023-10-30T23:21:48.278+0000][2486.937s][info ][safepoint     ] Entering safepoint region: Cleanup
[2023-10-30T23:21:48.279+0000][2486.938s][info ][safepoint     ] Leaving safepoint region
[2023-10-30T23:21:48.280+0000][2486.939s][info ][safepoint     ] Total time for which application threads were stopped: 0.0014811 seconds, Stopping threads took: 0.0005663 seconds
[2023-10-30T23:21:49.280+0000][2487.940s][debug][safepoint     ] Safepoint synchronization initiated. (194 threads)
[2023-10-30T23:21:49.281+0000][2487.940s][info ][safepoint     ] Application time: 1.0009297 seconds
[2023-10-30T23:21:49.282+0000][2487.941s][info ][safepoint     ] Entering safepoint region: Cleanup
[2023-10-30T23:21:49.283+0000][2487.942s][info ][safepoint     ] Leaving safepoint region
[2023-10-30T23:21:49.283+0000][2487.942s][info ][safepoint     ] Total time for which application threads were stopped: 0.0013765 seconds, Stopping threads took: 0.0005932 seconds
[2023-10-30T23:21:50.284+0000][2488.943s][debug][safepoint     ] Safepoint synchronization initiated. (194 threads)
[2023-10-30T23:21:50.284+0000][2488.943s][info ][safepoint     ] Application time: 1.0006580 seconds
[2023-10-30T23:21:50.285+0000][2488.944s][info ][safepoint     ] Entering safepoint region: Cleanup
[2023-10-30T23:21:50.286+0000][2488.945s][info ][safepoint     ] Leaving safepoint region
[2023-10-30T23:21:50.286+0000][2488.946s][info ][safepoint     ] Total time for which application threads were stopped: 0.0014639 seconds, Stopping threads took: 0.0006349 seconds
[2023-10-30T23:21:51.287+0000][2489.946s][debug][safepoint     ] Safepoint synchronization initiated. (194 threads)
[2023-10-30T23:21:51.287+0000][2489.947s][info ][safepoint     ] Application time: 1.0005281 seconds
[2023-10-30T23:21:51.288+0000][2489.947s][info ][safepoint     ] Entering safepoint region: Cleanup
[2023-10-30T23:21:51.288+0000][2489.947s][info ][safepoint     ] Leaving safepoint region
[2023-10-30T23:21:51.289+0000][2489.948s][info ][safepoint     ] Total time for which application threads were stopped: 0.0008537 seconds, Stopping threads took: 0.0003388 seconds
[2023-10-30T23:21:52.289+0000][2490.948s][debug][safepoint     ] Safepoint synchronization initiated. (194 threads)
[2023-10-30T23:21:52.290+0000][2490.949s][info ][safepoint     ] Application time: 1.0011620 seconds
[2023-10-30T23:21:52.291+0000][2490.950s][info ][safepoint     ] Entering safepoint region: Cleanup
[2023-10-30T23:21:52.291+0000][2490.950s][info ][safepoint     ] Leaving safepoint region
[2023-10-30T23:21:52.292+0000][2490.951s][info ][safepoint     ] Total time for which application threads were stopped: 0.0012466 seconds, Stopping threads took: 0.0005177 seconds
[2023-10-30T23:21:53.293+0000][2491.952s][debug][safepoint     ] Safepoint synchronization initiated. (194 threads)
[2023-10-30T23:21:53.293+0000][2491.953s][info ][safepoint     ] Application time: 1.0012147 seconds
[2023-10-30T23:21:53.294+0000][2491.953s][info ][safepoint     ] Entering safepoint region: Cleanup
[2023-10-30T23:21:53.295+0000][2491.954s][info ][safepoint     ] Leaving safepoint region
[2023-10-30T23:21:53.296+0000][2491.955s][info ][safepoint     ] Total time for which application threads were stopped: 0.0017152 seconds, Stopping threads took: 0.0008226 seconds
[2023-10-30T23:21:54.297+0000][2492.956s][debug][safepoint     ] Safepoint synchronization initiated. (194 threads)
[2023-10-30T23:21:54.298+0000][2492.957s][info ][safepoint     ] Application time: 1.0009971 seconds
[2023-10-30T23:21:54.298+0000][2492.957s][info ][safepoint     ] Entering safepoint region: Cleanup
[2023-10-30T23:21:54.299+0000][2492.958s][info ][safepoint     ] Leaving safepoint region
[2023-10-30T23:21:54.299+0000][2492.958s][info ][safepoint     ] Total time for which application threads were stopped: 0.0011670 seconds, Stopping threads took: 0.0004707 seconds
[2023-10-30T23:21:55.300+0000][2493.959s][debug][safepoint     ] Safepoint synchronization initiated. (194 threads)
[2023-10-30T23:21:55.301+0000][2493.960s][info ][safepoint     ] Application time: 1.0010405 seconds
[2023-10-30T23:21:55.302+0000][2493.961s][info ][safepoint     ] Entering safepoint region: Cleanup
[2023-10-30T23:21:55.303+0000][2493.962s][info ][safepoint     ] Leaving safepoint region
[2023-10-30T23:21:55.303+0000][2493.962s][info ][safepoint     ] Total time for which application threads were stopped: 0.0017028 seconds, Stopping threads took: 0.0008157 seconds
[2023-10-30T23:21:56.304+0000][2494.963s][debug][safepoint     ] Safepoint synchronization initiated. (194 threads)
[2023-10-30T23:21:56.305+0000][2494.964s][info ][safepoint     ] Application time: 1.0008294 seconds
[2023-10-30T23:21:56.305+0000][2494.964s][info ][safepoint     ] Entering safepoint region: Cleanup
[2023-10-30T23:21:56.306+0000][2494.965s][info ][safepoint     ] Leaving safepoint region
[2023-10-30T23:21:56.307+0000][2494.966s][info ][safepoint     ] Total time for which application threads were stopped: 0.0012313 seconds, Stopping threads took: 0.0005682 seconds
[2023-10-30T23:21:57.307+0000][2495.966s][debug][safepoint     ] Safepoint synchronization initiated. (194 threads)
[2023-10-30T23:21:57.308+0000][2495.967s][info ][safepoint     ] Application time: 1.0007775 seconds
[2023-10-30T23:21:57.308+0000][2495.967s][info ][safepoint     ] Entering safepoint region: Cleanup
[2023-10-30T23:21:57.309+0000][2495.968s][info ][safepoint     ] Leaving safepoint region
[2023-10-30T23:21:57.309+0000][2495.968s][info ][safepoint     ] Total time for which application threads were stopped: 0.0011144 seconds, Stopping threads took: 0.0004146 seconds
[2023-10-30T23:21:58.310+0000][2496.969s][debug][safepoint     ] Safepoint synchronization initiated. (194 threads)
[2023-10-30T23:21:58.311+0000][2496.970s][info ][safepoint     ] Application time: 1.0006943 seconds
[2023-10-30T23:21:58.311+0000][2496.970s][debug][safepoint     ] Waiting for 1 thread(s) to block
[2023-10-30T23:21:58.311+0000][2496.970s][info ][safepoint     ] Entering safepoint region: Cleanup
[2023-10-30T23:21:58.312+0000][2496.971s][info ][safepoint     ] Leaving safepoint region
[2023-10-30T23:21:58.312+0000][2496.971s][info ][safepoint     ] Total time for which application threads were stopped: 0.0011336 seconds, Stopping threads took: 0.0006781 seconds
[2023-10-30T23:21:59.313+0000][2497.972s][debug][safepoint     ] Safepoint synchronization initiated. (194 threads)
[2023-10-30T23:21:59.313+0000][2497.972s][info ][safepoint     ] Application time: 1.0007210 seconds
[2023-10-30T23:21:59.314+0000][2497.973s][info ][safepoint     ] Entering safepoint region: Cleanup
[2023-10-30T23:21:59.314+0000][2497.973s][info ][safepoint     ] Leaving safepoint region
[2023-10-30T23:21:59.314+0000][2497.974s][info ][safepoint     ] Total time for which application threads were stopped: 0.0009375 seconds, Stopping threads took: 0.0003605 seconds
[2023-10-30T23:22:00.315+0000][2498.974s][debug][safepoint     ] Safepoint synchronization initiated. (194 threads)
[2023-10-30T23:22:00.315+0000][2498.974s][info ][safepoint     ] Application time: 1.0006569 seconds
[2023-10-30T23:22:00.316+0000][2498.975s][info ][safepoint     ] Entering safepoint region: Cleanup
[2023-10-30T23:22:00.316+0000][2498.975s][info ][safepoint     ] Leaving safepoint region
[2023-10-30T23:22:00.316+0000][2498.976s][info ][safepoint     ] Total time for which application threads were stopped: 0.0007666 seconds, Stopping threads took: 0.0003249 seconds
[2023-10-30T23:22:01.317+0000][2499.976s][debug][safepoint     ] Safepoint synchronization initiated. (194 threads)
[2023-10-30T23:22:01.317+0000][2499.976s][info ][safepoint     ] Application time: 1.0005552 seconds
[2023-10-30T23:22:01.318+0000][2499.977s][info ][safepoint     ] Entering safepoint region: Cleanup
[2023-10-30T23:22:01.318+0000][2499.977s][info ][safepoint     ] Leaving safepoint region
[2023-10-30T23:22:01.318+0000][2499.978s][info ][safepoint     ] Total time for which application threads were stopped: 0.0008061 seconds, Stopping threads took: 0.0003470 seconds
[2023-10-30T23:22:02.319+0000][2500.978s][debug][safepoint     ] Safepoint synchronization initiated. (194 threads)
[2023-10-30T23:22:02.320+0000][2500.979s][info ][safepoint     ] Application time: 1.0011351 seconds
[2023-10-30T23:22:02.321+0000][2500.980s][info ][safepoint     ] Entering safepoint region: Cleanup
[2023-10-30T23:22:02.321+0000][2500.980s][info ][safepoint     ] Leaving safepoint region
[2023-10-30T23:22:02.322+0000][2500.981s][info ][safepoint     ] Total time for which application threads were stopped: 0.0011752 seconds, Stopping threads took: 0.0004181 seconds
[2023-10-30T23:22:03.323+0000][2501.982s][debug][safepoint     ] Safepoint synchronization initiated. (193 threads)
[2023-10-30T23:22:03.323+0000][2501.982s][info ][safepoint     ] Application time: 1.0009484 seconds
[2023-10-30T23:22:03.324+0000][2501.983s][debug][safepoint     ] ... found polling page return exception at pc = 0x00007f9349417b10, stub =0x00007f9340840600
[2023-10-30T23:22:03.325+0000][2501.984s][debug][safepoint     ] Waiting for 1 thread(s) to block
[2023-10-30T23:22:03.325+0000][2501.984s][info ][safepoint     ] Entering safepoint region: Cleanup
[2023-10-30T23:22:03.326+0000][2501.985s][info ][safepoint     ] Leaving safepoint region
[2023-10-30T23:22:03.327+0000][2501.986s][info ][safepoint     ] Total time for which application threads were stopped: 0.0026062 seconds, Stopping threads took: 0.0018444 seconds
[2023-10-30T23:22:04.327+0000][2502.986s][debug][safepoint     ] Safepoint synchronization initiated. (193 threads)
[2023-10-30T23:22:04.328+0000][2502.988s][info ][safepoint     ] Application time: 1.0013803 seconds
[2023-10-30T23:22:04.330+0000][2502.989s][debug][safepoint     ] ... found polling page loop exception at pc = 0x00007f9343b70981, stub =0x00007f9340843680
[2023-10-30T23:22:04.330+0000][2502.989s][debug][safepoint     ] ... found polling page return exception at pc = 0x00007f93485107e8, stub =0x00007f9340840600
[2023-10-30T23:22:04.331+0000][2502.991s][debug][safepoint     ] Waiting for 3 thread(s) to block
[2023-10-30T23:22:04.333+0000][2502.992s][info ][safepoint     ] Entering safepoint region: Cleanup
[2023-10-30T23:22:04.334+0000][2502.993s][info ][safepoint     ] Leaving safepoint region
[2023-10-30T23:22:04.334+0000][2502.993s][info ][safepoint     ] Total time for which application threads were stopped: 0.0045851 seconds, Stopping threads took: 0.0036151 seconds
[2023-10-30T23:22:05.335+0000][2503.994s][debug][safepoint     ] Safepoint synchronization initiated. (193 threads)
[2023-10-30T23:22:05.336+0000][2503.995s][info ][safepoint     ] Application time: 1.0010458 seconds
[2023-10-30T23:22:05.336+0000][2503.996s][info ][safepoint     ] Entering safepoint region: Cleanup
[2023-10-30T23:22:05.337+0000][2503.996s][info ][safepoint     ] Leaving safepoint region
[2023-10-30T23:22:05.338+0000][2503.997s][info ][safepoint     ] Total time for which application threads were stopped: 0.0011282 seconds, Stopping threads took: 0.0004969 seconds
[2023-10-30T23:22:06.338+0000][2504.997s][debug][safepoint     ] Safepoint synchronization initiated. (193 threads)
[2023-10-30T23:22:06.339+0000][2504.998s][info ][safepoint     ] Application time: 1.0009875 seconds
[2023-10-30T23:22:06.340+0000][2504.999s][info ][safepoint     ] Entering safepoint region: Cleanup
[2023-10-30T23:22:06.341+0000][2505.000s][info ][safepoint     ] Leaving safepoint region
[2023-10-30T23:22:06.341+0000][2505.000s][info ][safepoint     ] Total time for which application threads were stopped: 0.0014720 seconds, Stopping threads took: 0.0006237 seconds
[2023-10-30T23:22:07.342+0000][2506.001s][debug][safepoint     ] Safepoint synchronization initiated. (193 threads)
[2023-10-30T23:22:07.342+0000][2506.002s][info ][safepoint     ] Application time: 1.0006579 seconds
[2023-10-30T23:22:07.343+0000][2506.002s][info ][safepoint     ] Entering safepoint region: Cleanup
[2023-10-30T23:22:07.344+0000][2506.003s][info ][safepoint     ] Leaving safepoint region
[2023-10-30T23:22:07.344+0000][2506.003s][info ][safepoint     ] Total time for which application threads were stopped: 0.0012405 seconds, Stopping threads took: 0.0004721 seconds
[2023-10-30T23:22:08.345+0000][2507.004s][debug][safepoint     ] Safepoint synchronization initiated. (193 threads)
[2023-10-30T23:22:08.345+0000][2507.004s][info ][safepoint     ] Application time: 1.0008351 seconds
[2023-10-30T23:22:08.346+0000][2507.005s][info ][safepoint     ] Entering safepoint region: Cleanup
[2023-10-30T23:22:08.346+0000][2507.006s][info ][safepoint     ] Leaving safepoint region
[2023-10-30T23:22:08.347+0000][2507.006s][info ][safepoint     ] Total time for which application threads were stopped: 0.0009973 seconds, Stopping threads took: 0.0004258 seconds
[2023-10-30T23:22:09.347+0000][2508.006s][debug][safepoint     ] Safepoint synchronization initiated. (193 threads)
[2023-10-30T23:22:09.349+0000][2508.008s][info ][safepoint     ] Application time: 1.0018108 seconds
[2023-10-30T23:22:09.350+0000][2508.009s][info ][safepoint     ] Entering safepoint region: Cleanup
[2023-10-30T23:22:09.350+0000][2508.009s][info ][safepoint     ] Leaving safepoint region
[2023-10-30T23:22:09.351+0000][2508.010s][info ][safepoint     ] Total time for which application threads were stopped: 0.0013185 seconds, Stopping threads took: 0.0006020 seconds
[2023-10-30T23:22:10.351+0000][2509.011s][debug][safepoint     ] Safepoint synchronization initiated. (193 threads)
[2023-10-30T23:22:10.352+0000][2509.011s][info ][safepoint     ] Application time: 1.0008768 seconds
[2023-10-30T23:22:10.353+0000][2509.012s][info ][safepoint     ] Entering safepoint region: Cleanup
[2023-10-30T23:22:10.354+0000][2509.013s][info ][safepoint     ] Leaving safepoint region
[2023-10-30T23:22:10.354+0000][2509.013s][info ][safepoint     ] Total time for which application threads were stopped: 0.0015028 seconds, Stopping threads took: 0.0006977 seconds
[2023-10-30T23:22:11.355+0000][2510.014s][debug][safepoint     ] Safepoint synchronization initiated. (193 threads)
[2023-10-30T23:22:11.356+0000][2510.015s][info ][safepoint     ] Application time: 1.0011613 seconds
[2023-10-30T23:22:11.357+0000][2510.016s][info ][safepoint     ] Entering safepoint region: Cleanup
[2023-10-30T23:22:11.358+0000][2510.017s][info ][safepoint     ] Leaving safepoint region
[2023-10-30T23:22:11.359+0000][2510.018s][info ][safepoint     ] Total time for which application threads were stopped: 0.0017363 seconds, Stopping threads took: 0.0007315 seconds
[2023-10-30T23:22:12.359+0000][2511.018s][debug][safepoint     ] Safepoint synchronization initiated. (193 threads)
[2023-10-30T23:22:12.360+0000][2511.019s][info ][safepoint     ] Application time: 1.0006046 seconds
[2023-10-30T23:22:12.360+0000][2511.020s][info ][safepoint     ] Entering safepoint region: Cleanup
[2023-10-30T23:22:12.361+0000][2511.020s][info ][safepoint     ] Leaving safepoint region
[2023-10-30T23:22:12.361+0000][2511.020s][info ][safepoint     ] Total time for which application threads were stopped: 0.0009881 seconds, Stopping threads took: 0.0003994 seconds
[2023-10-30T23:22:13.362+0000][2512.021s][debug][safepoint     ] Safepoint synchronization initiated. (193 threads)
[2023-10-30T23:22:13.362+0000][2512.022s][info ][safepoint     ] Application time: 1.0007100 seconds
[2023-10-30T23:22:13.363+0000][2512.022s][info ][safepoint     ] Entering safepoint region: Cleanup
[2023-10-30T23:22:13.363+0000][2512.023s][info ][safepoint     ] Leaving safepoint region
[2023-10-30T23:22:13.364+0000][2512.023s][info ][safepoint     ] Total time for which application threads were stopped: 0.0011133 seconds, Stopping threads took: 0.0004905 seconds
[2023-10-30T23:22:14.364+0000][2513.023s][debug][safepoint     ] Safepoint synchronization initiated. (193 threads)
[2023-10-30T23:22:14.365+0000][2513.024s][info ][safepoint     ] Application time: 1.0008811 seconds
[2023-10-30T23:22:14.366+0000][2513.025s][info ][safepoint     ] Entering safepoint region: Cleanup
[2023-10-30T23:22:14.367+0000][2513.026s][info ][safepoint     ] Leaving safepoint region
[2023-10-30T23:22:14.367+0000][2513.026s][info ][safepoint     ] Total time for which application threads were stopped: 0.0014146 seconds, Stopping threads took: 0.0006971 seconds
[2023-10-30T23:22:15.368+0000][2514.027s][debug][safepoint     ] Safepoint synchronization initiated. (192 threads)
[2023-10-30T23:22:15.369+0000][2514.028s][info ][safepoint     ] Application time: 1.0010759 seconds
[2023-10-30T23:22:15.370+0000][2514.029s][info ][safepoint     ] Entering safepoint region: Cleanup
[2023-10-30T23:22:15.371+0000][2514.030s][info ][safepoint     ] Leaving safepoint region
[2023-10-30T23:22:15.371+0000][2514.030s][info ][safepoint     ] Total time for which application threads were stopped: 0.0015777 seconds, Stopping threads took: 0.0007471 seconds
[2023-10-30T23:22:16.372+0000][2515.031s][debug][safepoint     ] Safepoint synchronization initiated. (192 threads)
[2023-10-30T23:22:16.373+0000][2515.032s][info ][safepoint     ] Application time: 1.0011009 seconds
[2023-10-30T23:22:16.374+0000][2515.033s][info ][safepoint     ] Entering safepoint region: Cleanup
[2023-10-30T23:22:16.375+0000][2515.034s][info ][safepoint     ] Leaving safepoint region
[2023-10-30T23:22:16.375+0000][2515.034s][info ][safepoint     ] Total time for which application threads were stopped: 0.0013593 seconds, Stopping threads took: 0.0006439 seconds
[2023-10-30T23:22:17.376+0000][2516.035s][debug][safepoint     ] Safepoint synchronization initiated. (192 threads)
[2023-10-30T23:22:17.377+0000][2516.036s][info ][safepoint     ] Application time: 1.0010478 seconds
[2023-10-30T23:22:17.377+0000][2516.036s][info ][safepoint     ] Entering safepoint region: Cleanup
[2023-10-30T23:22:17.378+0000][2516.037s][info ][safepoint     ] Leaving safepoint region
[2023-10-30T23:22:17.378+0000][2516.037s][info ][safepoint     ] Total time for which application threads were stopped: 0.0012336 seconds, Stopping threads took: 0.0004871 seconds
[2023-10-30T23:22:18.379+0000][2517.038s][debug][safepoint     ] Safepoint synchronization initiated. (192 threads)
[2023-10-30T23:22:18.380+0000][2517.039s][info ][safepoint     ] Application time: 1.0007577 seconds
[2023-10-30T23:22:18.380+0000][2517.039s][info ][safepoint     ] Entering safepoint region: Cleanup
[2023-10-30T23:22:18.381+0000][2517.040s][info ][safepoint     ] Leaving safepoint region
[2023-10-30T23:22:18.381+0000][2517.040s][info ][safepoint     ] Total time for which application threads were stopped: 0.0013288 seconds, Stopping threads took: 0.0005188 seconds
[2023-10-30T23:22:19.382+0000][2518.041s][debug][safepoint     ] Safepoint synchronization initiated. (192 threads)
[2023-10-30T23:22:19.383+0000][2518.043s][info ][safepoint     ] Application time: 1.0015889 seconds
[2023-10-30T23:22:19.384+0000][2518.043s][info ][safepoint     ] Entering safepoint region: Cleanup
[2023-10-30T23:22:19.385+0000][2518.044s][info ][safepoint     ] Leaving safepoint region
[2023-10-30T23:22:19.385+0000][2518.044s][info ][safepoint     ] Total time for which application threads were stopped: 0.0010964 seconds, Stopping threads took: 0.0005060 seconds
[2023-10-30T23:22:20.386+0000][2519.045s][debug][safepoint     ] Safepoint synchronization initiated. (191 threads)
[2023-10-30T23:22:20.386+0000][2519.045s][info ][safepoint     ] Application time: 1.0009325 seconds
[2023-10-30T23:22:20.387+0000][2519.046s][info ][safepoint     ] Entering safepoint region: Cleanup
[2023-10-30T23:22:20.387+0000][2519.047s][info ][safepoint     ] Leaving safepoint region
[2023-10-30T23:22:20.388+0000][2519.047s][info ][safepoint     ] Total time for which application threads were stopped: 0.0010333 seconds, Stopping threads took: 0.0004242 seconds
[2023-10-30T23:22:21.388+0000][2520.047s][debug][safepoint     ] Safepoint synchronization initiated. (191 threads)
[2023-10-30T23:22:21.389+0000][2520.048s][info ][safepoint     ] Application time: 1.0006560 seconds
[2023-10-30T23:22:21.389+0000][2520.049s][info ][safepoint     ] Entering safepoint region: Cleanup
[2023-10-30T23:22:21.390+0000][2520.049s][info ][safepoint     ] Leaving safepoint region
[2023-10-30T23:22:21.391+0000][2520.050s][info ][safepoint     ] Total time for which application threads were stopped: 0.0011078 seconds, Stopping threads took: 0.0005342 seconds
[2023-10-30T23:22:22.391+0000][2521.050s][debug][safepoint     ] Safepoint synchronization initiated. (191 threads)
[2023-10-30T23:22:22.392+0000][2521.051s][info ][safepoint     ] Application time: 1.0010192 seconds
[2023-10-30T23:22:22.393+0000][2521.052s][info ][safepoint     ] Entering safepoint region: Cleanup
[2023-10-30T23:22:22.394+0000][2521.053s][info ][safepoint     ] Leaving safepoint region
[2023-10-30T23:22:22.394+0000][2521.053s][info ][safepoint     ] Total time for which application threads were stopped: 0.0015413 seconds, Stopping threads took: 0.0006970 seconds
[2023-10-30T23:22:23.395+0000][2522.054s][debug][safepoint     ] Safepoint synchronization initiated. (191 threads)
[2023-10-30T23:22:23.396+0000][2522.055s][info ][safepoint     ] Application time: 1.0007683 seconds
[2023-10-30T23:22:23.396+0000][2522.055s][info ][safepoint     ] Entering safepoint region: Cleanup
[2023-10-30T23:22:23.397+0000][2522.056s][info ][safepoint     ] Leaving safepoint region
[2023-10-30T23:22:23.397+0000][2522.056s][info ][safepoint     ] Total time for which application threads were stopped: 0.0011255 seconds, Stopping threads took: 0.0004997 seconds
[2023-10-30T23:22:24.398+0000][2523.057s][debug][safepoint     ] Safepoint synchronization initiated. (191 threads)
[2023-10-30T23:22:24.399+0000][2523.058s][info ][safepoint     ] Application time: 1.0007064 seconds
[2023-10-30T23:22:24.399+0000][2523.058s][info ][safepoint     ] Entering safepoint region: Cleanup
[2023-10-30T23:22:24.400+0000][2523.059s][info ][safepoint     ] Leaving safepoint region
[2023-10-30T23:22:24.400+0000][2523.059s][info ][safepoint     ] Total time for which application threads were stopped: 0.0012614 seconds, Stopping threads took: 0.0005343 seconds
[2023-10-30T23:22:25.401+0000][2524.060s][debug][safepoint     ] Safepoint synchronization initiated. (191 threads)
[2023-10-30T23:22:25.402+0000][2524.061s][info ][safepoint     ] Application time: 1.0008112 seconds
[2023-10-30T23:22:25.402+0000][2524.061s][info ][safepoint     ] Entering safepoint region: Cleanup
[2023-10-30T23:22:25.403+0000][2524.062s][info ][safepoint     ] Leaving safepoint region
[2023-10-30T23:22:25.404+0000][2524.063s][info ][safepoint     ] Total time for which application threads were stopped: 0.0012144 seconds, Stopping threads took: 0.0004816 seconds
[2023-10-30T23:22:26.404+0000][2525.063s][debug][safepoint     ] Safepoint synchronization initiated. (191 threads)
[2023-10-30T23:22:26.405+0000][2525.064s][info ][safepoint     ] Application time: 1.0009962 seconds
[2023-10-30T23:22:26.406+0000][2525.065s][info ][safepoint     ] Entering safepoint region: Cleanup
[2023-10-30T23:22:26.406+0000][2525.065s][info ][safepoint     ] Leaving safepoint region
[2023-10-30T23:22:26.407+0000][2525.066s][info ][safepoint     ] Total time for which application threads were stopped: 0.0014272 seconds, Stopping threads took: 0.0007276 seconds
[2023-10-30T23:22:27.408+0000][2526.067s][debug][safepoint     ] Safepoint synchronization initiated. (191 threads)
[2023-10-30T23:22:27.409+0000][2526.068s][info ][safepoint     ] Application time: 1.0010686 seconds
[2023-10-30T23:22:27.409+0000][2526.068s][info ][safepoint     ] Entering safepoint region: Cleanup
[2023-10-30T23:22:27.410+0000][2526.069s][info ][safepoint     ] Leaving safepoint region
[2023-10-30T23:22:27.410+0000][2526.069s][info ][safepoint     ] Total time for which application threads were stopped: 0.0012333 seconds, Stopping threads took: 0.0005579 seconds
[2023-10-30T23:22:28.411+0000][2527.070s][debug][safepoint     ] Safepoint synchronization initiated. (191 threads)
[2023-10-30T23:22:28.412+0000][2527.071s][info ][safepoint     ] Application time: 1.0010985 seconds
[2023-10-30T23:22:28.413+0000][2527.072s][info ][safepoint     ] Entering safepoint region: Cleanup
[2023-10-30T23:22:28.414+0000][2527.073s][info ][safepoint     ] Leaving safepoint region
[2023-10-30T23:22:28.415+0000][2527.074s][info ][safepoint     ] Total time for which application threads were stopped: 0.0018880 seconds, Stopping threads took: 0.0008141 seconds
[2023-10-30T23:22:29.416+0000][2528.075s][debug][safepoint     ] Safepoint synchronization initiated. (191 threads)
[2023-10-30T23:22:29.417+0000][2528.076s][info ][safepoint     ] Application time: 1.0012127 seconds
[2023-10-30T23:22:29.417+0000][2528.076s][info ][safepoint     ] Entering safepoint region: Cleanup
[2023-10-30T23:22:29.418+0000][2528.077s][info ][safepoint     ] Leaving safepoint region
[2023-10-30T23:22:29.419+0000][2528.078s][info ][safepoint     ] Total time for which application threads were stopped: 0.0017632 seconds, Stopping threads took: 0.0006892 seconds
[2023-10-30T23:22:30.420+0000][2529.079s][debug][safepoint     ] Safepoint synchronization initiated. (191 threads)
[2023-10-30T23:22:30.421+0000][2529.080s][info ][safepoint     ] Application time: 1.0009933 seconds
[2023-10-30T23:22:30.421+0000][2529.080s][info ][safepoint     ] Entering safepoint region: Cleanup
[2023-10-30T23:22:30.422+0000][2529.081s][info ][safepoint     ] Leaving safepoint region
[2023-10-30T23:22:30.423+0000][2529.082s][info ][safepoint     ] Total time for which application threads were stopped: 0.0012714 seconds, Stopping threads took: 0.0005961 seconds
[2023-10-30T23:22:31.423+0000][2530.082s][debug][safepoint     ] Safepoint synchronization initiated. (191 threads)
[2023-10-30T23:22:31.424+0000][2530.083s][info ][safepoint     ] Application time: 1.0008993 seconds
[2023-10-30T23:22:31.424+0000][2530.083s][info ][safepoint     ] Entering safepoint region: Cleanup
[2023-10-30T23:22:31.425+0000][2530.084s][info ][safepoint     ] Leaving safepoint region
[2023-10-30T23:22:31.425+0000][2530.085s][info ][safepoint     ] Total time for which application threads were stopped: 0.0011258 seconds, Stopping threads took: 0.0004573 seconds
[2023-10-30T23:22:32.426+0000][2531.085s][debug][safepoint     ] Safepoint synchronization initiated. (191 threads)
[2023-10-30T23:22:32.426+0000][2531.085s][info ][safepoint     ] Application time: 1.0005843 seconds
[2023-10-30T23:22:32.427+0000][2531.086s][info ][safepoint     ] Entering safepoint region: Cleanup
[2023-10-30T23:22:32.427+0000][2531.086s][info ][safepoint     ] Leaving safepoint region
[2023-10-30T23:22:32.428+0000][2531.087s][info ][safepoint     ] Total time for which application threads were stopped: 0.0012260 seconds, Stopping threads took: 0.0003682 seconds
[2023-10-30T23:22:33.429+0000][2532.088s][debug][safepoint     ] Safepoint synchronization initiated. (191 threads)
[2023-10-30T23:22:33.429+0000][2532.088s][info ][safepoint     ] Application time: 1.0010460 seconds
[2023-10-30T23:22:33.430+0000][2532.089s][info ][safepoint     ] Entering safepoint region: Cleanup
[2023-10-30T23:22:33.431+0000][2532.090s][info ][safepoint     ] Leaving safepoint region
[2023-10-30T23:22:33.431+0000][2532.091s][info ][safepoint     ] Total time for which application threads were stopped: 0.0013900 seconds, Stopping threads took: 0.0005565 seconds
[2023-10-30T23:22:34.432+0000][2533.091s][debug][safepoint     ] Safepoint synchronization initiated. (191 threads)
[2023-10-30T23:22:34.433+0000][2533.092s][info ][safepoint     ] Application time: 1.0009924 seconds
[2023-10-30T23:22:34.434+0000][2533.093s][info ][safepoint     ] Entering safepoint region: Cleanup
[2023-10-30T23:22:34.434+0000][2533.093s][info ][safepoint     ] Leaving safepoint region
[2023-10-30T23:22:34.435+0000][2533.094s][info ][safepoint     ] Total time for which application threads were stopped: 0.0011744 seconds, Stopping threads took: 0.0005632 seconds
[2023-10-30T23:22:35.435+0000][2534.094s][debug][safepoint     ] Safepoint synchronization initiated. (191 threads)
[2023-10-30T23:22:35.436+0000][2534.095s][info ][safepoint     ] Application time: 1.0006616 seconds
[2023-10-30T23:22:35.436+0000][2534.095s][info ][safepoint     ] Entering safepoint region: Cleanup
[2023-10-30T23:22:35.437+0000][2534.096s][info ][safepoint     ] Leaving safepoint region
[2023-10-30T23:22:35.437+0000][2534.096s][info ][safepoint     ] Total time for which application threads were stopped: 0.0008911 seconds, Stopping threads took: 0.0003845 seconds
[2023-10-30T23:22:36.437+0000][2535.096s][debug][safepoint     ] Safepoint synchronization initiated. (191 threads)
[2023-10-30T23:22:36.438+0000][2535.097s][info ][safepoint     ] Application time: 1.0005814 seconds
[2023-10-30T23:22:36.438+0000][2535.097s][info ][safepoint     ] Entering safepoint region: Cleanup
[2023-10-30T23:22:36.439+0000][2535.098s][info ][safepoint     ] Leaving safepoint region
[2023-10-30T23:22:36.439+0000][2535.098s][info ][safepoint     ] Total time for which application threads were stopped: 0.0009320 seconds, Stopping threads took: 0.0004029 seconds
[2023-10-30T23:22:37.440+0000][2536.099s][debug][safepoint     ] Safepoint synchronization initiated. (191 threads)
[2023-10-30T23:22:37.440+0000][2536.099s][info ][safepoint     ] Application time: 1.0006289 seconds
[2023-10-30T23:22:37.441+0000][2536.100s][info ][safepoint     ] Entering safepoint region: Cleanup
[2023-10-30T23:22:37.441+0000][2536.100s][info ][safepoint     ] Leaving safepoint region
[2023-10-30T23:22:37.442+0000][2536.101s][info ][safepoint     ] Total time for which application threads were stopped: 0.0009538 seconds, Stopping threads took: 0.0004205 seconds
[2023-10-30T23:22:38.442+0000][2537.101s][debug][safepoint     ] Safepoint synchronization initiated. (191 threads)
[2023-10-30T23:22:38.443+0000][2537.102s][info ][safepoint     ] Application time: 1.0010552 seconds
[2023-10-30T23:22:38.444+0000][2537.103s][info ][safepoint     ] Entering safepoint region: Cleanup
[2023-10-30T23:22:38.445+0000][2537.104s][info ][safepoint     ] Leaving safepoint region
[2023-10-30T23:22:38.445+0000][2537.104s][info ][safepoint     ] Total time for which application threads were stopped: 0.0014541 seconds, Stopping threads took: 0.0007274 seconds
[2023-10-30T23:22:39.446+0000][2538.105s][debug][safepoint     ] Safepoint synchronization initiated. (191 threads)
[2023-10-30T23:22:39.446+0000][2538.105s][info ][safepoint     ] Application time: 1.0005776 seconds
[2023-10-30T23:22:39.447+0000][2538.106s][info ][safepoint     ] Entering safepoint region: Cleanup
[2023-10-30T23:22:39.447+0000][2538.106s][info ][safepoint     ] Leaving safepoint region
[2023-10-30T23:22:39.447+0000][2538.107s][info ][safepoint     ] Total time for which application threads were stopped: 0.0007669 seconds, Stopping threads took: 0.0003363 seconds
[2023-10-30T23:22:40.448+0000][2539.107s][debug][safepoint     ] Safepoint synchronization initiated. (191 threads)
[2023-10-30T23:22:40.449+0000][2539.108s][info ][safepoint     ] Application time: 1.0008834 seconds
[2023-10-30T23:22:40.449+0000][2539.108s][info ][safepoint     ] Entering safepoint region: Cleanup
[2023-10-30T23:22:40.450+0000][2539.109s][info ][safepoint     ] Leaving safepoint region
[2023-10-30T23:22:40.451+0000][2539.110s][info ][safepoint     ] Total time for which application threads were stopped: 0.0013044 seconds, Stopping threads took: 0.0006712 seconds
[2023-10-30T23:22:41.451+0000][2540.110s][debug][safepoint     ] Safepoint synchronization initiated. (191 threads)
[2023-10-30T23:22:41.452+0000][2540.111s][info ][safepoint     ] Application time: 1.0012368 seconds
[2023-10-30T23:22:41.453+0000][2540.112s][info ][safepoint     ] Entering safepoint region: Cleanup
[2023-10-30T23:22:41.454+0000][2540.113s][info ][safepoint     ] Leaving safepoint region
[2023-10-30T23:22:41.455+0000][2540.114s][info ][safepoint     ] Total time for which application threads were stopped: 0.0019629 seconds, Stopping threads took: 0.0008725 seconds
[2023-10-30T23:22:42.456+0000][2541.115s][debug][safepoint     ] Safepoint synchronization initiated. (191 threads)
[2023-10-30T23:22:42.457+0000][2541.116s][info ][safepoint     ] Application time: 1.0007790 seconds
[2023-10-30T23:22:42.457+0000][2541.116s][info ][safepoint     ] Entering safepoint region: Cleanup
[2023-10-30T23:22:42.458+0000][2541.117s][info ][safepoint     ] Leaving safepoint region
[2023-10-30T23:22:42.458+0000][2541.117s][info ][safepoint     ] Total time for which application threads were stopped: 0.0011506 seconds, Stopping threads took: 0.0005580 seconds
[2023-10-30T23:22:43.459+0000][2542.118s][debug][safepoint     ] Safepoint synchronization initiated. (191 threads)
[2023-10-30T23:22:43.460+0000][2542.119s][info ][safepoint     ] Application time: 1.0013354 seconds
[2023-10-30T23:22:43.461+0000][2542.120s][info ][safepoint     ] Entering safepoint region: Cleanup
[2023-10-30T23:22:43.462+0000][2542.121s][info ][safepoint     ] Leaving safepoint region
[2023-10-30T23:22:43.463+0000][2542.122s][info ][safepoint     ] Total time for which application threads were stopped: 0.0020341 seconds, Stopping threads took: 0.0009594 seconds
[2023-10-30T23:22:44.464+0000][2543.123s][debug][safepoint     ] Safepoint synchronization initiated. (191 threads)
[2023-10-30T23:22:44.465+0000][2543.124s][info ][safepoint     ] Application time: 1.0007621 seconds
[2023-10-30T23:22:44.465+0000][2543.124s][info ][safepoint     ] Entering safepoint region: Cleanup
[2023-10-30T23:22:44.466+0000][2543.125s][info ][safepoint     ] Leaving safepoint region
[2023-10-30T23:22:44.466+0000][2543.125s][info ][safepoint     ] Total time for which application threads were stopped: 0.0011251 seconds, Stopping threads took: 0.0004932 seconds
[2023-10-30T23:22:45.467+0000][2544.126s][debug][safepoint     ] Safepoint synchronization initiated. (191 threads)
[2023-10-30T23:22:45.467+0000][2544.126s][info ][safepoint     ] Application time: 1.0004974 seconds
[2023-10-30T23:22:45.468+0000][2544.127s][info ][safepoint     ] Entering safepoint region: Cleanup
[2023-10-30T23:22:45.468+0000][2544.127s][info ][safepoint     ] Leaving safepoint region
[2023-10-30T23:22:45.468+0000][2544.127s][info ][safepoint     ] Total time for which application threads were stopped: 0.0008159 seconds, Stopping threads took: 0.0003072 seconds
[2023-10-30T23:22:46.469+0000][2545.128s][debug][safepoint     ] Safepoint synchronization initiated. (191 threads)
[2023-10-30T23:22:46.469+0000][2545.128s][info ][safepoint     ] Application time: 1.0006083 seconds
[2023-10-30T23:22:46.470+0000][2545.129s][info ][safepoint     ] Entering safepoint region: Cleanup
[2023-10-30T23:22:46.470+0000][2545.129s][info ][safepoint     ] Leaving safepoint region
[2023-10-30T23:22:46.471+0000][2545.130s][info ][safepoint     ] Total time for which application threads were stopped: 0.0008527 seconds, Stopping threads took: 0.0003805 seconds
[2023-10-30T23:22:47.471+0000][2546.130s][debug][safepoint     ] Safepoint synchronization initiated. (191 threads)
[2023-10-30T23:22:47.472+0000][2546.131s][info ][safepoint     ] Application time: 1.0009933 seconds
[2023-10-30T23:22:47.472+0000][2546.131s][info ][safepoint     ] Entering safepoint region: Cleanup
[2023-10-30T23:22:47.473+0000][2546.132s][info ][safepoint     ] Leaving safepoint region
[2023-10-30T23:22:47.474+0000][2546.133s][info ][safepoint     ] Total time for which application threads were stopped: 0.0013994 seconds, Stopping threads took: 0.0006055 seconds
[2023-10-30T23:22:48.474+0000][2547.134s][debug][safepoint     ] Safepoint synchronization initiated. (191 threads)
[2023-10-30T23:22:48.475+0000][2547.134s][info ][safepoint     ] Application time: 1.0005745 seconds
[2023-10-30T23:22:48.475+0000][2547.134s][info ][safepoint     ] Entering safepoint region: Cleanup
[2023-10-30T23:22:48.476+0000][2547.135s][info ][safepoint     ] Leaving safepoint region
[2023-10-30T23:22:48.476+0000][2547.135s][info ][safepoint     ] Total time for which application threads were stopped: 0.0007249 seconds, Stopping threads took: 0.0002901 seconds
[2023-10-30T23:22:49.476+0000][2548.135s][debug][safepoint     ] Safepoint synchronization initiated. (191 threads)
[2023-10-30T23:22:49.477+0000][2548.136s][info ][safepoint     ] Application time: 1.0007197 seconds
[2023-10-30T23:22:49.477+0000][2548.136s][info ][safepoint     ] Entering safepoint region: Cleanup
[2023-10-30T23:22:49.478+0000][2548.137s][info ][safepoint     ] Leaving safepoint region
[2023-10-30T23:22:49.479+0000][2548.138s][info ][safepoint     ] Total time for which application threads were stopped: 0.0011345 seconds, Stopping threads took: 0.0004676 seconds
[2023-10-30T23:22:50.479+0000][2549.138s][debug][safepoint     ] Safepoint synchronization initiated. (191 threads)
[2023-10-30T23:22:50.480+0000][2549.139s][info ][safepoint     ] Application time: 1.0014127 seconds
[2023-10-30T23:22:50.481+0000][2549.140s][info ][safepoint     ] Entering safepoint region: Cleanup
[2023-10-30T23:22:50.483+0000][2549.142s][info ][safepoint     ] Leaving safepoint region
[2023-10-30T23:22:50.483+0000][2549.143s][info ][safepoint     ] Total time for which application threads were stopped: 0.0021268 seconds, Stopping threads took: 0.0009662 seconds
[2023-10-30T23:22:51.484+0000][2550.143s][debug][safepoint     ] Safepoint synchronization initiated. (191 threads)
[2023-10-30T23:22:51.485+0000][2550.144s][info ][safepoint     ] Application time: 1.0005565 seconds
[2023-10-30T23:22:51.485+0000][2550.144s][info ][safepoint     ] Entering safepoint region: Cleanup
[2023-10-30T23:22:51.486+0000][2550.145s][info ][safepoint     ] Leaving safepoint region
[2023-10-30T23:22:51.486+0000][2550.145s][info ][safepoint     ] Total time for which application threads were stopped: 0.0008243 seconds, Stopping threads took: 0.0003973 seconds
[2023-10-30T23:22:52.486+0000][2551.145s][debug][safepoint     ] Safepoint synchronization initiated. (191 threads)
[2023-10-30T23:22:52.487+0000][2551.146s][info ][safepoint     ] Application time: 1.0006379 seconds
[2023-10-30T23:22:52.487+0000][2551.146s][info ][safepoint     ] Entering safepoint region: Cleanup
[2023-10-30T23:22:52.489+0000][2551.148s][info ][safepoint     ] Leaving safepoint region
[2023-10-30T23:22:52.489+0000][2551.148s][info ][safepoint     ] Total time for which application threads were stopped: 0.0017745 seconds, Stopping threads took: 0.0009296 seconds
[2023-10-30T23:22:53.490+0000][2552.149s][debug][safepoint     ] Safepoint synchronization initiated. (191 threads)
[2023-10-30T23:22:53.491+0000][2552.150s][info ][safepoint     ] Application time: 1.0007520 seconds
[2023-10-30T23:22:53.491+0000][2552.151s][info ][safepoint     ] Entering safepoint region: Cleanup
[2023-10-30T23:22:53.492+0000][2552.151s][info ][safepoint     ] Leaving safepoint region
[2023-10-30T23:22:53.492+0000][2552.152s][info ][safepoint     ] Total time for which application threads were stopped: 0.0010416 seconds, Stopping threads took: 0.0004258 seconds
[2023-10-30T23:22:54.493+0000][2553.152s][debug][safepoint     ] Safepoint synchronization initiated. (191 threads)
[2023-10-30T23:22:54.494+0000][2553.153s][info ][safepoint     ] Application time: 1.0006680 seconds
[2023-10-30T23:22:54.494+0000][2553.153s][info ][safepoint     ] Entering safepoint region: Cleanup
[2023-10-30T23:22:54.495+0000][2553.154s][info ][safepoint     ] Leaving safepoint region
[2023-10-30T23:22:54.495+0000][2553.154s][info ][safepoint     ] Total time for which application threads were stopped: 0.0012452 seconds, Stopping threads took: 0.0006170 seconds
[2023-10-30T23:22:55.496+0000][2554.155s][debug][safepoint     ] Safepoint synchronization initiated. (191 threads)
[2023-10-30T23:22:55.496+0000][2554.155s][info ][safepoint     ] Application time: 1.0007577 seconds
[2023-10-30T23:22:55.497+0000][2554.156s][info ][safepoint     ] Entering safepoint region: Cleanup
[2023-10-30T23:22:55.498+0000][2554.157s][info ][safepoint     ] Leaving safepoint region
[2023-10-30T23:22:55.499+0000][2554.158s][info ][safepoint     ] Total time for which application threads were stopped: 0.0017444 seconds, Stopping threads took: 0.0007806 seconds
[2023-10-30T23:22:56.500+0000][2555.159s][debug][safepoint     ] Safepoint synchronization initiated. (191 threads)
[2023-10-30T23:22:56.501+0000][2555.160s][info ][safepoint     ] Application time: 1.0011789 seconds
[2023-10-30T23:22:56.501+0000][2555.160s][info ][safepoint     ] Entering safepoint region: Cleanup
[2023-10-30T23:22:56.502+0000][2555.161s][info ][safepoint     ] Leaving safepoint region
[2023-10-30T23:22:56.502+0000][2555.161s][info ][safepoint     ] Total time for which application threads were stopped: 0.0013388 seconds, Stopping threads took: 0.0006241 seconds
[2023-10-30T23:22:57.503+0000][2556.162s][debug][safepoint     ] Safepoint synchronization initiated. (191 threads)
[2023-10-30T23:22:57.504+0000][2556.163s][info ][safepoint     ] Application time: 1.0007670 seconds
[2023-10-30T23:22:57.504+0000][2556.163s][info ][safepoint     ] Entering safepoint region: Cleanup
[2023-10-30T23:22:57.505+0000][2556.164s][info ][safepoint     ] Leaving safepoint region
[2023-10-30T23:22:57.506+0000][2556.165s][info ][safepoint     ] Total time for which application threads were stopped: 0.0012953 seconds, Stopping threads took: 0.0006130 seconds
[2023-10-30T23:22:58.506+0000][2557.165s][debug][safepoint     ] Safepoint synchronization initiated. (191 threads)
[2023-10-30T23:22:58.507+0000][2557.166s][info ][safepoint     ] Application time: 1.0011632 seconds
[2023-10-30T23:22:58.508+0000][2557.167s][info ][safepoint     ] Entering safepoint region: Cleanup
[2023-10-30T23:22:58.508+0000][2557.167s][info ][safepoint     ] Leaving safepoint region
[2023-10-30T23:22:58.509+0000][2557.168s][info ][safepoint     ] Total time for which application threads were stopped: 0.0012265 seconds, Stopping threads took: 0.0005362 seconds
[2023-10-30T23:22:59.510+0000][2558.169s][debug][safepoint     ] Safepoint synchronization initiated. (191 threads)
[2023-10-30T23:22:59.511+0000][2558.170s][info ][safepoint     ] Application time: 1.0018026 seconds
[2023-10-30T23:22:59.512+0000][2558.171s][info ][safepoint     ] Entering safepoint region: Cleanup
[2023-10-30T23:22:59.513+0000][2558.172s][info ][safepoint     ] Leaving safepoint region
[2023-10-30T23:22:59.513+0000][2558.172s][info ][safepoint     ] Total time for which application threads were stopped: 0.0012761 seconds, Stopping threads took: 0.0005318 seconds
[2023-10-30T23:23:00.514+0000][2559.173s][debug][safepoint     ] Safepoint synchronization initiated. (191 threads)
[2023-10-30T23:23:00.514+0000][2559.173s][info ][safepoint     ] Application time: 1.0005995 seconds
[2023-10-30T23:23:00.514+0000][2559.173s][info ][safepoint     ] Entering safepoint region: Cleanup
[2023-10-30T23:23:00.515+0000][2559.174s][info ][safepoint     ] Leaving safepoint region
[2023-10-30T23:23:00.515+0000][2559.174s][info ][safepoint     ] Total time for which application threads were stopped: 0.0009193 seconds, Stopping threads took: 0.0004001 seconds
[2023-10-30T23:23:01.516+0000][2560.175s][debug][safepoint     ] Safepoint synchronization initiated. (191 threads)
[2023-10-30T23:23:01.516+0000][2560.175s][info ][safepoint     ] Application time: 1.0006220 seconds
[2023-10-30T23:23:01.517+0000][2560.176s][info ][safepoint     ] Entering safepoint region: Cleanup
[2023-10-30T23:23:01.517+0000][2560.176s][info ][safepoint     ] Leaving safepoint region
[2023-10-30T23:23:01.517+0000][2560.176s][info ][safepoint     ] Total time for which application threads were stopped: 0.0007983 seconds, Stopping threads took: 0.0003938 seconds
[2023-10-30T23:23:02.072+0000][2560.731s][debug][safepoint     ] Safepoint synchronization initiated. (191 threads)
[2023-10-30T23:23:02.073+0000][2560.732s][info ][safepoint     ] Application time: 0.5557681 seconds
[2023-10-30T23:23:02.074+0000][2560.733s][info ][safepoint     ] Entering safepoint region: G1CollectForAllocation
[2023-10-30T23:23:02.076+0000][2560.735s][info ][gc,start      ] GC(85) Pause Young (Concurrent Start) (G1 Evacuation Pause)
[2023-10-30T23:23:02.077+0000][2560.736s][info ][gc,task       ] GC(85) Using 8 workers of 8 for evacuation
[2023-10-30T23:23:02.086+0000][2560.745s][info ][gc,phases     ] GC(85)   Pre Evacuate Collection Set: 2.9ms
[2023-10-30T23:23:02.087+0000][2560.746s][info ][gc,phases     ] GC(85)   Evacuate Collection Set: 2.6ms
[2023-10-30T23:23:02.087+0000][2560.746s][info ][gc,phases     ] GC(85)   Post Evacuate Collection Set: 2.5ms
[2023-10-30T23:23:02.088+0000][2560.747s][info ][gc,phases     ] GC(85)   Other: 2.1ms
[2023-10-30T23:23:02.088+0000][2560.747s][info ][gc,heap       ] GC(85) Eden regions: 144->0(146)
[2023-10-30T23:23:02.089+0000][2560.748s][info ][gc,heap       ] GC(85) Survivor regions: 2->2(19)
[2023-10-30T23:23:02.089+0000][2560.748s][info ][gc,heap       ] GC(85) Old regions: 145->145
[2023-10-30T23:23:02.090+0000][2560.749s][info ][gc,heap       ] GC(85) Humongous regions: 60->60
[2023-10-30T23:23:02.090+0000][2560.749s][info ][gc,metaspace  ] GC(85) Metaspace: 169670K(176932K)->169670K(176932K) NonClass: 150294K(155044K)->150294K(155044K) Class: 19375K(21888K)->19375K(21888K)
[2023-10-30T23:23:02.091+0000][2560.750s][info ][gc            ] GC(85) Pause Young (Concurrent Start) (G1 Evacuation Pause) 348M->204M(411M) 14.920ms
[2023-10-30T23:23:02.091+0000][2560.750s][info ][gc,cpu        ] GC(85) User=0.03s Sys=0.00s Real=0.02s
[2023-10-30T23:23:02.092+0000][2560.751s][info ][gc            ] GC(86) Concurrent Cycle
[2023-10-30T23:23:02.092+0000][2560.751s][info ][gc,marking    ] GC(86) Concurrent Clear Claimed Marks
[2023-10-30T23:23:02.092+0000][2560.751s][info ][safepoint     ] Leaving safepoint region
[2023-10-30T23:23:02.093+0000][2560.752s][info ][safepoint     ] Total time for which application threads were stopped: 0.0185825 seconds, Stopping threads took: 0.0011037 seconds
[2023-10-30T23:23:02.093+0000][2560.752s][info ][gc,marking    ] GC(86) Concurrent Clear Claimed Marks 0.997ms
[2023-10-30T23:23:02.093+0000][2560.752s][info ][gc,stringdedup] Concurrent String Deduplication (2560.752s)
[2023-10-30T23:23:02.094+0000][2560.753s][info ][gc,marking    ] GC(86) Concurrent Scan Root Regions
[2023-10-30T23:23:02.094+0000][2560.753s][info ][gc,stringdedup] Concurrent String Deduplication 33000.0B->384.0B(32616.0B) avg 54.4% (2560.752s, 2560.753s) 1.020ms
[2023-10-30T23:23:02.098+0000][2560.757s][info ][gc,marking    ] GC(86) Concurrent Scan Root Regions 4.438ms
[2023-10-30T23:23:02.099+0000][2560.758s][info ][gc,marking    ] GC(86) Concurrent Mark (2560.758s)
[2023-10-30T23:23:02.099+0000][2560.758s][info ][gc,marking    ] GC(86) Concurrent Mark From Roots
[2023-10-30T23:23:02.099+0000][2560.758s][info ][gc,task       ] GC(86) Using 2 workers of 2 for marking
[2023-10-30T23:23:02.199+0000][2560.858s][info ][gc,marking    ] GC(86) Concurrent Mark From Roots 99.476ms
[2023-10-30T23:23:02.199+0000][2560.858s][info ][gc,marking    ] GC(86) Concurrent Preclean
[2023-10-30T23:23:02.200+0000][2560.859s][info ][gc,marking    ] GC(86) Concurrent Preclean 0.680ms
[2023-10-30T23:23:02.200+0000][2560.859s][info ][gc,marking    ] GC(86) Concurrent Mark (2560.758s, 2560.859s) 101.825ms
[2023-10-30T23:23:02.201+0000][2560.860s][debug][safepoint     ] Safepoint synchronization initiated. (191 threads)
[2023-10-30T23:23:02.202+0000][2560.860s][info ][safepoint     ] Application time: 0.1081935 seconds
[2023-10-30T23:23:02.202+0000][2560.861s][info ][safepoint     ] Entering safepoint region: CGC_Operation
[2023-10-30T23:23:02.203+0000][2560.862s][info ][gc,start      ] GC(86) Pause Remark
[2023-10-30T23:23:02.247+0000][2560.906s][info ][gc,stringtable] GC(86) Cleaned string and symbol table, strings: 72903 processed, 746 removed, symbols: 410766 processed, 2 removed
[2023-10-30T23:23:02.248+0000][2560.907s][info ][gc            ] GC(86) Pause Remark 207M->207M(411M) 44.810ms
[2023-10-30T23:23:02.248+0000][2560.907s][info ][gc,cpu        ] GC(86) User=0.28s Sys=0.00s Real=0.04s
[2023-10-30T23:23:02.249+0000][2560.908s][info ][safepoint     ] Leaving safepoint region
[2023-10-30T23:23:02.249+0000][2560.908s][info ][safepoint     ] Total time for which application threads were stopped: 0.0473998 seconds, Stopping threads took: 0.0005461 seconds
[2023-10-30T23:23:02.250+0000][2560.909s][info ][gc,marking    ] GC(86) Concurrent Rebuild Remembered Sets
[2023-10-30T23:23:02.323+0000][2560.982s][info ][gc,marking    ] GC(86) Concurrent Rebuild Remembered Sets 72.666ms
[2023-10-30T23:23:02.323+0000][2560.982s][debug][safepoint     ] Safepoint synchronization initiated. (191 threads)
[2023-10-30T23:23:02.323+0000][2560.982s][info ][safepoint     ] Application time: 0.0736560 seconds
[2023-10-30T23:23:02.324+0000][2560.983s][info ][safepoint     ] Entering safepoint region: CGC_Operation
[2023-10-30T23:23:02.324+0000][2560.983s][info ][gc,start      ] GC(86) Pause Cleanup
[2023-10-30T23:23:02.325+0000][2560.984s][info ][gc            ] GC(86) Pause Cleanup 207M->207M(411M) 0.691ms
[2023-10-30T23:23:02.325+0000][2560.984s][info ][gc,cpu        ] GC(86) User=0.00s Sys=0.01s Real=0.00s
[2023-10-30T23:23:02.326+0000][2560.985s][info ][safepoint     ] Leaving safepoint region
[2023-10-30T23:23:02.326+0000][2560.985s][info ][safepoint     ] Total time for which application threads were stopped: 0.0024320 seconds, Stopping threads took: 0.0003883 seconds
[2023-10-30T23:23:02.327+0000][2560.986s][info ][gc,marking    ] GC(86) Concurrent Cleanup for Next Mark
[2023-10-30T23:23:02.328+0000][2560.986s][info ][gc,marking    ] GC(86) Concurrent Cleanup for Next Mark 0.962ms
[2023-10-30T23:23:02.328+0000][2560.987s][info ][gc            ] GC(86) Concurrent Cycle 236.072ms
[2023-10-30T23:23:03.327+0000][2561.986s][debug][safepoint     ] Safepoint synchronization initiated. (190 threads)
[2023-10-30T23:23:03.327+0000][2561.986s][info ][safepoint     ] Application time: 1.0008351 seconds
[2023-10-30T23:23:03.328+0000][2561.987s][info ][safepoint     ] Entering safepoint region: Cleanup
[2023-10-30T23:23:03.329+0000][2561.988s][info ][safepoint     ] Leaving safepoint region
[2023-10-30T23:23:03.329+0000][2561.988s][info ][safepoint     ] Total time for which application threads were stopped: 0.0011262 seconds, Stopping threads took: 0.0005031 seconds
[2023-10-30T23:23:04.330+0000][2562.989s][debug][safepoint     ] Safepoint synchronization initiated. (190 threads)
[2023-10-30T23:23:04.330+0000][2562.989s][info ][safepoint     ] Application time: 1.0007185 seconds
[2023-10-30T23:23:04.330+0000][2562.989s][info ][safepoint     ] Entering safepoint region: Cleanup
[2023-10-30T23:23:04.331+0000][2562.990s][info ][safepoint     ] Leaving safepoint region
[2023-10-30T23:23:04.331+0000][2562.990s][info ][safepoint     ] Total time for which application threads were stopped: 0.0007933 seconds, Stopping threads took: 0.0003496 seconds
[2023-10-30T23:23:05.332+0000][2563.991s][debug][safepoint     ] Safepoint synchronization initiated. (190 threads)
[2023-10-30T23:23:05.333+0000][2563.992s][info ][safepoint     ] Application time: 1.0012073 seconds
[2023-10-30T23:23:05.333+0000][2563.992s][info ][safepoint     ] Entering safepoint region: Cleanup
[2023-10-30T23:23:05.334+0000][2563.993s][info ][safepoint     ] Leaving safepoint region
[2023-10-30T23:23:05.335+0000][2563.994s][info ][safepoint     ] Total time for which application threads were stopped: 0.0012485 seconds, Stopping threads took: 0.0006057 seconds
[2023-10-30T23:23:06.335+0000][2564.994s][debug][safepoint     ] Safepoint synchronization initiated. (190 threads)
[2023-10-30T23:23:06.336+0000][2564.995s][info ][safepoint     ] Application time: 1.0009023 seconds
[2023-10-30T23:23:06.336+0000][2564.995s][info ][safepoint     ] Entering safepoint region: Cleanup
[2023-10-30T23:23:06.337+0000][2564.996s][info ][safepoint     ] Leaving safepoint region
[2023-10-30T23:23:06.338+0000][2564.997s][info ][safepoint     ] Total time for which application threads were stopped: 0.0011209 seconds, Stopping threads took: 0.0004934 seconds
[2023-10-30T23:23:07.338+0000][2565.997s][debug][safepoint     ] Safepoint synchronization initiated. (190 threads)
[2023-10-30T23:23:07.339+0000][2565.998s][info ][safepoint     ] Application time: 1.0007241 seconds
[2023-10-30T23:23:07.339+0000][2565.998s][info ][safepoint     ] Entering safepoint region: Cleanup
[2023-10-30T23:23:07.340+0000][2565.999s][info ][safepoint     ] Leaving safepoint region
[2023-10-30T23:23:07.341+0000][2566.000s][info ][safepoint     ] Total time for which application threads were stopped: 0.0015484 seconds, Stopping threads took: 0.0005110 seconds
[2023-10-30T23:23:08.341+0000][2567.000s][debug][safepoint     ] Safepoint synchronization initiated. (190 threads)
[2023-10-30T23:23:08.342+0000][2567.001s][info ][safepoint     ] Application time: 1.0009481 seconds
[2023-10-30T23:23:08.343+0000][2567.002s][info ][safepoint     ] Entering safepoint region: Cleanup
[2023-10-30T23:23:08.344+0000][2567.003s][info ][safepoint     ] Leaving safepoint region
[2023-10-30T23:23:08.344+0000][2567.003s][info ][safepoint     ] Total time for which application threads were stopped: 0.0011862 seconds, Stopping threads took: 0.0005305 seconds
[2023-10-30T23:23:09.345+0000][2568.004s][debug][safepoint     ] Safepoint synchronization initiated. (190 threads)
[2023-10-30T23:23:09.346+0000][2568.005s][info ][safepoint     ] Application time: 1.0016143 seconds
[2023-10-30T23:23:09.347+0000][2568.006s][info ][safepoint     ] Entering safepoint region: Cleanup
[2023-10-30T23:23:09.349+0000][2568.008s][info ][safepoint     ] Leaving safepoint region
[2023-10-30T23:23:09.349+0000][2568.008s][info ][safepoint     ] Total time for which application threads were stopped: 0.0021912 seconds, Stopping threads took: 0.0010089 seconds
[2023-10-30T23:23:10.350+0000][2569.009s][debug][safepoint     ] Safepoint synchronization initiated. (190 threads)
[2023-10-30T23:23:10.351+0000][2569.010s][info ][safepoint     ] Application time: 1.0008794 seconds
[2023-10-30T23:23:10.352+0000][2569.011s][info ][safepoint     ] Entering safepoint region: Cleanup
[2023-10-30T23:23:10.353+0000][2569.011s][info ][safepoint     ] Leaving safepoint region
[2023-10-30T23:23:10.353+0000][2569.012s][info ][safepoint     ] Total time for which application threads were stopped: 0.0014451 seconds, Stopping threads took: 0.0005627 seconds
[2023-10-30T23:23:11.354+0000][2570.013s][debug][safepoint     ] Safepoint synchronization initiated. (190 threads)
[2023-10-30T23:23:11.355+0000][2570.014s][info ][safepoint     ] Application time: 1.0010759 seconds
[2023-10-30T23:23:11.355+0000][2570.014s][info ][safepoint     ] Entering safepoint region: Cleanup
[2023-10-30T23:23:11.357+0000][2570.015s][info ][safepoint     ] Leaving safepoint region
[2023-10-30T23:23:11.357+0000][2570.016s][info ][safepoint     ] Total time for which application threads were stopped: 0.0017322 seconds, Stopping threads took: 0.0007846 seconds
[2023-10-30T23:23:12.358+0000][2571.017s][debug][safepoint     ] Safepoint synchronization initiated. (190 threads)
[2023-10-30T23:23:12.359+0000][2571.018s][info ][safepoint     ] Application time: 1.0011207 seconds
[2023-10-30T23:23:12.360+0000][2571.019s][info ][safepoint     ] Entering safepoint region: Cleanup
[2023-10-30T23:23:12.361+0000][2571.020s][info ][safepoint     ] Leaving safepoint region
[2023-10-30T23:23:12.362+0000][2571.021s][info ][safepoint     ] Total time for which application threads were stopped: 0.0019716 seconds, Stopping threads took: 0.0007788 seconds
[2023-10-30T23:23:13.363+0000][2572.022s][debug][safepoint     ] Safepoint synchronization initiated. (190 threads)
[2023-10-30T23:23:13.364+0000][2572.023s][info ][safepoint     ] Application time: 1.0011910 seconds
[2023-10-30T23:23:13.365+0000][2572.024s][info ][safepoint     ] Entering safepoint region: Cleanup
[2023-10-30T23:23:13.366+0000][2572.025s][info ][safepoint     ] Leaving safepoint region
[2023-10-30T23:23:13.367+0000][2572.026s][info ][safepoint     ] Total time for which application threads were stopped: 0.0019696 seconds, Stopping threads took: 0.0009418 seconds
[2023-10-30T23:23:14.367+0000][2573.026s][debug][safepoint     ] Safepoint synchronization initiated. (190 threads)
[2023-10-30T23:23:14.368+0000][2573.027s][info ][safepoint     ] Application time: 1.0012650 seconds
[2023-10-30T23:23:14.369+0000][2573.028s][info ][safepoint     ] Entering safepoint region: Cleanup
[2023-10-30T23:23:14.370+0000][2573.029s][info ][safepoint     ] Leaving safepoint region
[2023-10-30T23:23:14.371+0000][2573.030s][info ][safepoint     ] Total time for which application threads were stopped: 0.0020152 seconds, Stopping threads took: 0.0009517 seconds
[2023-10-30T23:23:15.372+0000][2574.031s][debug][safepoint     ] Safepoint synchronization initiated. (189 threads)
[2023-10-30T23:23:15.373+0000][2574.032s][info ][safepoint     ] Application time: 1.0007743 seconds
[2023-10-30T23:23:15.373+0000][2574.032s][info ][safepoint     ] Entering safepoint region: Cleanup
[2023-10-30T23:23:15.374+0000][2574.033s][info ][safepoint     ] Leaving safepoint region
[2023-10-30T23:23:15.375+0000][2574.034s][info ][safepoint     ] Total time for which application threads were stopped: 0.0013902 seconds, Stopping threads took: 0.0006511 seconds
[2023-10-30T23:23:16.375+0000][2575.034s][debug][safepoint     ] Safepoint synchronization initiated. (189 threads)
[2023-10-30T23:23:16.376+0000][2575.035s][info ][safepoint     ] Application time: 1.0011812 seconds
[2023-10-30T23:23:16.377+0000][2575.036s][info ][safepoint     ] Entering safepoint region: Cleanup
[2023-10-30T23:23:16.378+0000][2575.037s][info ][safepoint     ] Leaving safepoint region
[2023-10-30T23:23:16.379+0000][2575.038s][info ][safepoint     ] Total time for which application threads were stopped: 0.0017444 seconds, Stopping threads took: 0.0010186 seconds
[2023-10-30T23:23:17.380+0000][2576.039s][debug][safepoint     ] Safepoint synchronization initiated. (189 threads)
[2023-10-30T23:23:17.380+0000][2576.039s][info ][safepoint     ] Application time: 1.0007494 seconds
[2023-10-30T23:23:17.381+0000][2576.040s][info ][safepoint     ] Entering safepoint region: Cleanup
[2023-10-30T23:23:17.381+0000][2576.040s][info ][safepoint     ] Leaving safepoint region
[2023-10-30T23:23:17.382+0000][2576.040s][info ][safepoint     ] Total time for which application threads were stopped: 0.0009115 seconds, Stopping threads took: 0.0004006 seconds
[2023-10-30T23:23:18.382+0000][2577.041s][debug][safepoint     ] Safepoint synchronization initiated. (189 threads)
[2023-10-30T23:23:18.383+0000][2577.042s][info ][safepoint     ] Application time: 1.0013180 seconds
[2023-10-30T23:23:18.384+0000][2577.043s][info ][safepoint     ] Entering safepoint region: Cleanup
[2023-10-30T23:23:18.385+0000][2577.044s][info ][safepoint     ] Leaving safepoint region
[2023-10-30T23:23:18.386+0000][2577.045s][info ][safepoint     ] Total time for which application threads were stopped: 0.0019709 seconds, Stopping threads took: 0.0009660 seconds
[2023-10-30T23:23:19.387+0000][2578.046s][debug][safepoint     ] Safepoint synchronization initiated. (189 threads)
[2023-10-30T23:23:19.388+0000][2578.047s][info ][safepoint     ] Application time: 1.0014849 seconds
[2023-10-30T23:23:19.389+0000][2578.048s][info ][safepoint     ] Entering safepoint region: Cleanup
[2023-10-30T23:23:19.390+0000][2578.049s][info ][safepoint     ] Leaving safepoint region
[2023-10-30T23:23:19.391+0000][2578.050s][info ][safepoint     ] Total time for which application threads were stopped: 0.0017117 seconds, Stopping threads took: 0.0007438 seconds
[2023-10-30T23:23:20.392+0000][2579.051s][debug][safepoint     ] Safepoint synchronization initiated. (188 threads)
[2023-10-30T23:23:20.393+0000][2579.052s][info ][safepoint     ] Application time: 1.0010531 seconds
[2023-10-30T23:23:20.393+0000][2579.052s][info ][safepoint     ] Entering safepoint region: Cleanup
[2023-10-30T23:23:20.394+0000][2579.053s][info ][safepoint     ] Leaving safepoint region
[2023-10-30T23:23:20.395+0000][2579.054s][info ][safepoint     ] Total time for which application threads were stopped: 0.0016866 seconds, Stopping threads took: 0.0007386 seconds
[2023-10-30T23:23:21.396+0000][2580.055s][debug][safepoint     ] Safepoint synchronization initiated. (188 threads)
[2023-10-30T23:23:21.397+0000][2580.056s][info ][safepoint     ] Application time: 1.0010621 seconds
[2023-10-30T23:23:21.397+0000][2580.056s][info ][safepoint     ] Entering safepoint region: Cleanup
[2023-10-30T23:23:21.398+0000][2580.057s][info ][safepoint     ] Leaving safepoint region
[2023-10-30T23:23:21.398+0000][2580.057s][info ][safepoint     ] Total time for which application threads were stopped: 0.0013600 seconds, Stopping threads took: 0.0006580 seconds
[2023-10-30T23:23:22.399+0000][2581.058s][debug][safepoint     ] Safepoint synchronization initiated. (188 threads)
[2023-10-30T23:23:22.400+0000][2581.059s][info ][safepoint     ] Application time: 1.0013740 seconds
[2023-10-30T23:23:22.401+0000][2581.060s][info ][safepoint     ] Entering safepoint region: Cleanup
[2023-10-30T23:23:22.403+0000][2581.062s][info ][safepoint     ] Leaving safepoint region
[2023-10-30T23:23:22.404+0000][2581.063s][info ][safepoint     ] Total time for which application threads were stopped: 0.0024521 seconds, Stopping threads took: 0.0010757 seconds
[2023-10-30T23:23:23.405+0000][2582.064s][debug][safepoint     ] Safepoint synchronization initiated. (188 threads)
[2023-10-30T23:23:23.406+0000][2582.065s][info ][safepoint     ] Application time: 1.0014298 seconds
[2023-10-30T23:23:23.407+0000][2582.066s][info ][safepoint     ] Entering safepoint region: Cleanup
[2023-10-30T23:23:23.408+0000][2582.067s][info ][safepoint     ] Leaving safepoint region
[2023-10-30T23:23:23.409+0000][2582.068s][info ][safepoint     ] Total time for which application threads were stopped: 0.0018379 seconds, Stopping threads took: 0.0009093 seconds
[2023-10-30T23:23:24.409+0000][2583.069s][debug][safepoint     ] Safepoint synchronization initiated. (188 threads)
[2023-10-30T23:23:24.410+0000][2583.070s][info ][safepoint     ] Application time: 1.0014024 seconds
[2023-10-30T23:23:24.411+0000][2583.071s][info ][safepoint     ] Entering safepoint region: Cleanup
[2023-10-30T23:23:24.413+0000][2583.072s][info ][safepoint     ] Leaving safepoint region
[2023-10-30T23:23:24.413+0000][2583.073s][info ][safepoint     ] Total time for which application threads were stopped: 0.0018855 seconds, Stopping threads took: 0.0008899 seconds
[2023-10-30T23:23:25.414+0000][2584.074s][debug][safepoint     ] Safepoint synchronization initiated. (188 threads)
[2023-10-30T23:23:25.415+0000][2584.075s][info ][safepoint     ] Application time: 1.0015028 seconds
[2023-10-30T23:23:25.417+0000][2584.076s][info ][safepoint     ] Entering safepoint region: Cleanup
[2023-10-30T23:23:25.418+0000][2584.077s][info ][safepoint     ] Leaving safepoint region
[2023-10-30T23:23:25.419+0000][2584.078s][info ][safepoint     ] Total time for which application threads were stopped: 0.0021810 seconds, Stopping threads took: 0.0009815 seconds
[2023-10-30T23:23:26.420+0000][2585.079s][debug][safepoint     ] Safepoint synchronization initiated. (188 threads)
[2023-10-30T23:23:26.420+0000][2585.080s][info ][safepoint     ] Application time: 1.0008393 seconds
[2023-10-30T23:23:26.421+0000][2585.081s][info ][safepoint     ] Entering safepoint region: Cleanup
[2023-10-30T23:23:26.422+0000][2585.082s][info ][safepoint     ] Leaving safepoint region
[2023-10-30T23:23:26.422+0000][2585.082s][info ][safepoint     ] Total time for which application threads were stopped: 0.0012636 seconds, Stopping threads took: 0.0005951 seconds
[2023-10-30T23:23:26.422+0000][2585.082s][debug][safepoint     ] ... found polling page return exception at pc = 0x00007f93492e2b44, stub =0x00007f9340840600
[2023-10-30T23:23:26.422+0000][2585.082s][debug][safepoint     ] ... found polling page return exception at pc = 0x00007f93492e2b44, stub =0x00007f9340840600
[2023-10-30T23:23:26.422+0000][2585.082s][debug][safepoint     ] ... found polling page return exception at pc = 0x00007f93492e2b44, stub =0x00007f9340840600
[2023-10-30T23:23:26.422+0000][2585.082s][debug][safepoint     ] ... found polling page return exception at pc = 0x00007f93492e2b44, stub =0x00007f9340840600
[2023-10-30T23:23:26.422+0000][2585.082s][debug][safepoint     ] ... found polling page return exception at pc = 0x00007f93492e2b44, stub =0x00007f9340840600
[2023-10-30T23:23:26.422+0000][2585.082s][debug][safepoint     ] ... found polling page return exception at pc = 0x00007f93492e2b44, stub =0x00007f9340840600
[2023-10-30T23:23:27.423+0000][2586.083s][debug][safepoint     ] Safepoint synchronization initiated. (188 threads)
[2023-10-30T23:23:27.424+0000][2586.083s][info ][safepoint     ] Application time: 1.0009094 seconds
[2023-10-30T23:23:27.424+0000][2586.084s][info ][safepoint     ] Entering safepoint region: Cleanup
[2023-10-30T23:23:27.425+0000][2586.085s][info ][safepoint     ] Leaving safepoint region
[2023-10-30T23:23:27.426+0000][2586.085s][info ][safepoint     ] Total time for which application threads were stopped: 0.0012272 seconds, Stopping threads took: 0.0005233 seconds
[2023-10-30T23:23:28.426+0000][2587.086s][debug][safepoint     ] Safepoint synchronization initiated. (188 threads)
[2023-10-30T23:23:28.427+0000][2587.087s][info ][safepoint     ] Application time: 1.0014188 seconds
[2023-10-30T23:23:28.428+0000][2587.088s][info ][safepoint     ] Entering safepoint region: Cleanup
[2023-10-30T23:23:28.429+0000][2587.089s][info ][safepoint     ] Leaving safepoint region
[2023-10-30T23:23:28.430+0000][2587.090s][info ][safepoint     ] Total time for which application threads were stopped: 0.0017980 seconds, Stopping threads took: 0.0008440 seconds
[2023-10-30T23:23:29.431+0000][2588.091s][debug][safepoint     ] Safepoint synchronization initiated. (188 threads)
[2023-10-30T23:23:29.432+0000][2588.091s][info ][safepoint     ] Application time: 1.0007525 seconds
[2023-10-30T23:23:29.432+0000][2588.092s][info ][safepoint     ] Entering safepoint region: Cleanup
[2023-10-30T23:23:29.432+0000][2588.092s][info ][safepoint     ] Leaving safepoint region
[2023-10-30T23:23:29.433+0000][2588.092s][info ][safepoint     ] Total time for which application threads were stopped: 0.0008394 seconds, Stopping threads took: 0.0003770 seconds
[2023-10-30T23:23:30.433+0000][2589.093s][debug][safepoint     ] Safepoint synchronization initiated. (188 threads)
[2023-10-30T23:23:30.434+0000][2589.093s][info ][safepoint     ] Application time: 1.0005590 seconds
[2023-10-30T23:23:30.434+0000][2589.094s][info ][safepoint     ] Entering safepoint region: Cleanup
[2023-10-30T23:23:30.434+0000][2589.094s][info ][safepoint     ] Leaving safepoint region
[2023-10-30T23:23:30.435+0000][2589.094s][info ][safepoint     ] Total time for which application threads were stopped: 0.0008845 seconds, Stopping threads took: 0.0003865 seconds
[2023-10-30T23:23:31.435+0000][2590.095s][debug][safepoint     ] Safepoint synchronization initiated. (188 threads)
[2023-10-30T23:23:31.436+0000][2590.096s][info ][safepoint     ] Application time: 1.0008437 seconds
[2023-10-30T23:23:31.436+0000][2590.096s][info ][safepoint     ] Entering safepoint region: Cleanup
[2023-10-30T23:23:31.437+0000][2590.097s][info ][safepoint     ] Leaving safepoint region
[2023-10-30T23:23:31.438+0000][2590.097s][info ][safepoint     ] Total time for which application threads were stopped: 0.0014468 seconds, Stopping threads took: 0.0006134 seconds
[2023-10-30T23:23:32.439+0000][2591.098s][debug][safepoint     ] Safepoint synchronization initiated. (188 threads)
[2023-10-30T23:23:32.440+0000][2591.099s][info ][safepoint     ] Application time: 1.0012077 seconds
[2023-10-30T23:23:32.440+0000][2591.100s][info ][safepoint     ] Entering safepoint region: Cleanup
[2023-10-30T23:23:32.441+0000][2591.101s][info ][safepoint     ] Leaving safepoint region
[2023-10-30T23:23:32.442+0000][2591.102s][info ][safepoint     ] Total time for which application threads were stopped: 0.0017467 seconds, Stopping threads took: 0.0008544 seconds
[2023-10-30T23:23:33.443+0000][2592.103s][debug][safepoint     ] Safepoint synchronization initiated. (188 threads)
[2023-10-30T23:23:33.444+0000][2592.104s][info ][safepoint     ] Application time: 1.0011464 seconds
[2023-10-30T23:23:33.445+0000][2592.104s][info ][safepoint     ] Entering safepoint region: Cleanup
[2023-10-30T23:23:33.445+0000][2592.105s][info ][safepoint     ] Leaving safepoint region
[2023-10-30T23:23:33.446+0000][2592.106s][info ][safepoint     ] Total time for which application threads were stopped: 0.0013134 seconds, Stopping threads took: 0.0006919 seconds
[2023-10-30T23:23:34.447+0000][2593.106s][debug][safepoint     ] Safepoint synchronization initiated. (188 threads)
[2023-10-30T23:23:34.447+0000][2593.107s][info ][safepoint     ] Application time: 1.0009112 seconds
[2023-10-30T23:23:34.448+0000][2593.108s][info ][safepoint     ] Entering safepoint region: Cleanup
[2023-10-30T23:23:34.449+0000][2593.108s][info ][safepoint     ] Leaving safepoint region
[2023-10-30T23:23:34.449+0000][2593.109s][info ][safepoint     ] Total time for which application threads were stopped: 0.0011576 seconds, Stopping threads took: 0.0005889 seconds
[2023-10-30T23:23:35.450+0000][2594.109s][debug][safepoint     ] Safepoint synchronization initiated. (188 threads)
[2023-10-30T23:23:35.450+0000][2594.110s][info ][safepoint     ] Application time: 1.0006774 seconds
[2023-10-30T23:23:35.451+0000][2594.110s][info ][safepoint     ] Entering safepoint region: Cleanup
[2023-10-30T23:23:35.451+0000][2594.111s][info ][safepoint     ] Leaving safepoint region
[2023-10-30T23:23:35.451+0000][2594.111s][info ][safepoint     ] Total time for which application threads were stopped: 0.0008452 seconds, Stopping threads took: 0.0003576 seconds
[2023-10-30T23:23:36.452+0000][2595.112s][debug][safepoint     ] Safepoint synchronization initiated. (188 threads)
[2023-10-30T23:23:36.453+0000][2595.113s][info ][safepoint     ] Application time: 1.0011811 seconds
[2023-10-30T23:23:36.454+0000][2595.113s][info ][safepoint     ] Entering safepoint region: Cleanup
[2023-10-30T23:23:36.455+0000][2595.114s][info ][safepoint     ] Leaving safepoint region
[2023-10-30T23:23:36.455+0000][2595.115s][info ][safepoint     ] Total time for which application threads were stopped: 0.0016137 seconds, Stopping threads took: 0.0007410 seconds
[2023-10-30T23:23:37.456+0000][2596.116s][debug][safepoint     ] Safepoint synchronization initiated. (188 threads)
[2023-10-30T23:23:37.457+0000][2596.116s][info ][safepoint     ] Application time: 1.0007960 seconds
[2023-10-30T23:23:37.457+0000][2596.117s][info ][safepoint     ] Entering safepoint region: Cleanup
[2023-10-30T23:23:37.458+0000][2596.118s][info ][safepoint     ] Leaving safepoint region
[2023-10-30T23:23:37.458+0000][2596.118s][info ][safepoint     ] Total time for which application threads were stopped: 0.0012087 seconds, Stopping threads took: 0.0005475 seconds
[2023-10-30T23:23:38.459+0000][2597.119s][debug][safepoint     ] Safepoint synchronization initiated. (188 threads)
[2023-10-30T23:23:38.460+0000][2597.120s][info ][safepoint     ] Application time: 1.0010896 seconds
[2023-10-30T23:23:38.461+0000][2597.120s][info ][safepoint     ] Entering safepoint region: Cleanup
[2023-10-30T23:23:38.462+0000][2597.121s][info ][safepoint     ] Leaving safepoint region
[2023-10-30T23:23:38.462+0000][2597.122s][info ][safepoint     ] Total time for which application threads were stopped: 0.0014091 seconds, Stopping threads took: 0.0008367 seconds
[2023-10-30T23:23:39.463+0000][2598.122s][debug][safepoint     ] Safepoint synchronization initiated. (188 threads)
[2023-10-30T23:23:39.463+0000][2598.123s][info ][safepoint     ] Application time: 1.0009664 seconds
[2023-10-30T23:23:39.464+0000][2598.124s][info ][safepoint     ] Entering safepoint region: Cleanup
[2023-10-30T23:23:39.465+0000][2598.124s][info ][safepoint     ] Leaving safepoint region
[2023-10-30T23:23:39.465+0000][2598.125s][info ][safepoint     ] Total time for which application threads were stopped: 0.0011885 seconds, Stopping threads took: 0.0005682 seconds
[2023-10-30T23:23:40.466+0000][2599.126s][debug][safepoint     ] Safepoint synchronization initiated. (188 threads)
[2023-10-30T23:23:40.467+0000][2599.126s][info ][safepoint     ] Application time: 1.0009495 seconds
[2023-10-30T23:23:40.467+0000][2599.127s][info ][safepoint     ] Entering safepoint region: Cleanup
[2023-10-30T23:23:40.468+0000][2599.128s][info ][safepoint     ] Leaving safepoint region
[2023-10-30T23:23:40.469+0000][2599.129s][info ][safepoint     ] Total time for which application threads were stopped: 0.0014751 seconds, Stopping threads took: 0.0007564 seconds
[2023-10-30T23:23:41.470+0000][2600.129s][debug][safepoint     ] Safepoint synchronization initiated. (188 threads)
[2023-10-30T23:23:41.470+0000][2600.130s][info ][safepoint     ] Application time: 1.0009720 seconds
[2023-10-30T23:23:41.471+0000][2600.131s][info ][safepoint     ] Entering safepoint region: Cleanup
[2023-10-30T23:23:41.472+0000][2600.131s][info ][safepoint     ] Leaving safepoint region
[2023-10-30T23:23:41.472+0000][2600.132s][info ][safepoint     ] Total time for which application threads were stopped: 0.0014168 seconds, Stopping threads took: 0.0007027 seconds
[2023-10-30T23:23:42.473+0000][2601.133s][debug][safepoint     ] Safepoint synchronization initiated. (188 threads)
[2023-10-30T23:23:42.474+0000][2601.134s][info ][safepoint     ] Application time: 1.0013587 seconds
[2023-10-30T23:23:42.475+0000][2601.135s][info ][safepoint     ] Entering safepoint region: Cleanup
[2023-10-30T23:23:42.476+0000][2601.136s][info ][safepoint     ] Leaving safepoint region
[2023-10-30T23:23:42.477+0000][2601.137s][info ][safepoint     ] Total time for which application threads were stopped: 0.0020864 seconds, Stopping threads took: 0.0009675 seconds
[2023-10-30T23:23:43.478+0000][2602.138s][debug][safepoint     ] Safepoint synchronization initiated. (188 threads)
[2023-10-30T23:23:43.479+0000][2602.138s][info ][safepoint     ] Application time: 1.0007254 seconds
[2023-10-30T23:23:43.479+0000][2602.139s][info ][safepoint     ] Entering safepoint region: Cleanup
[2023-10-30T23:23:43.480+0000][2602.139s][info ][safepoint     ] Leaving safepoint region
[2023-10-30T23:23:43.480+0000][2602.140s][info ][safepoint     ] Total time for which application threads were stopped: 0.0009132 seconds, Stopping threads took: 0.0004685 seconds
[2023-10-30T23:23:44.480+0000][2603.140s][debug][safepoint     ] Safepoint synchronization initiated. (188 threads)
[2023-10-30T23:23:44.481+0000][2603.140s][info ][safepoint     ] Application time: 1.0005820 seconds
[2023-10-30T23:23:44.481+0000][2603.141s][info ][safepoint     ] Entering safepoint region: Cleanup
[2023-10-30T23:23:44.481+0000][2603.141s][info ][safepoint     ] Leaving safepoint region
[2023-10-30T23:23:44.482+0000][2603.141s][info ][safepoint     ] Total time for which application threads were stopped: 0.0007055 seconds, Stopping threads took: 0.0002812 seconds
[2023-10-30T23:23:45.482+0000][2604.142s][debug][safepoint     ] Safepoint synchronization initiated. (188 threads)
[2023-10-30T23:23:45.483+0000][2604.142s][info ][safepoint     ] Application time: 1.0005864 seconds
[2023-10-30T23:23:45.483+0000][2604.143s][info ][safepoint     ] Entering safepoint region: Cleanup
[2023-10-30T23:23:45.483+0000][2604.143s][info ][safepoint     ] Leaving safepoint region
[2023-10-30T23:23:45.484+0000][2604.144s][info ][safepoint     ] Total time for which application threads were stopped: 0.0009539 seconds, Stopping threads took: 0.0003989 seconds
[2023-10-30T23:23:46.484+0000][2605.144s][debug][safepoint     ] Safepoint synchronization initiated. (188 threads)
[2023-10-30T23:23:46.485+0000][2605.145s][info ][safepoint     ] Application time: 1.0005894 seconds
[2023-10-30T23:23:46.485+0000][2605.145s][info ][safepoint     ] Entering safepoint region: Cleanup
[2023-10-30T23:23:46.486+0000][2605.145s][info ][safepoint     ] Leaving safepoint region
[2023-10-30T23:23:46.486+0000][2605.146s][info ][safepoint     ] Total time for which application threads were stopped: 0.0007474 seconds, Stopping threads took: 0.0003162 seconds
[2023-10-30T23:23:47.486+0000][2606.146s][debug][safepoint     ] Safepoint synchronization initiated. (188 threads)
[2023-10-30T23:23:47.487+0000][2606.147s][info ][safepoint     ] Application time: 1.0007447 seconds
[2023-10-30T23:23:47.487+0000][2606.147s][info ][safepoint     ] Entering safepoint region: Cleanup
[2023-10-30T23:23:47.488+0000][2606.148s][info ][safepoint     ] Leaving safepoint region
[2023-10-30T23:23:47.488+0000][2606.148s][info ][safepoint     ] Total time for which application threads were stopped: 0.0011205 seconds, Stopping threads took: 0.0004572 seconds
[2023-10-30T23:23:48.489+0000][2607.149s][debug][safepoint     ] Safepoint synchronization initiated. (188 threads)
[2023-10-30T23:23:48.490+0000][2607.149s][info ][safepoint     ] Application time: 1.0008233 seconds
[2023-10-30T23:23:48.490+0000][2607.150s][info ][safepoint     ] Entering safepoint region: Cleanup
[2023-10-30T23:23:48.490+0000][2607.150s][info ][safepoint     ] Leaving safepoint region
[2023-10-30T23:23:48.491+0000][2607.150s][info ][safepoint     ] Total time for which application threads were stopped: 0.0008363 seconds, Stopping threads took: 0.0003323 seconds
[2023-10-30T23:23:49.491+0000][2608.151s][debug][safepoint     ] Safepoint synchronization initiated. (188 threads)
[2023-10-30T23:23:49.492+0000][2608.152s][info ][safepoint     ] Application time: 1.0008588 seconds
[2023-10-30T23:23:49.493+0000][2608.152s][info ][safepoint     ] Entering safepoint region: Cleanup
[2023-10-30T23:23:49.493+0000][2608.153s][info ][safepoint     ] Leaving safepoint region
[2023-10-30T23:23:49.494+0000][2608.154s][info ][safepoint     ] Total time for which application threads were stopped: 0.0014310 seconds, Stopping threads took: 0.0007902 seconds
[2023-10-30T23:23:50.494+0000][2609.154s][debug][safepoint     ] Safepoint synchronization initiated. (188 threads)
[2023-10-30T23:23:50.495+0000][2609.155s][info ][safepoint     ] Application time: 1.0011335 seconds
[2023-10-30T23:23:50.497+0000][2609.156s][info ][safepoint     ] Entering safepoint region: Cleanup
[2023-10-30T23:23:50.498+0000][2609.157s][info ][safepoint     ] Leaving safepoint region
[2023-10-30T23:23:50.498+0000][2609.158s][info ][safepoint     ] Total time for which application threads were stopped: 0.0016538 seconds, Stopping threads took: 0.0010971 seconds
[2023-10-30T23:23:51.499+0000][2610.158s][debug][safepoint     ] Safepoint synchronization initiated. (188 threads)
[2023-10-30T23:23:51.499+0000][2610.159s][info ][safepoint     ] Application time: 1.0006387 seconds
[2023-10-30T23:23:51.500+0000][2610.159s][info ][safepoint     ] Entering safepoint region: Cleanup
[2023-10-30T23:23:51.500+0000][2610.160s][info ][safepoint     ] Leaving safepoint region
[2023-10-30T23:23:51.501+0000][2610.161s][info ][safepoint     ] Total time for which application threads were stopped: 0.0011456 seconds, Stopping threads took: 0.0005404 seconds
[2023-10-30T23:23:52.501+0000][2611.161s][debug][safepoint     ] Safepoint synchronization initiated. (188 threads)
[2023-10-30T23:23:52.502+0000][2611.161s][info ][safepoint     ] Application time: 1.0004325 seconds
[2023-10-30T23:23:52.502+0000][2611.162s][info ][safepoint     ] Entering safepoint region: Cleanup
[2023-10-30T23:23:52.503+0000][2611.162s][info ][safepoint     ] Leaving safepoint region
[2023-10-30T23:23:52.503+0000][2611.163s][info ][safepoint     ] Total time for which application threads were stopped: 0.0011305 seconds, Stopping threads took: 0.0004867 seconds
[2023-10-30T23:23:53.504+0000][2612.163s][debug][safepoint     ] Safepoint synchronization initiated. (188 threads)
[2023-10-30T23:23:53.504+0000][2612.164s][info ][safepoint     ] Application time: 1.0007083 seconds
[2023-10-30T23:23:53.505+0000][2612.164s][info ][safepoint     ] Entering safepoint region: Cleanup
[2023-10-30T23:23:53.505+0000][2612.165s][info ][safepoint     ] Leaving safepoint region
[2023-10-30T23:23:53.506+0000][2612.165s][info ][safepoint     ] Total time for which application threads were stopped: 0.0011821 seconds, Stopping threads took: 0.0004607 seconds
[2023-10-30T23:23:54.507+0000][2613.166s][debug][safepoint     ] Safepoint synchronization initiated. (188 threads)
[2023-10-30T23:23:54.507+0000][2613.167s][info ][safepoint     ] Application time: 1.0010954 seconds
[2023-10-30T23:23:54.508+0000][2613.168s][info ][safepoint     ] Entering safepoint region: Cleanup
[2023-10-30T23:23:54.509+0000][2613.168s][info ][safepoint     ] Leaving safepoint region
[2023-10-30T23:23:54.509+0000][2613.169s][info ][safepoint     ] Total time for which application threads were stopped: 0.0012334 seconds, Stopping threads took: 0.0005615 seconds
[2023-10-30T23:23:55.510+0000][2614.169s][debug][safepoint     ] Safepoint synchronization initiated. (188 threads)
[2023-10-30T23:23:55.510+0000][2614.170s][info ][safepoint     ] Application time: 1.0005501 seconds
[2023-10-30T23:23:55.510+0000][2614.170s][info ][safepoint     ] Entering safepoint region: Cleanup
[2023-10-30T23:23:55.511+0000][2614.171s][info ][safepoint     ] Leaving safepoint region
[2023-10-30T23:23:55.511+0000][2614.171s][info ][safepoint     ] Total time for which application threads were stopped: 0.0007989 seconds, Stopping threads took: 0.0003026 seconds
[2023-10-30T23:23:56.512+0000][2615.171s][debug][safepoint     ] Safepoint synchronization initiated. (188 threads)
[2023-10-30T23:23:56.513+0000][2615.172s][info ][safepoint     ] Application time: 1.0013696 seconds
[2023-10-30T23:23:56.514+0000][2615.173s][info ][safepoint     ] Entering safepoint region: Cleanup
[2023-10-30T23:23:56.515+0000][2615.175s][info ][safepoint     ] Leaving safepoint region
[2023-10-30T23:23:56.515+0000][2615.175s][info ][safepoint     ] Total time for which application threads were stopped: 0.0018438 seconds, Stopping threads took: 0.0009712 seconds
[2023-10-30T23:23:57.516+0000][2616.176s][debug][safepoint     ] Safepoint synchronization initiated. (188 threads)
[2023-10-30T23:23:57.517+0000][2616.176s][info ][safepoint     ] Application time: 1.0006578 seconds
[2023-10-30T23:23:57.517+0000][2616.177s][info ][safepoint     ] Entering safepoint region: Cleanup
[2023-10-30T23:23:57.518+0000][2616.177s][info ][safepoint     ] Leaving safepoint region
[2023-10-30T23:23:57.518+0000][2616.178s][info ][safepoint     ] Total time for which application threads were stopped: 0.0008428 seconds, Stopping threads took: 0.0003506 seconds
[2023-10-30T23:23:58.518+0000][2617.178s][debug][safepoint     ] Safepoint synchronization initiated. (188 threads)
[2023-10-30T23:23:58.519+0000][2617.179s][info ][safepoint     ] Application time: 1.0005957 seconds
[2023-10-30T23:23:58.519+0000][2617.179s][info ][safepoint     ] Entering safepoint region: Cleanup
[2023-10-30T23:23:58.520+0000][2617.179s][info ][safepoint     ] Leaving safepoint region
[2023-10-30T23:23:58.520+0000][2617.180s][info ][safepoint     ] Total time for which application threads were stopped: 0.0009551 seconds, Stopping threads took: 0.0004112 seconds
[2023-10-30T23:23:59.521+0000][2618.180s][debug][safepoint     ] Safepoint synchronization initiated. (188 threads)
[2023-10-30T23:23:59.521+0000][2618.181s][info ][safepoint     ] Application time: 1.0005260 seconds
[2023-10-30T23:23:59.521+0000][2618.181s][info ][safepoint     ] Entering safepoint region: Cleanup
[2023-10-30T23:23:59.522+0000][2618.182s][info ][safepoint     ] Leaving safepoint region
[2023-10-30T23:23:59.522+0000][2618.182s][info ][safepoint     ] Total time for which application threads were stopped: 0.0008906 seconds, Stopping threads took: 0.0003586 seconds
[2023-10-30T23:24:00.523+0000][2619.182s][debug][safepoint     ] Safepoint synchronization initiated. (188 threads)
[2023-10-30T23:24:00.523+0000][2619.183s][info ][safepoint     ] Application time: 1.0006028 seconds
[2023-10-30T23:24:00.524+0000][2619.183s][info ][safepoint     ] Entering safepoint region: Cleanup
[2023-10-30T23:24:00.524+0000][2619.184s][info ][safepoint     ] Leaving safepoint region
[2023-10-30T23:24:00.524+0000][2619.184s][info ][safepoint     ] Total time for which application threads were stopped: 0.0009422 seconds, Stopping threads took: 0.0003715 seconds
[2023-10-30T23:24:01.525+0000][2620.185s][debug][safepoint     ] Safepoint synchronization initiated. (188 threads)
[2023-10-30T23:24:01.525+0000][2620.185s][info ][safepoint     ] Application time: 1.0006895 seconds
[2023-10-30T23:24:01.526+0000][2620.186s][info ][safepoint     ] Entering safepoint region: Cleanup
[2023-10-30T23:24:01.526+0000][2620.186s][info ][safepoint     ] Leaving safepoint region
[2023-10-30T23:24:01.527+0000][2620.187s][info ][safepoint     ] Total time for which application threads were stopped: 0.0009639 seconds, Stopping threads took: 0.0003961 seconds
[2023-10-30T23:24:02.528+0000][2621.187s][debug][safepoint     ] Safepoint synchronization initiated. (188 threads)
[2023-10-30T23:24:02.528+0000][2621.188s][info ][safepoint     ] Application time: 1.0011366 seconds
[2023-10-30T23:24:02.529+0000][2621.189s][info ][safepoint     ] Entering safepoint region: Cleanup
[2023-10-30T23:24:02.530+0000][2621.189s][info ][safepoint     ] Leaving safepoint region
[2023-10-30T23:24:02.530+0000][2621.190s][info ][safepoint     ] Total time for which application threads were stopped: 0.0012026 seconds, Stopping threads took: 0.0004951 seconds
[2023-10-30T23:24:03.531+0000][2622.191s][debug][safepoint     ] Safepoint synchronization initiated. (188 threads)
[2023-10-30T23:24:03.532+0000][2622.192s][info ][safepoint     ] Application time: 1.0012934 seconds
[2023-10-30T23:24:03.533+0000][2622.193s][info ][safepoint     ] Entering safepoint region: Cleanup
[2023-10-30T23:24:03.534+0000][2622.194s][info ][safepoint     ] Leaving safepoint region
[2023-10-30T23:24:03.535+0000][2622.194s][info ][safepoint     ] Total time for which application threads were stopped: 0.0017443 seconds, Stopping threads took: 0.0007705 seconds
[2023-10-30T23:24:04.535+0000][2623.195s][debug][safepoint     ] Safepoint synchronization initiated. (188 threads)
[2023-10-30T23:24:04.536+0000][2623.196s][info ][safepoint     ] Application time: 1.0009098 seconds
[2023-10-30T23:24:04.537+0000][2623.196s][info ][safepoint     ] Entering safepoint region: Cleanup
[2023-10-30T23:24:04.537+0000][2623.197s][info ][safepoint     ] Leaving safepoint region
[2023-10-30T23:24:04.538+0000][2623.198s][info ][safepoint     ] Total time for which application threads were stopped: 0.0013972 seconds, Stopping threads took: 0.0005080 seconds
[2023-10-30T23:24:05.539+0000][2624.199s][debug][safepoint     ] Safepoint synchronization initiated. (188 threads)
[2023-10-30T23:24:05.539+0000][2624.199s][info ][safepoint     ] Application time: 1.0007965 seconds
[2023-10-30T23:24:05.540+0000][2624.200s][info ][safepoint     ] Entering safepoint region: Cleanup
[2023-10-30T23:24:05.540+0000][2624.200s][info ][safepoint     ] Leaving safepoint region
[2023-10-30T23:24:05.541+0000][2624.200s][info ][safepoint     ] Total time for which application threads were stopped: 0.0009687 seconds, Stopping threads took: 0.0004151 seconds
[2023-10-30T23:24:06.541+0000][2625.201s][debug][safepoint     ] Safepoint synchronization initiated. (188 threads)
[2023-10-30T23:24:06.542+0000][2625.202s][info ][safepoint     ] Application time: 1.0007343 seconds
[2023-10-30T23:24:06.542+0000][2625.202s][info ][safepoint     ] Entering safepoint region: Cleanup
[2023-10-30T23:24:06.543+0000][2625.203s][info ][safepoint     ] Leaving safepoint region
[2023-10-30T23:24:06.543+0000][2625.203s][info ][safepoint     ] Total time for which application threads were stopped: 0.0010818 seconds, Stopping threads took: 0.0004935 seconds
[2023-10-30T23:24:07.544+0000][2626.204s][debug][safepoint     ] Safepoint synchronization initiated. (188 threads)
[2023-10-30T23:24:07.545+0000][2626.205s][info ][safepoint     ] Application time: 1.0015972 seconds
[2023-10-30T23:24:07.546+0000][2626.206s][info ][safepoint     ] Entering safepoint region: Cleanup
[2023-10-30T23:24:07.547+0000][2626.206s][info ][safepoint     ] Leaving safepoint region
[2023-10-30T23:24:07.547+0000][2626.207s][info ][safepoint     ] Total time for which application threads were stopped: 0.0013434 seconds, Stopping threads took: 0.0005881 seconds
[2023-10-30T23:24:08.548+0000][2627.208s][debug][safepoint     ] Safepoint synchronization initiated. (188 threads)
[2023-10-30T23:24:08.549+0000][2627.209s][info ][safepoint     ] Application time: 1.0011932 seconds
[2023-10-30T23:24:08.550+0000][2627.210s][info ][safepoint     ] Entering safepoint region: Cleanup
[2023-10-30T23:24:08.551+0000][2627.211s][info ][safepoint     ] Leaving safepoint region
[2023-10-30T23:24:08.552+0000][2627.212s][info ][safepoint     ] Total time for which application threads were stopped: 0.0019854 seconds, Stopping threads took: 0.0009747 seconds
[2023-10-30T23:24:09.553+0000][2628.213s][debug][safepoint     ] Safepoint synchronization initiated. (188 threads)
[2023-10-30T23:24:09.554+0000][2628.214s][info ][safepoint     ] Application time: 1.0013778 seconds
[2023-10-30T23:24:09.555+0000][2628.215s][info ][safepoint     ] Entering safepoint region: Cleanup
[2023-10-30T23:24:09.556+0000][2628.216s][info ][safepoint     ] Leaving safepoint region
[2023-10-30T23:24:09.557+0000][2628.216s][info ][safepoint     ] Total time for which application threads were stopped: 0.0019503 seconds, Stopping threads took: 0.0008385 seconds
[2023-10-30T23:24:10.558+0000][2629.217s][debug][safepoint     ] Safepoint synchronization initiated. (188 threads)
[2023-10-30T23:24:10.558+0000][2629.218s][info ][safepoint     ] Application time: 1.0010091 seconds
[2023-10-30T23:24:10.559+0000][2629.219s][info ][safepoint     ] Entering safepoint region: Cleanup
[2023-10-30T23:24:10.560+0000][2629.220s][info ][safepoint     ] Leaving safepoint region
[2023-10-30T23:24:10.560+0000][2629.220s][info ][safepoint     ] Total time for which application threads were stopped: 0.0013685 seconds, Stopping threads took: 0.0006865 seconds
[2023-10-30T23:24:11.561+0000][2630.221s][debug][safepoint     ] Safepoint synchronization initiated. (188 threads)
[2023-10-30T23:24:11.562+0000][2630.221s][info ][safepoint     ] Application time: 1.0006554 seconds
[2023-10-30T23:24:11.562+0000][2630.222s][info ][safepoint     ] Entering safepoint region: Cleanup
[2023-10-30T23:24:11.563+0000][2630.222s][info ][safepoint     ] Leaving safepoint region
[2023-10-30T23:24:11.563+0000][2630.223s][info ][safepoint     ] Total time for which application threads were stopped: 0.0010452 seconds, Stopping threads took: 0.0003956 seconds
[2023-10-30T23:24:12.564+0000][2631.223s][debug][safepoint     ] Safepoint synchronization initiated. (188 threads)
[2023-10-30T23:24:12.564+0000][2631.224s][info ][safepoint     ] Application time: 1.0009752 seconds
[2023-10-30T23:24:12.565+0000][2631.225s][info ][safepoint     ] Entering safepoint region: Cleanup
[2023-10-30T23:24:12.566+0000][2631.225s][info ][safepoint     ] Leaving safepoint region
[2023-10-30T23:24:12.566+0000][2631.226s][info ][safepoint     ] Total time for which application threads were stopped: 0.0014205 seconds, Stopping threads took: 0.0005424 seconds
[2023-10-30T23:24:13.567+0000][2632.227s][debug][safepoint     ] Safepoint synchronization initiated. (188 threads)
[2023-10-30T23:24:13.568+0000][2632.228s][info ][safepoint     ] Application time: 1.0015276 seconds
[2023-10-30T23:24:13.569+0000][2632.229s][info ][safepoint     ] Entering safepoint region: Cleanup
[2023-10-30T23:24:13.570+0000][2632.230s][info ][safepoint     ] Leaving safepoint region
[2023-10-30T23:24:13.571+0000][2632.231s][info ][safepoint     ] Total time for which application threads were stopped: 0.0018510 seconds, Stopping threads took: 0.0008895 seconds
[2023-10-30T23:24:14.572+0000][2633.232s][debug][safepoint     ] Safepoint synchronization initiated. (188 threads)
[2023-10-30T23:24:14.573+0000][2633.232s][info ][safepoint     ] Application time: 1.0010149 seconds
[2023-10-30T23:24:14.573+0000][2633.233s][info ][safepoint     ] Entering safepoint region: Cleanup
[2023-10-30T23:24:14.574+0000][2633.234s][info ][safepoint     ] Leaving safepoint region
[2023-10-30T23:24:14.575+0000][2633.235s][info ][safepoint     ] Total time for which application threads were stopped: 0.0015803 seconds, Stopping threads took: 0.0006453 seconds
[2023-10-30T23:24:15.576+0000][2634.236s][debug][safepoint     ] Safepoint synchronization initiated. (187 threads)
[2023-10-30T23:24:15.577+0000][2634.237s][info ][safepoint     ] Application time: 1.0011819 seconds
[2023-10-30T23:24:15.578+0000][2634.237s][info ][safepoint     ] Entering safepoint region: Cleanup
[2023-10-30T23:24:15.579+0000][2634.239s][info ][safepoint     ] Leaving safepoint region
[2023-10-30T23:24:15.580+0000][2634.239s][info ][safepoint     ] Total time for which application threads were stopped: 0.0018685 seconds, Stopping threads took: 0.0007848 seconds
[2023-10-30T23:24:16.580+0000][2635.240s][debug][safepoint     ] Safepoint synchronization initiated. (187 threads)
[2023-10-30T23:24:16.581+0000][2635.241s][info ][safepoint     ] Application time: 1.0007631 seconds
[2023-10-30T23:24:16.581+0000][2635.241s][info ][safepoint     ] Entering safepoint region: Cleanup
[2023-10-30T23:24:16.582+0000][2635.242s][info ][safepoint     ] Leaving safepoint region
[2023-10-30T23:24:16.583+0000][2635.243s][info ][safepoint     ] Total time for which application threads were stopped: 0.0014758 seconds, Stopping threads took: 0.0008294 seconds
[2023-10-30T23:24:17.584+0000][2636.243s][debug][safepoint     ] Safepoint synchronization initiated. (187 threads)
[2023-10-30T23:24:17.591+0000][2636.250s][info ][safepoint     ] Application time: 1.0071963 seconds
[2023-10-30T23:24:17.599+0000][2636.259s][info ][safepoint     ] Entering safepoint region: Cleanup
[2023-10-30T23:24:17.607+0000][2636.266s][info ][safepoint     ] Leaving safepoint region
[2023-10-30T23:24:17.610+0000][2636.269s][info ][safepoint     ] Total time for which application threads were stopped: 0.0107639 seconds, Stopping threads took: 0.0075122 seconds
[2023-10-30T23:24:18.622+0000][2637.282s][debug][safepoint     ] Safepoint synchronization initiated. (188 threads)
[2023-10-30T23:24:18.627+0000][2637.286s][info ][safepoint     ] Application time: 1.0049848 seconds
[2023-10-30T23:24:18.633+0000][2637.292s][info ][safepoint     ] Entering safepoint region: Cleanup
[2023-10-30T23:24:18.638+0000][2637.297s][info ][safepoint     ] Leaving safepoint region
[2023-10-30T23:24:18.640+0000][2637.300s][info ][safepoint     ] Total time for which application threads were stopped: 0.0075682 seconds, Stopping threads took: 0.0046767 seconds
[2023-10-30T23:24:19.646+0000][2638.306s][debug][safepoint     ] Safepoint synchronization initiated. (188 threads)
[2023-10-30T23:24:19.647+0000][2638.306s][info ][safepoint     ] Application time: 1.0010695 seconds
[2023-10-30T23:24:19.647+0000][2638.307s][info ][safepoint     ] Entering safepoint region: Cleanup
[2023-10-30T23:24:19.648+0000][2638.308s][info ][safepoint     ] Leaving safepoint region
[2023-10-30T23:24:19.648+0000][2638.308s][info ][safepoint     ] Total time for which application threads were stopped: 0.0013632 seconds, Stopping threads took: 0.0005893 seconds
[2023-10-30T23:24:20.649+0000][2639.309s][debug][safepoint     ] Safepoint synchronization initiated. (188 threads)
[2023-10-30T23:24:20.650+0000][2639.309s][info ][safepoint     ] Application time: 1.0007604 seconds
[2023-10-30T23:24:20.650+0000][2639.310s][info ][safepoint     ] Entering safepoint region: Cleanup
[2023-10-30T23:24:20.651+0000][2639.311s][info ][safepoint     ] Leaving safepoint region
[2023-10-30T23:24:20.651+0000][2639.311s][info ][safepoint     ] Total time for which application threads were stopped: 0.0013558 seconds, Stopping threads took: 0.0006006 seconds
[2023-10-30T23:24:21.652+0000][2640.312s][debug][safepoint     ] Safepoint synchronization initiated. (188 threads)
[2023-10-30T23:24:21.652+0000][2640.312s][info ][safepoint     ] Application time: 1.0004820 seconds
[2023-10-30T23:24:21.653+0000][2640.312s][info ][safepoint     ] Entering safepoint region: Cleanup
[2023-10-30T23:24:21.653+0000][2640.313s][info ][safepoint     ] Leaving safepoint region
[2023-10-30T23:24:21.653+0000][2640.313s][info ][safepoint     ] Total time for which application threads were stopped: 0.0007889 seconds, Stopping threads took: 0.0003323 seconds
[2023-10-30T23:24:22.654+0000][2641.314s][debug][safepoint     ] Safepoint synchronization initiated. (188 threads)
[2023-10-30T23:24:22.655+0000][2641.315s][info ][safepoint     ] Application time: 1.0013028 seconds
[2023-10-30T23:24:22.656+0000][2641.316s][info ][safepoint     ] Entering safepoint region: Cleanup
[2023-10-30T23:24:22.657+0000][2641.317s][info ][safepoint     ] Leaving safepoint region
[2023-10-30T23:24:22.657+0000][2641.317s][info ][safepoint     ] Total time for which application threads were stopped: 0.0013555 seconds, Stopping threads took: 0.0006053 seconds
[2023-10-30T23:24:23.658+0000][2642.318s][debug][safepoint     ] Safepoint synchronization initiated. (188 threads)
[2023-10-30T23:24:23.659+0000][2642.318s][info ][safepoint     ] Application time: 1.0007522 seconds
[2023-10-30T23:24:23.659+0000][2642.319s][info ][safepoint     ] Entering safepoint region: Cleanup
[2023-10-30T23:24:23.660+0000][2642.320s][info ][safepoint     ] Leaving safepoint region
[2023-10-30T23:24:23.660+0000][2642.320s][info ][safepoint     ] Total time for which application threads were stopped: 0.0013483 seconds, Stopping threads took: 0.0005458 seconds
[2023-10-30T23:24:24.661+0000][2643.321s][debug][safepoint     ] Safepoint synchronization initiated. (188 threads)
[2023-10-30T23:24:24.662+0000][2643.321s][info ][safepoint     ] Application time: 1.0005692 seconds
[2023-10-30T23:24:24.662+0000][2643.322s][info ][safepoint     ] Entering safepoint region: Cleanup
[2023-10-30T23:24:24.663+0000][2643.322s][info ][safepoint     ] Leaving safepoint region
[2023-10-30T23:24:24.663+0000][2643.323s][info ][safepoint     ] Total time for which application threads were stopped: 0.0010195 seconds, Stopping threads took: 0.0004371 seconds
[2023-10-30T23:24:25.663+0000][2644.323s][debug][safepoint     ] Safepoint synchronization initiated. (188 threads)
[2023-10-30T23:24:25.664+0000][2644.324s][info ][safepoint     ] Application time: 1.0006077 seconds
[2023-10-30T23:24:25.664+0000][2644.324s][info ][safepoint     ] Entering safepoint region: Cleanup
[2023-10-30T23:24:25.665+0000][2644.325s][info ][safepoint     ] Leaving safepoint region
[2023-10-30T23:24:25.665+0000][2644.325s][info ][safepoint     ] Total time for which application threads were stopped: 0.0008453 seconds, Stopping threads took: 0.0003887 seconds
[2023-10-30T23:24:26.666+0000][2645.325s][debug][safepoint     ] Safepoint synchronization initiated. (188 threads)
[2023-10-30T23:24:26.666+0000][2645.326s][info ][safepoint     ] Application time: 1.0010453 seconds
[2023-10-30T23:24:26.667+0000][2645.327s][info ][safepoint     ] Entering safepoint region: Cleanup
[2023-10-30T23:24:26.668+0000][2645.328s][info ][safepoint     ] Leaving safepoint region
[2023-10-30T23:24:26.668+0000][2645.328s][info ][safepoint     ] Total time for which application threads were stopped: 0.0014680 seconds, Stopping threads took: 0.0006178 seconds
[2023-10-30T23:24:27.669+0000][2646.329s][debug][safepoint     ] Safepoint synchronization initiated. (188 threads)
[2023-10-30T23:24:27.670+0000][2646.330s][info ][safepoint     ] Application time: 1.0009305 seconds
[2023-10-30T23:24:27.670+0000][2646.330s][info ][safepoint     ] Entering safepoint region: Cleanup
[2023-10-30T23:24:27.671+0000][2646.331s][info ][safepoint     ] Leaving safepoint region
[2023-10-30T23:24:27.672+0000][2646.331s][info ][safepoint     ] Total time for which application threads were stopped: 0.0011544 seconds, Stopping threads took: 0.0004579 seconds
[2023-10-30T23:24:28.672+0000][2647.332s][debug][safepoint     ] Safepoint synchronization initiated. (188 threads)
[2023-10-30T23:24:28.673+0000][2647.333s][info ][safepoint     ] Application time: 1.0008224 seconds
[2023-10-30T23:24:28.674+0000][2647.333s][info ][safepoint     ] Entering safepoint region: Cleanup
[2023-10-30T23:24:28.674+0000][2647.334s][info ][safepoint     ] Leaving safepoint region
[2023-10-30T23:24:28.675+0000][2647.334s][info ][safepoint     ] Total time for which application threads were stopped: 0.0012481 seconds, Stopping threads took: 0.0005060 seconds
[2023-10-30T23:24:29.675+0000][2648.335s][debug][safepoint     ] Safepoint synchronization initiated. (188 threads)
[2023-10-30T23:24:29.676+0000][2648.336s][info ][safepoint     ] Application time: 1.0011868 seconds
[2023-10-30T23:24:29.677+0000][2648.337s][info ][safepoint     ] Entering safepoint region: Cleanup
[2023-10-30T23:24:29.678+0000][2648.338s][info ][safepoint     ] Leaving safepoint region
[2023-10-30T23:24:29.679+0000][2648.339s][info ][safepoint     ] Total time for which application threads were stopped: 0.0018415 seconds, Stopping threads took: 0.0008702 seconds
[2023-10-30T23:24:30.680+0000][2649.340s][debug][safepoint     ] Safepoint synchronization initiated. (188 threads)
[2023-10-30T23:24:30.681+0000][2649.341s][info ][safepoint     ] Application time: 1.0012153 seconds
[2023-10-30T23:24:30.682+0000][2649.342s][info ][safepoint     ] Entering safepoint region: Cleanup
[2023-10-30T23:24:30.683+0000][2649.343s][info ][safepoint     ] Leaving safepoint region
[2023-10-30T23:24:30.683+0000][2649.343s][info ][safepoint     ] Total time for which application threads were stopped: 0.0015447 seconds, Stopping threads took: 0.0008878 seconds
[2023-10-30T23:24:31.684+0000][2650.344s][debug][safepoint     ] Safepoint synchronization initiated. (188 threads)
[2023-10-30T23:24:31.685+0000][2650.344s][info ][safepoint     ] Application time: 1.0008691 seconds
[2023-10-30T23:24:31.685+0000][2650.345s][info ][safepoint     ] Entering safepoint region: Cleanup
[2023-10-30T23:24:31.686+0000][2650.346s][info ][safepoint     ] Leaving safepoint region
[2023-10-30T23:24:31.687+0000][2650.347s][info ][safepoint     ] Total time for which application threads were stopped: 0.0017322 seconds, Stopping threads took: 0.0008855 seconds
[2023-10-30T23:24:32.688+0000][2651.347s][debug][safepoint     ] Safepoint synchronization initiated. (188 threads)
[2023-10-30T23:24:32.688+0000][2651.348s][info ][safepoint     ] Application time: 1.0009193 seconds
[2023-10-30T23:24:32.689+0000][2651.349s][info ][safepoint     ] Entering safepoint region: Cleanup
[2023-10-30T23:24:32.690+0000][2651.350s][info ][safepoint     ] Leaving safepoint region
[2023-10-30T23:24:32.690+0000][2651.350s][info ][safepoint     ] Total time for which application threads were stopped: 0.0015769 seconds, Stopping threads took: 0.0008667 seconds
[2023-10-30T23:24:33.691+0000][2652.351s][debug][safepoint     ] Safepoint synchronization initiated. (188 threads)
[2023-10-30T23:24:33.692+0000][2652.352s][info ][safepoint     ] Application time: 1.0009638 seconds
[2023-10-30T23:24:33.693+0000][2652.352s][info ][safepoint     ] Entering safepoint region: Cleanup
[2023-10-30T23:24:33.694+0000][2652.353s][info ][safepoint     ] Leaving safepoint region
[2023-10-30T23:24:33.694+0000][2652.354s][info ][safepoint     ] Total time for which application threads were stopped: 0.0018343 seconds, Stopping threads took: 0.0007531 seconds
[2023-10-30T23:24:34.695+0000][2653.355s][debug][safepoint     ] Safepoint synchronization initiated. (188 threads)
[2023-10-30T23:24:34.696+0000][2653.356s][info ][safepoint     ] Application time: 1.0009294 seconds
[2023-10-30T23:24:34.696+0000][2653.356s][info ][safepoint     ] Entering safepoint region: Cleanup
[2023-10-30T23:24:34.697+0000][2653.357s][info ][safepoint     ] Leaving safepoint region
[2023-10-30T23:24:34.698+0000][2653.357s][info ][safepoint     ] Total time for which application threads were stopped: 0.0011071 seconds, Stopping threads took: 0.0004618 seconds
[2023-10-30T23:24:35.698+0000][2654.358s][debug][safepoint     ] Safepoint synchronization initiated. (188 threads)
[2023-10-30T23:24:35.699+0000][2654.359s][info ][safepoint     ] Application time: 1.0011174 seconds
[2023-10-30T23:24:35.700+0000][2654.360s][info ][safepoint     ] Entering safepoint region: Cleanup
[2023-10-30T23:24:35.701+0000][2654.360s][info ][safepoint     ] Leaving safepoint region
[2023-10-30T23:24:35.701+0000][2654.361s][info ][safepoint     ] Total time for which application threads were stopped: 0.0013914 seconds, Stopping threads took: 0.0007223 seconds
[2023-10-30T23:24:36.702+0000][2655.362s][debug][safepoint     ] Safepoint synchronization initiated. (188 threads)
[2023-10-30T23:24:36.703+0000][2655.363s][info ][safepoint     ] Application time: 1.0012128 seconds
[2023-10-30T23:24:36.704+0000][2655.363s][info ][safepoint     ] Entering safepoint region: Cleanup
[2023-10-30T23:24:36.705+0000][2655.365s][info ][safepoint     ] Leaving safepoint region
[2023-10-30T23:24:36.706+0000][2655.365s][info ][safepoint     ] Total time for which application threads were stopped: 0.0019427 seconds, Stopping threads took: 0.0009359 seconds
[2023-10-30T23:24:37.707+0000][2656.366s][debug][safepoint     ] Safepoint synchronization initiated. (188 threads)
[2023-10-30T23:24:37.707+0000][2656.367s][info ][safepoint     ] Application time: 1.0009550 seconds
[2023-10-30T23:24:37.708+0000][2656.368s][info ][safepoint     ] Entering safepoint region: Cleanup
[2023-10-30T23:24:37.709+0000][2656.369s][info ][safepoint     ] Leaving safepoint region
[2023-10-30T23:24:37.710+0000][2656.369s][info ][safepoint     ] Total time for which application threads were stopped: 0.0016617 seconds, Stopping threads took: 0.0008091 seconds
[2023-10-30T23:24:38.711+0000][2657.370s][debug][safepoint     ] Safepoint synchronization initiated. (188 threads)
[2023-10-30T23:24:38.712+0000][2657.372s][info ][safepoint     ] Application time: 1.0014449 seconds
[2023-10-30T23:24:38.713+0000][2657.372s][info ][safepoint     ] Entering safepoint region: Cleanup
[2023-10-30T23:24:38.714+0000][2657.374s][info ][safepoint     ] Leaving safepoint region
[2023-10-30T23:24:38.715+0000][2657.374s][info ][safepoint     ] Total time for which application threads were stopped: 0.0020241 seconds, Stopping threads took: 0.0009984 seconds
[2023-10-30T23:24:39.716+0000][2658.375s][debug][safepoint     ] Safepoint synchronization initiated. (188 threads)
[2023-10-30T23:24:39.716+0000][2658.376s][info ][safepoint     ] Application time: 1.0007526 seconds
[2023-10-30T23:24:39.717+0000][2658.377s][info ][safepoint     ] Entering safepoint region: Cleanup
[2023-10-30T23:24:39.717+0000][2658.377s][info ][safepoint     ] Leaving safepoint region
[2023-10-30T23:24:39.718+0000][2658.378s][info ][safepoint     ] Total time for which application threads were stopped: 0.0012589 seconds, Stopping threads took: 0.0004010 seconds
[2023-10-30T23:24:40.718+0000][2659.378s][debug][safepoint     ] Safepoint synchronization initiated. (188 threads)
[2023-10-30T23:24:40.720+0000][2659.379s][info ][safepoint     ] Application time: 1.0013594 seconds
[2023-10-30T23:24:40.721+0000][2659.381s][info ][safepoint     ] Entering safepoint region: Cleanup
[2023-10-30T23:24:40.722+0000][2659.382s][info ][safepoint     ] Leaving safepoint region
[2023-10-30T23:24:40.723+0000][2659.383s][info ][safepoint     ] Total time for which application threads were stopped: 0.0020763 seconds, Stopping threads took: 0.0007908 seconds
[2023-10-30T23:24:41.724+0000][2660.384s][debug][safepoint     ] Safepoint synchronization initiated. (188 threads)
[2023-10-30T23:24:41.725+0000][2660.385s][info ][safepoint     ] Application time: 1.0013055 seconds
[2023-10-30T23:24:41.726+0000][2660.386s][info ][safepoint     ] Entering safepoint region: Cleanup
[2023-10-30T23:24:41.727+0000][2660.387s][info ][safepoint     ] Leaving safepoint region
[2023-10-30T23:24:41.728+0000][2660.388s][info ][safepoint     ] Total time for which application threads were stopped: 0.0018508 seconds, Stopping threads took: 0.0008642 seconds
[2023-10-30T23:24:42.729+0000][2661.388s][debug][safepoint     ] Safepoint synchronization initiated. (188 threads)
[2023-10-30T23:24:42.729+0000][2661.389s][info ][safepoint     ] Application time: 1.0007300 seconds
[2023-10-30T23:24:42.730+0000][2661.390s][info ][safepoint     ] Entering safepoint region: Cleanup
[2023-10-30T23:24:42.730+0000][2661.390s][info ][safepoint     ] Leaving safepoint region
[2023-10-30T23:24:42.731+0000][2661.391s][info ][safepoint     ] Total time for which application threads were stopped: 0.0010876 seconds, Stopping threads took: 0.0004449 seconds
[2023-10-30T23:24:43.731+0000][2662.391s][debug][safepoint     ] Safepoint synchronization initiated. (188 threads)
[2023-10-30T23:24:43.732+0000][2662.392s][info ][safepoint     ] Application time: 1.0008918 seconds
[2023-10-30T23:24:43.733+0000][2662.392s][info ][safepoint     ] Entering safepoint region: Cleanup
[2023-10-30T23:24:43.733+0000][2662.393s][info ][safepoint     ] Leaving safepoint region
[2023-10-30T23:24:43.734+0000][2662.394s][info ][safepoint     ] Total time for which application threads were stopped: 0.0012926 seconds, Stopping threads took: 0.0005907 seconds
[2023-10-30T23:24:44.735+0000][2663.394s][debug][safepoint     ] Safepoint synchronization initiated. (188 threads)
[2023-10-30T23:24:44.735+0000][2663.395s][info ][safepoint     ] Application time: 1.0009863 seconds
[2023-10-30T23:24:44.736+0000][2663.396s][info ][safepoint     ] Entering safepoint region: Cleanup
[2023-10-30T23:24:44.737+0000][2663.396s][info ][safepoint     ] Leaving safepoint region
[2023-10-30T23:24:44.737+0000][2663.397s][info ][safepoint     ] Total time for which application threads were stopped: 0.0011744 seconds, Stopping threads took: 0.0005787 seconds
[2023-10-30T23:24:45.738+0000][2664.397s][debug][safepoint     ] Safepoint synchronization initiated. (188 threads)
[2023-10-30T23:24:45.738+0000][2664.398s][info ][safepoint     ] Application time: 1.0006615 seconds
[2023-10-30T23:24:45.739+0000][2664.398s][info ][safepoint     ] Entering safepoint region: Cleanup
[2023-10-30T23:24:45.739+0000][2664.399s][info ][safepoint     ] Leaving safepoint region
[2023-10-30T23:24:45.740+0000][2664.399s][info ][safepoint     ] Total time for which application threads were stopped: 0.0010538 seconds, Stopping threads took: 0.0004568 seconds
[2023-10-30T23:24:46.740+0000][2665.400s][debug][safepoint     ] Safepoint synchronization initiated. (188 threads)
[2023-10-30T23:24:46.741+0000][2665.401s][info ][safepoint     ] Application time: 1.0009933 seconds
[2023-10-30T23:24:46.742+0000][2665.401s][info ][safepoint     ] Entering safepoint region: Cleanup
[2023-10-30T23:24:46.742+0000][2665.402s][info ][safepoint     ] Leaving safepoint region
[2023-10-30T23:24:46.743+0000][2665.402s][info ][safepoint     ] Total time for which application threads were stopped: 0.0011579 seconds, Stopping threads took: 0.0004729 seconds
[2023-10-30T23:24:47.743+0000][2666.403s][debug][safepoint     ] Safepoint synchronization initiated. (188 threads)
[2023-10-30T23:24:47.744+0000][2666.404s][info ][safepoint     ] Application time: 1.0009198 seconds
[2023-10-30T23:24:47.745+0000][2666.405s][info ][safepoint     ] Entering safepoint region: Cleanup
[2023-10-30T23:24:47.745+0000][2666.405s][info ][safepoint     ] Leaving safepoint region
[2023-10-30T23:24:47.746+0000][2666.406s][info ][safepoint     ] Total time for which application threads were stopped: 0.0013082 seconds, Stopping threads took: 0.0006034 seconds
[2023-10-30T23:24:48.756+0000][2667.416s][debug][safepoint     ] Safepoint synchronization initiated. (188 threads)
[2023-10-30T23:24:48.757+0000][2667.417s][info ][safepoint     ] Application time: 1.0012996 seconds
[2023-10-30T23:24:48.758+0000][2667.418s][info ][safepoint     ] Entering safepoint region: Cleanup
[2023-10-30T23:24:48.759+0000][2667.419s][info ][safepoint     ] Leaving safepoint region
[2023-10-30T23:24:48.760+0000][2667.419s][info ][safepoint     ] Total time for which application threads were stopped: 0.0018171 seconds, Stopping threads took: 0.0007366 seconds
[2023-10-30T23:24:49.761+0000][2668.420s][debug][safepoint     ] Safepoint synchronization initiated. (188 threads)
[2023-10-30T23:24:49.761+0000][2668.421s][info ][safepoint     ] Application time: 1.0008829 seconds
[2023-10-30T23:24:49.762+0000][2668.422s][info ][safepoint     ] Entering safepoint region: Cleanup
[2023-10-30T23:24:49.763+0000][2668.423s][info ][safepoint     ] Leaving safepoint region
[2023-10-30T23:24:49.764+0000][2668.423s][info ][safepoint     ] Total time for which application threads were stopped: 0.0016006 seconds, Stopping threads took: 0.0007767 seconds
[2023-10-30T23:24:50.764+0000][2669.424s][debug][safepoint     ] Safepoint synchronization initiated. (188 threads)
[2023-10-30T23:24:50.765+0000][2669.425s][info ][safepoint     ] Application time: 1.0012922 seconds
[2023-10-30T23:24:50.766+0000][2669.426s][info ][safepoint     ] Entering safepoint region: Cleanup
[2023-10-30T23:24:50.767+0000][2669.427s][info ][safepoint     ] Leaving safepoint region
[2023-10-30T23:24:50.768+0000][2669.428s][info ][safepoint     ] Total time for which application threads were stopped: 0.0019358 seconds, Stopping threads took: 0.0008510 seconds
[2023-10-30T23:24:51.769+0000][2670.429s][debug][safepoint     ] Safepoint synchronization initiated. (188 threads)
[2023-10-30T23:24:51.770+0000][2670.430s][info ][safepoint     ] Application time: 1.0009982 seconds
[2023-10-30T23:24:51.770+0000][2670.430s][info ][safepoint     ] Entering safepoint region: Cleanup
[2023-10-30T23:24:51.771+0000][2670.431s][info ][safepoint     ] Leaving safepoint region
[2023-10-30T23:24:51.772+0000][2670.432s][info ][safepoint     ] Total time for which application threads were stopped: 0.0016650 seconds, Stopping threads took: 0.0005749 seconds
[2023-10-30T23:24:52.773+0000][2671.432s][debug][safepoint     ] Safepoint synchronization initiated. (188 threads)
[2023-10-30T23:24:52.774+0000][2671.433s][info ][safepoint     ] Application time: 1.0011287 seconds
[2023-10-30T23:24:52.774+0000][2671.434s][info ][safepoint     ] Entering safepoint region: Cleanup
[2023-10-30T23:24:52.775+0000][2671.435s][info ][safepoint     ] Leaving safepoint region
[2023-10-30T23:24:52.776+0000][2671.436s][info ][safepoint     ] Total time for which application threads were stopped: 0.0018015 seconds, Stopping threads took: 0.0006384 seconds
[2023-10-30T23:24:53.777+0000][2672.437s][debug][safepoint     ] Safepoint synchronization initiated. (188 threads)
[2023-10-30T23:24:53.778+0000][2672.437s][info ][safepoint     ] Application time: 1.0011157 seconds
[2023-10-30T23:24:53.778+0000][2672.438s][info ][safepoint     ] Entering safepoint region: Cleanup
[2023-10-30T23:24:53.779+0000][2672.439s][info ][safepoint     ] Leaving safepoint region
[2023-10-30T23:24:53.780+0000][2672.440s][info ][safepoint     ] Total time for which application threads were stopped: 0.0017938 seconds, Stopping threads took: 0.0007220 seconds
[2023-10-30T23:24:54.781+0000][2673.441s][debug][safepoint     ] Safepoint synchronization initiated. (188 threads)
[2023-10-30T23:24:54.782+0000][2673.441s][info ][safepoint     ] Application time: 1.0008561 seconds
[2023-10-30T23:24:54.782+0000][2673.442s][info ][safepoint     ] Entering safepoint region: Cleanup
[2023-10-30T23:24:54.783+0000][2673.443s][info ][safepoint     ] Leaving safepoint region
[2023-10-30T23:24:54.783+0000][2673.443s][info ][safepoint     ] Total time for which application threads were stopped: 0.0012276 seconds, Stopping threads took: 0.0005199 seconds
[2023-10-30T23:24:55.784+0000][2674.444s][debug][safepoint     ] Safepoint synchronization initiated. (188 threads)
[2023-10-30T23:24:55.785+0000][2674.444s][info ][safepoint     ] Application time: 1.0006930 seconds
[2023-10-30T23:24:55.785+0000][2674.445s][info ][safepoint     ] Entering safepoint region: Cleanup
[2023-10-30T23:24:55.786+0000][2674.445s][info ][safepoint     ] Leaving safepoint region
[2023-10-30T23:24:55.786+0000][2674.446s][info ][safepoint     ] Total time for which application threads were stopped: 0.0010533 seconds, Stopping threads took: 0.0004789 seconds
[2023-10-30T23:24:56.787+0000][2675.447s][debug][safepoint     ] Safepoint synchronization initiated. (188 threads)
[2023-10-30T23:24:56.788+0000][2675.447s][info ][safepoint     ] Application time: 1.0009553 seconds
[2023-10-30T23:24:56.788+0000][2675.448s][info ][safepoint     ] Entering safepoint region: Cleanup
[2023-10-30T23:24:56.789+0000][2675.449s][info ][safepoint     ] Leaving safepoint region
[2023-10-30T23:24:56.789+0000][2675.449s][info ][safepoint     ] Total time for which application threads were stopped: 0.0013911 seconds, Stopping threads took: 0.0006308 seconds
[2023-10-30T23:24:57.790+0000][2676.450s][debug][safepoint     ] Safepoint synchronization initiated. (188 threads)
[2023-10-30T23:24:57.791+0000][2676.450s][info ][safepoint     ] Application time: 1.0009022 seconds
[2023-10-30T23:24:57.791+0000][2676.451s][info ][safepoint     ] Entering safepoint region: Cleanup
[2023-10-30T23:24:57.792+0000][2676.452s][info ][safepoint     ] Leaving safepoint region
[2023-10-30T23:24:57.792+0000][2676.452s][info ][safepoint     ] Total time for which application threads were stopped: 0.0011438 seconds, Stopping threads took: 0.0005019 seconds
[2023-10-30T23:24:58.793+0000][2677.453s][debug][safepoint     ] Safepoint synchronization initiated. (188 threads)
[2023-10-30T23:24:58.794+0000][2677.454s][info ][safepoint     ] Application time: 1.0012646 seconds
[2023-10-30T23:24:58.795+0000][2677.455s][info ][safepoint     ] Entering safepoint region: Cleanup
[2023-10-30T23:24:58.796+0000][2677.456s][info ][safepoint     ] Leaving safepoint region
[2023-10-30T23:24:58.797+0000][2677.456s][info ][safepoint     ] Total time for which application threads were stopped: 0.0014038 seconds, Stopping threads took: 0.0006482 seconds
[2023-10-30T23:24:59.798+0000][2678.457s][debug][safepoint     ] Safepoint synchronization initiated. (188 threads)
[2023-10-30T23:24:59.798+0000][2678.458s][info ][safepoint     ] Application time: 1.0008468 seconds
[2023-10-30T23:24:59.799+0000][2678.459s][info ][safepoint     ] Entering safepoint region: Cleanup
[2023-10-30T23:24:59.800+0000][2678.459s][info ][safepoint     ] Leaving safepoint region
[2023-10-30T23:24:59.800+0000][2678.460s][info ][safepoint     ] Total time for which application threads were stopped: 0.0012475 seconds, Stopping threads took: 0.0005352 seconds
[2023-10-30T23:25:00.801+0000][2679.461s][debug][safepoint     ] Safepoint synchronization initiated. (188 threads)
[2023-10-30T23:25:00.802+0000][2679.462s][info ][safepoint     ] Application time: 1.0013334 seconds
[2023-10-30T23:25:00.803+0000][2679.463s][info ][safepoint     ] Entering safepoint region: Cleanup
[2023-10-30T23:25:00.804+0000][2679.464s][info ][safepoint     ] Leaving safepoint region
[2023-10-30T23:25:00.805+0000][2679.465s][info ][safepoint     ] Total time for which application threads were stopped: 0.0019731 seconds, Stopping threads took: 0.0008511 seconds
[2023-10-30T23:25:01.806+0000][2680.466s][debug][safepoint     ] Safepoint synchronization initiated. (188 threads)
[2023-10-30T23:25:01.807+0000][2680.466s][info ][safepoint     ] Application time: 1.0009636 seconds
[2023-10-30T23:25:01.807+0000][2680.467s][info ][safepoint     ] Entering safepoint region: Cleanup
[2023-10-30T23:25:01.808+0000][2680.467s][info ][safepoint     ] Leaving safepoint region
[2023-10-30T23:25:01.808+0000][2680.468s][info ][safepoint     ] Total time for which application threads were stopped: 0.0013183 seconds, Stopping threads took: 0.0005309 seconds
[2023-10-30T23:25:02.809+0000][2681.469s][debug][safepoint     ] Safepoint synchronization initiated. (188 threads)
[2023-10-30T23:25:02.810+0000][2681.470s][info ][safepoint     ] Application time: 1.0013547 seconds
[2023-10-30T23:25:02.811+0000][2681.471s][info ][safepoint     ] Entering safepoint region: Cleanup
[2023-10-30T23:25:02.812+0000][2681.472s][info ][safepoint     ] Leaving safepoint region
[2023-10-30T23:25:02.813+0000][2681.473s][info ][safepoint     ] Total time for which application threads were stopped: 0.0020973 seconds, Stopping threads took: 0.0010178 seconds
[2023-10-30T23:25:03.814+0000][2682.474s][debug][safepoint     ] Safepoint synchronization initiated. (188 threads)
[2023-10-30T23:25:03.815+0000][2682.475s][info ][safepoint     ] Application time: 1.0009769 seconds
[2023-10-30T23:25:03.816+0000][2682.476s][info ][safepoint     ] Entering safepoint region: Cleanup
[2023-10-30T23:25:03.817+0000][2682.476s][info ][safepoint     ] Leaving safepoint region
[2023-10-30T23:25:03.817+0000][2682.477s][info ][safepoint     ] Total time for which application threads were stopped: 0.0014311 seconds, Stopping threads took: 0.0006330 seconds
[2023-10-30T23:25:04.818+0000][2683.478s][debug][safepoint     ] Safepoint synchronization initiated. (188 threads)
[2023-10-30T23:25:04.819+0000][2683.478s][info ][safepoint     ] Application time: 1.0009521 seconds
[2023-10-30T23:25:04.819+0000][2683.479s][info ][safepoint     ] Entering safepoint region: Cleanup
[2023-10-30T23:25:04.820+0000][2683.480s][info ][safepoint     ] Leaving safepoint region
[2023-10-30T23:25:04.821+0000][2683.480s][info ][safepoint     ] Total time for which application threads were stopped: 0.0013183 seconds, Stopping threads took: 0.0005555 seconds
[2023-10-30T23:25:05.821+0000][2684.481s][debug][safepoint     ] Safepoint synchronization initiated. (188 threads)
[2023-10-30T23:25:05.822+0000][2684.482s][info ][safepoint     ] Application time: 1.0008184 seconds
[2023-10-30T23:25:05.823+0000][2684.482s][info ][safepoint     ] Entering safepoint region: Cleanup
[2023-10-30T23:25:05.823+0000][2684.483s][info ][safepoint     ] Leaving safepoint region
[2023-10-30T23:25:05.824+0000][2684.483s][info ][safepoint     ] Total time for which application threads were stopped: 0.0010671 seconds, Stopping threads took: 0.0004151 seconds
[2023-10-30T23:25:06.824+0000][2685.484s][debug][safepoint     ] Safepoint synchronization initiated. (188 threads)
[2023-10-30T23:25:06.825+0000][2685.485s][info ][safepoint     ] Application time: 1.0012821 seconds
[2023-10-30T23:25:06.826+0000][2685.486s][info ][safepoint     ] Entering safepoint region: Cleanup
[2023-10-30T23:25:06.828+0000][2685.487s][info ][safepoint     ] Leaving safepoint region
[2023-10-30T23:25:06.828+0000][2685.488s][info ][safepoint     ] Total time for which application threads were stopped: 0.0020247 seconds, Stopping threads took: 0.0009580 seconds
[2023-10-30T23:25:07.829+0000][2686.489s][debug][safepoint     ] Safepoint synchronization initiated. (188 threads)
[2023-10-30T23:25:07.830+0000][2686.489s][info ][safepoint     ] Application time: 1.0007345 seconds
[2023-10-30T23:25:07.830+0000][2686.490s][info ][safepoint     ] Entering safepoint region: Cleanup
[2023-10-30T23:25:07.831+0000][2686.490s][info ][safepoint     ] Leaving safepoint region
[2023-10-30T23:25:07.831+0000][2686.491s][info ][safepoint     ] Total time for which application threads were stopped: 0.0009188 seconds, Stopping threads took: 0.0003944 seconds
[2023-10-30T23:25:08.832+0000][2687.491s][debug][safepoint     ] Safepoint synchronization initiated. (188 threads)
[2023-10-30T23:25:08.833+0000][2687.492s][info ][safepoint     ] Application time: 1.0013914 seconds
[2023-10-30T23:25:08.834+0000][2687.494s][info ][safepoint     ] Entering safepoint region: Cleanup
[2023-10-30T23:25:08.835+0000][2687.495s][info ][safepoint     ] Leaving safepoint region
[2023-10-30T23:25:08.836+0000][2687.496s][info ][safepoint     ] Total time for which application threads were stopped: 0.0024504 seconds, Stopping threads took: 0.0010358 seconds
[2023-10-30T23:25:09.837+0000][2688.497s][debug][safepoint     ] Safepoint synchronization initiated. (188 threads)
[2023-10-30T23:25:09.838+0000][2688.498s][info ][safepoint     ] Application time: 1.0011949 seconds
[2023-10-30T23:25:09.839+0000][2688.499s][info ][safepoint     ] Entering safepoint region: Cleanup
[2023-10-30T23:25:09.840+0000][2688.500s][info ][safepoint     ] Leaving safepoint region
[2023-10-30T23:25:09.841+0000][2688.500s][info ][safepoint     ] Total time for which application threads were stopped: 0.0017207 seconds, Stopping threads took: 0.0008408 seconds
[2023-10-30T23:25:10.842+0000][2689.502s][debug][safepoint     ] Safepoint synchronization initiated. (188 threads)
[2023-10-30T23:25:10.843+0000][2689.503s][info ][safepoint     ] Application time: 1.0014715 seconds
[2023-10-30T23:25:10.844+0000][2689.504s][info ][safepoint     ] Entering safepoint region: Cleanup
[2023-10-30T23:25:10.845+0000][2689.505s][info ][safepoint     ] Leaving safepoint region
[2023-10-30T23:25:10.846+0000][2689.506s][info ][safepoint     ] Total time for which application threads were stopped: 0.0024055 seconds, Stopping threads took: 0.0010009 seconds
[2023-10-30T23:25:11.847+0000][2690.507s][debug][safepoint     ] Safepoint synchronization initiated. (188 threads)
[2023-10-30T23:25:11.848+0000][2690.508s][info ][safepoint     ] Application time: 1.0010560 seconds
[2023-10-30T23:25:11.848+0000][2690.508s][info ][safepoint     ] Entering safepoint region: Cleanup
[2023-10-30T23:25:11.849+0000][2690.509s][info ][safepoint     ] Leaving safepoint region
[2023-10-30T23:25:11.850+0000][2690.509s][info ][safepoint     ] Total time for which application threads were stopped: 0.0012797 seconds, Stopping threads took: 0.0005251 seconds
[2023-10-30T23:25:12.850+0000][2691.510s][debug][safepoint     ] Safepoint synchronization initiated. (188 threads)
[2023-10-30T23:25:12.851+0000][2691.511s][info ][safepoint     ] Application time: 1.0010729 seconds
[2023-10-30T23:25:12.852+0000][2691.512s][info ][safepoint     ] Entering safepoint region: Cleanup
[2023-10-30T23:25:12.853+0000][2691.513s][info ][safepoint     ] Leaving safepoint region
[2023-10-30T23:25:12.854+0000][2691.513s][info ][safepoint     ] Total time for which application threads were stopped: 0.0015318 seconds, Stopping threads took: 0.0006894 seconds
[2023-10-30T23:25:13.854+0000][2692.514s][debug][safepoint     ] Safepoint synchronization initiated. (188 threads)
[2023-10-30T23:25:13.855+0000][2692.515s][info ][safepoint     ] Application time: 1.0010986 seconds
[2023-10-30T23:25:13.856+0000][2692.516s][info ][safepoint     ] Entering safepoint region: Cleanup
[2023-10-30T23:25:13.857+0000][2692.516s][info ][safepoint     ] Leaving safepoint region
[2023-10-30T23:25:13.857+0000][2692.517s][info ][safepoint     ] Total time for which application threads were stopped: 0.0013336 seconds, Stopping threads took: 0.0005998 seconds
[2023-10-30T23:25:14.858+0000][2693.518s][debug][safepoint     ] Safepoint synchronization initiated. (188 threads)
[2023-10-30T23:25:14.859+0000][2693.518s][info ][safepoint     ] Application time: 1.0009320 seconds
[2023-10-30T23:25:14.859+0000][2693.519s][debug][safepoint     ] Waiting for 1 thread(s) to block
[2023-10-30T23:25:14.860+0000][2693.520s][info ][safepoint     ] Entering safepoint region: Cleanup
[2023-10-30T23:25:14.861+0000][2693.520s][info ][safepoint     ] Leaving safepoint region
[2023-10-30T23:25:14.861+0000][2693.521s][info ][safepoint     ] Total time for which application threads were stopped: 0.0020063 seconds, Stopping threads took: 0.0013478 seconds
[2023-10-30T23:25:15.862+0000][2694.521s][debug][safepoint     ] Safepoint synchronization initiated. (188 threads)
[2023-10-30T23:25:15.862+0000][2694.522s][info ][safepoint     ] Application time: 1.0006644 seconds
[2023-10-30T23:25:15.862+0000][2694.522s][info ][safepoint     ] Entering safepoint region: Cleanup
[2023-10-30T23:25:15.863+0000][2694.523s][info ][safepoint     ] Leaving safepoint region
[2023-10-30T23:25:15.863+0000][2694.523s][info ][safepoint     ] Total time for which application threads were stopped: 0.0008927 seconds, Stopping threads took: 0.0003791 seconds
[2023-10-30T23:25:16.864+0000][2695.524s][debug][safepoint     ] Safepoint synchronization initiated. (188 threads)
[2023-10-30T23:25:16.865+0000][2695.524s][info ][safepoint     ] Application time: 1.0008356 seconds
[2023-10-30T23:25:16.865+0000][2695.525s][info ][safepoint     ] Entering safepoint region: Cleanup
[2023-10-30T23:25:16.866+0000][2695.525s][info ][safepoint     ] Leaving safepoint region
[2023-10-30T23:25:16.866+0000][2695.526s][info ][safepoint     ] Total time for which application threads were stopped: 0.0011234 seconds, Stopping threads took: 0.0004487 seconds
[2023-10-30T23:25:17.867+0000][2696.526s][debug][safepoint     ] Safepoint synchronization initiated. (188 threads)
[2023-10-30T23:25:17.867+0000][2696.527s][info ][safepoint     ] Application time: 1.0008836 seconds
[2023-10-30T23:25:17.868+0000][2696.528s][info ][safepoint     ] Entering safepoint region: Cleanup
[2023-10-30T23:25:17.869+0000][2696.528s][info ][safepoint     ] Leaving safepoint region
[2023-10-30T23:25:17.869+0000][2696.529s][info ][safepoint     ] Total time for which application threads were stopped: 0.0011091 seconds, Stopping threads took: 0.0004090 seconds
[2023-10-30T23:25:18.870+0000][2697.530s][debug][safepoint     ] Safepoint synchronization initiated. (188 threads)
[2023-10-30T23:25:18.871+0000][2697.530s][info ][safepoint     ] Application time: 1.0008442 seconds
[2023-10-30T23:25:18.871+0000][2697.531s][info ][safepoint     ] Entering safepoint region: Cleanup
[2023-10-30T23:25:18.872+0000][2697.532s][info ][safepoint     ] Leaving safepoint region
[2023-10-30T23:25:18.873+0000][2697.532s][info ][safepoint     ] Total time for which application threads were stopped: 0.0014024 seconds, Stopping threads took: 0.0005242 seconds
[2023-10-30T23:25:19.873+0000][2698.533s][debug][safepoint     ] Safepoint synchronization initiated. (188 threads)
[2023-10-30T23:25:19.874+0000][2698.534s][info ][safepoint     ] Application time: 1.0009700 seconds
[2023-10-30T23:25:19.875+0000][2698.535s][info ][safepoint     ] Entering safepoint region: Cleanup
[2023-10-30T23:25:19.876+0000][2698.536s][info ][safepoint     ] Leaving safepoint region
[2023-10-30T23:25:19.876+0000][2698.536s][info ][safepoint     ] Total time for which application threads were stopped: 0.0015871 seconds, Stopping threads took: 0.0007170 seconds
[2023-10-30T23:25:20.877+0000][2699.537s][debug][safepoint     ] Safepoint synchronization initiated. (188 threads)
[2023-10-30T23:25:20.877+0000][2699.537s][info ][safepoint     ] Application time: 1.0005826 seconds
[2023-10-30T23:25:20.878+0000][2699.538s][info ][safepoint     ] Entering safepoint region: Cleanup
[2023-10-30T23:25:20.878+0000][2699.538s][info ][safepoint     ] Leaving safepoint region
[2023-10-30T23:25:20.879+0000][2699.539s][info ][safepoint     ] Total time for which application threads were stopped: 0.0009419 seconds, Stopping threads took: 0.0004762 seconds
[2023-10-30T23:25:21.879+0000][2700.539s][debug][safepoint     ] Safepoint synchronization initiated. (188 threads)
[2023-10-30T23:25:21.880+0000][2700.539s][info ][safepoint     ] Application time: 1.0005022 seconds
[2023-10-30T23:25:21.880+0000][2700.540s][info ][safepoint     ] Entering safepoint region: Cleanup
[2023-10-30T23:25:21.880+0000][2700.540s][info ][safepoint     ] Leaving safepoint region
[2023-10-30T23:25:21.881+0000][2700.541s][info ][safepoint     ] Total time for which application threads were stopped: 0.0009686 seconds, Stopping threads took: 0.0003041 seconds
[2023-10-30T23:25:22.881+0000][2701.541s][debug][safepoint     ] Safepoint synchronization initiated. (188 threads)
[2023-10-30T23:25:22.882+0000][2701.541s][info ][safepoint     ] Application time: 1.0005911 seconds
[2023-10-30T23:25:22.882+0000][2701.542s][info ][safepoint     ] Entering safepoint region: Cleanup
[2023-10-30T23:25:22.883+0000][2701.542s][info ][safepoint     ] Leaving safepoint region
[2023-10-30T23:25:22.883+0000][2701.543s][info ][safepoint     ] Total time for which application threads were stopped: 0.0011413 seconds, Stopping threads took: 0.0004357 seconds
[2023-10-30T23:25:23.884+0000][2702.544s][debug][safepoint     ] Safepoint synchronization initiated. (188 threads)
[2023-10-30T23:25:23.885+0000][2702.545s][info ][safepoint     ] Application time: 1.0012967 seconds
[2023-10-30T23:25:23.886+0000][2702.546s][info ][safepoint     ] Entering safepoint region: Cleanup
[2023-10-30T23:25:23.887+0000][2702.547s][info ][safepoint     ] Leaving safepoint region
[2023-10-30T23:25:23.888+0000][2702.548s][info ][safepoint     ] Total time for which application threads were stopped: 0.0021634 seconds, Stopping threads took: 0.0008703 seconds
[2023-10-30T23:25:24.889+0000][2703.549s][debug][safepoint     ] Safepoint synchronization initiated. (188 threads)
[2023-10-30T23:25:24.890+0000][2703.550s][info ][safepoint     ] Application time: 1.0011940 seconds
[2023-10-30T23:25:24.891+0000][2703.550s][info ][safepoint     ] Entering safepoint region: Cleanup
[2023-10-30T23:25:24.892+0000][2703.551s][info ][safepoint     ] Leaving safepoint region
[2023-10-30T23:25:24.892+0000][2703.552s][info ][safepoint     ] Total time for which application threads were stopped: 0.0017783 seconds, Stopping threads took: 0.0008621 seconds
[2023-10-30T23:25:25.893+0000][2704.553s][debug][safepoint     ] Safepoint synchronization initiated. (188 threads)
[2023-10-30T23:25:25.894+0000][2704.554s][info ][safepoint     ] Application time: 1.0007078 seconds
[2023-10-30T23:25:25.894+0000][2704.554s][info ][safepoint     ] Entering safepoint region: Cleanup
[2023-10-30T23:25:25.895+0000][2704.554s][info ][safepoint     ] Leaving safepoint region
[2023-10-30T23:25:25.895+0000][2704.555s][info ][safepoint     ] Total time for which application threads were stopped: 0.0009807 seconds, Stopping threads took: 0.0004012 seconds
[2023-10-30T23:25:26.896+0000][2705.555s][debug][safepoint     ] Safepoint synchronization initiated. (188 threads)
[2023-10-30T23:25:26.896+0000][2705.556s][info ][safepoint     ] Application time: 1.0007790 seconds
[2023-10-30T23:25:26.897+0000][2705.557s][info ][safepoint     ] Entering safepoint region: Cleanup
[2023-10-30T23:25:26.897+0000][2705.557s][info ][safepoint     ] Leaving safepoint region
[2023-10-30T23:25:26.898+0000][2705.558s][info ][safepoint     ] Total time for which application threads were stopped: 0.0010455 seconds, Stopping threads took: 0.0004862 seconds
[2023-10-30T23:25:27.898+0000][2706.558s][debug][safepoint     ] Safepoint synchronization initiated. (188 threads)
[2023-10-30T23:25:27.899+0000][2706.559s][info ][safepoint     ] Application time: 1.0008404 seconds
[2023-10-30T23:25:27.900+0000][2706.559s][info ][safepoint     ] Entering safepoint region: Cleanup
[2023-10-30T23:25:27.900+0000][2706.560s][info ][safepoint     ] Leaving safepoint region
[2023-10-30T23:25:27.901+0000][2706.560s][info ][safepoint     ] Total time for which application threads were stopped: 0.0011292 seconds, Stopping threads took: 0.0004682 seconds
[2023-10-30T23:25:28.901+0000][2707.561s][debug][safepoint     ] Safepoint synchronization initiated. (188 threads)
[2023-10-30T23:25:28.902+0000][2707.562s][info ][safepoint     ] Application time: 1.0013059 seconds
[2023-10-30T23:25:28.903+0000][2707.563s][info ][safepoint     ] Entering safepoint region: Cleanup
[2023-10-30T23:25:28.904+0000][2707.564s][info ][safepoint     ] Leaving safepoint region
[2023-10-30T23:25:28.905+0000][2707.564s][info ][safepoint     ] Total time for which application threads were stopped: 0.0016479 seconds, Stopping threads took: 0.0008553 seconds
[2023-10-30T23:25:29.905+0000][2708.565s][debug][safepoint     ] Safepoint synchronization initiated. (188 threads)
[2023-10-30T23:25:29.906+0000][2708.566s][info ][safepoint     ] Application time: 1.0011525 seconds
[2023-10-30T23:25:29.907+0000][2708.567s][info ][safepoint     ] Entering safepoint region: Cleanup
[2023-10-30T23:25:29.909+0000][2708.568s][info ][safepoint     ] Leaving safepoint region
[2023-10-30T23:25:29.910+0000][2708.569s][info ][safepoint     ] Total time for which application threads were stopped: 0.0021887 seconds, Stopping threads took: 0.0009590 seconds
[2023-10-30T23:25:30.910+0000][2709.570s][debug][safepoint     ] Safepoint synchronization initiated. (188 threads)
[2023-10-30T23:25:30.912+0000][2709.571s][info ][safepoint     ] Application time: 1.0013053 seconds
[2023-10-30T23:25:30.913+0000][2709.572s][info ][safepoint     ] Entering safepoint region: Cleanup
[2023-10-30T23:25:30.914+0000][2709.574s][info ][safepoint     ] Leaving safepoint region
[2023-10-30T23:25:30.915+0000][2709.574s][info ][safepoint     ] Total time for which application threads were stopped: 0.0021004 seconds, Stopping threads took: 0.0008838 seconds
[2023-10-30T23:25:31.916+0000][2710.575s][debug][safepoint     ] Safepoint synchronization initiated. (188 threads)
[2023-10-30T23:25:31.917+0000][2710.577s][info ][safepoint     ] Application time: 1.0013156 seconds
[2023-10-30T23:25:31.918+0000][2710.578s][info ][safepoint     ] Entering safepoint region: Cleanup
[2023-10-30T23:25:31.919+0000][2710.579s][info ][safepoint     ] Leaving safepoint region
[2023-10-30T23:25:31.920+0000][2710.580s][info ][safepoint     ] Total time for which application threads were stopped: 0.0020587 seconds, Stopping threads took: 0.0008767 seconds
[2023-10-30T23:25:32.921+0000][2711.580s][debug][safepoint     ] Safepoint synchronization initiated. (188 threads)
[2023-10-30T23:25:32.921+0000][2711.581s][info ][safepoint     ] Application time: 1.0005474 seconds
[2023-10-30T23:25:32.921+0000][2711.581s][info ][safepoint     ] Entering safepoint region: Cleanup
[2023-10-30T23:25:32.922+0000][2711.582s][info ][safepoint     ] Leaving safepoint region
[2023-10-30T23:25:32.922+0000][2711.582s][info ][safepoint     ] Total time for which application threads were stopped: 0.0008480 seconds, Stopping threads took: 0.0003440 seconds
[2023-10-30T23:25:33.923+0000][2712.582s][debug][safepoint     ] Safepoint synchronization initiated. (188 threads)
[2023-10-30T23:25:33.923+0000][2712.583s][info ][safepoint     ] Application time: 1.0008207 seconds
[2023-10-30T23:25:33.924+0000][2712.584s][info ][safepoint     ] Entering safepoint region: Cleanup
[2023-10-30T23:25:33.925+0000][2712.584s][info ][safepoint     ] Leaving safepoint region
[2023-10-30T23:25:33.925+0000][2712.585s][info ][safepoint     ] Total time for which application threads were stopped: 0.0009924 seconds, Stopping threads took: 0.0003848 seconds
[2023-10-30T23:25:34.926+0000][2713.585s][debug][safepoint     ] Safepoint synchronization initiated. (188 threads)
[2023-10-30T23:25:34.927+0000][2713.586s][info ][safepoint     ] Application time: 1.0012379 seconds
[2023-10-30T23:25:34.928+0000][2713.587s][info ][safepoint     ] Entering safepoint region: Cleanup
[2023-10-30T23:25:34.928+0000][2713.588s][info ][safepoint     ] Leaving safepoint region
[2023-10-30T23:25:34.929+0000][2713.589s][info ][safepoint     ] Total time for which application threads were stopped: 0.0013334 seconds, Stopping threads took: 0.0005825 seconds
[2023-10-30T23:25:35.929+0000][2714.589s][debug][safepoint     ] Safepoint synchronization initiated. (188 threads)
[2023-10-30T23:25:35.930+0000][2714.590s][info ][safepoint     ] Application time: 1.0008036 seconds
[2023-10-30T23:25:35.931+0000][2714.591s][info ][safepoint     ] Entering safepoint region: Cleanup
[2023-10-30T23:25:35.932+0000][2714.591s][info ][safepoint     ] Leaving safepoint region
[2023-10-30T23:25:35.932+0000][2714.592s][info ][safepoint     ] Total time for which application threads were stopped: 0.0013624 seconds, Stopping threads took: 0.0006602 seconds
[2023-10-30T23:25:36.933+0000][2715.593s][debug][safepoint     ] Safepoint synchronization initiated. (188 threads)
[2023-10-30T23:25:36.934+0000][2715.594s][info ][safepoint     ] Application time: 1.0015584 seconds
[2023-10-30T23:25:36.935+0000][2715.595s][info ][safepoint     ] Entering safepoint region: Cleanup
[2023-10-30T23:25:36.936+0000][2715.596s][info ][safepoint     ] Leaving safepoint region
[2023-10-30T23:25:36.937+0000][2715.597s][info ][safepoint     ] Total time for which application threads were stopped: 0.0019390 seconds, Stopping threads took: 0.0010096 seconds
[2023-10-30T23:25:37.938+0000][2716.598s][debug][safepoint     ] Safepoint synchronization initiated. (188 threads)
[2023-10-30T23:25:37.938+0000][2716.598s][info ][safepoint     ] Application time: 1.0005499 seconds
[2023-10-30T23:25:37.939+0000][2716.599s][info ][safepoint     ] Entering safepoint region: Cleanup
[2023-10-30T23:25:37.939+0000][2716.599s][info ][safepoint     ] Leaving safepoint region
[2023-10-30T23:25:37.940+0000][2716.599s][info ][safepoint     ] Total time for which application threads were stopped: 0.0008314 seconds, Stopping threads took: 0.0003551 seconds
[2023-10-30T23:25:38.941+0000][2717.600s][debug][safepoint     ] Safepoint synchronization initiated. (188 threads)
[2023-10-30T23:25:38.942+0000][2717.601s][info ][safepoint     ] Application time: 1.0013006 seconds
[2023-10-30T23:25:38.942+0000][2717.602s][info ][safepoint     ] Entering safepoint region: Cleanup
[2023-10-30T23:25:38.943+0000][2717.603s][info ][safepoint     ] Leaving safepoint region
[2023-10-30T23:25:38.944+0000][2717.604s][info ][safepoint     ] Total time for which application threads were stopped: 0.0018360 seconds, Stopping threads took: 0.0008885 seconds
[2023-10-30T23:25:39.945+0000][2718.605s][debug][safepoint     ] Safepoint synchronization initiated. (188 threads)
[2023-10-30T23:25:39.946+0000][2718.606s][info ][safepoint     ] Application time: 1.0014284 seconds
[2023-10-30T23:25:39.947+0000][2718.607s][info ][safepoint     ] Entering safepoint region: Cleanup
[2023-10-30T23:25:39.949+0000][2718.608s][info ][safepoint     ] Leaving safepoint region
[2023-10-30T23:25:39.949+0000][2718.609s][info ][safepoint     ] Total time for which application threads were stopped: 0.0019130 seconds, Stopping threads took: 0.0008586 seconds
[2023-10-30T23:25:40.950+0000][2719.610s][debug][safepoint     ] Safepoint synchronization initiated. (188 threads)
[2023-10-30T23:25:40.951+0000][2719.611s][info ][safepoint     ] Application time: 1.0011074 seconds
[2023-10-30T23:25:40.952+0000][2719.612s][info ][safepoint     ] Entering safepoint region: Cleanup
[2023-10-30T23:25:40.953+0000][2719.613s][info ][safepoint     ] Leaving safepoint region
[2023-10-30T23:25:40.954+0000][2719.613s][info ][safepoint     ] Total time for which application threads were stopped: 0.0017774 seconds, Stopping threads took: 0.0008581 seconds
[2023-10-30T23:25:41.955+0000][2720.614s][debug][safepoint     ] Safepoint synchronization initiated. (188 threads)
[2023-10-30T23:25:41.956+0000][2720.616s][info ][safepoint     ] Application time: 1.0015349 seconds
[2023-10-30T23:25:41.957+0000][2720.617s][info ][safepoint     ] Entering safepoint region: Cleanup
[2023-10-30T23:25:41.958+0000][2720.618s][info ][safepoint     ] Leaving safepoint region
[2023-10-30T23:25:41.959+0000][2720.619s][info ][safepoint     ] Total time for which application threads were stopped: 0.0023742 seconds, Stopping threads took: 0.0011869 seconds
[2023-10-30T23:25:42.961+0000][2721.620s][debug][safepoint     ] Safepoint synchronization initiated. (188 threads)
[2023-10-30T23:25:42.961+0000][2721.621s][info ][safepoint     ] Application time: 1.0011196 seconds
[2023-10-30T23:25:42.962+0000][2721.622s][info ][safepoint     ] Entering safepoint region: Cleanup
[2023-10-30T23:25:42.963+0000][2721.623s][info ][safepoint     ] Leaving safepoint region
[2023-10-30T23:25:42.964+0000][2721.624s][info ][safepoint     ] Total time for which application threads were stopped: 0.0020840 seconds, Stopping threads took: 0.0008551 seconds
[2023-10-30T23:25:43.965+0000][2722.625s][debug][safepoint     ] Safepoint synchronization initiated. (188 threads)
[2023-10-30T23:25:43.966+0000][2722.626s][info ][safepoint     ] Application time: 1.0012000 seconds
[2023-10-30T23:25:43.967+0000][2722.627s][info ][safepoint     ] Entering safepoint region: Cleanup
[2023-10-30T23:25:43.968+0000][2722.628s][info ][safepoint     ] Leaving safepoint region
[2023-10-30T23:25:43.968+0000][2722.628s][info ][safepoint     ] Total time for which application threads were stopped: 0.0016292 seconds, Stopping threads took: 0.0007130 seconds
[2023-10-30T23:25:44.969+0000][2723.629s][debug][safepoint     ] Safepoint synchronization initiated. (188 threads)
[2023-10-30T23:25:44.971+0000][2723.630s][info ][safepoint     ] Application time: 1.0013075 seconds
[2023-10-30T23:25:44.971+0000][2723.631s][info ][safepoint     ] Entering safepoint region: Cleanup
[2023-10-30T23:25:44.973+0000][2723.633s][info ][safepoint     ] Leaving safepoint region
[2023-10-30T23:25:44.973+0000][2723.633s][info ][safepoint     ] Total time for which application threads were stopped: 0.0020752 seconds, Stopping threads took: 0.0009185 seconds
[2023-10-30T23:25:45.974+0000][2724.634s][debug][safepoint     ] Safepoint synchronization initiated. (188 threads)
[2023-10-30T23:25:45.975+0000][2724.635s][info ][safepoint     ] Application time: 1.0008981 seconds
[2023-10-30T23:25:45.976+0000][2724.635s][info ][safepoint     ] Entering safepoint region: Cleanup
[2023-10-30T23:25:45.977+0000][2724.636s][info ][safepoint     ] Leaving safepoint region
[2023-10-30T23:25:45.977+0000][2724.637s][info ][safepoint     ] Total time for which application threads were stopped: 0.0015625 seconds, Stopping threads took: 0.0006677 seconds
[2023-10-30T23:25:46.321+0000][2724.980s][debug][safepoint     ] Safepoint synchronization initiated. (188 threads)
[2023-10-30T23:25:46.322+0000][2724.981s][info ][safepoint     ] Application time: 0.3438412 seconds
[2023-10-30T23:25:46.322+0000][2724.982s][info ][safepoint     ] Entering safepoint region: G1CollectForAllocation
[2023-10-30T23:25:46.324+0000][2724.983s][info ][gc,start      ] GC(87) Pause Young (Prepare Mixed) (G1 Evacuation Pause)
[2023-10-30T23:25:46.324+0000][2724.984s][info ][gc,task       ] GC(87) Using 8 workers of 8 for evacuation
[2023-10-30T23:25:46.330+0000][2724.990s][info ][gc,phases     ] GC(87)   Pre Evacuate Collection Set: 0.1ms
[2023-10-30T23:25:46.331+0000][2724.990s][info ][gc,phases     ] GC(87)   Evacuate Collection Set: 2.0ms
[2023-10-30T23:25:46.331+0000][2724.991s][info ][gc,phases     ] GC(87)   Post Evacuate Collection Set: 2.7ms
[2023-10-30T23:25:46.332+0000][2724.991s][info ][gc,phases     ] GC(87)   Other: 1.7ms
[2023-10-30T23:25:46.332+0000][2724.992s][info ][gc,heap       ] GC(87) Eden regions: 146->0(18)
[2023-10-30T23:25:46.332+0000][2724.992s][info ][gc,heap       ] GC(87) Survivor regions: 2->2(19)
[2023-10-30T23:25:46.333+0000][2724.993s][info ][gc,heap       ] GC(87) Old regions: 145->145
[2023-10-30T23:25:46.333+0000][2724.993s][info ][gc,heap       ] GC(87) Humongous regions: 60->60
[2023-10-30T23:25:46.334+0000][2724.994s][info ][gc,metaspace  ] GC(87) Metaspace: 169613K(176932K)->169613K(176932K) NonClass: 150260K(155044K)->150260K(155044K) Class: 19352K(21888K)->19352K(21888K)
[2023-10-30T23:25:46.334+0000][2724.994s][info ][gc            ] GC(87) Pause Young (Prepare Mixed) (G1 Evacuation Pause) 350M->204M(411M) 10.707ms
[2023-10-30T23:25:46.335+0000][2724.994s][info ][gc,cpu        ] GC(87) User=0.03s Sys=0.00s Real=0.01s
[2023-10-30T23:25:46.335+0000][2724.995s][info ][safepoint     ] Leaving safepoint region
[2023-10-30T23:25:46.336+0000][2724.995s][info ][safepoint     ] Total time for which application threads were stopped: 0.0131567 seconds, Stopping threads took: 0.0007380 seconds
[2023-10-30T23:25:47.336+0000][2725.996s][debug][safepoint     ] Safepoint synchronization initiated. (188 threads)
[2023-10-30T23:25:47.337+0000][2725.997s][info ][safepoint     ] Application time: 1.0011871 seconds
[2023-10-30T23:25:47.338+0000][2725.998s][info ][safepoint     ] Entering safepoint region: Cleanup
[2023-10-30T23:25:47.339+0000][2725.999s][info ][safepoint     ] Leaving safepoint region
[2023-10-30T23:25:47.339+0000][2725.999s][info ][safepoint     ] Total time for which application threads were stopped: 0.0012556 seconds, Stopping threads took: 0.0005351 seconds
[2023-10-30T23:25:48.340+0000][2727.000s][debug][safepoint     ] Safepoint synchronization initiated. (188 threads)
[2023-10-30T23:25:48.342+0000][2727.001s][info ][safepoint     ] Application time: 1.0017364 seconds
[2023-10-30T23:25:48.343+0000][2727.002s][info ][safepoint     ] Entering safepoint region: Cleanup
[2023-10-30T23:25:48.343+0000][2727.003s][info ][safepoint     ] Leaving safepoint region
[2023-10-30T23:25:48.344+0000][2727.004s][info ][safepoint     ] Total time for which application threads were stopped: 0.0017599 seconds, Stopping threads took: 0.0007114 seconds
[2023-10-30T23:25:49.345+0000][2728.005s][debug][safepoint     ] Safepoint synchronization initiated. (188 threads)
[2023-10-30T23:25:49.346+0000][2728.006s][info ][safepoint     ] Application time: 1.0013483 seconds
[2023-10-30T23:25:49.347+0000][2728.007s][info ][safepoint     ] Entering safepoint region: Cleanup
[2023-10-30T23:25:49.348+0000][2728.008s][info ][safepoint     ] Leaving safepoint region
[2023-10-30T23:25:49.349+0000][2728.009s][info ][safepoint     ] Total time for which application threads were stopped: 0.0018614 seconds, Stopping threads took: 0.0008117 seconds
[2023-10-30T23:25:50.350+0000][2729.010s][debug][safepoint     ] Safepoint synchronization initiated. (188 threads)
[2023-10-30T23:25:50.351+0000][2729.011s][info ][safepoint     ] Application time: 1.0013922 seconds
[2023-10-30T23:25:50.352+0000][2729.012s][info ][safepoint     ] Entering safepoint region: Cleanup
[2023-10-30T23:25:50.353+0000][2729.013s][info ][safepoint     ] Leaving safepoint region
[2023-10-30T23:25:50.354+0000][2729.014s][info ][safepoint     ] Total time for which application threads were stopped: 0.0021600 seconds, Stopping threads took: 0.0010101 seconds
[2023-10-30T23:25:51.355+0000][2730.015s][debug][safepoint     ] Safepoint synchronization initiated. (188 threads)
[2023-10-30T23:25:51.356+0000][2730.016s][info ][safepoint     ] Application time: 1.0014618 seconds
[2023-10-30T23:25:51.357+0000][2730.017s][info ][safepoint     ] Entering safepoint region: Cleanup
[2023-10-30T23:25:51.358+0000][2730.018s][info ][safepoint     ] Leaving safepoint region
[2023-10-30T23:25:51.359+0000][2730.019s][info ][safepoint     ] Total time for which application threads were stopped: 0.0018275 seconds, Stopping threads took: 0.0008982 seconds
[2023-10-30T23:25:52.360+0000][2731.020s][debug][safepoint     ] Safepoint synchronization initiated. (188 threads)
[2023-10-30T23:25:52.361+0000][2731.020s][info ][safepoint     ] Application time: 1.0007383 seconds
[2023-10-30T23:25:52.361+0000][2731.021s][info ][safepoint     ] Entering safepoint region: Cleanup
[2023-10-30T23:25:52.362+0000][2731.022s][info ][safepoint     ] Leaving safepoint region
[2023-10-30T23:25:52.363+0000][2731.023s][info ][safepoint     ] Total time for which application threads were stopped: 0.0015833 seconds, Stopping threads took: 0.0006630 seconds
[2023-10-30T23:25:53.364+0000][2732.023s][debug][safepoint     ] Safepoint synchronization initiated. (188 threads)
[2023-10-30T23:25:53.365+0000][2732.024s][info ][safepoint     ] Application time: 1.0012803 seconds
[2023-10-30T23:25:53.365+0000][2732.025s][info ][safepoint     ] Entering safepoint region: Cleanup
[2023-10-30T23:25:53.366+0000][2732.026s][info ][safepoint     ] Leaving safepoint region
[2023-10-30T23:25:53.367+0000][2732.027s][info ][safepoint     ] Total time for which application threads were stopped: 0.0015558 seconds, Stopping threads took: 0.0006987 seconds
[2023-10-30T23:25:54.368+0000][2733.027s][debug][safepoint     ] Safepoint synchronization initiated. (188 threads)
[2023-10-30T23:25:54.369+0000][2733.029s][info ][safepoint     ] Application time: 1.0015284 seconds
[2023-10-30T23:25:54.370+0000][2733.030s][info ][safepoint     ] Entering safepoint region: Cleanup
[2023-10-30T23:25:54.371+0000][2733.031s][info ][safepoint     ] Leaving safepoint region
[2023-10-30T23:25:54.372+0000][2733.032s][info ][safepoint     ] Total time for which application threads were stopped: 0.0017522 seconds, Stopping threads took: 0.0007862 seconds
[2023-10-30T23:25:55.373+0000][2734.033s][debug][safepoint     ] Safepoint synchronization initiated. (188 threads)
[2023-10-30T23:25:55.374+0000][2734.034s][info ][safepoint     ] Application time: 1.0012767 seconds
[2023-10-30T23:25:55.375+0000][2734.034s][info ][safepoint     ] Entering safepoint region: Cleanup
[2023-10-30T23:25:55.376+0000][2734.036s][info ][safepoint     ] Leaving safepoint region
[2023-10-30T23:25:55.377+0000][2734.037s][info ][safepoint     ] Total time for which application threads were stopped: 0.0022445 seconds, Stopping threads took: 0.0011130 seconds
[2023-10-30T23:25:56.378+0000][2735.038s][debug][safepoint     ] Safepoint synchronization initiated. (188 threads)
[2023-10-30T23:25:56.379+0000][2735.039s][info ][safepoint     ] Application time: 1.0013749 seconds
[2023-10-30T23:25:56.380+0000][2735.040s][info ][safepoint     ] Entering safepoint region: Cleanup
[2023-10-30T23:25:56.381+0000][2735.041s][info ][safepoint     ] Leaving safepoint region
[2023-10-30T23:25:56.382+0000][2735.042s][info ][safepoint     ] Total time for which application threads were stopped: 0.0020792 seconds, Stopping threads took: 0.0009543 seconds
[2023-10-30T23:25:57.383+0000][2736.043s][debug][safepoint     ] Safepoint synchronization initiated. (188 threads)
[2023-10-30T23:25:57.384+0000][2736.044s][info ][safepoint     ] Application time: 1.0011372 seconds
[2023-10-30T23:25:57.385+0000][2736.044s][info ][safepoint     ] Entering safepoint region: Cleanup
[2023-10-30T23:25:57.385+0000][2736.045s][info ][safepoint     ] Leaving safepoint region
[2023-10-30T23:25:57.386+0000][2736.045s][info ][safepoint     ] Total time for which application threads were stopped: 0.0010061 seconds, Stopping threads took: 0.0004500 seconds
[2023-10-30T23:25:58.386+0000][2737.046s][debug][safepoint     ] Safepoint synchronization initiated. (188 threads)
[2023-10-30T23:25:58.387+0000][2737.047s][info ][safepoint     ] Application time: 1.0007160 seconds
[2023-10-30T23:25:58.387+0000][2737.047s][info ][safepoint     ] Entering safepoint region: Cleanup
[2023-10-30T23:25:58.388+0000][2737.048s][info ][safepoint     ] Leaving safepoint region
[2023-10-30T23:25:58.388+0000][2737.048s][info ][safepoint     ] Total time for which application threads were stopped: 0.0008375 seconds, Stopping threads took: 0.0003833 seconds
[2023-10-30T23:25:59.389+0000][2738.048s][debug][safepoint     ] Safepoint synchronization initiated. (188 threads)
[2023-10-30T23:25:59.390+0000][2738.049s][info ][safepoint     ] Application time: 1.0013361 seconds
[2023-10-30T23:25:59.391+0000][2738.050s][info ][safepoint     ] Entering safepoint region: Cleanup
[2023-10-30T23:25:59.392+0000][2738.051s][info ][safepoint     ] Leaving safepoint region
[2023-10-30T23:25:59.392+0000][2738.052s][info ][safepoint     ] Total time for which application threads were stopped: 0.0017486 seconds, Stopping threads took: 0.0007572 seconds
[2023-10-30T23:26:00.393+0000][2739.053s][debug][safepoint     ] Safepoint synchronization initiated. (188 threads)
[2023-10-30T23:26:00.394+0000][2739.053s][info ][safepoint     ] Application time: 1.0007646 seconds
[2023-10-30T23:26:00.394+0000][2739.054s][info ][safepoint     ] Entering safepoint region: Cleanup
[2023-10-30T23:26:00.395+0000][2739.054s][info ][safepoint     ] Leaving safepoint region
[2023-10-30T23:26:00.395+0000][2739.055s][info ][safepoint     ] Total time for which application threads were stopped: 0.0009134 seconds, Stopping threads took: 0.0003700 seconds
[2023-10-30T23:26:01.396+0000][2740.055s][debug][safepoint     ] Safepoint synchronization initiated. (188 threads)
[2023-10-30T23:26:01.397+0000][2740.056s][info ][safepoint     ] Application time: 1.0011627 seconds
[2023-10-30T23:26:01.397+0000][2740.057s][info ][safepoint     ] Entering safepoint region: Cleanup
[2023-10-30T23:26:01.398+0000][2740.058s][info ][safepoint     ] Leaving safepoint region
[2023-10-30T23:26:01.399+0000][2740.058s][info ][safepoint     ] Total time for which application threads were stopped: 0.0014712 seconds, Stopping threads took: 0.0007673 seconds
[2023-10-30T23:26:02.399+0000][2741.059s][debug][safepoint     ] Safepoint synchronization initiated. (188 threads)
[2023-10-30T23:26:02.400+0000][2741.060s][info ][safepoint     ] Application time: 1.0011547 seconds
[2023-10-30T23:26:02.401+0000][2741.061s][info ][safepoint     ] Entering safepoint region: Cleanup
[2023-10-30T23:26:02.402+0000][2741.061s][info ][safepoint     ] Leaving safepoint region
[2023-10-30T23:26:02.402+0000][2741.062s][info ][safepoint     ] Total time for which application threads were stopped: 0.0013225 seconds, Stopping threads took: 0.0005999 seconds
[2023-10-30T23:26:03.403+0000][2742.063s][debug][safepoint     ] Safepoint synchronization initiated. (188 threads)
[2023-10-30T23:26:03.403+0000][2742.063s][info ][safepoint     ] Application time: 1.0006401 seconds
[2023-10-30T23:26:03.404+0000][2742.064s][info ][safepoint     ] Entering safepoint region: Cleanup
[2023-10-30T23:26:03.405+0000][2742.064s][info ][safepoint     ] Leaving safepoint region
[2023-10-30T23:26:03.405+0000][2742.065s][info ][safepoint     ] Total time for which application threads were stopped: 0.0014154 seconds, Stopping threads took: 0.0004006 seconds
[2023-10-30T23:26:04.406+0000][2743.066s][debug][safepoint     ] Safepoint synchronization initiated. (188 threads)
[2023-10-30T23:26:04.406+0000][2743.066s][info ][safepoint     ] Application time: 1.0006625 seconds
[2023-10-30T23:26:04.407+0000][2743.066s][info ][safepoint     ] Entering safepoint region: Cleanup
[2023-10-30T23:26:04.407+0000][2743.067s][info ][safepoint     ] Leaving safepoint region
[2023-10-30T23:26:04.407+0000][2743.067s][info ][safepoint     ] Total time for which application threads were stopped: 0.0007879 seconds, Stopping threads took: 0.0003300 seconds
[2023-10-30T23:26:05.216+0000][2743.876s][debug][safepoint     ] Safepoint synchronization initiated. (188 threads)
[2023-10-30T23:26:05.217+0000][2743.877s][info ][safepoint     ] Application time: 0.8093151 seconds
[2023-10-30T23:26:05.217+0000][2743.877s][info ][safepoint     ] Entering safepoint region: G1CollectForAllocation
[2023-10-30T23:26:05.218+0000][2743.878s][info ][gc,start      ] GC(88) Pause Young (Mixed) (G1 Evacuation Pause)
[2023-10-30T23:26:05.218+0000][2743.878s][info ][gc,task       ] GC(88) Using 8 workers of 8 for evacuation
[2023-10-30T23:26:05.232+0000][2743.892s][info ][gc,phases     ] GC(88)   Pre Evacuate Collection Set: 0.1ms
[2023-10-30T23:26:05.233+0000][2743.893s][info ][gc,phases     ] GC(88)   Evacuate Collection Set: 9.9ms
[2023-10-30T23:26:05.234+0000][2743.894s][info ][gc,phases     ] GC(88)   Post Evacuate Collection Set: 3.0ms
[2023-10-30T23:26:05.235+0000][2743.894s][info ][gc,phases     ] GC(88)   Other: 1.2ms
[2023-10-30T23:26:05.235+0000][2743.895s][info ][gc,heap       ] GC(88) Eden regions: 18->0(148)
[2023-10-30T23:26:05.236+0000][2743.895s][info ][gc,heap       ] GC(88) Survivor regions: 2->2(3)
[2023-10-30T23:26:05.236+0000][2743.896s][info ][gc,heap       ] GC(88) Old regions: 145->144
[2023-10-30T23:26:05.237+0000][2743.896s][info ][gc,heap       ] GC(88) Humongous regions: 60->60
[2023-10-30T23:26:05.237+0000][2743.897s][info ][gc,metaspace  ] GC(88) Metaspace: 169613K(176932K)->169613K(176932K) NonClass: 150260K(155044K)->150260K(155044K) Class: 19352K(21888K)->19352K(21888K)
[2023-10-30T23:26:05.238+0000][2743.898s][info ][gc            ] GC(88) Pause Young (Mixed) (G1 Evacuation Pause) 222M->202M(411M) 19.919ms
[2023-10-30T23:26:05.238+0000][2743.898s][info ][gc,cpu        ] GC(88) User=0.08s Sys=0.01s Real=0.02s
[2023-10-30T23:26:05.239+0000][2743.899s][info ][safepoint     ] Leaving safepoint region
[2023-10-30T23:26:05.240+0000][2743.899s][info ][safepoint     ] Total time for which application threads were stopped: 0.0221322 seconds, Stopping threads took: 0.0004069 seconds
[2023-10-30T23:26:06.240+0000][2744.900s][debug][safepoint     ] Safepoint synchronization initiated. (188 threads)
[2023-10-30T23:26:06.241+0000][2744.900s][info ][safepoint     ] Application time: 1.0006448 seconds
[2023-10-30T23:26:06.241+0000][2744.901s][info ][safepoint     ] Entering safepoint region: Cleanup
[2023-10-30T23:26:06.242+0000][2744.901s][info ][safepoint     ] Leaving safepoint region
[2023-10-30T23:26:06.242+0000][2744.902s][info ][safepoint     ] Total time for which application threads were stopped: 0.0009135 seconds, Stopping threads took: 0.0003898 seconds
[2023-10-30T23:26:07.242+0000][2745.902s][debug][safepoint     ] Safepoint synchronization initiated. (188 threads)
[2023-10-30T23:26:07.243+0000][2745.903s][info ][safepoint     ] Application time: 1.0006413 seconds
[2023-10-30T23:26:07.243+0000][2745.903s][info ][safepoint     ] Entering safepoint region: Cleanup
[2023-10-30T23:26:07.244+0000][2745.904s][info ][safepoint     ] Leaving safepoint region
[2023-10-30T23:26:07.244+0000][2745.904s][info ][safepoint     ] Total time for which application threads were stopped: 0.0012332 seconds, Stopping threads took: 0.0005358 seconds
[2023-10-30T23:26:08.245+0000][2746.905s][debug][safepoint     ] Safepoint synchronization initiated. (188 threads)
[2023-10-30T23:26:08.246+0000][2746.906s][info ][safepoint     ] Application time: 1.0009517 seconds
[2023-10-30T23:26:08.247+0000][2746.906s][info ][safepoint     ] Entering safepoint region: Cleanup
[2023-10-30T23:26:08.247+0000][2746.907s][info ][safepoint     ] Leaving safepoint region
[2023-10-30T23:26:08.248+0000][2746.908s][info ][safepoint     ] Total time for which application threads were stopped: 0.0013509 seconds, Stopping threads took: 0.0005711 seconds
[2023-10-30T23:26:09.249+0000][2747.908s][debug][safepoint     ] Safepoint synchronization initiated. (188 threads)
[2023-10-30T23:26:09.249+0000][2747.909s][info ][safepoint     ] Application time: 1.0007509 seconds
[2023-10-30T23:26:09.250+0000][2747.909s][info ][safepoint     ] Entering safepoint region: Cleanup
[2023-10-30T23:26:09.250+0000][2747.910s][info ][safepoint     ] Leaving safepoint region
[2023-10-30T23:26:09.251+0000][2747.911s][info ][safepoint     ] Total time for which application threads were stopped: 0.0012759 seconds, Stopping threads took: 0.0004902 seconds
[2023-10-30T23:26:10.252+0000][2748.911s][debug][safepoint     ] Safepoint synchronization initiated. (188 threads)
[2023-10-30T23:26:10.252+0000][2748.912s][info ][safepoint     ] Application time: 1.0007812 seconds
[2023-10-30T23:26:10.253+0000][2748.912s][info ][safepoint     ] Entering safepoint region: Cleanup
[2023-10-30T23:26:10.253+0000][2748.913s][info ][safepoint     ] Leaving safepoint region
[2023-10-30T23:26:10.254+0000][2748.913s][info ][safepoint     ] Total time for which application threads were stopped: 0.0011716 seconds, Stopping threads took: 0.0006233 seconds
[2023-10-30T23:26:11.254+0000][2749.914s][debug][safepoint     ] Safepoint synchronization initiated. (188 threads)
[2023-10-30T23:26:11.255+0000][2749.915s][info ][safepoint     ] Application time: 1.0009584 seconds
[2023-10-30T23:26:11.256+0000][2749.915s][info ][safepoint     ] Entering safepoint region: Cleanup
[2023-10-30T23:26:11.256+0000][2749.916s][info ][safepoint     ] Leaving safepoint region
[2023-10-30T23:26:11.257+0000][2749.917s][info ][safepoint     ] Total time for which application threads were stopped: 0.0014311 seconds, Stopping threads took: 0.0006650 seconds
[2023-10-30T23:26:12.258+0000][2750.917s][debug][safepoint     ] Safepoint synchronization initiated. (188 threads)
[2023-10-30T23:26:12.259+0000][2750.918s][info ][safepoint     ] Application time: 1.0009855 seconds
[2023-10-30T23:26:12.259+0000][2750.919s][info ][safepoint     ] Entering safepoint region: Cleanup
[2023-10-30T23:26:12.260+0000][2750.920s][info ][safepoint     ] Leaving safepoint region
[2023-10-30T23:26:12.261+0000][2750.920s][info ][safepoint     ] Total time for which application threads were stopped: 0.0013807 seconds, Stopping threads took: 0.0006125 seconds
[2023-10-30T23:26:13.261+0000][2751.921s][debug][safepoint     ] Safepoint synchronization initiated. (188 threads)
[2023-10-30T23:26:13.262+0000][2751.922s][info ][safepoint     ] Application time: 1.0009411 seconds
[2023-10-30T23:26:13.263+0000][2751.922s][info ][safepoint     ] Entering safepoint region: Cleanup
[2023-10-30T23:26:13.264+0000][2751.923s][info ][safepoint     ] Leaving safepoint region
[2023-10-30T23:26:13.264+0000][2751.924s][info ][safepoint     ] Total time for which application threads were stopped: 0.0015652 seconds, Stopping threads took: 0.0007435 seconds
[2023-10-30T23:26:14.265+0000][2752.925s][debug][safepoint     ] Safepoint synchronization initiated. (188 threads)
[2023-10-30T23:26:14.266+0000][2752.926s][info ][safepoint     ] Application time: 1.0013981 seconds
[2023-10-30T23:26:14.267+0000][2752.927s][info ][safepoint     ] Entering safepoint region: Cleanup
[2023-10-30T23:26:14.268+0000][2752.928s][info ][safepoint     ] Leaving safepoint region
[2023-10-30T23:26:14.269+0000][2752.928s][info ][safepoint     ] Total time for which application threads were stopped: 0.0018070 seconds, Stopping threads took: 0.0008046 seconds
[2023-10-30T23:26:15.270+0000][2753.929s][debug][safepoint     ] Safepoint synchronization initiated. (188 threads)
[2023-10-30T23:26:15.270+0000][2753.930s][info ][safepoint     ] Application time: 1.0008327 seconds
[2023-10-30T23:26:15.271+0000][2753.931s][info ][safepoint     ] Entering safepoint region: Cleanup
[2023-10-30T23:26:15.271+0000][2753.931s][info ][safepoint     ] Leaving safepoint region
[2023-10-30T23:26:15.272+0000][2753.932s][info ][safepoint     ] Total time for which application threads were stopped: 0.0012340 seconds, Stopping threads took: 0.0004776 seconds
[2023-10-30T23:26:16.273+0000][2754.932s][debug][safepoint     ] Safepoint synchronization initiated. (188 threads)
[2023-10-30T23:26:16.273+0000][2754.933s][info ][safepoint     ] Application time: 1.0008154 seconds
[2023-10-30T23:26:16.274+0000][2754.934s][info ][safepoint     ] Entering safepoint region: Cleanup
[2023-10-30T23:26:16.275+0000][2754.935s][info ][safepoint     ] Leaving safepoint region
[2023-10-30T23:26:16.275+0000][2754.935s][info ][safepoint     ] Total time for which application threads were stopped: 0.0013919 seconds, Stopping threads took: 0.0006284 seconds
[2023-10-30T23:26:17.276+0000][2755.936s][debug][safepoint     ] Safepoint synchronization initiated. (188 threads)
[2023-10-30T23:26:17.277+0000][2755.936s][info ][safepoint     ] Application time: 1.0009996 seconds
[2023-10-30T23:26:17.277+0000][2755.937s][info ][safepoint     ] Entering safepoint region: Cleanup
[2023-10-30T23:26:17.278+0000][2755.938s][info ][safepoint     ] Leaving safepoint region
[2023-10-30T23:26:17.279+0000][2755.938s][info ][safepoint     ] Total time for which application threads were stopped: 0.0014622 seconds, Stopping threads took: 0.0005609 seconds
[2023-10-30T23:26:18.279+0000][2756.939s][debug][safepoint     ] Safepoint synchronization initiated. (188 threads)
[2023-10-30T23:26:18.280+0000][2756.940s][info ][safepoint     ] Application time: 1.0007585 seconds
[2023-10-30T23:26:18.281+0000][2756.940s][info ][safepoint     ] Entering safepoint region: Cleanup
[2023-10-30T23:26:18.281+0000][2756.941s][info ][safepoint     ] Leaving safepoint region
[2023-10-30T23:26:18.282+0000][2756.941s][info ][safepoint     ] Total time for which application threads were stopped: 0.0011050 seconds, Stopping threads took: 0.0004100 seconds
[2023-10-30T23:26:19.282+0000][2757.942s][debug][safepoint     ] Safepoint synchronization initiated. (188 threads)
[2023-10-30T23:26:19.283+0000][2757.943s][info ][safepoint     ] Application time: 1.0013500 seconds
[2023-10-30T23:26:19.284+0000][2757.944s][info ][safepoint     ] Entering safepoint region: Cleanup
[2023-10-30T23:26:19.285+0000][2757.945s][info ][safepoint     ] Leaving safepoint region
[2023-10-30T23:26:19.286+0000][2757.946s][info ][safepoint     ] Total time for which application threads were stopped: 0.0017838 seconds, Stopping threads took: 0.0008225 seconds
[2023-10-30T23:26:20.287+0000][2758.947s][debug][safepoint     ] Safepoint synchronization initiated. (188 threads)
[2023-10-30T23:26:20.288+0000][2758.948s][info ][safepoint     ] Application time: 1.0011571 seconds
[2023-10-30T23:26:20.289+0000][2758.948s][debug][safepoint     ] ... found polling page return exception at pc = 0x00007f93485cdbf5, stub =0x00007f9340840600
[2023-10-30T23:26:20.289+0000][2758.949s][debug][safepoint     ] Waiting for 1 thread(s) to block
[2023-10-30T23:26:20.290+0000][2758.950s][info ][safepoint     ] Entering safepoint region: Cleanup
[2023-10-30T23:26:20.291+0000][2758.950s][info ][safepoint     ] Leaving safepoint region
[2023-10-30T23:26:20.291+0000][2758.951s][info ][safepoint     ] Total time for which application threads were stopped: 0.0026215 seconds, Stopping threads took: 0.0018566 seconds
[2023-10-30T23:26:21.292+0000][2759.952s][debug][safepoint     ] Safepoint synchronization initiated. (188 threads)
[2023-10-30T23:26:21.293+0000][2759.953s][info ][safepoint     ] Application time: 1.0013312 seconds
[2023-10-30T23:26:21.294+0000][2759.954s][info ][safepoint     ] Entering safepoint region: Cleanup
[2023-10-30T23:26:21.295+0000][2759.954s][info ][safepoint     ] Leaving safepoint region
[2023-10-30T23:26:21.296+0000][2759.955s][info ][safepoint     ] Total time for which application threads were stopped: 0.0017565 seconds, Stopping threads took: 0.0007525 seconds
[2023-10-30T23:26:22.297+0000][2760.956s][debug][safepoint     ] Safepoint synchronization initiated. (188 threads)
[2023-10-30T23:26:22.298+0000][2760.957s][info ][safepoint     ] Application time: 1.0013206 seconds
[2023-10-30T23:26:22.299+0000][2760.958s][info ][safepoint     ] Entering safepoint region: Cleanup
[2023-10-30T23:26:22.299+0000][2760.959s][info ][safepoint     ] Leaving safepoint region
[2023-10-30T23:26:22.300+0000][2760.960s][info ][safepoint     ] Total time for which application threads were stopped: 0.0015913 seconds, Stopping threads took: 0.0006503 seconds
[2023-10-30T23:26:23.301+0000][2761.961s][debug][safepoint     ] Safepoint synchronization initiated. (188 threads)
[2023-10-30T23:26:23.302+0000][2761.962s][info ][safepoint     ] Application time: 1.0011442 seconds
[2023-10-30T23:26:23.303+0000][2761.962s][info ][safepoint     ] Entering safepoint region: Cleanup
[2023-10-30T23:26:23.304+0000][2761.963s][info ][safepoint     ] Leaving safepoint region
[2023-10-30T23:26:23.304+0000][2761.964s][info ][safepoint     ] Total time for which application threads were stopped: 0.0013542 seconds, Stopping threads took: 0.0007071 seconds
[2023-10-30T23:26:24.305+0000][2762.964s][debug][safepoint     ] Safepoint synchronization initiated. (188 threads)
[2023-10-30T23:26:24.305+0000][2762.965s][info ][safepoint     ] Application time: 1.0007197 seconds
[2023-10-30T23:26:24.306+0000][2762.965s][info ][safepoint     ] Entering safepoint region: Cleanup
[2023-10-30T23:26:24.307+0000][2762.966s][info ][safepoint     ] Leaving safepoint region
[2023-10-30T23:26:24.307+0000][2762.967s][info ][safepoint     ] Total time for which application threads were stopped: 0.0013029 seconds, Stopping threads took: 0.0006140 seconds
[2023-10-30T23:26:25.308+0000][2763.968s][debug][safepoint     ] Safepoint synchronization initiated. (188 threads)
[2023-10-30T23:26:25.308+0000][2763.968s][info ][safepoint     ] Application time: 1.0005830 seconds
[2023-10-30T23:26:25.309+0000][2763.969s][info ][safepoint     ] Entering safepoint region: Cleanup
[2023-10-30T23:26:25.310+0000][2763.969s][info ][safepoint     ] Leaving safepoint region
[2023-10-30T23:26:25.310+0000][2763.970s][info ][safepoint     ] Total time for which application threads were stopped: 0.0010368 seconds, Stopping threads took: 0.0004294 seconds
[2023-10-30T23:26:26.311+0000][2764.970s][debug][safepoint     ] Safepoint synchronization initiated. (188 threads)
[2023-10-30T23:26:26.312+0000][2764.971s][info ][safepoint     ] Application time: 1.0012159 seconds
[2023-10-30T23:26:26.312+0000][2764.972s][info ][safepoint     ] Entering safepoint region: Cleanup
[2023-10-30T23:26:26.313+0000][2764.973s][info ][safepoint     ] Leaving safepoint region
[2023-10-30T23:26:26.313+0000][2764.973s][info ][safepoint     ] Total time for which application threads were stopped: 0.0011882 seconds, Stopping threads took: 0.0004718 seconds
[2023-10-30T23:26:27.314+0000][2765.974s][debug][safepoint     ] Safepoint synchronization initiated. (188 threads)
[2023-10-30T23:26:27.315+0000][2765.975s][info ][safepoint     ] Application time: 1.0012802 seconds
[2023-10-30T23:26:27.316+0000][2765.976s][info ][safepoint     ] Entering safepoint region: Cleanup
[2023-10-30T23:26:27.317+0000][2765.977s][info ][safepoint     ] Leaving safepoint region
[2023-10-30T23:26:27.318+0000][2765.977s][info ][safepoint     ] Total time for which application threads were stopped: 0.0017507 seconds, Stopping threads took: 0.0007510 seconds
[2023-10-30T23:26:28.318+0000][2766.978s][debug][safepoint     ] Safepoint synchronization initiated. (188 threads)
[2023-10-30T23:26:28.319+0000][2766.979s][info ][safepoint     ] Application time: 1.0006851 seconds
[2023-10-30T23:26:28.319+0000][2766.979s][info ][safepoint     ] Entering safepoint region: Cleanup
[2023-10-30T23:26:28.320+0000][2766.980s][info ][safepoint     ] Leaving safepoint region
[2023-10-30T23:26:28.321+0000][2766.980s][info ][safepoint     ] Total time for which application threads were stopped: 0.0010936 seconds, Stopping threads took: 0.0004090 seconds
[2023-10-30T23:26:29.321+0000][2767.981s][debug][safepoint     ] Safepoint synchronization initiated. (188 threads)
[2023-10-30T23:26:29.322+0000][2767.981s][info ][safepoint     ] Application time: 1.0007658 seconds
[2023-10-30T23:26:29.322+0000][2767.982s][info ][safepoint     ] Entering safepoint region: Cleanup
[2023-10-30T23:26:29.323+0000][2767.983s][info ][safepoint     ] Leaving safepoint region
[2023-10-30T23:26:29.324+0000][2767.983s][info ][safepoint     ] Total time for which application threads were stopped: 0.0013485 seconds, Stopping threads took: 0.0006704 seconds
[2023-10-30T23:26:30.324+0000][2768.984s][debug][safepoint     ] Safepoint synchronization initiated. (188 threads)
[2023-10-30T23:26:30.325+0000][2768.985s][info ][safepoint     ] Application time: 1.0012240 seconds
[2023-10-30T23:26:30.326+0000][2768.986s][info ][safepoint     ] Entering safepoint region: Cleanup
[2023-10-30T23:26:30.327+0000][2768.987s][info ][safepoint     ] Leaving safepoint region
[2023-10-30T23:26:30.328+0000][2768.988s][info ][safepoint     ] Total time for which application threads were stopped: 0.0018979 seconds, Stopping threads took: 0.0006986 seconds
[2023-10-30T23:26:31.329+0000][2769.989s][debug][safepoint     ] Safepoint synchronization initiated. (188 threads)
[2023-10-30T23:26:31.330+0000][2769.990s][info ][safepoint     ] Application time: 1.0010573 seconds
[2023-10-30T23:26:31.331+0000][2769.990s][info ][safepoint     ] Entering safepoint region: Cleanup
[2023-10-30T23:26:31.332+0000][2769.991s][info ][safepoint     ] Leaving safepoint region
[2023-10-30T23:26:31.332+0000][2769.992s][info ][safepoint     ] Total time for which application threads were stopped: 0.0014855 seconds, Stopping threads took: 0.0005231 seconds
[2023-10-30T23:26:32.333+0000][2770.992s][debug][safepoint     ] Safepoint synchronization initiated. (188 threads)
[2023-10-30T23:26:32.334+0000][2770.993s][info ][safepoint     ] Application time: 1.0011280 seconds
[2023-10-30T23:26:32.335+0000][2770.994s][info ][safepoint     ] Entering safepoint region: Cleanup
[2023-10-30T23:26:32.336+0000][2770.995s][info ][safepoint     ] Leaving safepoint region
[2023-10-30T23:26:32.337+0000][2770.996s][info ][safepoint     ] Total time for which application threads were stopped: 0.0020166 seconds, Stopping threads took: 0.0008894 seconds
[2023-10-30T23:26:33.338+0000][2771.997s][debug][safepoint     ] Safepoint synchronization initiated. (188 threads)
[2023-10-30T23:26:33.339+0000][2771.998s][info ][safepoint     ] Application time: 1.0014686 seconds
[2023-10-30T23:26:33.340+0000][2771.999s][info ][safepoint     ] Entering safepoint region: Cleanup
[2023-10-30T23:26:33.341+0000][2772.000s][info ][safepoint     ] Leaving safepoint region
[2023-10-30T23:26:33.341+0000][2772.001s][info ][safepoint     ] Total time for which application threads were stopped: 0.0015170 seconds, Stopping threads took: 0.0006687 seconds
[2023-10-30T23:26:34.342+0000][2773.002s][debug][safepoint     ] Safepoint synchronization initiated. (188 threads)
[2023-10-30T23:26:34.343+0000][2773.002s][info ][safepoint     ] Application time: 1.0009356 seconds
[2023-10-30T23:26:34.343+0000][2773.003s][info ][safepoint     ] Entering safepoint region: Cleanup
[2023-10-30T23:26:34.344+0000][2773.004s][info ][safepoint     ] Leaving safepoint region
[2023-10-30T23:26:34.345+0000][2773.004s][info ][safepoint     ] Total time for which application threads were stopped: 0.0011515 seconds, Stopping threads took: 0.0004840 seconds
[2023-10-30T23:26:35.345+0000][2774.005s][debug][safepoint     ] Safepoint synchronization initiated. (188 threads)
[2023-10-30T23:26:35.346+0000][2774.006s][info ][safepoint     ] Application time: 1.0014610 seconds
[2023-10-30T23:26:35.347+0000][2774.007s][info ][safepoint     ] Entering safepoint region: Cleanup
[2023-10-30T23:26:35.348+0000][2774.008s][info ][safepoint     ] Leaving safepoint region
[2023-10-30T23:26:35.349+0000][2774.009s][info ][safepoint     ] Total time for which application threads were stopped: 0.0017568 seconds, Stopping threads took: 0.0008215 seconds
[2023-10-30T23:26:36.350+0000][2775.010s][debug][safepoint     ] Safepoint synchronization initiated. (188 threads)
[2023-10-30T23:26:36.351+0000][2775.011s][info ][safepoint     ] Application time: 1.0015163 seconds
[2023-10-30T23:26:36.352+0000][2775.012s][info ][safepoint     ] Entering safepoint region: Cleanup
[2023-10-30T23:26:36.354+0000][2775.013s][info ][safepoint     ] Leaving safepoint region
[2023-10-30T23:26:36.354+0000][2775.014s][info ][safepoint     ] Total time for which application threads were stopped: 0.0020900 seconds, Stopping threads took: 0.0009534 seconds
[2023-10-30T23:26:37.356+0000][2776.015s][debug][safepoint     ] Safepoint synchronization initiated. (188 threads)
[2023-10-30T23:26:37.357+0000][2776.017s][info ][safepoint     ] Application time: 1.0016042 seconds
[2023-10-30T23:26:37.358+0000][2776.018s][info ][safepoint     ] Entering safepoint region: Cleanup
[2023-10-30T23:26:37.359+0000][2776.019s][info ][safepoint     ] Leaving safepoint region
[2023-10-30T23:26:37.360+0000][2776.020s][info ][safepoint     ] Total time for which application threads were stopped: 0.0019816 seconds, Stopping threads took: 0.0007438 seconds
[2023-10-30T23:26:38.361+0000][2777.021s][debug][safepoint     ] Safepoint synchronization initiated. (188 threads)
[2023-10-30T23:26:38.362+0000][2777.021s][info ][safepoint     ] Application time: 1.0007293 seconds
[2023-10-30T23:26:38.362+0000][2777.022s][info ][safepoint     ] Entering safepoint region: Cleanup
[2023-10-30T23:26:38.363+0000][2777.022s][info ][safepoint     ] Leaving safepoint region
[2023-10-30T23:26:38.363+0000][2777.023s][info ][safepoint     ] Total time for which application threads were stopped: 0.0012291 seconds, Stopping threads took: 0.0004781 seconds
[2023-10-30T23:26:39.364+0000][2778.024s][debug][safepoint     ] Safepoint synchronization initiated. (188 threads)
[2023-10-30T23:26:39.365+0000][2778.024s][info ][safepoint     ] Application time: 1.0008037 seconds
[2023-10-30T23:26:39.365+0000][2778.025s][info ][safepoint     ] Entering safepoint region: Cleanup
[2023-10-30T23:26:39.366+0000][2778.025s][info ][safepoint     ] Leaving safepoint region
[2023-10-30T23:26:39.366+0000][2778.026s][info ][safepoint     ] Total time for which application threads were stopped: 0.0009438 seconds, Stopping threads took: 0.0004919 seconds
[2023-10-30T23:26:40.367+0000][2779.026s][debug][safepoint     ] Safepoint synchronization initiated. (188 threads)
[2023-10-30T23:26:40.368+0000][2779.027s][info ][safepoint     ] Application time: 1.0013323 seconds
[2023-10-30T23:26:40.369+0000][2779.028s][info ][safepoint     ] Entering safepoint region: Cleanup
[2023-10-30T23:26:40.370+0000][2779.030s][info ][safepoint     ] Leaving safepoint region
[2023-10-30T23:26:40.371+0000][2779.030s][info ][safepoint     ] Total time for which application threads were stopped: 0.0021431 seconds, Stopping threads took: 0.0009304 seconds
[2023-10-30T23:26:41.372+0000][2780.031s][debug][safepoint     ] Safepoint synchronization initiated. (188 threads)
[2023-10-30T23:26:41.372+0000][2780.032s][info ][safepoint     ] Application time: 1.0007798 seconds
[2023-10-30T23:26:41.373+0000][2780.032s][info ][safepoint     ] Entering safepoint region: Cleanup
[2023-10-30T23:26:41.374+0000][2780.033s][info ][safepoint     ] Leaving safepoint region
[2023-10-30T23:26:41.374+0000][2780.034s][info ][safepoint     ] Total time for which application threads were stopped: 0.0011321 seconds, Stopping threads took: 0.0005495 seconds
[2023-10-30T23:26:42.375+0000][2781.034s][debug][safepoint     ] Safepoint synchronization initiated. (188 threads)
[2023-10-30T23:26:42.376+0000][2781.035s][info ][safepoint     ] Application time: 1.0014264 seconds
[2023-10-30T23:26:42.377+0000][2781.036s][info ][safepoint     ] Entering safepoint region: Cleanup
[2023-10-30T23:26:42.378+0000][2781.038s][info ][safepoint     ] Leaving safepoint region
[2023-10-30T23:26:42.379+0000][2781.039s][info ][safepoint     ] Total time for which application threads were stopped: 0.0023965 seconds, Stopping threads took: 0.0011426 seconds
[2023-10-30T23:26:43.380+0000][2782.040s][debug][safepoint     ] Safepoint synchronization initiated. (188 threads)
[2023-10-30T23:26:43.381+0000][2782.041s][info ][safepoint     ] Application time: 1.0011644 seconds
[2023-10-30T23:26:43.382+0000][2782.042s][info ][safepoint     ] Entering safepoint region: Cleanup
[2023-10-30T23:26:43.383+0000][2782.043s][info ][safepoint     ] Leaving safepoint region
[2023-10-30T23:26:43.383+0000][2782.043s][info ][safepoint     ] Total time for which application threads were stopped: 0.0013693 seconds, Stopping threads took: 0.0006388 seconds
[2023-10-30T23:26:44.384+0000][2783.044s][debug][safepoint     ] Safepoint synchronization initiated. (188 threads)
[2023-10-30T23:26:44.385+0000][2783.045s][info ][safepoint     ] Application time: 1.0010852 seconds
[2023-10-30T23:26:44.386+0000][2783.045s][info ][safepoint     ] Entering safepoint region: Cleanup
[2023-10-30T23:26:44.387+0000][2783.046s][info ][safepoint     ] Leaving safepoint region
[2023-10-30T23:26:44.387+0000][2783.047s][info ][safepoint     ] Total time for which application threads were stopped: 0.0012333 seconds, Stopping threads took: 0.0005085 seconds
[2023-10-30T23:26:45.388+0000][2784.047s][debug][safepoint     ] Safepoint synchronization initiated. (188 threads)
[2023-10-30T23:26:45.389+0000][2784.049s][info ][safepoint     ] Application time: 1.0014469 seconds
[2023-10-30T23:26:45.390+0000][2784.049s][info ][safepoint     ] Entering safepoint region: Cleanup
[2023-10-30T23:26:45.390+0000][2784.050s][info ][safepoint     ] Leaving safepoint region
[2023-10-30T23:26:45.391+0000][2784.050s][info ][safepoint     ] Total time for which application threads were stopped: 0.0012232 seconds, Stopping threads took: 0.0005371 seconds
[2023-10-30T23:26:46.392+0000][2785.052s][debug][safepoint     ] Safepoint synchronization initiated. (188 threads)
[2023-10-30T23:26:46.393+0000][2785.053s][info ][safepoint     ] Application time: 1.0012429 seconds
[2023-10-30T23:26:46.394+0000][2785.054s][info ][safepoint     ] Entering safepoint region: Cleanup
[2023-10-30T23:26:46.395+0000][2785.055s][info ][safepoint     ] Leaving safepoint region
[2023-10-30T23:26:46.396+0000][2785.055s][info ][safepoint     ] Total time for which application threads were stopped: 0.0015846 seconds, Stopping threads took: 0.0006835 seconds
[2023-10-30T23:26:47.397+0000][2786.056s][debug][safepoint     ] Safepoint synchronization initiated. (188 threads)
[2023-10-30T23:26:47.397+0000][2786.057s][info ][safepoint     ] Application time: 1.0011069 seconds
[2023-10-30T23:26:47.398+0000][2786.058s][info ][safepoint     ] Entering safepoint region: Cleanup
[2023-10-30T23:26:47.400+0000][2786.059s][info ][safepoint     ] Leaving safepoint region
[2023-10-30T23:26:47.400+0000][2786.060s][info ][safepoint     ] Total time for which application threads were stopped: 0.0021354 seconds, Stopping threads took: 0.0009901 seconds
[2023-10-30T23:26:48.401+0000][2787.061s][debug][safepoint     ] Safepoint synchronization initiated. (188 threads)
[2023-10-30T23:26:48.402+0000][2787.062s][info ][safepoint     ] Application time: 1.0007654 seconds
[2023-10-30T23:26:48.402+0000][2787.062s][info ][safepoint     ] Entering safepoint region: Cleanup
[2023-10-30T23:26:48.403+0000][2787.063s][info ][safepoint     ] Leaving safepoint region
[2023-10-30T23:26:48.404+0000][2787.063s][info ][safepoint     ] Total time for which application threads were stopped: 0.0011269 seconds, Stopping threads took: 0.0004359 seconds
[2023-10-30T23:26:49.404+0000][2788.064s][debug][safepoint     ] Safepoint synchronization initiated. (188 threads)
[2023-10-30T23:26:49.405+0000][2788.065s][info ][safepoint     ] Application time: 1.0012737 seconds
[2023-10-30T23:26:49.406+0000][2788.066s][info ][safepoint     ] Entering safepoint region: Cleanup
[2023-10-30T23:26:49.407+0000][2788.067s][info ][safepoint     ] Leaving safepoint region
[2023-10-30T23:26:49.408+0000][2788.067s][info ][safepoint     ] Total time for which application threads were stopped: 0.0016581 seconds, Stopping threads took: 0.0007171 seconds
[2023-10-30T23:26:50.408+0000][2789.068s][debug][safepoint     ] Safepoint synchronization initiated. (188 threads)
[2023-10-30T23:26:50.409+0000][2789.069s][info ][safepoint     ] Application time: 1.0011772 seconds
[2023-10-30T23:26:50.410+0000][2789.070s][info ][safepoint     ] Entering safepoint region: Cleanup
[2023-10-30T23:26:50.411+0000][2789.071s][info ][safepoint     ] Leaving safepoint region
[2023-10-30T23:26:50.412+0000][2789.072s][info ][safepoint     ] Total time for which application threads were stopped: 0.0018665 seconds, Stopping threads took: 0.0008548 seconds
[2023-10-30T23:26:51.413+0000][2790.073s][debug][safepoint     ] Safepoint synchronization initiated. (188 threads)
[2023-10-30T23:26:51.414+0000][2790.074s][info ][safepoint     ] Application time: 1.0015089 seconds
[2023-10-30T23:26:51.415+0000][2790.075s][info ][safepoint     ] Entering safepoint region: Cleanup
[2023-10-30T23:26:51.417+0000][2790.076s][info ][safepoint     ] Leaving safepoint region
[2023-10-30T23:26:51.418+0000][2790.077s][info ][safepoint     ] Total time for which application threads were stopped: 0.0022717 seconds, Stopping threads took: 0.0009283 seconds
[2023-10-30T23:26:52.419+0000][2791.078s][debug][safepoint     ] Safepoint synchronization initiated. (188 threads)
[2023-10-30T23:26:52.419+0000][2791.079s][info ][safepoint     ] Application time: 1.0007716 seconds
[2023-10-30T23:26:52.420+0000][2791.079s][info ][safepoint     ] Entering safepoint region: Cleanup
[2023-10-30T23:26:52.421+0000][2791.080s][info ][safepoint     ] Leaving safepoint region
[2023-10-30T23:26:52.421+0000][2791.081s][info ][safepoint     ] Total time for which application threads were stopped: 0.0013303 seconds, Stopping threads took: 0.0005519 seconds
[2023-10-30T23:26:53.422+0000][2792.082s][debug][safepoint     ] Safepoint synchronization initiated. (188 threads)
[2023-10-30T23:26:53.423+0000][2792.082s][info ][safepoint     ] Application time: 1.0009322 seconds
[2023-10-30T23:26:53.423+0000][2792.083s][info ][safepoint     ] Entering safepoint region: Cleanup
[2023-10-30T23:26:53.424+0000][2792.084s][info ][safepoint     ] Leaving safepoint region
[2023-10-30T23:26:53.425+0000][2792.084s][info ][safepoint     ] Total time for which application threads were stopped: 0.0012995 seconds, Stopping threads took: 0.0006068 seconds
[2023-10-30T23:26:54.425+0000][2793.085s][debug][safepoint     ] Safepoint synchronization initiated. (188 threads)
[2023-10-30T23:26:54.426+0000][2793.086s][info ][safepoint     ] Application time: 1.0011833 seconds
[2023-10-30T23:26:54.427+0000][2793.087s][info ][safepoint     ] Entering safepoint region: Cleanup
[2023-10-30T23:26:54.428+0000][2793.088s][info ][safepoint     ] Leaving safepoint region
[2023-10-30T23:26:54.429+0000][2793.089s][info ][safepoint     ] Total time for which application threads were stopped: 0.0022186 seconds, Stopping threads took: 0.0007420 seconds
[2023-10-30T23:26:55.429+0000][2794.090s][debug][safepoint     ] Safepoint synchronization initiated. (188 threads)
[2023-10-30T23:26:55.430+0000][2794.090s][info ][safepoint     ] Application time: 1.0007473 seconds
[2023-10-30T23:26:55.431+0000][2794.091s][info ][safepoint     ] Entering safepoint region: Cleanup
[2023-10-30T23:26:55.431+0000][2794.091s][info ][safepoint     ] Leaving safepoint region
[2023-10-30T23:26:55.432+0000][2794.092s][info ][safepoint     ] Total time for which application threads were stopped: 0.0011466 seconds, Stopping threads took: 0.0004521 seconds
[2023-10-30T23:26:56.432+0000][2795.093s][debug][safepoint     ] Safepoint synchronization initiated. (188 threads)
[2023-10-30T23:26:56.433+0000][2795.093s][info ][safepoint     ] Application time: 1.0011694 seconds
[2023-10-30T23:26:56.434+0000][2795.094s][info ][safepoint     ] Entering safepoint region: Cleanup
[2023-10-30T23:26:56.435+0000][2795.095s][info ][safepoint     ] Leaving safepoint region
[2023-10-30T23:26:56.435+0000][2795.096s][info ][safepoint     ] Total time for which application threads were stopped: 0.0015298 seconds, Stopping threads took: 0.0006381 seconds
[2023-10-30T23:26:57.436+0000][2796.096s][debug][safepoint     ] Safepoint synchronization initiated. (188 threads)
[2023-10-30T23:26:57.437+0000][2796.097s][info ][safepoint     ] Application time: 1.0007285 seconds
[2023-10-30T23:26:57.437+0000][2796.098s][info ][safepoint     ] Entering safepoint region: Cleanup
[2023-10-30T23:26:57.438+0000][2796.098s][info ][safepoint     ] Leaving safepoint region
[2023-10-30T23:26:57.438+0000][2796.099s][info ][safepoint     ] Total time for which application threads were stopped: 0.0011508 seconds, Stopping threads took: 0.0005665 seconds
[2023-10-30T23:26:58.439+0000][2797.099s][debug][safepoint     ] Safepoint synchronization initiated. (188 threads)
[2023-10-30T23:26:58.440+0000][2797.100s][info ][safepoint     ] Application time: 1.0011098 seconds
[2023-10-30T23:26:58.441+0000][2797.101s][info ][safepoint     ] Entering safepoint region: Cleanup
[2023-10-30T23:26:58.442+0000][2797.102s][info ][safepoint     ] Leaving safepoint region
[2023-10-30T23:26:58.443+0000][2797.103s][info ][safepoint     ] Total time for which application threads were stopped: 0.0018283 seconds, Stopping threads took: 0.0008189 seconds
[2023-10-30T23:26:59.444+0000][2798.104s][debug][safepoint     ] Safepoint synchronization initiated. (188 threads)
[2023-10-30T23:26:59.444+0000][2798.105s][info ][safepoint     ] Application time: 1.0011794 seconds
[2023-10-30T23:26:59.445+0000][2798.105s][info ][safepoint     ] Entering safepoint region: Cleanup
[2023-10-30T23:26:59.446+0000][2798.107s][info ][safepoint     ] Leaving safepoint region
[2023-10-30T23:26:59.447+0000][2798.107s][info ][safepoint     ] Total time for which application threads were stopped: 0.0019111 seconds, Stopping threads took: 0.0008786 seconds
[2023-10-30T23:27:00.448+0000][2799.108s][debug][safepoint     ] Safepoint synchronization initiated. (188 threads)
[2023-10-30T23:27:00.449+0000][2799.109s][info ][safepoint     ] Application time: 1.0010109 seconds
[2023-10-30T23:27:00.450+0000][2799.110s][info ][safepoint     ] Entering safepoint region: Cleanup
[2023-10-30T23:27:00.451+0000][2799.111s][info ][safepoint     ] Leaving safepoint region
[2023-10-30T23:27:00.451+0000][2799.111s][info ][safepoint     ] Total time for which application threads were stopped: 0.0013034 seconds, Stopping threads took: 0.0006637 seconds
[2023-10-30T23:27:01.452+0000][2800.112s][debug][safepoint     ] Safepoint synchronization initiated. (188 threads)
[2023-10-30T23:27:01.453+0000][2800.113s][info ][safepoint     ] Application time: 1.0010438 seconds
[2023-10-30T23:27:01.453+0000][2800.113s][info ][safepoint     ] Entering safepoint region: Cleanup
[2023-10-30T23:27:01.454+0000][2800.114s][info ][safepoint     ] Leaving safepoint region
[2023-10-30T23:27:01.455+0000][2800.115s][info ][safepoint     ] Total time for which application threads were stopped: 0.0015191 seconds, Stopping threads took: 0.0007264 seconds
[2023-10-30T23:27:02.456+0000][2801.116s][debug][safepoint     ] Safepoint synchronization initiated. (188 threads)
[2023-10-30T23:27:02.456+0000][2801.117s][info ][safepoint     ] Application time: 1.0009931 seconds
[2023-10-30T23:27:02.457+0000][2801.117s][info ][safepoint     ] Entering safepoint region: Cleanup
[2023-10-30T23:27:02.458+0000][2801.118s][info ][safepoint     ] Leaving safepoint region
[2023-10-30T23:27:02.458+0000][2801.119s][info ][safepoint     ] Total time for which application threads were stopped: 0.0013546 seconds, Stopping threads took: 0.0005746 seconds
[2023-10-30T23:27:03.459+0000][2802.119s][debug][safepoint     ] Safepoint synchronization initiated. (188 threads)
[2023-10-30T23:27:03.460+0000][2802.121s][info ][safepoint     ] Application time: 1.0013667 seconds
[2023-10-30T23:27:03.461+0000][2802.122s][info ][safepoint     ] Entering safepoint region: Cleanup
[2023-10-30T23:27:03.462+0000][2802.123s][info ][safepoint     ] Leaving safepoint region
[2023-10-30T23:27:03.463+0000][2802.123s][info ][safepoint     ] Total time for which application threads were stopped: 0.0018845 seconds, Stopping threads took: 0.0006898 seconds
[2023-10-30T23:27:04.464+0000][2803.124s][debug][safepoint     ] Safepoint synchronization initiated. (188 threads)
[2023-10-30T23:27:04.465+0000][2803.125s][info ][safepoint     ] Application time: 1.0010543 seconds
[2023-10-30T23:27:04.466+0000][2803.126s][info ][safepoint     ] Entering safepoint region: Cleanup
[2023-10-30T23:27:04.467+0000][2803.127s][info ][safepoint     ] Leaving safepoint region
[2023-10-30T23:27:04.467+0000][2803.127s][info ][safepoint     ] Total time for which application threads were stopped: 0.0014393 seconds, Stopping threads took: 0.0008138 seconds
[2023-10-30T23:27:05.468+0000][2804.128s][debug][safepoint     ] Safepoint synchronization initiated. (188 threads)
[2023-10-30T23:27:05.469+0000][2804.129s][info ][safepoint     ] Application time: 1.0013462 seconds
[2023-10-30T23:27:05.470+0000][2804.130s][info ][safepoint     ] Entering safepoint region: Cleanup
[2023-10-30T23:27:05.471+0000][2804.131s][info ][safepoint     ] Leaving safepoint region
[2023-10-30T23:27:05.472+0000][2804.132s][info ][safepoint     ] Total time for which application threads were stopped: 0.0019285 seconds, Stopping threads took: 0.0008209 seconds
[2023-10-30T23:27:06.473+0000][2805.133s][debug][safepoint     ] Safepoint synchronization initiated. (188 threads)
[2023-10-30T23:27:06.474+0000][2805.134s][info ][safepoint     ] Application time: 1.0012218 seconds
[2023-10-30T23:27:06.475+0000][2805.135s][info ][safepoint     ] Entering safepoint region: Cleanup
[2023-10-30T23:27:06.476+0000][2805.136s][info ][safepoint     ] Leaving safepoint region
[2023-10-30T23:27:06.476+0000][2805.137s][info ][safepoint     ] Total time for which application threads were stopped: 0.0017414 seconds, Stopping threads took: 0.0008134 seconds
[2023-10-30T23:27:07.477+0000][2806.137s][debug][safepoint     ] Safepoint synchronization initiated. (188 threads)
[2023-10-30T23:27:07.478+0000][2806.138s][info ][safepoint     ] Application time: 1.0007519 seconds
[2023-10-30T23:27:07.478+0000][2806.139s][info ][safepoint     ] Entering safepoint region: Cleanup
[2023-10-30T23:27:07.479+0000][2806.139s][info ][safepoint     ] Leaving safepoint region
[2023-10-30T23:27:07.480+0000][2806.140s][info ][safepoint     ] Total time for which application threads were stopped: 0.0013925 seconds, Stopping threads took: 0.0006084 seconds
[2023-10-30T23:27:08.480+0000][2807.141s][debug][safepoint     ] Safepoint synchronization initiated. (188 threads)
[2023-10-30T23:27:08.481+0000][2807.141s][info ][safepoint     ] Application time: 1.0005736 seconds
[2023-10-30T23:27:08.481+0000][2807.141s][info ][safepoint     ] Entering safepoint region: Cleanup
[2023-10-30T23:27:08.482+0000][2807.142s][info ][safepoint     ] Leaving safepoint region
[2023-10-30T23:27:08.482+0000][2807.142s][info ][safepoint     ] Total time for which application threads were stopped: 0.0008403 seconds, Stopping threads took: 0.0003674 seconds
[2023-10-30T23:27:09.482+0000][2808.143s][debug][safepoint     ] Safepoint synchronization initiated. (188 threads)
[2023-10-30T23:27:09.483+0000][2808.143s][info ][safepoint     ] Application time: 1.0006216 seconds
[2023-10-30T23:27:09.483+0000][2808.144s][info ][safepoint     ] Entering safepoint region: Cleanup
[2023-10-30T23:27:09.484+0000][2808.144s][info ][safepoint     ] Leaving safepoint region
[2023-10-30T23:27:09.484+0000][2808.144s][info ][safepoint     ] Total time for which application threads were stopped: 0.0008211 seconds, Stopping threads took: 0.0003330 seconds
[2023-10-30T23:27:10.485+0000][2809.145s][debug][safepoint     ] Safepoint synchronization initiated. (188 threads)
[2023-10-30T23:27:10.485+0000][2809.146s][info ][safepoint     ] Application time: 1.0009209 seconds
[2023-10-30T23:27:10.486+0000][2809.146s][info ][safepoint     ] Entering safepoint region: Cleanup
[2023-10-30T23:27:10.487+0000][2809.147s][info ][safepoint     ] Leaving safepoint region
[2023-10-30T23:27:10.487+0000][2809.147s][info ][safepoint     ] Total time for which application threads were stopped: 0.0011938 seconds, Stopping threads took: 0.0004714 seconds
[2023-10-30T23:27:11.488+0000][2810.148s][debug][safepoint     ] Safepoint synchronization initiated. (188 threads)
[2023-10-30T23:27:11.489+0000][2810.149s][info ][safepoint     ] Application time: 1.0013235 seconds
[2023-10-30T23:27:11.490+0000][2810.150s][info ][safepoint     ] Entering safepoint region: Cleanup
[2023-10-30T23:27:11.491+0000][2810.151s][info ][safepoint     ] Leaving safepoint region
[2023-10-30T23:27:11.492+0000][2810.152s][info ][safepoint     ] Total time for which application threads were stopped: 0.0019829 seconds, Stopping threads took: 0.0009104 seconds
[2023-10-30T23:27:12.493+0000][2811.153s][debug][safepoint     ] Safepoint synchronization initiated. (188 threads)
[2023-10-30T23:27:12.494+0000][2811.154s][info ][safepoint     ] Application time: 1.0010646 seconds
[2023-10-30T23:27:12.495+0000][2811.155s][info ][safepoint     ] Entering safepoint region: Cleanup
[2023-10-30T23:27:12.496+0000][2811.156s][info ][safepoint     ] Leaving safepoint region
[2023-10-30T23:27:12.497+0000][2811.157s][info ][safepoint     ] Total time for which application threads were stopped: 0.0019435 seconds, Stopping threads took: 0.0009613 seconds
[2023-10-30T23:27:13.498+0000][2812.158s][debug][safepoint     ] Safepoint synchronization initiated. (188 threads)
[2023-10-30T23:27:13.498+0000][2812.159s][info ][safepoint     ] Application time: 1.0011719 seconds
[2023-10-30T23:27:13.499+0000][2812.159s][info ][safepoint     ] Entering safepoint region: Cleanup
[2023-10-30T23:27:13.500+0000][2812.161s][info ][safepoint     ] Leaving safepoint region
[2023-10-30T23:27:13.501+0000][2812.161s][info ][safepoint     ] Total time for which application threads were stopped: 0.0018455 seconds, Stopping threads took: 0.0009191 seconds
[2023-10-30T23:27:14.502+0000][2813.162s][debug][safepoint     ] Safepoint synchronization initiated. (188 threads)
[2023-10-30T23:27:14.503+0000][2813.164s][info ][safepoint     ] Application time: 1.0015633 seconds
[2023-10-30T23:27:14.505+0000][2813.165s][info ][safepoint     ] Entering safepoint region: Cleanup
[2023-10-30T23:27:14.506+0000][2813.166s][info ][safepoint     ] Leaving safepoint region
[2023-10-30T23:27:14.507+0000][2813.167s][info ][safepoint     ] Total time for which application threads were stopped: 0.0024088 seconds, Stopping threads took: 0.0011544 seconds
[2023-10-30T23:27:15.508+0000][2814.168s][debug][safepoint     ] Safepoint synchronization initiated. (188 threads)
[2023-10-30T23:27:15.509+0000][2814.169s][info ][safepoint     ] Application time: 1.0011764 seconds
[2023-10-30T23:27:15.510+0000][2814.170s][info ][safepoint     ] Entering safepoint region: Cleanup
[2023-10-30T23:27:15.511+0000][2814.171s][info ][safepoint     ] Leaving safepoint region
[2023-10-30T23:27:15.512+0000][2814.172s][info ][safepoint     ] Total time for which application threads were stopped: 0.0018199 seconds, Stopping threads took: 0.0007979 seconds
[2023-10-30T23:27:16.513+0000][2815.173s][debug][safepoint     ] Safepoint synchronization initiated. (188 threads)
[2023-10-30T23:27:16.514+0000][2815.174s][info ][safepoint     ] Application time: 1.0017089 seconds
[2023-10-30T23:27:16.515+0000][2815.175s][info ][safepoint     ] Entering safepoint region: Cleanup
[2023-10-30T23:27:16.516+0000][2815.176s][info ][safepoint     ] Leaving safepoint region
[2023-10-30T23:27:16.517+0000][2815.177s][info ][safepoint     ] Total time for which application threads were stopped: 0.0024979 seconds, Stopping threads took: 0.0011324 seconds
[2023-10-30T23:27:17.518+0000][2816.178s][debug][safepoint     ] Safepoint synchronization initiated. (188 threads)
[2023-10-30T23:27:17.519+0000][2816.179s][info ][safepoint     ] Application time: 1.0005430 seconds
[2023-10-30T23:27:17.519+0000][2816.179s][info ][safepoint     ] Entering safepoint region: Cleanup
[2023-10-30T23:27:17.519+0000][2816.180s][info ][safepoint     ] Leaving safepoint region
[2023-10-30T23:27:17.520+0000][2816.180s][info ][safepoint     ] Total time for which application threads were stopped: 0.0008757 seconds, Stopping threads took: 0.0003785 seconds
[2023-10-30T23:27:18.520+0000][2817.180s][debug][safepoint     ] Safepoint synchronization initiated. (188 threads)
[2023-10-30T23:27:18.521+0000][2817.181s][info ][safepoint     ] Application time: 1.0004977 seconds
[2023-10-30T23:27:18.521+0000][2817.181s][info ][safepoint     ] Entering safepoint region: Cleanup
[2023-10-30T23:27:18.521+0000][2817.181s][info ][safepoint     ] Leaving safepoint region
[2023-10-30T23:27:18.522+0000][2817.182s][info ][safepoint     ] Total time for which application threads were stopped: 0.0007584 seconds, Stopping threads took: 0.0003266 seconds
[2023-10-30T23:27:19.522+0000][2818.182s][debug][safepoint     ] Safepoint synchronization initiated. (188 threads)
[2023-10-30T23:27:19.523+0000][2818.183s][info ][safepoint     ] Application time: 1.0013275 seconds
[2023-10-30T23:27:19.524+0000][2818.184s][info ][safepoint     ] Entering safepoint region: Cleanup
[2023-10-30T23:27:19.525+0000][2818.186s][info ][safepoint     ] Leaving safepoint region
[2023-10-30T23:27:19.526+0000][2818.186s][info ][safepoint     ] Total time for which application threads were stopped: 0.0020570 seconds, Stopping threads took: 0.0009514 seconds
[2023-10-30T23:27:20.527+0000][2819.187s][debug][safepoint     ] Safepoint synchronization initiated. (188 threads)
[2023-10-30T23:27:20.528+0000][2819.188s][info ][safepoint     ] Application time: 1.0007906 seconds
[2023-10-30T23:27:20.528+0000][2819.188s][info ][safepoint     ] Entering safepoint region: Cleanup
[2023-10-30T23:27:20.529+0000][2819.189s][info ][safepoint     ] Leaving safepoint region
[2023-10-30T23:27:20.529+0000][2819.189s][info ][safepoint     ] Total time for which application threads were stopped: 0.0008252 seconds, Stopping threads took: 0.0003572 seconds
[2023-10-30T23:27:21.529+0000][2820.190s][debug][safepoint     ] Safepoint synchronization initiated. (188 threads)
[2023-10-30T23:27:21.530+0000][2820.190s][info ][safepoint     ] Application time: 1.0009021 seconds
[2023-10-30T23:27:21.531+0000][2820.191s][info ][safepoint     ] Entering safepoint region: Cleanup
[2023-10-30T23:27:21.532+0000][2820.192s][info ][safepoint     ] Leaving safepoint region
[2023-10-30T23:27:21.532+0000][2820.192s][info ][safepoint     ] Total time for which application threads were stopped: 0.0013497 seconds, Stopping threads took: 0.0006245 seconds
[2023-10-30T23:27:22.533+0000][2821.193s][debug][safepoint     ] Safepoint synchronization initiated. (188 threads)
[2023-10-30T23:27:22.533+0000][2821.193s][info ][safepoint     ] Application time: 1.0006055 seconds
[2023-10-30T23:27:22.534+0000][2821.194s][info ][safepoint     ] Entering safepoint region: Cleanup
[2023-10-30T23:27:22.535+0000][2821.195s][info ][safepoint     ] Leaving safepoint region
[2023-10-30T23:27:22.535+0000][2821.195s][info ][safepoint     ] Total time for which application threads were stopped: 0.0012749 seconds, Stopping threads took: 0.0005221 seconds
[2023-10-30T23:27:23.536+0000][2822.196s][debug][safepoint     ] Safepoint synchronization initiated. (188 threads)
[2023-10-30T23:27:23.537+0000][2822.196s][info ][safepoint     ] Application time: 1.0005796 seconds
[2023-10-30T23:27:23.537+0000][2822.197s][info ][safepoint     ] Entering safepoint region: Cleanup
[2023-10-30T23:27:23.538+0000][2822.197s][info ][safepoint     ] Leaving safepoint region
[2023-10-30T23:27:23.538+0000][2822.198s][info ][safepoint     ] Total time for which application threads were stopped: 0.0011606 seconds, Stopping threads took: 0.0004283 seconds
[2023-10-30T23:27:24.539+0000][2823.199s][debug][safepoint     ] Safepoint synchronization initiated. (188 threads)
[2023-10-30T23:27:24.540+0000][2823.200s][info ][safepoint     ] Application time: 1.0011753 seconds
[2023-10-30T23:27:24.541+0000][2823.200s][info ][safepoint     ] Entering safepoint region: Cleanup
[2023-10-30T23:27:24.542+0000][2823.202s][info ][safepoint     ] Leaving safepoint region
[2023-10-30T23:27:24.543+0000][2823.202s][info ][safepoint     ] Total time for which application threads were stopped: 0.0020863 seconds, Stopping threads took: 0.0009346 seconds
[2023-10-30T23:27:25.544+0000][2824.203s][debug][safepoint     ] Safepoint synchronization initiated. (188 threads)
[2023-10-30T23:27:25.544+0000][2824.204s][info ][safepoint     ] Application time: 1.0006105 seconds
[2023-10-30T23:27:25.545+0000][2824.205s][info ][safepoint     ] Entering safepoint region: Cleanup
[2023-10-30T23:27:25.545+0000][2824.205s][info ][safepoint     ] Leaving safepoint region
[2023-10-30T23:27:25.546+0000][2824.205s][info ][safepoint     ] Total time for which application threads were stopped: 0.0009981 seconds, Stopping threads took: 0.0003731 seconds
[2023-10-30T23:27:26.546+0000][2825.206s][debug][safepoint     ] Safepoint synchronization initiated. (188 threads)
[2023-10-30T23:27:26.547+0000][2825.207s][info ][safepoint     ] Application time: 1.0008503 seconds
[2023-10-30T23:27:26.548+0000][2825.207s][info ][safepoint     ] Entering safepoint region: Cleanup
[2023-10-30T23:27:26.549+0000][2825.208s][info ][safepoint     ] Leaving safepoint region
[2023-10-30T23:27:26.549+0000][2825.209s][info ][safepoint     ] Total time for which application threads were stopped: 0.0012433 seconds, Stopping threads took: 0.0005369 seconds
[2023-10-30T23:27:27.550+0000][2826.209s][debug][safepoint     ] Safepoint synchronization initiated. (188 threads)
[2023-10-30T23:27:27.550+0000][2826.210s][info ][safepoint     ] Application time: 1.0009540 seconds
[2023-10-30T23:27:27.551+0000][2826.211s][info ][safepoint     ] Entering safepoint region: Cleanup
[2023-10-30T23:27:27.552+0000][2826.211s][info ][safepoint     ] Leaving safepoint region
[2023-10-30T23:27:27.552+0000][2826.212s][info ][safepoint     ] Total time for which application threads were stopped: 0.0013793 seconds, Stopping threads took: 0.0006241 seconds
[2023-10-30T23:27:28.553+0000][2827.213s][debug][safepoint     ] Safepoint synchronization initiated. (188 threads)
[2023-10-30T23:27:28.554+0000][2827.214s][info ][safepoint     ] Application time: 1.0013150 seconds
[2023-10-30T23:27:28.555+0000][2827.215s][info ][safepoint     ] Entering safepoint region: Cleanup
[2023-10-30T23:27:28.556+0000][2827.216s][info ][safepoint     ] Leaving safepoint region
[2023-10-30T23:27:28.557+0000][2827.217s][info ][safepoint     ] Total time for which application threads were stopped: 0.0018583 seconds, Stopping threads took: 0.0009210 seconds
[2023-10-30T23:27:29.558+0000][2828.217s][debug][safepoint     ] Safepoint synchronization initiated. (188 threads)
[2023-10-30T23:27:29.559+0000][2828.218s][info ][safepoint     ] Application time: 1.0010082 seconds
[2023-10-30T23:27:29.559+0000][2828.219s][info ][safepoint     ] Entering safepoint region: Cleanup
[2023-10-30T23:27:29.560+0000][2828.220s][info ][safepoint     ] Leaving safepoint region
[2023-10-30T23:27:29.561+0000][2828.221s][info ][safepoint     ] Total time for which application threads were stopped: 0.0019896 seconds, Stopping threads took: 0.0008887 seconds
[2023-10-30T23:27:30.562+0000][2829.222s][debug][safepoint     ] Safepoint synchronization initiated. (188 threads)
[2023-10-30T23:27:30.563+0000][2829.223s][info ][safepoint     ] Application time: 1.0013011 seconds
[2023-10-30T23:27:30.564+0000][2829.224s][info ][safepoint     ] Entering safepoint region: Cleanup
[2023-10-30T23:27:30.565+0000][2829.225s][info ][safepoint     ] Leaving safepoint region
[2023-10-30T23:27:30.566+0000][2829.225s][info ][safepoint     ] Total time for which application threads were stopped: 0.0016116 seconds, Stopping threads took: 0.0007949 seconds
[2023-10-30T23:27:31.566+0000][2830.226s][debug][safepoint     ] Safepoint synchronization initiated. (188 threads)
[2023-10-30T23:27:31.567+0000][2830.227s][info ][safepoint     ] Application time: 1.0009350 seconds
[2023-10-30T23:27:31.567+0000][2830.227s][info ][safepoint     ] Entering safepoint region: Cleanup
[2023-10-30T23:27:31.568+0000][2830.228s][info ][safepoint     ] Leaving safepoint region
[2023-10-30T23:27:31.569+0000][2830.228s][info ][safepoint     ] Total time for which application threads were stopped: 0.0012896 seconds, Stopping threads took: 0.0005353 seconds
[2023-10-30T23:27:32.569+0000][2831.229s][debug][safepoint     ] Safepoint synchronization initiated. (188 threads)
[2023-10-30T23:27:32.570+0000][2831.230s][info ][safepoint     ] Application time: 1.0012721 seconds
[2023-10-30T23:27:32.572+0000][2831.231s][info ][safepoint     ] Entering safepoint region: Cleanup
[2023-10-30T23:27:32.573+0000][2831.233s][info ][safepoint     ] Leaving safepoint region
[2023-10-30T23:27:32.574+0000][2831.233s][info ][safepoint     ] Total time for which application threads were stopped: 0.0022229 seconds, Stopping threads took: 0.0010062 seconds
[2023-10-30T23:27:33.575+0000][2832.234s][debug][safepoint     ] Safepoint synchronization initiated. (188 threads)
[2023-10-30T23:27:33.575+0000][2832.235s][info ][safepoint     ] Application time: 1.0006089 seconds
[2023-10-30T23:27:33.576+0000][2832.235s][info ][safepoint     ] Entering safepoint region: Cleanup
[2023-10-30T23:27:33.576+0000][2832.236s][info ][safepoint     ] Leaving safepoint region
[2023-10-30T23:27:33.576+0000][2832.236s][info ][safepoint     ] Total time for which application threads were stopped: 0.0009105 seconds, Stopping threads took: 0.0003687 seconds
[2023-10-30T23:27:34.577+0000][2833.237s][debug][safepoint     ] Safepoint synchronization initiated. (188 threads)
[2023-10-30T23:27:34.578+0000][2833.238s][info ][safepoint     ] Application time: 1.0015193 seconds
[2023-10-30T23:27:34.579+0000][2833.239s][info ][safepoint     ] Entering safepoint region: Cleanup
[2023-10-30T23:27:34.581+0000][2833.240s][info ][safepoint     ] Leaving safepoint region
[2023-10-30T23:27:34.581+0000][2833.241s][info ][safepoint     ] Total time for which application threads were stopped: 0.0024216 seconds, Stopping threads took: 0.0010776 seconds
[2023-10-30T23:27:35.582+0000][2834.242s][debug][safepoint     ] Safepoint synchronization initiated. (188 threads)
[2023-10-30T23:27:35.583+0000][2834.243s][info ][safepoint     ] Application time: 1.0006894 seconds
[2023-10-30T23:27:35.583+0000][2834.243s][info ][safepoint     ] Entering safepoint region: Cleanup
[2023-10-30T23:27:35.584+0000][2834.243s][info ][safepoint     ] Leaving safepoint region
[2023-10-30T23:27:35.584+0000][2834.244s][info ][safepoint     ] Total time for which application threads were stopped: 0.0008497 seconds, Stopping threads took: 0.0003534 seconds
[2023-10-30T23:27:36.585+0000][2835.244s][debug][safepoint     ] Safepoint synchronization initiated. (188 threads)
[2023-10-30T23:27:36.585+0000][2835.245s][info ][safepoint     ] Application time: 1.0009431 seconds
[2023-10-30T23:27:36.586+0000][2835.246s][info ][safepoint     ] Entering safepoint region: Cleanup
[2023-10-30T23:27:36.587+0000][2835.246s][info ][safepoint     ] Leaving safepoint region
[2023-10-30T23:27:36.587+0000][2835.247s][info ][safepoint     ] Total time for which application threads were stopped: 0.0012584 seconds, Stopping threads took: 0.0005755 seconds
[2023-10-30T23:27:37.588+0000][2836.247s][debug][safepoint     ] Safepoint synchronization initiated. (188 threads)
[2023-10-30T23:27:37.588+0000][2836.248s][info ][safepoint     ] Application time: 1.0006919 seconds
[2023-10-30T23:27:37.589+0000][2836.249s][info ][safepoint     ] Entering safepoint region: Cleanup
[2023-10-30T23:27:37.589+0000][2836.249s][info ][safepoint     ] Leaving safepoint region
[2023-10-30T23:27:37.590+0000][2836.250s][info ][safepoint     ] Total time for which application threads were stopped: 0.0011298 seconds, Stopping threads took: 0.0004915 seconds
[2023-10-30T23:27:38.590+0000][2837.250s][debug][safepoint     ] Safepoint synchronization initiated. (188 threads)
[2023-10-30T23:27:38.591+0000][2837.251s][info ][safepoint     ] Application time: 1.0006506 seconds
[2023-10-30T23:27:38.591+0000][2837.251s][info ][safepoint     ] Entering safepoint region: Cleanup
[2023-10-30T23:27:38.592+0000][2837.252s][info ][safepoint     ] Leaving safepoint region
[2023-10-30T23:27:38.593+0000][2837.252s][info ][safepoint     ] Total time for which application threads were stopped: 0.0011200 seconds, Stopping threads took: 0.0005406 seconds
[2023-10-30T23:27:39.593+0000][2838.253s][debug][safepoint     ] Safepoint synchronization initiated. (188 threads)
[2023-10-30T23:27:39.594+0000][2838.254s][info ][safepoint     ] Application time: 1.0009233 seconds
[2023-10-30T23:27:39.595+0000][2838.255s][info ][safepoint     ] Entering safepoint region: Cleanup
[2023-10-30T23:27:39.596+0000][2838.256s][info ][safepoint     ] Leaving safepoint region
[2023-10-30T23:27:39.597+0000][2838.256s][info ][safepoint     ] Total time for which application threads were stopped: 0.0018332 seconds, Stopping threads took: 0.0007390 seconds
[2023-10-30T23:27:40.597+0000][2839.257s][debug][safepoint     ] Safepoint synchronization initiated. (188 threads)
[2023-10-30T23:27:40.598+0000][2839.258s][info ][safepoint     ] Application time: 1.0011211 seconds
[2023-10-30T23:27:40.599+0000][2839.259s][info ][safepoint     ] Entering safepoint region: Cleanup
[2023-10-30T23:27:40.600+0000][2839.260s][info ][safepoint     ] Leaving safepoint region
[2023-10-30T23:27:40.601+0000][2839.261s][info ][safepoint     ] Total time for which application threads were stopped: 0.0020781 seconds, Stopping threads took: 0.0009294 seconds
[2023-10-30T23:27:41.602+0000][2840.262s][debug][safepoint     ] Safepoint synchronization initiated. (188 threads)
[2023-10-30T23:27:41.603+0000][2840.262s][info ][safepoint     ] Application time: 1.0006247 seconds
[2023-10-30T23:27:41.603+0000][2840.263s][info ][safepoint     ] Entering safepoint region: Cleanup
[2023-10-30T23:27:41.604+0000][2840.263s][info ][safepoint     ] Leaving safepoint region
[2023-10-30T23:27:41.604+0000][2840.264s][info ][safepoint     ] Total time for which application threads were stopped: 0.0010745 seconds, Stopping threads took: 0.0003853 seconds
[2023-10-30T23:27:42.605+0000][2841.265s][debug][safepoint     ] Safepoint synchronization initiated. (188 threads)
[2023-10-30T23:27:42.606+0000][2841.266s][info ][safepoint     ] Application time: 1.0014982 seconds
[2023-10-30T23:27:42.607+0000][2841.267s][info ][safepoint     ] Entering safepoint region: Cleanup
[2023-10-30T23:27:42.608+0000][2841.268s][info ][safepoint     ] Leaving safepoint region
[2023-10-30T23:27:42.609+0000][2841.269s][info ][safepoint     ] Total time for which application threads were stopped: 0.0020614 seconds, Stopping threads took: 0.0009692 seconds
[2023-10-30T23:27:43.610+0000][2842.270s][debug][safepoint     ] Safepoint synchronization initiated. (188 threads)
[2023-10-30T23:27:43.611+0000][2842.271s][info ][safepoint     ] Application time: 1.0012195 seconds
[2023-10-30T23:27:43.612+0000][2842.272s][info ][safepoint     ] Entering safepoint region: Cleanup
[2023-10-30T23:27:43.613+0000][2842.273s][info ][safepoint     ] Leaving safepoint region
[2023-10-30T23:27:43.614+0000][2842.274s][info ][safepoint     ] Total time for which application threads were stopped: 0.0021550 seconds, Stopping threads took: 0.0009408 seconds
[2023-10-30T23:27:44.615+0000][2843.275s][debug][safepoint     ] Safepoint synchronization initiated. (188 threads)
[2023-10-30T23:27:44.616+0000][2843.276s][info ][safepoint     ] Application time: 1.0013399 seconds
[2023-10-30T23:27:44.617+0000][2843.277s][info ][safepoint     ] Entering safepoint region: Cleanup
[2023-10-30T23:27:44.618+0000][2843.278s][info ][safepoint     ] Leaving safepoint region
[2023-10-30T23:27:44.619+0000][2843.279s][info ][safepoint     ] Total time for which application threads were stopped: 0.0024389 seconds, Stopping threads took: 0.0010555 seconds
[2023-10-30T23:27:45.620+0000][2844.280s][debug][safepoint     ] Safepoint synchronization initiated. (188 threads)
[2023-10-30T23:27:45.621+0000][2844.281s][info ][safepoint     ] Application time: 1.0009454 seconds
[2023-10-30T23:27:45.622+0000][2844.281s][info ][safepoint     ] Entering safepoint region: Cleanup
[2023-10-30T23:27:45.623+0000][2844.282s][info ][safepoint     ] Leaving safepoint region
[2023-10-30T23:27:45.623+0000][2844.283s][info ][safepoint     ] Total time for which application threads were stopped: 0.0011699 seconds, Stopping threads took: 0.0005403 seconds
[2023-10-30T23:27:46.624+0000][2845.283s][debug][safepoint     ] Safepoint synchronization initiated. (188 threads)
[2023-10-30T23:27:46.625+0000][2845.284s][info ][safepoint     ] Application time: 1.0011846 seconds
[2023-10-30T23:27:46.625+0000][2845.285s][info ][safepoint     ] Entering safepoint region: Cleanup
[2023-10-30T23:27:46.626+0000][2845.286s][info ][safepoint     ] Leaving safepoint region
[2023-10-30T23:27:46.627+0000][2845.286s][info ][safepoint     ] Total time for which application threads were stopped: 0.0013456 seconds, Stopping threads took: 0.0005455 seconds
[2023-10-30T23:27:47.627+0000][2846.287s][debug][safepoint     ] Safepoint synchronization initiated. (188 threads)
[2023-10-30T23:27:47.628+0000][2846.288s][info ][safepoint     ] Application time: 1.0007764 seconds
[2023-10-30T23:27:47.629+0000][2846.288s][info ][safepoint     ] Entering safepoint region: Cleanup
[2023-10-30T23:27:47.629+0000][2846.289s][info ][safepoint     ] Leaving safepoint region
[2023-10-30T23:27:47.630+0000][2846.290s][info ][safepoint     ] Total time for which application threads were stopped: 0.0014923 seconds, Stopping threads took: 0.0006329 seconds
[2023-10-30T23:27:48.631+0000][2847.290s][debug][safepoint     ] Safepoint synchronization initiated. (188 threads)
[2023-10-30T23:27:48.632+0000][2847.291s][info ][safepoint     ] Application time: 1.0011175 seconds
[2023-10-30T23:27:48.632+0000][2847.292s][info ][safepoint     ] Entering safepoint region: Cleanup
[2023-10-30T23:27:48.634+0000][2847.293s][info ][safepoint     ] Leaving safepoint region
[2023-10-30T23:27:48.634+0000][2847.294s][info ][safepoint     ] Total time for which application threads were stopped: 0.0019780 seconds, Stopping threads took: 0.0008556 seconds
[2023-10-30T23:27:49.635+0000][2848.295s][debug][safepoint     ] Safepoint synchronization initiated. (188 threads)
[2023-10-30T23:27:49.637+0000][2848.296s][info ][safepoint     ] Application time: 1.0014573 seconds
[2023-10-30T23:27:49.638+0000][2848.297s][info ][safepoint     ] Entering safepoint region: Cleanup
[2023-10-30T23:27:49.639+0000][2848.298s][info ][safepoint     ] Leaving safepoint region
[2023-10-30T23:27:49.639+0000][2848.299s][info ][safepoint     ] Total time for which application threads were stopped: 0.0017449 seconds, Stopping threads took: 0.0007533 seconds
[2023-10-30T23:27:50.640+0000][2849.300s][debug][safepoint     ] Safepoint synchronization initiated. (188 threads)
[2023-10-30T23:27:50.641+0000][2849.301s][info ][safepoint     ] Application time: 1.0014710 seconds
[2023-10-30T23:27:50.643+0000][2849.302s][info ][safepoint     ] Entering safepoint region: Cleanup
[2023-10-30T23:27:50.644+0000][2849.303s][info ][safepoint     ] Leaving safepoint region
[2023-10-30T23:27:50.645+0000][2849.304s][info ][safepoint     ] Total time for which application threads were stopped: 0.0021007 seconds, Stopping threads took: 0.0009175 seconds
[2023-10-30T23:27:51.646+0000][2850.305s][debug][safepoint     ] Safepoint synchronization initiated. (188 threads)
[2023-10-30T23:27:51.647+0000][2850.306s][info ][safepoint     ] Application time: 1.0011227 seconds
[2023-10-30T23:27:51.647+0000][2850.307s][info ][safepoint     ] Entering safepoint region: Cleanup
[2023-10-30T23:27:51.648+0000][2850.308s][info ][safepoint     ] Leaving safepoint region
[2023-10-30T23:27:51.649+0000][2850.308s][info ][safepoint     ] Total time for which application threads were stopped: 0.0014413 seconds, Stopping threads took: 0.0007324 seconds
[2023-10-30T23:27:52.649+0000][2851.309s][debug][safepoint     ] Safepoint synchronization initiated. (188 threads)
[2023-10-30T23:27:52.650+0000][2851.310s][info ][safepoint     ] Application time: 1.0007607 seconds
[2023-10-30T23:27:52.651+0000][2851.310s][info ][safepoint     ] Entering safepoint region: Cleanup
[2023-10-30T23:27:52.651+0000][2851.311s][info ][safepoint     ] Leaving safepoint region
[2023-10-30T23:27:52.652+0000][2851.312s][info ][safepoint     ] Total time for which application threads were stopped: 0.0014496 seconds, Stopping threads took: 0.0006618 seconds
[2023-10-30T23:27:53.653+0000][2852.312s][debug][safepoint     ] Safepoint synchronization initiated. (188 threads)
[2023-10-30T23:27:53.653+0000][2852.313s][info ][safepoint     ] Application time: 1.0005779 seconds
[2023-10-30T23:27:53.654+0000][2852.313s][info ][safepoint     ] Entering safepoint region: Cleanup
[2023-10-30T23:27:53.654+0000][2852.314s][info ][safepoint     ] Leaving safepoint region
[2023-10-30T23:27:53.655+0000][2852.314s][info ][safepoint     ] Total time for which application threads were stopped: 0.0010299 seconds, Stopping threads took: 0.0004692 seconds
[2023-10-30T23:27:54.655+0000][2853.315s][debug][safepoint     ] Safepoint synchronization initiated. (188 threads)
[2023-10-30T23:27:54.656+0000][2853.316s][info ][safepoint     ] Application time: 1.0014025 seconds
[2023-10-30T23:27:54.658+0000][2853.317s][info ][safepoint     ] Entering safepoint region: Cleanup
[2023-10-30T23:27:54.659+0000][2853.318s][info ][safepoint     ] Leaving safepoint region
[2023-10-30T23:27:54.660+0000][2853.319s][info ][safepoint     ] Total time for which application threads were stopped: 0.0019991 seconds, Stopping threads took: 0.0008602 seconds
[2023-10-30T23:27:55.660+0000][2854.320s][debug][safepoint     ] Safepoint synchronization initiated. (188 threads)
[2023-10-30T23:27:55.661+0000][2854.321s][info ][safepoint     ] Application time: 1.0006797 seconds
[2023-10-30T23:27:55.662+0000][2854.321s][info ][safepoint     ] Entering safepoint region: Cleanup
[2023-10-30T23:27:55.662+0000][2854.322s][info ][safepoint     ] Leaving safepoint region
[2023-10-30T23:27:55.663+0000][2854.322s][info ][safepoint     ] Total time for which application threads were stopped: 0.0011105 seconds, Stopping threads took: 0.0004631 seconds
[2023-10-30T23:27:56.663+0000][2855.323s][debug][safepoint     ] Safepoint synchronization initiated. (188 threads)
[2023-10-30T23:27:56.664+0000][2855.324s][info ][safepoint     ] Application time: 1.0011651 seconds
[2023-10-30T23:27:56.665+0000][2855.324s][info ][safepoint     ] Entering safepoint region: Cleanup
[2023-10-30T23:27:56.666+0000][2855.325s][info ][safepoint     ] Leaving safepoint region
[2023-10-30T23:27:56.666+0000][2855.326s][info ][safepoint     ] Total time for which application threads were stopped: 0.0015892 seconds, Stopping threads took: 0.0006845 seconds
[2023-10-30T23:27:57.667+0000][2856.327s][debug][safepoint     ] Safepoint synchronization initiated. (188 threads)
[2023-10-30T23:27:57.668+0000][2856.328s][info ][safepoint     ] Application time: 1.0010400 seconds
[2023-10-30T23:27:57.669+0000][2856.328s][info ][safepoint     ] Entering safepoint region: Cleanup
[2023-10-30T23:27:57.670+0000][2856.329s][info ][safepoint     ] Leaving safepoint region
[2023-10-30T23:27:57.670+0000][2856.329s][info ][safepoint     ] Total time for which application threads were stopped: 0.0012266 seconds, Stopping threads took: 0.0005831 seconds
[2023-10-30T23:27:58.671+0000][2857.330s][debug][safepoint     ] Safepoint synchronization initiated. (188 threads)
[2023-10-30T23:27:58.671+0000][2857.331s][info ][safepoint     ] Application time: 1.0008958 seconds
[2023-10-30T23:27:58.672+0000][2857.332s][info ][safepoint     ] Entering safepoint region: Cleanup
[2023-10-30T23:27:58.673+0000][2857.333s][info ][safepoint     ] Leaving safepoint region
[2023-10-30T23:27:58.674+0000][2857.333s][info ][safepoint     ] Total time for which application threads were stopped: 0.0015016 seconds, Stopping threads took: 0.0006922 seconds
[2023-10-30T23:27:59.674+0000][2858.334s][debug][safepoint     ] Safepoint synchronization initiated. (188 threads)
[2023-10-30T23:27:59.675+0000][2858.335s][info ][safepoint     ] Application time: 1.0010822 seconds
[2023-10-30T23:27:59.676+0000][2858.336s][info ][safepoint     ] Entering safepoint region: Cleanup
[2023-10-30T23:27:59.677+0000][2858.337s][info ][safepoint     ] Leaving safepoint region
[2023-10-30T23:27:59.678+0000][2858.337s][info ][safepoint     ] Total time for which application threads were stopped: 0.0018878 seconds, Stopping threads took: 0.0007769 seconds
[2023-10-30T23:28:00.679+0000][2859.338s][debug][safepoint     ] Safepoint synchronization initiated. (188 threads)
[2023-10-30T23:28:00.680+0000][2859.339s][info ][safepoint     ] Application time: 1.0012996 seconds
[2023-10-30T23:28:00.681+0000][2859.340s][info ][safepoint     ] Entering safepoint region: Cleanup
[2023-10-30T23:28:00.682+0000][2859.341s][info ][safepoint     ] Leaving safepoint region
[2023-10-30T23:28:00.682+0000][2859.342s][info ][safepoint     ] Total time for which application threads were stopped: 0.0018066 seconds, Stopping threads took: 0.0007777 seconds
[2023-10-30T23:28:01.683+0000][2860.343s][debug][safepoint     ] Safepoint synchronization initiated. (188 threads)
[2023-10-30T23:28:01.684+0000][2860.344s][info ][safepoint     ] Application time: 1.0012681 seconds
[2023-10-30T23:28:01.685+0000][2860.345s][info ][safepoint     ] Entering safepoint region: Cleanup
[2023-10-30T23:28:01.686+0000][2860.346s][info ][safepoint     ] Leaving safepoint region
[2023-10-30T23:28:01.687+0000][2860.347s][info ][safepoint     ] Total time for which application threads were stopped: 0.0019816 seconds, Stopping threads took: 0.0009255 seconds
[2023-10-30T23:28:02.688+0000][2861.348s][debug][safepoint     ] Safepoint synchronization initiated. (188 threads)
[2023-10-30T23:28:02.689+0000][2861.349s][info ][safepoint     ] Application time: 1.0012995 seconds
[2023-10-30T23:28:02.690+0000][2861.350s][info ][safepoint     ] Entering safepoint region: Cleanup
[2023-10-30T23:28:02.691+0000][2861.351s][info ][safepoint     ] Leaving safepoint region
[2023-10-30T23:28:02.692+0000][2861.351s][info ][safepoint     ] Total time for which application threads were stopped: 0.0017869 seconds, Stopping threads took: 0.0008175 seconds
[2023-10-30T23:28:03.693+0000][2862.352s][debug][safepoint     ] Safepoint synchronization initiated. (188 threads)
[2023-10-30T23:28:03.693+0000][2862.353s][info ][safepoint     ] Application time: 1.0007356 seconds
[2023-10-30T23:28:03.694+0000][2862.353s][info ][safepoint     ] Entering safepoint region: Cleanup
[2023-10-30T23:28:03.694+0000][2862.354s][info ][safepoint     ] Leaving safepoint region
[2023-10-30T23:28:03.695+0000][2862.354s][info ][safepoint     ] Total time for which application threads were stopped: 0.0010018 seconds, Stopping threads took: 0.0003351 seconds
[2023-10-30T23:28:04.695+0000][2863.355s][debug][safepoint     ] Safepoint synchronization initiated. (188 threads)
[2023-10-30T23:28:04.696+0000][2863.356s][info ][safepoint     ] Application time: 1.0013178 seconds
[2023-10-30T23:28:04.697+0000][2863.357s][info ][safepoint     ] Entering safepoint region: Cleanup
[2023-10-30T23:28:04.698+0000][2863.358s][info ][safepoint     ] Leaving safepoint region
[2023-10-30T23:28:04.699+0000][2863.359s][info ][safepoint     ] Total time for which application threads were stopped: 0.0020342 seconds, Stopping threads took: 0.0009559 seconds
[2023-10-30T23:28:05.700+0000][2864.360s][debug][safepoint     ] Safepoint synchronization initiated. (188 threads)
[2023-10-30T23:28:05.702+0000][2864.361s][info ][safepoint     ] Application time: 1.0014154 seconds
[2023-10-30T23:28:05.703+0000][2864.362s][info ][safepoint     ] Entering safepoint region: Cleanup
[2023-10-30T23:28:05.704+0000][2864.363s][info ][safepoint     ] Leaving safepoint region
[2023-10-30T23:28:05.705+0000][2864.364s][info ][safepoint     ] Total time for which application threads were stopped: 0.0021111 seconds, Stopping threads took: 0.0010033 seconds
[2023-10-30T23:28:06.706+0000][2865.365s][debug][safepoint     ] Safepoint synchronization initiated. (188 threads)
[2023-10-30T23:28:06.707+0000][2865.366s][info ][safepoint     ] Application time: 1.0013711 seconds
[2023-10-30T23:28:06.708+0000][2865.367s][info ][safepoint     ] Entering safepoint region: Cleanup
[2023-10-30T23:28:06.709+0000][2865.368s][info ][safepoint     ] Leaving safepoint region
[2023-10-30T23:28:06.710+0000][2865.369s][info ][safepoint     ] Total time for which application threads were stopped: 0.0022800 seconds, Stopping threads took: 0.0009620 seconds
[2023-10-30T23:28:07.711+0000][2866.370s][debug][safepoint     ] Safepoint synchronization initiated. (188 threads)
[2023-10-30T23:28:07.712+0000][2866.371s][info ][safepoint     ] Application time: 1.0008034 seconds
[2023-10-30T23:28:07.712+0000][2866.372s][info ][safepoint     ] Entering safepoint region: Cleanup
[2023-10-30T23:28:07.713+0000][2866.372s][info ][safepoint     ] Leaving safepoint region
[2023-10-30T23:28:07.713+0000][2866.373s][info ][safepoint     ] Total time for which application threads were stopped: 0.0012205 seconds, Stopping threads took: 0.0005221 seconds
[2023-10-30T23:28:08.714+0000][2867.373s][debug][safepoint     ] Safepoint synchronization initiated. (188 threads)
[2023-10-30T23:28:08.714+0000][2867.374s][info ][safepoint     ] Application time: 1.0007264 seconds
[2023-10-30T23:28:08.715+0000][2867.374s][info ][safepoint     ] Entering safepoint region: Cleanup
[2023-10-30T23:28:08.715+0000][2867.375s][info ][safepoint     ] Leaving safepoint region
[2023-10-30T23:28:08.716+0000][2867.375s][info ][safepoint     ] Total time for which application threads were stopped: 0.0011633 seconds, Stopping threads took: 0.0004797 seconds
[2023-10-30T23:28:09.717+0000][2868.376s][debug][safepoint     ] Safepoint synchronization initiated. (188 threads)
[2023-10-30T23:28:09.718+0000][2868.377s][info ][safepoint     ] Application time: 1.0016333 seconds
[2023-10-30T23:28:09.719+0000][2868.378s][info ][safepoint     ] Entering safepoint region: Cleanup
[2023-10-30T23:28:09.720+0000][2868.379s][info ][safepoint     ] Leaving safepoint region
[2023-10-30T23:28:09.721+0000][2868.380s][info ][safepoint     ] Total time for which application threads were stopped: 0.0018817 seconds, Stopping threads took: 0.0008155 seconds
[2023-10-30T23:28:10.722+0000][2869.381s][debug][safepoint     ] Safepoint synchronization initiated. (188 threads)
[2023-10-30T23:28:10.723+0000][2869.382s][info ][safepoint     ] Application time: 1.0013412 seconds
[2023-10-30T23:28:10.724+0000][2869.383s][info ][safepoint     ] Entering safepoint region: Cleanup
[2023-10-30T23:28:10.725+0000][2869.385s][info ][safepoint     ] Leaving safepoint region
[2023-10-30T23:28:10.726+0000][2869.386s][info ][safepoint     ] Total time for which application threads were stopped: 0.0023587 seconds, Stopping threads took: 0.0010217 seconds
[2023-10-30T23:28:11.727+0000][2870.387s][debug][safepoint     ] Safepoint synchronization initiated. (188 threads)
[2023-10-30T23:28:11.728+0000][2870.388s][info ][safepoint     ] Application time: 1.0010852 seconds
[2023-10-30T23:28:11.729+0000][2870.389s][info ][safepoint     ] Entering safepoint region: Cleanup
[2023-10-30T23:28:11.730+0000][2870.389s][info ][safepoint     ] Leaving safepoint region
[2023-10-30T23:28:11.730+0000][2870.390s][info ][safepoint     ] Total time for which application threads were stopped: 0.0013351 seconds, Stopping threads took: 0.0006334 seconds
[2023-10-30T23:28:12.731+0000][2871.391s][debug][safepoint     ] Safepoint synchronization initiated. (188 threads)
[2023-10-30T23:28:12.732+0000][2871.392s][info ][safepoint     ] Application time: 1.0012299 seconds
[2023-10-30T23:28:12.733+0000][2871.392s][info ][safepoint     ] Entering safepoint region: Cleanup
[2023-10-30T23:28:12.733+0000][2871.393s][info ][safepoint     ] Leaving safepoint region
[2023-10-30T23:28:12.734+0000][2871.393s][info ][safepoint     ] Total time for which application threads were stopped: 0.0013842 seconds, Stopping threads took: 0.0006345 seconds
[2023-10-30T23:28:13.735+0000][2872.394s][debug][safepoint     ] Safepoint synchronization initiated. (188 threads)
[2023-10-30T23:28:13.736+0000][2872.396s][info ][safepoint     ] Application time: 1.0015594 seconds
[2023-10-30T23:28:13.737+0000][2872.397s][info ][safepoint     ] Entering safepoint region: Cleanup
[2023-10-30T23:28:13.739+0000][2872.398s][info ][safepoint     ] Leaving safepoint region
[2023-10-30T23:28:13.740+0000][2872.399s][info ][safepoint     ] Total time for which application threads were stopped: 0.0024357 seconds, Stopping threads took: 0.0010400 seconds
[2023-10-30T23:28:14.740+0000][2873.400s][debug][safepoint     ] Safepoint synchronization initiated. (188 threads)
[2023-10-30T23:28:14.741+0000][2873.401s][info ][safepoint     ] Application time: 1.0012651 seconds
[2023-10-30T23:28:14.743+0000][2873.402s][info ][safepoint     ] Entering safepoint region: Cleanup
[2023-10-30T23:28:14.744+0000][2873.403s][info ][safepoint     ] Leaving safepoint region
[2023-10-30T23:28:14.745+0000][2873.404s][info ][safepoint     ] Total time for which application threads were stopped: 0.0023165 seconds, Stopping threads took: 0.0011586 seconds
[2023-10-30T23:28:15.746+0000][2874.405s][debug][safepoint     ] Safepoint synchronization initiated. (188 threads)
[2023-10-30T23:28:15.747+0000][2874.406s][info ][safepoint     ] Application time: 1.0013511 seconds
[2023-10-30T23:28:15.748+0000][2874.407s][info ][safepoint     ] Entering safepoint region: Cleanup
[2023-10-30T23:28:15.749+0000][2874.408s][info ][safepoint     ] Leaving safepoint region
[2023-10-30T23:28:15.749+0000][2874.409s][info ][safepoint     ] Total time for which application threads were stopped: 0.0016884 seconds, Stopping threads took: 0.0007042 seconds
[2023-10-30T23:28:16.750+0000][2875.410s][debug][safepoint     ] Safepoint synchronization initiated. (188 threads)
[2023-10-30T23:28:16.751+0000][2875.411s][info ][safepoint     ] Application time: 1.0012021 seconds
[2023-10-30T23:28:16.752+0000][2875.412s][info ][safepoint     ] Entering safepoint region: Cleanup
[2023-10-30T23:28:16.753+0000][2875.413s][info ][safepoint     ] Leaving safepoint region
[2023-10-30T23:28:16.754+0000][2875.414s][info ][safepoint     ] Total time for which application threads were stopped: 0.0021099 seconds, Stopping threads took: 0.0009874 seconds
[2023-10-30T23:28:17.755+0000][2876.415s][debug][safepoint     ] Safepoint synchronization initiated. (188 threads)
[2023-10-30T23:28:17.756+0000][2876.416s][info ][safepoint     ] Application time: 1.0012735 seconds
[2023-10-30T23:28:17.757+0000][2876.417s][info ][safepoint     ] Entering safepoint region: Cleanup
[2023-10-30T23:28:17.758+0000][2876.418s][info ][safepoint     ] Leaving safepoint region
[2023-10-30T23:28:17.759+0000][2876.418s][info ][safepoint     ] Total time for which application threads were stopped: 0.0017614 seconds, Stopping threads took: 0.0008015 seconds
[2023-10-30T23:28:18.760+0000][2877.419s][debug][safepoint     ] Safepoint synchronization initiated. (188 threads)
[2023-10-30T23:28:18.761+0000][2877.420s][info ][safepoint     ] Application time: 1.0010708 seconds
[2023-10-30T23:28:18.761+0000][2877.421s][info ][safepoint     ] Entering safepoint region: Cleanup
[2023-10-30T23:28:18.762+0000][2877.422s][info ][safepoint     ] Leaving safepoint region
[2023-10-30T23:28:18.763+0000][2877.422s][info ][safepoint     ] Total time for which application threads were stopped: 0.0013017 seconds, Stopping threads took: 0.0005482 seconds
[2023-10-30T23:28:19.763+0000][2878.423s][debug][safepoint     ] Safepoint synchronization initiated. (188 threads)
[2023-10-30T23:28:19.764+0000][2878.424s][info ][safepoint     ] Application time: 1.0011793 seconds
[2023-10-30T23:28:19.765+0000][2878.424s][info ][safepoint     ] Entering safepoint region: Cleanup
[2023-10-30T23:28:19.766+0000][2878.425s][info ][safepoint     ] Leaving safepoint region
[2023-10-30T23:28:19.766+0000][2878.426s][info ][safepoint     ] Total time for which application threads were stopped: 0.0015766 seconds, Stopping threads took: 0.0006934 seconds
[2023-10-30T23:28:20.767+0000][2879.427s][debug][safepoint     ] Safepoint synchronization initiated. (188 threads)
[2023-10-30T23:28:20.768+0000][2879.428s][info ][safepoint     ] Application time: 1.0011001 seconds
[2023-10-30T23:28:20.769+0000][2879.428s][info ][safepoint     ] Entering safepoint region: Cleanup
[2023-10-30T23:28:20.770+0000][2879.429s][info ][safepoint     ] Leaving safepoint region
[2023-10-30T23:28:20.770+0000][2879.430s][info ][safepoint     ] Total time for which application threads were stopped: 0.0015695 seconds, Stopping threads took: 0.0006226 seconds
[2023-10-30T23:28:21.771+0000][2880.431s][debug][safepoint     ] Safepoint synchronization initiated. (188 threads)
[2023-10-30T23:28:21.772+0000][2880.432s][info ][safepoint     ] Application time: 1.0012266 seconds
[2023-10-30T23:28:21.773+0000][2880.432s][info ][safepoint     ] Entering safepoint region: Cleanup
[2023-10-30T23:28:21.774+0000][2880.433s][info ][safepoint     ] Leaving safepoint region
[2023-10-30T23:28:21.775+0000][2880.434s][info ][safepoint     ] Total time for which application threads were stopped: 0.0017133 seconds, Stopping threads took: 0.0008474 seconds
[2023-10-30T23:28:22.775+0000][2881.435s][debug][safepoint     ] Safepoint synchronization initiated. (188 threads)
[2023-10-30T23:28:22.776+0000][2881.436s][info ][safepoint     ] Application time: 1.0010779 seconds
[2023-10-30T23:28:22.777+0000][2881.436s][info ][safepoint     ] Entering safepoint region: Cleanup
[2023-10-30T23:28:22.778+0000][2881.437s][info ][safepoint     ] Leaving safepoint region
[2023-10-30T23:28:22.778+0000][2881.438s][info ][safepoint     ] Total time for which application threads were stopped: 0.0015892 seconds, Stopping threads took: 0.0008772 seconds
[2023-10-30T23:28:23.779+0000][2882.438s][debug][safepoint     ] Safepoint synchronization initiated. (188 threads)
[2023-10-30T23:28:23.780+0000][2882.439s][info ][safepoint     ] Application time: 1.0009325 seconds
[2023-10-30T23:28:23.781+0000][2882.440s][info ][safepoint     ] Entering safepoint region: Cleanup
[2023-10-30T23:28:23.781+0000][2882.441s][info ][safepoint     ] Leaving safepoint region
[2023-10-30T23:28:23.782+0000][2882.441s][info ][safepoint     ] Total time for which application threads were stopped: 0.0015121 seconds, Stopping threads took: 0.0005270 seconds
[2023-10-30T23:28:24.783+0000][2883.442s][debug][safepoint     ] Safepoint synchronization initiated. (188 threads)
[2023-10-30T23:28:24.784+0000][2883.443s][info ][safepoint     ] Application time: 1.0012111 seconds
[2023-10-30T23:28:24.785+0000][2883.444s][info ][safepoint     ] Entering safepoint region: Cleanup
[2023-10-30T23:28:24.786+0000][2883.445s][info ][safepoint     ] Leaving safepoint region
[2023-10-30T23:28:24.786+0000][2883.446s][info ][safepoint     ] Total time for which application threads were stopped: 0.0018026 seconds, Stopping threads took: 0.0008103 seconds
[2023-10-30T23:28:25.787+0000][2884.447s][debug][safepoint     ] Safepoint synchronization initiated. (188 threads)
[2023-10-30T23:28:25.788+0000][2884.447s][info ][safepoint     ] Application time: 1.0008640 seconds
[2023-10-30T23:28:25.788+0000][2884.448s][info ][safepoint     ] Entering safepoint region: Cleanup
[2023-10-30T23:28:25.789+0000][2884.448s][info ][safepoint     ] Leaving safepoint region
[2023-10-30T23:28:25.790+0000][2884.449s][info ][safepoint     ] Total time for which application threads were stopped: 0.0012513 seconds, Stopping threads took: 0.0005851 seconds
[2023-10-30T23:28:26.790+0000][2885.450s][debug][safepoint     ] Safepoint synchronization initiated. (188 threads)
[2023-10-30T23:28:26.791+0000][2885.450s][info ][safepoint     ] Application time: 1.0010385 seconds
[2023-10-30T23:28:26.792+0000][2885.451s][info ][safepoint     ] Entering safepoint region: Cleanup
[2023-10-30T23:28:26.793+0000][2885.452s][info ][safepoint     ] Leaving safepoint region
[2023-10-30T23:28:26.794+0000][2885.453s][info ][safepoint     ] Total time for which application threads were stopped: 0.0019174 seconds, Stopping threads took: 0.0008230 seconds
[2023-10-30T23:28:27.795+0000][2886.454s][debug][safepoint     ] Safepoint synchronization initiated. (188 threads)
[2023-10-30T23:28:27.796+0000][2886.455s][info ][safepoint     ] Application time: 1.0013217 seconds
[2023-10-30T23:28:27.797+0000][2886.456s][info ][safepoint     ] Entering safepoint region: Cleanup
[2023-10-30T23:28:27.798+0000][2886.458s][info ][safepoint     ] Leaving safepoint region
[2023-10-30T23:28:27.799+0000][2886.459s][info ][safepoint     ] Total time for which application threads were stopped: 0.0022380 seconds, Stopping threads took: 0.0010476 seconds
[2023-10-30T23:28:28.800+0000][2887.460s][debug][safepoint     ] Safepoint synchronization initiated. (188 threads)
[2023-10-30T23:28:28.801+0000][2887.460s][info ][safepoint     ] Application time: 1.0008128 seconds
[2023-10-30T23:28:28.802+0000][2887.461s][info ][safepoint     ] Entering safepoint region: Cleanup
[2023-10-30T23:28:28.802+0000][2887.462s][info ][safepoint     ] Leaving safepoint region
[2023-10-30T23:28:28.803+0000][2887.462s][info ][safepoint     ] Total time for which application threads were stopped: 0.0014513 seconds, Stopping threads took: 0.0006073 seconds
[2023-10-30T23:28:29.804+0000][2888.463s][debug][safepoint     ] Safepoint synchronization initiated. (188 threads)
[2023-10-30T23:28:29.805+0000][2888.464s][info ][safepoint     ] Application time: 1.0012877 seconds
[2023-10-30T23:28:29.806+0000][2888.465s][info ][safepoint     ] Entering safepoint region: Cleanup
[2023-10-30T23:28:29.807+0000][2888.466s][info ][safepoint     ] Leaving safepoint region
[2023-10-30T23:28:29.808+0000][2888.467s][info ][safepoint     ] Total time for which application threads were stopped: 0.0020040 seconds, Stopping threads took: 0.0009224 seconds
[2023-10-30T23:28:30.809+0000][2889.468s][debug][safepoint     ] Safepoint synchronization initiated. (188 threads)
[2023-10-30T23:28:30.809+0000][2889.469s][info ][safepoint     ] Application time: 1.0010097 seconds
[2023-10-30T23:28:30.810+0000][2889.469s][info ][safepoint     ] Entering safepoint region: Cleanup
[2023-10-30T23:28:30.811+0000][2889.470s][info ][safepoint     ] Leaving safepoint region
[2023-10-30T23:28:30.811+0000][2889.470s][debug][safepoint     ] ... found polling page return exception at pc = 0x00007f93492e2b44, stub =0x00007f9340840600
[2023-10-30T23:28:30.811+0000][2889.470s][debug][safepoint     ] ... found polling page return exception at pc = 0x00007f93492e2b44, stub =0x00007f9340840600
[2023-10-30T23:28:30.812+0000][2889.471s][info ][safepoint     ] Total time for which application threads were stopped: 0.0014383 seconds, Stopping threads took: 0.0007043 seconds
[2023-10-30T23:28:31.813+0000][2890.473s][debug][safepoint     ] Safepoint synchronization initiated. (188 threads)
[2023-10-30T23:28:31.814+0000][2890.474s][info ][safepoint     ] Application time: 1.0012742 seconds
[2023-10-30T23:28:31.815+0000][2890.475s][info ][safepoint     ] Entering safepoint region: Cleanup
[2023-10-30T23:28:31.816+0000][2890.476s][info ][safepoint     ] Leaving safepoint region
[2023-10-30T23:28:31.817+0000][2890.476s][info ][safepoint     ] Total time for which application threads were stopped: 0.0019081 seconds, Stopping threads took: 0.0008646 seconds
[2023-10-30T23:28:32.818+0000][2891.477s][debug][safepoint     ] Safepoint synchronization initiated. (188 threads)
[2023-10-30T23:28:32.819+0000][2891.478s][info ][safepoint     ] Application time: 1.0008055 seconds
[2023-10-30T23:28:32.819+0000][2891.479s][info ][safepoint     ] Entering safepoint region: Cleanup
[2023-10-30T23:28:32.820+0000][2891.480s][info ][safepoint     ] Leaving safepoint region
[2023-10-30T23:28:32.821+0000][2891.480s][info ][safepoint     ] Total time for which application threads were stopped: 0.0016930 seconds, Stopping threads took: 0.0008413 seconds
[2023-10-30T23:28:33.822+0000][2892.481s][debug][safepoint     ] Safepoint synchronization initiated. (188 threads)
[2023-10-30T23:28:33.823+0000][2892.482s][info ][safepoint     ] Application time: 1.0008932 seconds
[2023-10-30T23:28:33.823+0000][2892.483s][info ][safepoint     ] Entering safepoint region: Cleanup
[2023-10-30T23:28:33.824+0000][2892.484s][info ][safepoint     ] Leaving safepoint region
[2023-10-30T23:28:33.825+0000][2892.484s][info ][safepoint     ] Total time for which application threads were stopped: 0.0014909 seconds, Stopping threads took: 0.0006964 seconds
[2023-10-30T23:28:34.826+0000][2893.485s][debug][safepoint     ] Safepoint synchronization initiated. (188 threads)
[2023-10-30T23:28:34.827+0000][2893.486s][info ][safepoint     ] Application time: 1.0012597 seconds
[2023-10-30T23:28:34.828+0000][2893.487s][info ][safepoint     ] Entering safepoint region: Cleanup
[2023-10-30T23:28:34.829+0000][2893.488s][info ][safepoint     ] Leaving safepoint region
[2023-10-30T23:28:34.830+0000][2893.489s][info ][safepoint     ] Total time for which application threads were stopped: 0.0020903 seconds, Stopping threads took: 0.0008827 seconds
[2023-10-30T23:28:35.831+0000][2894.490s][debug][safepoint     ] Safepoint synchronization initiated. (188 threads)
[2023-10-30T23:28:35.832+0000][2894.491s][info ][safepoint     ] Application time: 1.0009927 seconds
[2023-10-30T23:28:35.832+0000][2894.492s][info ][safepoint     ] Entering safepoint region: Cleanup
[2023-10-30T23:28:35.833+0000][2894.492s][info ][safepoint     ] Leaving safepoint region
[2023-10-30T23:28:35.834+0000][2894.493s][info ][safepoint     ] Total time for which application threads were stopped: 0.0013001 seconds, Stopping threads took: 0.0006220 seconds
[2023-10-30T23:28:36.834+0000][2895.494s][debug][safepoint     ] Safepoint synchronization initiated. (188 threads)
[2023-10-30T23:28:36.835+0000][2895.495s][info ][safepoint     ] Application time: 1.0013927 seconds
[2023-10-30T23:28:36.836+0000][2895.496s][info ][safepoint     ] Entering safepoint region: Cleanup
[2023-10-30T23:28:36.838+0000][2895.497s][info ][safepoint     ] Leaving safepoint region
[2023-10-30T23:28:36.838+0000][2895.498s][info ][safepoint     ] Total time for which application threads were stopped: 0.0020283 seconds, Stopping threads took: 0.0008561 seconds
[2023-10-30T23:28:37.839+0000][2896.499s][debug][safepoint     ] Safepoint synchronization initiated. (188 threads)
[2023-10-30T23:28:37.840+0000][2896.500s][info ][safepoint     ] Application time: 1.0013246 seconds
[2023-10-30T23:28:37.841+0000][2896.501s][info ][safepoint     ] Entering safepoint region: Cleanup
[2023-10-30T23:28:37.842+0000][2896.502s][info ][safepoint     ] Leaving safepoint region
[2023-10-30T23:28:37.843+0000][2896.502s][info ][safepoint     ] Total time for which application threads were stopped: 0.0017497 seconds, Stopping threads took: 0.0007734 seconds
[2023-10-30T23:28:38.844+0000][2897.503s][debug][safepoint     ] Safepoint synchronization initiated. (188 threads)
[2023-10-30T23:28:38.844+0000][2897.504s][info ][safepoint     ] Application time: 1.0006737 seconds
[2023-10-30T23:28:38.845+0000][2897.504s][info ][safepoint     ] Entering safepoint region: Cleanup
[2023-10-30T23:28:38.846+0000][2897.505s][info ][safepoint     ] Leaving safepoint region
[2023-10-30T23:28:38.846+0000][2897.505s][info ][safepoint     ] Total time for which application threads were stopped: 0.0011136 seconds, Stopping threads took: 0.0004490 seconds
[2023-10-30T23:28:39.847+0000][2898.506s][debug][safepoint     ] Safepoint synchronization initiated. (188 threads)
[2023-10-30T23:28:39.848+0000][2898.508s][info ][safepoint     ] Application time: 1.0015003 seconds
[2023-10-30T23:28:39.850+0000][2898.509s][info ][safepoint     ] Entering safepoint region: Cleanup
[2023-10-30T23:28:39.851+0000][2898.510s][info ][safepoint     ] Leaving safepoint region
[2023-10-30T23:28:39.852+0000][2898.511s][info ][safepoint     ] Total time for which application threads were stopped: 0.0018754 seconds, Stopping threads took: 0.0007729 seconds
[2023-10-30T23:28:40.853+0000][2899.512s][debug][safepoint     ] Safepoint synchronization initiated. (188 threads)
[2023-10-30T23:28:40.854+0000][2899.513s][info ][safepoint     ] Application time: 1.0011893 seconds
[2023-10-30T23:28:40.854+0000][2899.514s][info ][safepoint     ] Entering safepoint region: Cleanup
[2023-10-30T23:28:40.856+0000][2899.515s][info ][safepoint     ] Leaving safepoint region
[2023-10-30T23:28:40.856+0000][2899.516s][info ][safepoint     ] Total time for which application threads were stopped: 0.0018920 seconds, Stopping threads took: 0.0008828 seconds
[2023-10-30T23:28:41.857+0000][2900.517s][debug][safepoint     ] Safepoint synchronization initiated. (188 threads)
[2023-10-30T23:28:41.858+0000][2900.517s][info ][safepoint     ] Application time: 1.0010904 seconds
[2023-10-30T23:28:41.859+0000][2900.518s][info ][safepoint     ] Entering safepoint region: Cleanup
[2023-10-30T23:28:41.860+0000][2900.520s][info ][safepoint     ] Leaving safepoint region
[2023-10-30T23:28:41.861+0000][2900.520s][info ][safepoint     ] Total time for which application threads were stopped: 0.0020697 seconds, Stopping threads took: 0.0008601 seconds
[2023-10-30T23:28:42.862+0000][2901.521s][debug][safepoint     ] Safepoint synchronization initiated. (188 threads)
[2023-10-30T23:28:42.863+0000][2901.522s][info ][safepoint     ] Application time: 1.0009490 seconds
[2023-10-30T23:28:42.863+0000][2901.523s][info ][safepoint     ] Entering safepoint region: Cleanup
[2023-10-30T23:28:42.864+0000][2901.524s][info ][safepoint     ] Leaving safepoint region
[2023-10-30T23:28:42.865+0000][2901.524s][info ][safepoint     ] Total time for which application threads were stopped: 0.0013394 seconds, Stopping threads took: 0.0005250 seconds
[2023-10-30T23:28:43.866+0000][2902.525s][debug][safepoint     ] Safepoint synchronization initiated. (188 threads)
[2023-10-30T23:28:43.867+0000][2902.526s][info ][safepoint     ] Application time: 1.0014705 seconds
[2023-10-30T23:28:43.868+0000][2902.527s][info ][safepoint     ] Entering safepoint region: Cleanup
[2023-10-30T23:28:43.869+0000][2902.528s][info ][safepoint     ] Leaving safepoint region
[2023-10-30T23:28:43.869+0000][2902.529s][info ][safepoint     ] Total time for which application threads were stopped: 0.0019287 seconds, Stopping threads took: 0.0008620 seconds
[2023-10-30T23:28:44.870+0000][2903.529s][debug][safepoint     ] Safepoint synchronization initiated. (188 threads)
[2023-10-30T23:28:44.871+0000][2903.531s][info ][safepoint     ] Application time: 1.0013201 seconds
[2023-10-30T23:28:44.872+0000][2903.532s][info ][safepoint     ] Entering safepoint region: Cleanup
[2023-10-30T23:28:44.873+0000][2903.533s][info ][safepoint     ] Leaving safepoint region
[2023-10-30T23:28:44.874+0000][2903.533s][info ][safepoint     ] Total time for which application threads were stopped: 0.0018221 seconds, Stopping threads took: 0.0008253 seconds
[2023-10-30T23:28:45.875+0000][2904.534s][debug][safepoint     ] Safepoint synchronization initiated. (188 threads)
[2023-10-30T23:28:45.876+0000][2904.535s][info ][safepoint     ] Application time: 1.0008579 seconds
[2023-10-30T23:28:45.876+0000][2904.535s][info ][safepoint     ] Entering safepoint region: Cleanup
[2023-10-30T23:28:45.877+0000][2904.536s][info ][safepoint     ] Leaving safepoint region
[2023-10-30T23:28:45.877+0000][2904.536s][info ][safepoint     ] Total time for which application threads were stopped: 0.0011285 seconds, Stopping threads took: 0.0004816 seconds
[2023-10-30T23:28:46.878+0000][2905.537s][debug][safepoint     ] Safepoint synchronization initiated. (188 threads)
[2023-10-30T23:28:46.879+0000][2905.538s][info ][safepoint     ] Application time: 1.0012854 seconds
[2023-10-30T23:28:46.880+0000][2905.539s][info ][safepoint     ] Entering safepoint region: Cleanup
[2023-10-30T23:28:46.881+0000][2905.541s][info ][safepoint     ] Leaving safepoint region
[2023-10-30T23:28:46.882+0000][2905.541s][info ][safepoint     ] Total time for which application threads were stopped: 0.0019435 seconds, Stopping threads took: 0.0010247 seconds
[2023-10-30T23:28:47.883+0000][2906.542s][debug][safepoint     ] Safepoint synchronization initiated. (188 threads)
[2023-10-30T23:28:47.884+0000][2906.543s][info ][safepoint     ] Application time: 1.0010122 seconds
[2023-10-30T23:28:47.884+0000][2906.544s][info ][safepoint     ] Entering safepoint region: Cleanup
[2023-10-30T23:28:47.885+0000][2906.544s][info ][safepoint     ] Leaving safepoint region
[2023-10-30T23:28:47.886+0000][2906.545s][info ][safepoint     ] Total time for which application threads were stopped: 0.0014111 seconds, Stopping threads took: 0.0005932 seconds
[2023-10-30T23:28:48.887+0000][2907.546s][debug][safepoint     ] Safepoint synchronization initiated. (188 threads)
[2023-10-30T23:28:48.888+0000][2907.547s][info ][safepoint     ] Application time: 1.0010669 seconds
[2023-10-30T23:28:48.888+0000][2907.548s][info ][safepoint     ] Entering safepoint region: Cleanup
[2023-10-30T23:28:48.890+0000][2907.549s][info ][safepoint     ] Leaving safepoint region
[2023-10-30T23:28:48.890+0000][2907.549s][info ][safepoint     ] Total time for which application threads were stopped: 0.0018962 seconds, Stopping threads took: 0.0009812 seconds
[2023-10-30T23:28:49.891+0000][2908.550s][debug][safepoint     ] Safepoint synchronization initiated. (188 threads)
[2023-10-30T23:28:49.892+0000][2908.551s][info ][safepoint     ] Application time: 1.0008952 seconds
[2023-10-30T23:28:49.892+0000][2908.552s][info ][safepoint     ] Entering safepoint region: Cleanup
[2023-10-30T23:28:49.893+0000][2908.552s][info ][safepoint     ] Leaving safepoint region
[2023-10-30T23:28:49.894+0000][2908.553s][info ][safepoint     ] Total time for which application threads were stopped: 0.0014853 seconds, Stopping threads took: 0.0005959 seconds
[2023-10-30T23:28:50.895+0000][2909.554s][debug][safepoint     ] Safepoint synchronization initiated. (188 threads)
[2023-10-30T23:28:50.896+0000][2909.555s][info ][safepoint     ] Application time: 1.0012442 seconds
[2023-10-30T23:28:50.897+0000][2909.556s][info ][safepoint     ] Entering safepoint region: Cleanup
[2023-10-30T23:28:50.898+0000][2909.557s][info ][safepoint     ] Leaving safepoint region
[2023-10-30T23:28:50.899+0000][2909.558s][info ][safepoint     ] Total time for which application threads were stopped: 0.0020304 seconds, Stopping threads took: 0.0009419 seconds
[2023-10-30T23:28:51.900+0000][2910.559s][debug][safepoint     ] Safepoint synchronization initiated. (188 threads)
[2023-10-30T23:28:51.900+0000][2910.560s][info ][safepoint     ] Application time: 1.0010379 seconds
[2023-10-30T23:28:51.901+0000][2910.560s][info ][safepoint     ] Entering safepoint region: Cleanup
[2023-10-30T23:28:51.902+0000][2910.561s][info ][safepoint     ] Leaving safepoint region
[2023-10-30T23:28:51.903+0000][2910.562s][info ][safepoint     ] Total time for which application threads were stopped: 0.0015587 seconds, Stopping threads took: 0.0006082 seconds
[2023-10-30T23:28:52.675+0000][2911.335s][debug][safepoint     ] Safepoint synchronization initiated. (188 threads)
[2023-10-30T23:28:52.676+0000][2911.335s][info ][safepoint     ] Application time: 0.7723443 seconds
[2023-10-30T23:28:52.676+0000][2911.336s][info ][safepoint     ] Entering safepoint region: G1CollectForAllocation
[2023-10-30T23:28:52.677+0000][2911.336s][info ][gc,start      ] GC(89) Pause Young (Concurrent Start) (G1 Evacuation Pause)
[2023-10-30T23:28:52.677+0000][2911.337s][info ][gc,task       ] GC(89) Using 8 workers of 8 for evacuation
[2023-10-30T23:28:52.687+0000][2911.346s][info ][gc,phases     ] GC(89)   Pre Evacuate Collection Set: 1.7ms
[2023-10-30T23:28:52.687+0000][2911.347s][info ][gc,phases     ] GC(89)   Evacuate Collection Set: 3.8ms
[2023-10-30T23:28:52.688+0000][2911.347s][info ][gc,phases     ] GC(89)   Post Evacuate Collection Set: 2.8ms
[2023-10-30T23:28:52.688+0000][2911.348s][info ][gc,phases     ] GC(89)   Other: 1.6ms
[2023-10-30T23:28:52.689+0000][2911.348s][info ][gc,heap       ] GC(89) Eden regions: 148->0(150)
[2023-10-30T23:28:52.690+0000][2911.349s][info ][gc,heap       ] GC(89) Survivor regions: 2->2(19)
[2023-10-30T23:28:52.690+0000][2911.349s][info ][gc,heap       ] GC(89) Old regions: 144->144
[2023-10-30T23:28:52.691+0000][2911.350s][info ][gc,heap       ] GC(89) Humongous regions: 60->60
[2023-10-30T23:28:52.691+0000][2911.350s][info ][gc,metaspace  ] GC(89) Metaspace: 169642K(176932K)->169642K(176932K) NonClass: 150289K(155044K)->150289K(155044K) Class: 19352K(21888K)->19352K(21888K)
[2023-10-30T23:28:52.692+0000][2911.351s][info ][gc            ] GC(89) Pause Young (Concurrent Start) (G1 Evacuation Pause) 350M->202M(411M) 14.562ms
[2023-10-30T23:28:52.692+0000][2911.351s][info ][gc,cpu        ] GC(89) User=0.03s Sys=0.00s Real=0.02s
[2023-10-30T23:28:52.693+0000][2911.352s][info ][gc            ] GC(90) Concurrent Cycle
[2023-10-30T23:28:52.693+0000][2911.352s][info ][gc,marking    ] GC(90) Concurrent Clear Claimed Marks
[2023-10-30T23:28:52.693+0000][2911.352s][info ][safepoint     ] Leaving safepoint region
[2023-10-30T23:28:52.694+0000][2911.353s][info ][safepoint     ] Total time for which application threads were stopped: 0.0175164 seconds, Stopping threads took: 0.0005786 seconds
[2023-10-30T23:28:52.694+0000][2911.353s][info ][gc,marking    ] GC(90) Concurrent Clear Claimed Marks 1.141ms
[2023-10-30T23:28:52.695+0000][2911.354s][info ][gc,marking    ] GC(90) Concurrent Scan Root Regions
[2023-10-30T23:28:52.694+0000][2911.353s][info ][gc,stringdedup] Concurrent String Deduplication (2911.353s)
[2023-10-30T23:28:52.696+0000][2911.355s][info ][gc,stringdedup] Concurrent String Deduplication 0.0B->0.0B(0.0B) avg 54.4% (2911.353s, 2911.355s) 1.413ms
[2023-10-30T23:28:52.698+0000][2911.358s][info ][gc,marking    ] GC(90) Concurrent Scan Root Regions 3.891ms
[2023-10-30T23:28:52.699+0000][2911.358s][info ][gc,marking    ] GC(90) Concurrent Mark (2911.358s)
[2023-10-30T23:28:52.699+0000][2911.359s][info ][gc,marking    ] GC(90) Concurrent Mark From Roots
[2023-10-30T23:28:52.700+0000][2911.359s][info ][gc,task       ] GC(90) Using 2 workers of 2 for marking
[2023-10-30T23:28:52.796+0000][2911.455s][info ][gc,marking    ] GC(90) Concurrent Mark From Roots 96.366ms
[2023-10-30T23:28:52.796+0000][2911.456s][info ][gc,marking    ] GC(90) Concurrent Preclean
[2023-10-30T23:28:52.797+0000][2911.456s][info ][gc,marking    ] GC(90) Concurrent Preclean 0.695ms
[2023-10-30T23:28:52.797+0000][2911.457s][info ][gc,marking    ] GC(90) Concurrent Mark (2911.358s, 2911.457s) 98.622ms
[2023-10-30T23:28:52.798+0000][2911.457s][debug][safepoint     ] Safepoint synchronization initiated. (188 threads)
[2023-10-30T23:28:52.799+0000][2911.458s][info ][safepoint     ] Application time: 0.1045099 seconds
[2023-10-30T23:28:52.799+0000][2911.458s][info ][safepoint     ] Entering safepoint region: CGC_Operation
[2023-10-30T23:28:52.800+0000][2911.459s][info ][gc,start      ] GC(90) Pause Remark
[2023-10-30T23:28:52.816+0000][2911.476s][info ][gc,stringtable] GC(90) Cleaned string and symbol table, strings: 72192 processed, 16 removed, symbols: 410764 processed, 16 removed
[2023-10-30T23:28:52.817+0000][2911.477s][info ][gc            ] GC(90) Pause Remark 205M->205M(411M) 17.428ms
[2023-10-30T23:28:52.818+0000][2911.477s][info ][gc,cpu        ] GC(90) User=0.12s Sys=0.01s Real=0.01s
[2023-10-30T23:28:52.819+0000][2911.478s][info ][safepoint     ] Leaving safepoint region
[2023-10-30T23:28:52.819+0000][2911.478s][info ][safepoint     ] Total time for which application threads were stopped: 0.0198860 seconds, Stopping threads took: 0.0005481 seconds
[2023-10-30T23:28:52.820+0000][2911.479s][info ][gc,marking    ] GC(90) Concurrent Rebuild Remembered Sets
[2023-10-30T23:28:52.891+0000][2911.550s][info ][gc,marking    ] GC(90) Concurrent Rebuild Remembered Sets 71.020ms
[2023-10-30T23:28:52.892+0000][2911.551s][debug][safepoint     ] Safepoint synchronization initiated. (188 threads)
[2023-10-30T23:28:52.892+0000][2911.551s][info ][safepoint     ] Application time: 0.0725038 seconds
[2023-10-30T23:28:52.893+0000][2911.552s][info ][safepoint     ] Entering safepoint region: CGC_Operation
[2023-10-30T23:28:52.893+0000][2911.553s][info ][gc,start      ] GC(90) Pause Cleanup
[2023-10-30T23:28:52.894+0000][2911.554s][info ][gc            ] GC(90) Pause Cleanup 205M->205M(411M) 0.899ms
[2023-10-30T23:28:52.895+0000][2911.554s][info ][gc,cpu        ] GC(90) User=0.00s Sys=0.00s Real=0.00s
[2023-10-30T23:28:52.895+0000][2911.555s][info ][safepoint     ] Leaving safepoint region
[2023-10-30T23:28:52.896+0000][2911.555s][info ][safepoint     ] Total time for which application threads were stopped: 0.0032825 seconds, Stopping threads took: 0.0006323 seconds
[2023-10-30T23:28:52.896+0000][2911.556s][info ][gc,marking    ] GC(90) Concurrent Cleanup for Next Mark
[2023-10-30T23:28:52.898+0000][2911.557s][info ][gc,marking    ] GC(90) Concurrent Cleanup for Next Mark 1.220ms
[2023-10-30T23:28:52.898+0000][2911.557s][info ][gc            ] GC(90) Concurrent Cycle 205.258ms
[2023-10-30T23:28:53.897+0000][2912.556s][debug][safepoint     ] Safepoint synchronization initiated. (188 threads)
[2023-10-30T23:28:53.897+0000][2912.556s][info ][safepoint     ] Application time: 1.0005930 seconds
[2023-10-30T23:28:53.897+0000][2912.556s][info ][safepoint     ] Entering safepoint region: Cleanup
[2023-10-30T23:28:53.898+0000][2912.557s][info ][safepoint     ] Leaving safepoint region
[2023-10-30T23:28:53.898+0000][2912.557s][info ][safepoint     ] Total time for which application threads were stopped: 0.0010837 seconds, Stopping threads took: 0.0005259 seconds
[2023-10-30T23:28:54.899+0000][2913.558s][debug][safepoint     ] Safepoint synchronization initiated. (188 threads)
[2023-10-30T23:28:54.900+0000][2913.559s][info ][safepoint     ] Application time: 1.0011803 seconds
[2023-10-30T23:28:54.901+0000][2913.560s][info ][safepoint     ] Entering safepoint region: Cleanup
[2023-10-30T23:28:54.902+0000][2913.561s][info ][safepoint     ] Leaving safepoint region
[2023-10-30T23:28:54.903+0000][2913.562s][info ][safepoint     ] Total time for which application threads were stopped: 0.0021009 seconds, Stopping threads took: 0.0008762 seconds
[2023-10-30T23:28:55.904+0000][2914.563s][debug][safepoint     ] Safepoint synchronization initiated. (188 threads)
[2023-10-30T23:28:55.904+0000][2914.563s][info ][safepoint     ] Application time: 1.0006642 seconds
[2023-10-30T23:28:55.905+0000][2914.564s][info ][safepoint     ] Entering safepoint region: Cleanup
[2023-10-30T23:28:55.905+0000][2914.564s][info ][safepoint     ] Leaving safepoint region
[2023-10-30T23:28:55.906+0000][2914.565s][info ][safepoint     ] Total time for which application threads were stopped: 0.0009938 seconds, Stopping threads took: 0.0004593 seconds
[2023-10-30T23:28:56.906+0000][2915.565s][debug][safepoint     ] Safepoint synchronization initiated. (188 threads)
[2023-10-30T23:28:56.906+0000][2915.565s][info ][safepoint     ] Application time: 1.0005422 seconds
[2023-10-30T23:28:56.907+0000][2915.566s][info ][safepoint     ] Entering safepoint region: Cleanup
[2023-10-30T23:28:56.907+0000][2915.566s][info ][safepoint     ] Leaving safepoint region
[2023-10-30T23:28:56.907+0000][2915.566s][info ][safepoint     ] Total time for which application threads were stopped: 0.0008168 seconds, Stopping threads took: 0.0003522 seconds
[2023-10-30T23:28:57.908+0000][2916.567s][debug][safepoint     ] Safepoint synchronization initiated. (188 threads)
[2023-10-30T23:28:57.909+0000][2916.568s][info ][safepoint     ] Application time: 1.0016453 seconds
[2023-10-30T23:28:57.910+0000][2916.569s][debug][safepoint     ] ... found polling page return exception at pc = 0x00007f93488fb308, stub =0x00007f9340840600
[2023-10-30T23:28:57.910+0000][2916.569s][debug][safepoint     ] ... found polling page return exception at pc = 0x00007f9348bcb376, stub =0x00007f9340840600
[2023-10-30T23:28:57.910+0000][2916.569s][debug][safepoint     ] ... found polling page return exception at pc = 0x00007f9348b00774, stub =0x00007f9340840600
[2023-10-30T23:28:57.913+0000][2916.572s][debug][safepoint     ] Waiting for 3 thread(s) to block
[2023-10-30T23:28:57.914+0000][2916.573s][info ][safepoint     ] Entering safepoint region: Cleanup
[2023-10-30T23:28:57.915+0000][2916.574s][info ][safepoint     ] Leaving safepoint region
[2023-10-30T23:28:57.915+0000][2916.574s][info ][safepoint     ] Total time for which application threads were stopped: 0.0049636 seconds, Stopping threads took: 0.0040260 seconds
[2023-10-30T23:28:58.916+0000][2917.575s][debug][safepoint     ] Safepoint synchronization initiated. (188 threads)
[2023-10-30T23:28:58.917+0000][2917.576s][info ][safepoint     ] Application time: 1.0014601 seconds
[2023-10-30T23:28:58.918+0000][2917.577s][debug][safepoint     ] Waiting for 1 thread(s) to block
[2023-10-30T23:28:58.919+0000][2917.578s][info ][safepoint     ] Entering safepoint region: Cleanup
[2023-10-30T23:28:58.920+0000][2917.579s][info ][safepoint     ] Leaving safepoint region
[2023-10-30T23:28:58.921+0000][2917.580s][info ][safepoint     ] Total time for which application threads were stopped: 0.0030262 seconds, Stopping threads took: 0.0019225 seconds
[2023-10-30T23:28:59.922+0000][2918.581s][debug][safepoint     ] Safepoint synchronization initiated. (188 threads)
[2023-10-30T23:28:59.923+0000][2918.582s][info ][safepoint     ] Application time: 1.0010893 seconds
[2023-10-30T23:28:59.924+0000][2918.583s][info ][safepoint     ] Entering safepoint region: Cleanup
[2023-10-30T23:28:59.925+0000][2918.584s][info ][safepoint     ] Leaving safepoint region
[2023-10-30T23:28:59.925+0000][2918.584s][info ][safepoint     ] Total time for which application threads were stopped: 0.0014791 seconds, Stopping threads took: 0.0006358 seconds
[2023-10-30T23:29:00.926+0000][2919.585s][debug][safepoint     ] Safepoint synchronization initiated. (188 threads)
[2023-10-30T23:29:00.927+0000][2919.586s][info ][safepoint     ] Application time: 1.0014554 seconds
[2023-10-30T23:29:00.928+0000][2919.587s][info ][safepoint     ] Entering safepoint region: Cleanup
[2023-10-30T23:29:00.929+0000][2919.588s][info ][safepoint     ] Leaving safepoint region
[2023-10-30T23:29:00.930+0000][2919.589s][info ][safepoint     ] Total time for which application threads were stopped: 0.0021409 seconds, Stopping threads took: 0.0009454 seconds
[2023-10-30T23:29:01.931+0000][2920.590s][debug][safepoint     ] Safepoint synchronization initiated. (188 threads)
[2023-10-30T23:29:01.932+0000][2920.591s][info ][safepoint     ] Application time: 1.0013144 seconds
[2023-10-30T23:29:01.933+0000][2920.592s][info ][safepoint     ] Entering safepoint region: Cleanup
[2023-10-30T23:29:01.934+0000][2920.593s][info ][safepoint     ] Leaving safepoint region
[2023-10-30T23:29:01.935+0000][2920.594s][info ][safepoint     ] Total time for which application threads were stopped: 0.0018308 seconds, Stopping threads took: 0.0007584 seconds
[2023-10-30T23:29:02.936+0000][2921.595s][debug][safepoint     ] Safepoint synchronization initiated. (188 threads)
[2023-10-30T23:29:02.937+0000][2921.596s][info ][safepoint     ] Application time: 1.0012724 seconds
[2023-10-30T23:29:02.938+0000][2921.597s][info ][safepoint     ] Entering safepoint region: Cleanup
[2023-10-30T23:29:02.939+0000][2921.598s][info ][safepoint     ] Leaving safepoint region
[2023-10-30T23:29:02.940+0000][2921.599s][info ][safepoint     ] Total time for which application threads were stopped: 0.0019403 seconds, Stopping threads took: 0.0007585 seconds
[2023-10-30T23:29:03.941+0000][2922.600s][debug][safepoint     ] Safepoint synchronization initiated. (188 threads)
[2023-10-30T23:29:03.942+0000][2922.601s][info ][safepoint     ] Application time: 1.0014777 seconds
[2023-10-30T23:29:03.943+0000][2922.602s][info ][safepoint     ] Entering safepoint region: Cleanup
[2023-10-30T23:29:03.944+0000][2922.603s][info ][safepoint     ] Leaving safepoint region
[2023-10-30T23:29:03.945+0000][2922.604s][info ][safepoint     ] Total time for which application threads were stopped: 0.0021459 seconds, Stopping threads took: 0.0009738 seconds
[2023-10-30T23:29:04.946+0000][2923.605s][debug][safepoint     ] Safepoint synchronization initiated. (188 threads)
[2023-10-30T23:29:04.947+0000][2923.606s][info ][safepoint     ] Application time: 1.0010336 seconds
[2023-10-30T23:29:04.947+0000][2923.606s][info ][safepoint     ] Entering safepoint region: Cleanup
[2023-10-30T23:29:04.948+0000][2923.607s][info ][safepoint     ] Leaving safepoint region
[2023-10-30T23:29:04.949+0000][2923.608s][info ][safepoint     ] Total time for which application threads were stopped: 0.0013366 seconds, Stopping threads took: 0.0006020 seconds
[2023-10-30T23:29:05.950+0000][2924.609s][debug][safepoint     ] Safepoint synchronization initiated. (188 threads)
[2023-10-30T23:29:05.950+0000][2924.609s][info ][safepoint     ] Application time: 1.0006771 seconds
[2023-10-30T23:29:05.950+0000][2924.609s][info ][safepoint     ] Entering safepoint region: Cleanup
[2023-10-30T23:29:05.951+0000][2924.610s][info ][safepoint     ] Leaving safepoint region
[2023-10-30T23:29:05.951+0000][2924.611s][info ][safepoint     ] Total time for which application threads were stopped: 0.0010903 seconds, Stopping threads took: 0.0004253 seconds
[2023-10-30T23:29:06.952+0000][2925.611s][debug][safepoint     ] Safepoint synchronization initiated. (188 threads)
[2023-10-30T23:29:06.953+0000][2925.612s][info ][safepoint     ] Application time: 1.0006783 seconds
[2023-10-30T23:29:06.953+0000][2925.612s][info ][safepoint     ] Entering safepoint region: Cleanup
[2023-10-30T23:29:06.954+0000][2925.613s][info ][safepoint     ] Leaving safepoint region
[2023-10-30T23:29:06.954+0000][2925.613s][info ][safepoint     ] Total time for which application threads were stopped: 0.0008216 seconds, Stopping threads took: 0.0003398 seconds
[2023-10-30T23:29:07.954+0000][2926.613s][debug][safepoint     ] Safepoint synchronization initiated. (188 threads)
[2023-10-30T23:29:07.955+0000][2926.614s][info ][safepoint     ] Application time: 1.0008535 seconds
[2023-10-30T23:29:07.956+0000][2926.615s][info ][safepoint     ] Entering safepoint region: Cleanup
[2023-10-30T23:29:07.956+0000][2926.615s][info ][safepoint     ] Leaving safepoint region
[2023-10-30T23:29:07.957+0000][2926.616s][info ][safepoint     ] Total time for which application threads were stopped: 0.0013075 seconds, Stopping threads took: 0.0005650 seconds
[2023-10-30T23:29:08.957+0000][2927.616s][debug][safepoint     ] Safepoint synchronization initiated. (188 threads)
[2023-10-30T23:29:08.958+0000][2927.617s][info ][safepoint     ] Application time: 1.0004940 seconds
[2023-10-30T23:29:08.958+0000][2927.617s][info ][safepoint     ] Entering safepoint region: Cleanup
[2023-10-30T23:29:08.959+0000][2927.618s][info ][safepoint     ] Leaving safepoint region
[2023-10-30T23:29:08.959+0000][2927.618s][info ][safepoint     ] Total time for which application threads were stopped: 0.0008622 seconds, Stopping threads took: 0.0003643 seconds
[2023-10-30T23:29:09.960+0000][2928.619s][debug][safepoint     ] Safepoint synchronization initiated. (188 threads)
[2023-10-30T23:29:09.961+0000][2928.620s][info ][safepoint     ] Application time: 1.0013525 seconds
[2023-10-30T23:29:09.962+0000][2928.621s][info ][safepoint     ] Entering safepoint region: Cleanup
[2023-10-30T23:29:09.963+0000][2928.622s][info ][safepoint     ] Leaving safepoint region
[2023-10-30T23:29:09.963+0000][2928.622s][info ][safepoint     ] Total time for which application threads were stopped: 0.0017287 seconds, Stopping threads took: 0.0008537 seconds
[2023-10-30T23:29:10.964+0000][2929.623s][debug][safepoint     ] Safepoint synchronization initiated. (188 threads)
[2023-10-30T23:29:10.965+0000][2929.624s][info ][safepoint     ] Application time: 1.0011428 seconds
[2023-10-30T23:29:10.966+0000][2929.625s][info ][safepoint     ] Entering safepoint region: Cleanup
[2023-10-30T23:29:10.967+0000][2929.626s][info ][safepoint     ] Leaving safepoint region
[2023-10-30T23:29:10.967+0000][2929.626s][info ][safepoint     ] Total time for which application threads were stopped: 0.0014299 seconds, Stopping threads took: 0.0006598 seconds
[2023-10-30T23:29:11.968+0000][2930.627s][debug][safepoint     ] Safepoint synchronization initiated. (188 threads)
[2023-10-30T23:29:11.969+0000][2930.628s][info ][safepoint     ] Application time: 1.0006818 seconds
[2023-10-30T23:29:11.969+0000][2930.628s][info ][safepoint     ] Entering safepoint region: Cleanup
[2023-10-30T23:29:11.970+0000][2930.629s][info ][safepoint     ] Leaving safepoint region
[2023-10-30T23:29:11.970+0000][2930.629s][info ][safepoint     ] Total time for which application threads were stopped: 0.0010241 seconds, Stopping threads took: 0.0004088 seconds
[2023-10-30T23:29:12.971+0000][2931.630s][debug][safepoint     ] Safepoint synchronization initiated. (188 threads)
[2023-10-30T23:29:12.971+0000][2931.630s][info ][safepoint     ] Application time: 1.0008075 seconds
[2023-10-30T23:29:12.973+0000][2931.632s][info ][safepoint     ] Entering safepoint region: Cleanup
[2023-10-30T23:29:12.985+0000][2931.644s][info ][safepoint     ] Leaving safepoint region
[2023-10-30T23:29:12.986+0000][2931.645s][info ][safepoint     ] Total time for which application threads were stopped: 0.0126788 seconds, Stopping threads took: 0.0008429 seconds
[2023-10-30T23:29:13.987+0000][2932.646s][debug][safepoint     ] Safepoint synchronization initiated. (188 threads)
[2023-10-30T23:29:13.987+0000][2932.646s][info ][safepoint     ] Application time: 1.0007595 seconds
[2023-10-30T23:29:13.988+0000][2932.647s][info ][safepoint     ] Entering safepoint region: Cleanup
[2023-10-30T23:29:13.988+0000][2932.647s][info ][safepoint     ] Leaving safepoint region
[2023-10-30T23:29:13.989+0000][2932.648s][info ][safepoint     ] Total time for which application threads were stopped: 0.0011302 seconds, Stopping threads took: 0.0003995 seconds
[2023-10-30T23:29:14.990+0000][2933.649s][debug][safepoint     ] Safepoint synchronization initiated. (188 threads)
[2023-10-30T23:29:14.990+0000][2933.649s][info ][safepoint     ] Application time: 1.0008512 seconds
[2023-10-30T23:29:14.991+0000][2933.650s][info ][safepoint     ] Entering safepoint region: Cleanup
[2023-10-30T23:29:14.991+0000][2933.650s][info ][safepoint     ] Leaving safepoint region
[2023-10-30T23:29:14.992+0000][2933.651s][info ][safepoint     ] Total time for which application threads were stopped: 0.0011261 seconds, Stopping threads took: 0.0004906 seconds
[2023-10-30T23:29:15.993+0000][2934.652s][debug][safepoint     ] Safepoint synchronization initiated. (188 threads)
[2023-10-30T23:29:15.993+0000][2934.652s][info ][safepoint     ] Application time: 1.0006743 seconds
[2023-10-30T23:29:15.993+0000][2934.652s][info ][safepoint     ] Entering safepoint region: Cleanup
[2023-10-30T23:29:15.994+0000][2934.653s][info ][safepoint     ] Leaving safepoint region
[2023-10-30T23:29:15.994+0000][2934.653s][info ][safepoint     ] Total time for which application threads were stopped: 0.0009053 seconds, Stopping threads took: 0.0003963 seconds
[2023-10-30T23:29:16.995+0000][2935.654s][debug][safepoint     ] Safepoint synchronization initiated. (188 threads)
[2023-10-30T23:29:16.995+0000][2935.654s][info ][safepoint     ] Application time: 1.0005405 seconds
[2023-10-30T23:29:16.996+0000][2935.655s][info ][safepoint     ] Entering safepoint region: Cleanup
[2023-10-30T23:29:16.996+0000][2935.655s][info ][safepoint     ] Leaving safepoint region
[2023-10-30T23:29:16.997+0000][2935.656s][info ][safepoint     ] Total time for which application threads were stopped: 0.0017519 seconds, Stopping threads took: 0.0004214 seconds
[2023-10-30T23:29:17.998+0000][2936.657s][debug][safepoint     ] Safepoint synchronization initiated. (188 threads)
[2023-10-30T23:29:17.998+0000][2936.657s][info ][safepoint     ] Application time: 1.0004619 seconds
[2023-10-30T23:29:17.999+0000][2936.658s][info ][safepoint     ] Entering safepoint region: Cleanup
[2023-10-30T23:29:17.999+0000][2936.658s][info ][safepoint     ] Leaving safepoint region
[2023-10-30T23:29:17.999+0000][2936.658s][info ][safepoint     ] Total time for which application threads were stopped: 0.0007820 seconds, Stopping threads took: 0.0003389 seconds
[2023-10-30T23:29:19.000+0000][2937.659s][debug][safepoint     ] Safepoint synchronization initiated. (187 threads)
[2023-10-30T23:29:19.001+0000][2937.660s][info ][safepoint     ] Application time: 1.0010201 seconds
[2023-10-30T23:29:19.002+0000][2937.661s][info ][safepoint     ] Entering safepoint region: Cleanup
[2023-10-30T23:29:19.003+0000][2937.662s][info ][safepoint     ] Leaving safepoint region
[2023-10-30T23:29:19.003+0000][2937.662s][info ][safepoint     ] Total time for which application threads were stopped: 0.0016802 seconds, Stopping threads took: 0.0008143 seconds
[2023-10-30T23:29:20.004+0000][2938.663s][debug][safepoint     ] Safepoint synchronization initiated. (187 threads)
[2023-10-30T23:29:20.005+0000][2938.664s][info ][safepoint     ] Application time: 1.0012912 seconds
[2023-10-30T23:29:20.006+0000][2938.665s][info ][safepoint     ] Entering safepoint region: Cleanup
[2023-10-30T23:29:20.007+0000][2938.666s][info ][safepoint     ] Leaving safepoint region
[2023-10-30T23:29:20.008+0000][2938.667s][info ][safepoint     ] Total time for which application threads were stopped: 0.0017742 seconds, Stopping threads took: 0.0007667 seconds
[2023-10-30T23:29:21.009+0000][2939.668s][debug][safepoint     ] Safepoint synchronization initiated. (187 threads)
[2023-10-30T23:29:21.010+0000][2939.669s][info ][safepoint     ] Application time: 1.0011940 seconds
[2023-10-30T23:29:21.011+0000][2939.670s][info ][safepoint     ] Entering safepoint region: Cleanup
[2023-10-30T23:29:21.012+0000][2939.671s][info ][safepoint     ] Leaving safepoint region
[2023-10-30T23:29:21.013+0000][2939.672s][info ][safepoint     ] Total time for which application threads were stopped: 0.0020640 seconds, Stopping threads took: 0.0010009 seconds
[2023-10-30T23:29:22.013+0000][2940.672s][debug][safepoint     ] Safepoint synchronization initiated. (188 threads)
[2023-10-30T23:29:22.014+0000][2940.673s][info ][safepoint     ] Application time: 1.0008797 seconds
[2023-10-30T23:29:22.015+0000][2940.674s][info ][safepoint     ] Entering safepoint region: Cleanup
[2023-10-30T23:29:22.015+0000][2940.674s][info ][safepoint     ] Leaving safepoint region
[2023-10-30T23:29:22.016+0000][2940.675s][info ][safepoint     ] Total time for which application threads were stopped: 0.0011997 seconds, Stopping threads took: 0.0005362 seconds
[2023-10-30T23:29:23.017+0000][2941.676s][debug][safepoint     ] Safepoint synchronization initiated. (188 threads)
[2023-10-30T23:29:23.018+0000][2941.677s][info ][safepoint     ] Application time: 1.0016760 seconds
[2023-10-30T23:29:23.019+0000][2941.678s][info ][safepoint     ] Entering safepoint region: Cleanup
[2023-10-30T23:29:23.019+0000][2941.678s][info ][safepoint     ] Leaving safepoint region
[2023-10-30T23:29:23.020+0000][2941.679s][info ][safepoint     ] Total time for which application threads were stopped: 0.0012564 seconds, Stopping threads took: 0.0005653 seconds
[2023-10-30T23:29:24.020+0000][2942.680s][debug][safepoint     ] Safepoint synchronization initiated. (188 threads)
[2023-10-30T23:29:24.021+0000][2942.680s][info ][safepoint     ] Application time: 1.0011076 seconds
[2023-10-30T23:29:24.021+0000][2942.681s][info ][safepoint     ] Entering safepoint region: Cleanup
[2023-10-30T23:29:24.022+0000][2942.682s][info ][safepoint     ] Leaving safepoint region
[2023-10-30T23:29:24.023+0000][2942.683s][info ][safepoint     ] Total time for which application threads were stopped: 0.0018278 seconds, Stopping threads took: 0.0008081 seconds
[2023-10-30T23:29:25.024+0000][2943.684s][debug][safepoint     ] Safepoint synchronization initiated. (188 threads)
[2023-10-30T23:29:25.025+0000][2943.684s][info ][safepoint     ] Application time: 1.0006749 seconds
[2023-10-30T23:29:25.025+0000][2943.685s][info ][safepoint     ] Entering safepoint region: Cleanup
[2023-10-30T23:29:25.026+0000][2943.685s][info ][safepoint     ] Leaving safepoint region
[2023-10-30T23:29:25.026+0000][2943.686s][info ][safepoint     ] Total time for which application threads were stopped: 0.0009722 seconds, Stopping threads took: 0.0004411 seconds
[2023-10-30T23:29:26.026+0000][2944.686s][debug][safepoint     ] Safepoint synchronization initiated. (188 threads)
[2023-10-30T23:29:26.027+0000][2944.687s][info ][safepoint     ] Application time: 1.0006352 seconds
[2023-10-30T23:29:26.027+0000][2944.687s][info ][safepoint     ] Entering safepoint region: Cleanup
[2023-10-30T23:29:26.028+0000][2944.688s][info ][safepoint     ] Leaving safepoint region
[2023-10-30T23:29:26.028+0000][2944.688s][info ][safepoint     ] Total time for which application threads were stopped: 0.0008128 seconds, Stopping threads took: 0.0003490 seconds
[2023-10-30T23:29:27.029+0000][2945.688s][debug][safepoint     ] Safepoint synchronization initiated. (188 threads)
[2023-10-30T23:29:27.029+0000][2945.689s][info ][safepoint     ] Application time: 1.0009348 seconds
[2023-10-30T23:29:27.030+0000][2945.690s][info ][safepoint     ] Entering safepoint region: Cleanup
[2023-10-30T23:29:27.031+0000][2945.690s][info ][safepoint     ] Leaving safepoint region
[2023-10-30T23:29:27.031+0000][2945.691s][info ][safepoint     ] Total time for which application threads were stopped: 0.0010434 seconds, Stopping threads took: 0.0004426 seconds
[2023-10-30T23:29:28.032+0000][2946.691s][debug][safepoint     ] Safepoint synchronization initiated. (188 threads)
[2023-10-30T23:29:28.033+0000][2946.692s][info ][safepoint     ] Application time: 1.0012424 seconds
[2023-10-30T23:29:28.034+0000][2946.693s][info ][safepoint     ] Entering safepoint region: Cleanup
[2023-10-30T23:29:28.035+0000][2946.695s][info ][safepoint     ] Leaving safepoint region
[2023-10-30T23:29:28.036+0000][2946.696s][info ][safepoint     ] Total time for which application threads were stopped: 0.0021004 seconds, Stopping threads took: 0.0008669 seconds
[2023-10-30T23:29:29.037+0000][2947.697s][debug][safepoint     ] Safepoint synchronization initiated. (188 threads)
[2023-10-30T23:29:29.038+0000][2947.697s][info ][safepoint     ] Application time: 1.0009571 seconds
[2023-10-30T23:29:29.038+0000][2947.698s][info ][safepoint     ] Entering safepoint region: Cleanup
[2023-10-30T23:29:29.039+0000][2947.699s][info ][safepoint     ] Leaving safepoint region
[2023-10-30T23:29:29.040+0000][2947.700s][info ][safepoint     ] Total time for which application threads were stopped: 0.0017354 seconds, Stopping threads took: 0.0007669 seconds
[2023-10-30T23:29:30.040+0000][2948.700s][debug][safepoint     ] Safepoint synchronization initiated. (188 threads)
[2023-10-30T23:29:30.041+0000][2948.701s][info ][safepoint     ] Application time: 1.0007584 seconds
[2023-10-30T23:29:30.042+0000][2948.701s][info ][safepoint     ] Entering safepoint region: Cleanup
[2023-10-30T23:29:30.042+0000][2948.702s][info ][safepoint     ] Leaving safepoint region
[2023-10-30T23:29:30.042+0000][2948.702s][info ][safepoint     ] Total time for which application threads were stopped: 0.0007912 seconds, Stopping threads took: 0.0003418 seconds
[2023-10-30T23:29:31.043+0000][2949.703s][debug][safepoint     ] Safepoint synchronization initiated. (188 threads)
[2023-10-30T23:29:31.043+0000][2949.703s][info ][safepoint     ] Application time: 1.0007160 seconds
[2023-10-30T23:29:31.044+0000][2949.703s][info ][safepoint     ] Entering safepoint region: Cleanup
[2023-10-30T23:29:31.044+0000][2949.704s][info ][safepoint     ] Leaving safepoint region
[2023-10-30T23:29:31.045+0000][2949.704s][info ][safepoint     ] Total time for which application threads were stopped: 0.0008960 seconds, Stopping threads took: 0.0003675 seconds
[2023-10-30T23:29:32.045+0000][2950.705s][debug][safepoint     ] Safepoint synchronization initiated. (188 threads)
[2023-10-30T23:29:32.046+0000][2950.706s][info ][safepoint     ] Application time: 1.0009209 seconds
[2023-10-30T23:29:32.047+0000][2950.706s][info ][safepoint     ] Entering safepoint region: Cleanup
[2023-10-30T23:29:32.047+0000][2950.707s][info ][safepoint     ] Leaving safepoint region
[2023-10-30T23:29:32.048+0000][2950.708s][info ][safepoint     ] Total time for which application threads were stopped: 0.0013217 seconds, Stopping threads took: 0.0006253 seconds
[2023-10-30T23:29:33.049+0000][2951.708s][debug][safepoint     ] Safepoint synchronization initiated. (188 threads)
[2023-10-30T23:29:33.049+0000][2951.709s][info ][safepoint     ] Application time: 1.0009805 seconds
[2023-10-30T23:29:33.050+0000][2951.710s][info ][safepoint     ] Entering safepoint region: Cleanup
[2023-10-30T23:29:33.051+0000][2951.710s][info ][safepoint     ] Leaving safepoint region
[2023-10-30T23:29:33.051+0000][2951.711s][info ][safepoint     ] Total time for which application threads were stopped: 0.0013224 seconds, Stopping threads took: 0.0006654 seconds
[2023-10-30T23:29:34.052+0000][2952.712s][debug][safepoint     ] Safepoint synchronization initiated. (188 threads)
[2023-10-30T23:29:34.053+0000][2952.713s][info ][safepoint     ] Application time: 1.0011341 seconds
[2023-10-30T23:29:34.054+0000][2952.713s][info ][safepoint     ] Entering safepoint region: Cleanup
[2023-10-30T23:29:34.055+0000][2952.715s][info ][safepoint     ] Leaving safepoint region
[2023-10-30T23:29:34.056+0000][2952.715s][info ][safepoint     ] Total time for which application threads were stopped: 0.0019922 seconds, Stopping threads took: 0.0009203 seconds
[2023-10-30T23:29:35.056+0000][2953.716s][debug][safepoint     ] Safepoint synchronization initiated. (188 threads)
[2023-10-30T23:29:35.057+0000][2953.717s][info ][safepoint     ] Application time: 1.0007639 seconds
[2023-10-30T23:29:35.058+0000][2953.717s][info ][safepoint     ] Entering safepoint region: Cleanup
[2023-10-30T23:29:35.058+0000][2953.718s][info ][safepoint     ] Leaving safepoint region
[2023-10-30T23:29:35.059+0000][2953.719s][info ][safepoint     ] Total time for which application threads were stopped: 0.0012425 seconds, Stopping threads took: 0.0005291 seconds
[2023-10-30T23:29:36.059+0000][2954.719s][debug][safepoint     ] Safepoint synchronization initiated. (188 threads)
[2023-10-30T23:29:36.060+0000][2954.720s][info ][safepoint     ] Application time: 1.0007552 seconds
[2023-10-30T23:29:36.061+0000][2954.720s][info ][safepoint     ] Entering safepoint region: Cleanup
[2023-10-30T23:29:36.061+0000][2954.721s][info ][safepoint     ] Leaving safepoint region
[2023-10-30T23:29:36.062+0000][2954.721s][info ][safepoint     ] Total time for which application threads were stopped: 0.0010249 seconds, Stopping threads took: 0.0004693 seconds
[2023-10-30T23:29:37.062+0000][2955.722s][debug][safepoint     ] Safepoint synchronization initiated. (188 threads)
[2023-10-30T23:29:37.063+0000][2955.722s][info ][safepoint     ] Application time: 1.0007571 seconds
[2023-10-30T23:29:37.063+0000][2955.723s][info ][safepoint     ] Entering safepoint region: Cleanup
[2023-10-30T23:29:37.064+0000][2955.724s][info ][safepoint     ] Leaving safepoint region
[2023-10-30T23:29:37.064+0000][2955.724s][info ][safepoint     ] Total time for which application threads were stopped: 0.0011352 seconds, Stopping threads took: 0.0005320 seconds
[2023-10-30T23:29:38.065+0000][2956.725s][debug][safepoint     ] Safepoint synchronization initiated. (188 threads)
[2023-10-30T23:29:38.065+0000][2956.725s][info ][safepoint     ] Application time: 1.0007701 seconds
[2023-10-30T23:29:38.066+0000][2956.726s][info ][safepoint     ] Entering safepoint region: Cleanup
[2023-10-30T23:29:38.067+0000][2956.726s][info ][safepoint     ] Leaving safepoint region
[2023-10-30T23:29:38.067+0000][2956.727s][info ][safepoint     ] Total time for which application threads were stopped: 0.0011778 seconds, Stopping threads took: 0.0005065 seconds
[2023-10-30T23:29:39.068+0000][2957.727s][debug][safepoint     ] Safepoint synchronization initiated. (188 threads)
[2023-10-30T23:29:39.068+0000][2957.728s][info ][safepoint     ] Application time: 1.0007712 seconds
[2023-10-30T23:29:39.069+0000][2957.728s][info ][safepoint     ] Entering safepoint region: Cleanup
[2023-10-30T23:29:39.069+0000][2957.729s][info ][safepoint     ] Leaving safepoint region
[2023-10-30T23:29:39.070+0000][2957.729s][info ][safepoint     ] Total time for which application threads were stopped: 0.0009259 seconds, Stopping threads took: 0.0003761 seconds
[2023-10-30T23:29:40.070+0000][2958.730s][debug][safepoint     ] Safepoint synchronization initiated. (188 threads)
[2023-10-30T23:29:40.071+0000][2958.730s][info ][safepoint     ] Application time: 1.0006466 seconds
[2023-10-30T23:29:40.071+0000][2958.731s][info ][safepoint     ] Entering safepoint region: Cleanup
[2023-10-30T23:29:40.072+0000][2958.731s][info ][safepoint     ] Leaving safepoint region
[2023-10-30T23:29:40.072+0000][2958.732s][info ][safepoint     ] Total time for which application threads were stopped: 0.0010511 seconds, Stopping threads took: 0.0004881 seconds
[2023-10-30T23:29:41.073+0000][2959.732s][debug][safepoint     ] Safepoint synchronization initiated. (188 threads)
[2023-10-30T23:29:41.073+0000][2959.733s][info ][safepoint     ] Application time: 1.0008807 seconds
[2023-10-30T23:29:41.074+0000][2959.734s][info ][safepoint     ] Entering safepoint region: Cleanup
[2023-10-30T23:29:41.075+0000][2959.734s][info ][safepoint     ] Leaving safepoint region
[2023-10-30T23:29:41.075+0000][2959.735s][info ][safepoint     ] Total time for which application threads were stopped: 0.0014068 seconds, Stopping threads took: 0.0005882 seconds
[2023-10-30T23:29:42.076+0000][2960.736s][debug][safepoint     ] Safepoint synchronization initiated. (188 threads)
[2023-10-30T23:29:42.076+0000][2960.736s][info ][safepoint     ] Application time: 1.0007033 seconds
[2023-10-30T23:29:42.077+0000][2960.736s][info ][safepoint     ] Entering safepoint region: Cleanup
[2023-10-30T23:29:42.077+0000][2960.737s][info ][safepoint     ] Leaving safepoint region
[2023-10-30T23:29:42.077+0000][2960.737s][info ][safepoint     ] Total time for which application threads were stopped: 0.0008632 seconds, Stopping threads took: 0.0003460 seconds
[2023-10-30T23:29:43.078+0000][2961.738s][debug][safepoint     ] Safepoint synchronization initiated. (188 threads)
[2023-10-30T23:29:43.080+0000][2961.740s][info ][safepoint     ] Application time: 1.0021352 seconds
[2023-10-30T23:29:43.080+0000][2961.740s][info ][safepoint     ] Entering safepoint region: Cleanup
[2023-10-30T23:29:43.081+0000][2961.741s][info ][safepoint     ] Leaving safepoint region
[2023-10-30T23:29:43.082+0000][2961.741s][info ][safepoint     ] Total time for which application threads were stopped: 0.0010903 seconds, Stopping threads took: 0.0004839 seconds
[2023-10-30T23:29:44.082+0000][2962.742s][debug][safepoint     ] Safepoint synchronization initiated. (188 threads)
[2023-10-30T23:29:44.083+0000][2962.743s][info ][safepoint     ] Application time: 1.0013544 seconds
[2023-10-30T23:29:44.084+0000][2962.744s][info ][safepoint     ] Entering safepoint region: Cleanup
[2023-10-30T23:29:44.085+0000][2962.745s][info ][safepoint     ] Leaving safepoint region
[2023-10-30T23:29:44.086+0000][2962.746s][info ][safepoint     ] Total time for which application threads were stopped: 0.0021647 seconds, Stopping threads took: 0.0008745 seconds
[2023-10-30T23:29:45.087+0000][2963.747s][debug][safepoint     ] Safepoint synchronization initiated. (188 threads)
[2023-10-30T23:29:45.088+0000][2963.748s][info ][safepoint     ] Application time: 1.0008133 seconds
[2023-10-30T23:29:45.088+0000][2963.748s][info ][safepoint     ] Entering safepoint region: Cleanup
[2023-10-30T23:29:45.089+0000][2963.749s][info ][safepoint     ] Leaving safepoint region
[2023-10-30T23:29:45.089+0000][2963.749s][info ][safepoint     ] Total time for which application threads were stopped: 0.0009346 seconds, Stopping threads took: 0.0004386 seconds
[2023-10-30T23:29:46.090+0000][2964.750s][debug][safepoint     ] Safepoint synchronization initiated. (188 threads)
[2023-10-30T23:29:46.090+0000][2964.750s][info ][safepoint     ] Application time: 1.0007667 seconds
[2023-10-30T23:29:46.091+0000][2964.751s][info ][safepoint     ] Entering safepoint region: Cleanup
[2023-10-30T23:29:46.092+0000][2964.751s][info ][safepoint     ] Leaving safepoint region
[2023-10-30T23:29:46.092+0000][2964.752s][info ][safepoint     ] Total time for which application threads were stopped: 0.0011897 seconds, Stopping threads took: 0.0005446 seconds
[2023-10-30T23:29:47.093+0000][2965.753s][debug][safepoint     ] Safepoint synchronization initiated. (188 threads)
[2023-10-30T23:29:47.094+0000][2965.754s][info ][safepoint     ] Application time: 1.0012826 seconds
[2023-10-30T23:29:47.095+0000][2965.754s][info ][safepoint     ] Entering safepoint region: Cleanup
[2023-10-30T23:29:47.096+0000][2965.756s][info ][safepoint     ] Leaving safepoint region
[2023-10-30T23:29:47.097+0000][2965.756s][info ][safepoint     ] Total time for which application threads were stopped: 0.0018603 seconds, Stopping threads took: 0.0008474 seconds
[2023-10-30T23:29:48.097+0000][2966.757s][debug][safepoint     ] Safepoint synchronization initiated. (188 threads)
[2023-10-30T23:29:48.098+0000][2966.758s][info ][safepoint     ] Application time: 1.0008424 seconds
[2023-10-30T23:29:48.099+0000][2966.758s][info ][safepoint     ] Entering safepoint region: Cleanup
[2023-10-30T23:29:48.099+0000][2966.759s][info ][safepoint     ] Leaving safepoint region
[2023-10-30T23:29:48.100+0000][2966.759s][info ][safepoint     ] Total time for which application threads were stopped: 0.0011116 seconds, Stopping threads took: 0.0005111 seconds
[2023-10-30T23:29:49.100+0000][2967.760s][debug][safepoint     ] Safepoint synchronization initiated. (188 threads)
[2023-10-30T23:29:49.101+0000][2967.761s][info ][safepoint     ] Application time: 1.0012655 seconds
[2023-10-30T23:29:49.102+0000][2967.762s][info ][safepoint     ] Entering safepoint region: Cleanup
[2023-10-30T23:29:49.103+0000][2967.763s][info ][safepoint     ] Leaving safepoint region
[2023-10-30T23:29:49.104+0000][2967.764s][info ][safepoint     ] Total time for which application threads were stopped: 0.0018282 seconds, Stopping threads took: 0.0009122 seconds
[2023-10-30T23:29:50.105+0000][2968.765s][debug][safepoint     ] Safepoint synchronization initiated. (188 threads)
[2023-10-30T23:29:50.106+0000][2968.766s][info ][safepoint     ] Application time: 1.0012549 seconds
[2023-10-30T23:29:50.107+0000][2968.767s][info ][safepoint     ] Entering safepoint region: Cleanup
[2023-10-30T23:29:50.108+0000][2968.768s][info ][safepoint     ] Leaving safepoint region
[2023-10-30T23:29:50.109+0000][2968.769s][info ][safepoint     ] Total time for which application threads were stopped: 0.0019001 seconds, Stopping threads took: 0.0008523 seconds
[2023-10-30T23:29:51.110+0000][2969.770s][debug][safepoint     ] Safepoint synchronization initiated. (188 threads)
[2023-10-30T23:29:51.111+0000][2969.771s][info ][safepoint     ] Application time: 1.0016273 seconds
[2023-10-30T23:29:51.112+0000][2969.772s][info ][safepoint     ] Entering safepoint region: Cleanup
[2023-10-30T23:29:51.114+0000][2969.773s][info ][safepoint     ] Leaving safepoint region
[2023-10-30T23:29:51.114+0000][2969.774s][info ][safepoint     ] Total time for which application threads were stopped: 0.0020159 seconds, Stopping threads took: 0.0009136 seconds
[2023-10-30T23:29:52.115+0000][2970.775s][debug][safepoint     ] Safepoint synchronization initiated. (188 threads)
[2023-10-30T23:29:52.116+0000][2970.776s][info ][safepoint     ] Application time: 1.0009827 seconds
[2023-10-30T23:29:52.117+0000][2970.777s][info ][safepoint     ] Entering safepoint region: Cleanup
[2023-10-30T23:29:52.118+0000][2970.777s][info ][safepoint     ] Leaving safepoint region
[2023-10-30T23:29:52.118+0000][2970.778s][info ][safepoint     ] Total time for which application threads were stopped: 0.0013597 seconds, Stopping threads took: 0.0005472 seconds
[2023-10-30T23:29:53.119+0000][2971.779s][debug][safepoint     ] Safepoint synchronization initiated. (188 threads)
[2023-10-30T23:29:53.119+0000][2971.779s][info ][safepoint     ] Application time: 1.0007414 seconds
[2023-10-30T23:29:53.120+0000][2971.780s][info ][safepoint     ] Entering safepoint region: Cleanup
[2023-10-30T23:29:53.120+0000][2971.780s][info ][safepoint     ] Leaving safepoint region
[2023-10-30T23:29:53.121+0000][2971.781s][info ][safepoint     ] Total time for which application threads were stopped: 0.0011257 seconds, Stopping threads took: 0.0005145 seconds
[2023-10-30T23:29:54.121+0000][2972.781s][debug][safepoint     ] Safepoint synchronization initiated. (188 threads)
[2023-10-30T23:29:54.122+0000][2972.782s][info ][safepoint     ] Application time: 1.0012282 seconds
[2023-10-30T23:29:54.123+0000][2972.783s][info ][safepoint     ] Entering safepoint region: Cleanup
[2023-10-30T23:29:54.124+0000][2972.784s][info ][safepoint     ] Leaving safepoint region
[2023-10-30T23:29:54.125+0000][2972.785s][info ][safepoint     ] Total time for which application threads were stopped: 0.0019620 seconds, Stopping threads took: 0.0009090 seconds
[2023-10-30T23:29:55.126+0000][2973.786s][debug][safepoint     ] Safepoint synchronization initiated. (188 threads)
[2023-10-30T23:29:55.127+0000][2973.787s][info ][safepoint     ] Application time: 1.0010573 seconds
[2023-10-30T23:29:55.128+0000][2973.787s][info ][safepoint     ] Entering safepoint region: Cleanup
[2023-10-30T23:29:55.129+0000][2973.788s][info ][safepoint     ] Leaving safepoint region
[2023-10-30T23:29:55.129+0000][2973.789s][info ][safepoint     ] Total time for which application threads were stopped: 0.0017115 seconds, Stopping threads took: 0.0006840 seconds
[2023-10-30T23:29:56.130+0000][2974.790s][debug][safepoint     ] Safepoint synchronization initiated. (188 threads)
[2023-10-30T23:29:56.131+0000][2974.791s][info ][safepoint     ] Application time: 1.0011927 seconds
[2023-10-30T23:29:56.132+0000][2974.792s][info ][safepoint     ] Entering safepoint region: Cleanup
[2023-10-30T23:29:56.133+0000][2974.793s][info ][safepoint     ] Leaving safepoint region
[2023-10-30T23:29:56.134+0000][2974.794s][info ][safepoint     ] Total time for which application threads were stopped: 0.0021821 seconds, Stopping threads took: 0.0009397 seconds
[2023-10-30T23:29:57.135+0000][2975.795s][debug][safepoint     ] Safepoint synchronization initiated. (188 threads)
[2023-10-30T23:29:57.136+0000][2975.796s][info ][safepoint     ] Application time: 1.0008792 seconds
[2023-10-30T23:29:57.136+0000][2975.796s][info ][safepoint     ] Entering safepoint region: Cleanup
[2023-10-30T23:29:57.137+0000][2975.797s][info ][safepoint     ] Leaving safepoint region
[2023-10-30T23:29:57.138+0000][2975.798s][info ][safepoint     ] Total time for which application threads were stopped: 0.0013593 seconds, Stopping threads took: 0.0006258 seconds
[2023-10-30T23:29:58.138+0000][2976.798s][debug][safepoint     ] Safepoint synchronization initiated. (188 threads)
[2023-10-30T23:29:58.140+0000][2976.800s][info ][safepoint     ] Application time: 1.0016531 seconds
[2023-10-30T23:29:58.141+0000][2976.801s][info ][safepoint     ] Entering safepoint region: Cleanup
[2023-10-30T23:29:58.142+0000][2976.802s][info ][safepoint     ] Leaving safepoint region
[2023-10-30T23:29:58.143+0000][2976.803s][info ][safepoint     ] Total time for which application threads were stopped: 0.0020292 seconds, Stopping threads took: 0.0008745 seconds
[2023-10-30T23:29:59.144+0000][2977.804s][debug][safepoint     ] Safepoint synchronization initiated. (188 threads)
[2023-10-30T23:29:59.145+0000][2977.805s][info ][safepoint     ] Application time: 1.0011150 seconds
[2023-10-30T23:29:59.145+0000][2977.805s][info ][safepoint     ] Entering safepoint region: Cleanup
[2023-10-30T23:29:59.146+0000][2977.806s][info ][safepoint     ] Leaving safepoint region
[2023-10-30T23:29:59.147+0000][2977.807s][info ][safepoint     ] Total time for which application threads were stopped: 0.0017723 seconds, Stopping threads took: 0.0007296 seconds
[2023-10-30T23:30:00.148+0000][2978.808s][debug][safepoint     ] Safepoint synchronization initiated. (188 threads)
[2023-10-30T23:30:00.149+0000][2978.809s][info ][safepoint     ] Application time: 1.0011364 seconds
[2023-10-30T23:30:00.150+0000][2978.810s][info ][safepoint     ] Entering safepoint region: Cleanup
[2023-10-30T23:30:00.151+0000][2978.810s][info ][safepoint     ] Leaving safepoint region
[2023-10-30T23:30:00.151+0000][2978.811s][info ][safepoint     ] Total time for which application threads were stopped: 0.0015775 seconds, Stopping threads took: 0.0006585 seconds
[2023-10-30T23:30:01.152+0000][2979.812s][debug][safepoint     ] Safepoint synchronization initiated. (188 threads)
[2023-10-30T23:30:01.153+0000][2979.813s][info ][safepoint     ] Application time: 1.0012597 seconds
[2023-10-30T23:30:01.154+0000][2979.814s][info ][safepoint     ] Entering safepoint region: Cleanup
[2023-10-30T23:30:01.155+0000][2979.815s][info ][safepoint     ] Leaving safepoint region
[2023-10-30T23:30:01.155+0000][2979.815s][info ][safepoint     ] Total time for which application threads were stopped: 0.0015757 seconds, Stopping threads took: 0.0006887 seconds
[2023-10-30T23:30:02.156+0000][2980.816s][debug][safepoint     ] Safepoint synchronization initiated. (188 threads)
[2023-10-30T23:30:02.157+0000][2980.817s][info ][safepoint     ] Application time: 1.0009577 seconds
[2023-10-30T23:30:02.158+0000][2980.817s][info ][safepoint     ] Entering safepoint region: Cleanup
[2023-10-30T23:30:02.158+0000][2980.818s][info ][safepoint     ] Leaving safepoint region
[2023-10-30T23:30:02.159+0000][2980.819s][info ][safepoint     ] Total time for which application threads were stopped: 0.0013667 seconds, Stopping threads took: 0.0005797 seconds
[2023-10-30T23:30:03.160+0000][2981.820s][debug][safepoint     ] Safepoint synchronization initiated. (188 threads)
[2023-10-30T23:30:03.160+0000][2981.820s][info ][safepoint     ] Application time: 1.0008901 seconds
[2023-10-30T23:30:03.161+0000][2981.821s][info ][safepoint     ] Entering safepoint region: Cleanup
[2023-10-30T23:30:03.162+0000][2981.822s][info ][safepoint     ] Leaving safepoint region
[2023-10-30T23:30:03.162+0000][2981.822s][info ][safepoint     ] Total time for which application threads were stopped: 0.0012298 seconds, Stopping threads took: 0.0005794 seconds
[2023-10-30T23:30:04.163+0000][2982.823s][debug][safepoint     ] Safepoint synchronization initiated. (188 threads)
[2023-10-30T23:30:04.164+0000][2982.823s][info ][safepoint     ] Application time: 1.0010731 seconds
[2023-10-30T23:30:04.165+0000][2982.824s][info ][safepoint     ] Entering safepoint region: Cleanup
[2023-10-30T23:30:04.166+0000][2982.825s][info ][safepoint     ] Leaving safepoint region
[2023-10-30T23:30:04.166+0000][2982.826s][info ][safepoint     ] Total time for which application threads were stopped: 0.0018782 seconds, Stopping threads took: 0.0008002 seconds
[2023-10-30T23:30:05.167+0000][2983.827s][debug][safepoint     ] Safepoint synchronization initiated. (188 threads)
[2023-10-30T23:30:05.169+0000][2983.828s][info ][safepoint     ] Application time: 1.0015183 seconds
[2023-10-30T23:30:05.170+0000][2983.829s][info ][safepoint     ] Entering safepoint region: Cleanup
[2023-10-30T23:30:05.171+0000][2983.831s][info ][safepoint     ] Leaving safepoint region
[2023-10-30T23:30:05.172+0000][2983.832s][info ][safepoint     ] Total time for which application threads were stopped: 0.0023755 seconds, Stopping threads took: 0.0011422 seconds
[2023-10-30T23:30:06.173+0000][2984.833s][debug][safepoint     ] Safepoint synchronization initiated. (188 threads)
[2023-10-30T23:30:06.174+0000][2984.834s][info ][safepoint     ] Application time: 1.0013007 seconds
[2023-10-30T23:30:06.175+0000][2984.835s][info ][safepoint     ] Entering safepoint region: Cleanup
[2023-10-30T23:30:06.176+0000][2984.836s][info ][safepoint     ] Leaving safepoint region
[2023-10-30T23:30:06.177+0000][2984.836s][info ][safepoint     ] Total time for which application threads were stopped: 0.0017120 seconds, Stopping threads took: 0.0007743 seconds
[2023-10-30T23:30:07.178+0000][2985.837s][debug][safepoint     ] Safepoint synchronization initiated. (188 threads)
[2023-10-30T23:30:07.179+0000][2985.839s][info ][safepoint     ] Application time: 1.0017520 seconds
[2023-10-30T23:30:07.180+0000][2985.840s][info ][safepoint     ] Entering safepoint region: Cleanup
[2023-10-30T23:30:07.182+0000][2985.841s][info ][safepoint     ] Leaving safepoint region
[2023-10-30T23:30:07.182+0000][2985.842s][info ][safepoint     ] Total time for which application threads were stopped: 0.0021625 seconds, Stopping threads took: 0.0010286 seconds
[2023-10-30T23:30:08.183+0000][2986.843s][debug][safepoint     ] Safepoint synchronization initiated. (188 threads)
[2023-10-30T23:30:08.184+0000][2986.844s][info ][safepoint     ] Application time: 1.0008039 seconds
[2023-10-30T23:30:08.185+0000][2986.844s][info ][safepoint     ] Entering safepoint region: Cleanup
[2023-10-30T23:30:08.185+0000][2986.845s][info ][safepoint     ] Leaving safepoint region
[2023-10-30T23:30:08.185+0000][2986.845s][info ][safepoint     ] Total time for which application threads were stopped: 0.0008603 seconds, Stopping threads took: 0.0003804 seconds
[2023-10-30T23:30:09.186+0000][2987.846s][debug][safepoint     ] Safepoint synchronization initiated. (188 threads)
[2023-10-30T23:30:09.187+0000][2987.846s][info ][safepoint     ] Application time: 1.0009537 seconds
[2023-10-30T23:30:09.187+0000][2987.847s][info ][safepoint     ] Entering safepoint region: Cleanup
[2023-10-30T23:30:09.188+0000][2987.848s][info ][safepoint     ] Leaving safepoint region
[2023-10-30T23:30:09.189+0000][2987.849s][info ][safepoint     ] Total time for which application threads were stopped: 0.0017457 seconds, Stopping threads took: 0.0006674 seconds
[2023-10-30T23:30:10.190+0000][2988.850s][debug][safepoint     ] Safepoint synchronization initiated. (188 threads)
[2023-10-30T23:30:10.191+0000][2988.851s][info ][safepoint     ] Application time: 1.0011151 seconds
[2023-10-30T23:30:10.191+0000][2988.851s][info ][safepoint     ] Entering safepoint region: Cleanup
[2023-10-30T23:30:10.192+0000][2988.852s][info ][safepoint     ] Leaving safepoint region
[2023-10-30T23:30:10.193+0000][2988.852s][info ][safepoint     ] Total time for which application threads were stopped: 0.0012026 seconds, Stopping threads took: 0.0006378 seconds
[2023-10-30T23:30:11.193+0000][2989.853s][debug][safepoint     ] Safepoint synchronization initiated. (188 threads)
[2023-10-30T23:30:11.194+0000][2989.854s][info ][safepoint     ] Application time: 1.0010827 seconds
[2023-10-30T23:30:11.195+0000][2989.855s][info ][safepoint     ] Entering safepoint region: Cleanup
[2023-10-30T23:30:11.196+0000][2989.856s][info ][safepoint     ] Leaving safepoint region
[2023-10-30T23:30:11.197+0000][2989.857s][info ][safepoint     ] Total time for which application threads were stopped: 0.0018069 seconds, Stopping threads took: 0.0008563 seconds
[2023-10-30T23:30:12.198+0000][2990.858s][debug][safepoint     ] Safepoint synchronization initiated. (188 threads)
[2023-10-30T23:30:12.199+0000][2990.859s][info ][safepoint     ] Application time: 1.0013229 seconds
[2023-10-30T23:30:12.200+0000][2990.860s][info ][safepoint     ] Entering safepoint region: Cleanup
[2023-10-30T23:30:12.201+0000][2990.861s][info ][safepoint     ] Leaving safepoint region
[2023-10-30T23:30:12.202+0000][2990.862s][info ][safepoint     ] Total time for which application threads were stopped: 0.0021093 seconds, Stopping threads took: 0.0009659 seconds
[2023-10-30T23:30:13.203+0000][2991.863s][debug][safepoint     ] Safepoint synchronization initiated. (188 threads)
[2023-10-30T23:30:13.204+0000][2991.863s][info ][safepoint     ] Application time: 1.0009367 seconds
[2023-10-30T23:30:13.204+0000][2991.864s][debug][safepoint     ] ... found polling page loop exception at pc = 0x00007f93494028fa, stub =0x00007f9340843680
[2023-10-30T23:30:13.205+0000][2991.865s][debug][safepoint     ] Waiting for 1 thread(s) to block
[2023-10-30T23:30:13.205+0000][2991.865s][info ][safepoint     ] Entering safepoint region: Cleanup
[2023-10-30T23:30:13.206+0000][2991.866s][info ][safepoint     ] Leaving safepoint region
[2023-10-30T23:30:13.207+0000][2991.866s][info ][safepoint     ] Total time for which application threads were stopped: 0.0021923 seconds, Stopping threads took: 0.0016038 seconds
[2023-10-30T23:30:14.207+0000][2992.867s][debug][safepoint     ] Safepoint synchronization initiated. (188 threads)
[2023-10-30T23:30:14.208+0000][2992.868s][info ][safepoint     ] Application time: 1.0010878 seconds
[2023-10-30T23:30:14.209+0000][2992.869s][info ][safepoint     ] Entering safepoint region: Cleanup
[2023-10-30T23:30:14.210+0000][2992.869s][info ][safepoint     ] Leaving safepoint region
[2023-10-30T23:30:14.210+0000][2992.870s][info ][safepoint     ] Total time for which application threads were stopped: 0.0012381 seconds, Stopping threads took: 0.0005616 seconds
[2023-10-30T23:30:15.210+0000][2993.870s][debug][safepoint     ] Safepoint synchronization initiated. (188 threads)
[2023-10-30T23:30:15.211+0000][2993.871s][info ][safepoint     ] Application time: 1.0006151 seconds
[2023-10-30T23:30:15.211+0000][2993.871s][info ][safepoint     ] Entering safepoint region: Cleanup
[2023-10-30T23:30:15.212+0000][2993.872s][info ][safepoint     ] Leaving safepoint region
[2023-10-30T23:30:15.212+0000][2993.872s][info ][safepoint     ] Total time for which application threads were stopped: 0.0009348 seconds, Stopping threads took: 0.0003529 seconds
[2023-10-30T23:30:16.213+0000][2994.873s][debug][safepoint     ] Safepoint synchronization initiated. (188 threads)
[2023-10-30T23:30:16.214+0000][2994.873s][info ][safepoint     ] Application time: 1.0009974 seconds
[2023-10-30T23:30:16.214+0000][2994.874s][info ][safepoint     ] Entering safepoint region: Cleanup
[2023-10-30T23:30:16.215+0000][2994.875s][info ][safepoint     ] Leaving safepoint region
[2023-10-30T23:30:16.216+0000][2994.876s][info ][safepoint     ] Total time for which application threads were stopped: 0.0015178 seconds, Stopping threads took: 0.0007419 seconds
[2023-10-30T23:30:17.217+0000][2995.876s][debug][safepoint     ] Safepoint synchronization initiated. (188 threads)
[2023-10-30T23:30:17.217+0000][2995.877s][info ][safepoint     ] Application time: 1.0007006 seconds
[2023-10-30T23:30:17.218+0000][2995.878s][info ][safepoint     ] Entering safepoint region: Cleanup
[2023-10-30T23:30:17.218+0000][2995.878s][info ][safepoint     ] Leaving safepoint region
[2023-10-30T23:30:17.219+0000][2995.878s][info ][safepoint     ] Total time for which application threads were stopped: 0.0010060 seconds, Stopping threads took: 0.0004556 seconds
[2023-10-30T23:30:18.219+0000][2996.879s][debug][safepoint     ] Safepoint synchronization initiated. (188 threads)
[2023-10-30T23:30:18.220+0000][2996.880s][info ][safepoint     ] Application time: 1.0006859 seconds
[2023-10-30T23:30:18.220+0000][2996.880s][info ][safepoint     ] Entering safepoint region: Cleanup
[2023-10-30T23:30:18.221+0000][2996.881s][info ][safepoint     ] Leaving safepoint region
[2023-10-30T23:30:18.221+0000][2996.881s][info ][safepoint     ] Total time for which application threads were stopped: 0.0010978 seconds, Stopping threads took: 0.0005027 seconds
[2023-10-30T23:30:19.222+0000][2997.882s][debug][safepoint     ] Safepoint synchronization initiated. (188 threads)
[2023-10-30T23:30:19.223+0000][2997.882s][info ][safepoint     ] Application time: 1.0008313 seconds
[2023-10-30T23:30:19.223+0000][2997.883s][info ][safepoint     ] Entering safepoint region: Cleanup
[2023-10-30T23:30:19.224+0000][2997.884s][info ][safepoint     ] Leaving safepoint region
[2023-10-30T23:30:19.224+0000][2997.884s][info ][safepoint     ] Total time for which application threads were stopped: 0.0011111 seconds, Stopping threads took: 0.0004947 seconds
[2023-10-30T23:30:20.225+0000][2998.885s][debug][safepoint     ] Safepoint synchronization initiated. (188 threads)
[2023-10-30T23:30:20.225+0000][2998.885s][info ][safepoint     ] Application time: 1.0006330 seconds
[2023-10-30T23:30:20.226+0000][2998.885s][info ][safepoint     ] Entering safepoint region: Cleanup
[2023-10-30T23:30:20.226+0000][2998.886s][info ][safepoint     ] Leaving safepoint region
[2023-10-30T23:30:20.226+0000][2998.886s][info ][safepoint     ] Total time for which application threads were stopped: 0.0009469 seconds, Stopping threads took: 0.0003325 seconds
[2023-10-30T23:30:21.227+0000][2999.887s][debug][safepoint     ] Safepoint synchronization initiated. (188 threads)
[2023-10-30T23:30:21.228+0000][2999.887s][info ][safepoint     ] Application time: 1.0008263 seconds
[2023-10-30T23:30:21.228+0000][2999.888s][info ][safepoint     ] Entering safepoint region: Cleanup
[2023-10-30T23:30:21.229+0000][2999.889s][info ][safepoint     ] Leaving safepoint region
[2023-10-30T23:30:21.229+0000][2999.889s][info ][safepoint     ] Total time for which application threads were stopped: 0.0010907 seconds, Stopping threads took: 0.0004852 seconds
[2023-10-30T23:30:22.230+0000][3000.890s][debug][safepoint     ] Safepoint synchronization initiated. (188 threads)
[2023-10-30T23:30:22.230+0000][3000.890s][info ][safepoint     ] Application time: 1.0007045 seconds
[2023-10-30T23:30:22.231+0000][3000.891s][info ][safepoint     ] Entering safepoint region: Cleanup
[2023-10-30T23:30:22.231+0000][3000.891s][info ][safepoint     ] Leaving safepoint region
[2023-10-30T23:30:22.232+0000][3000.892s][info ][safepoint     ] Total time for which application threads were stopped: 0.0010029 seconds, Stopping threads took: 0.0003365 seconds
[2023-10-30T23:30:23.232+0000][3001.892s][debug][safepoint     ] Safepoint synchronization initiated. (188 threads)
[2023-10-30T23:30:23.233+0000][3001.892s][info ][safepoint     ] Application time: 1.0006283 seconds
[2023-10-30T23:30:23.233+0000][3001.893s][info ][safepoint     ] Entering safepoint region: Cleanup
[2023-10-30T23:30:23.234+0000][3001.893s][info ][safepoint     ] Leaving safepoint region
[2023-10-30T23:30:23.234+0000][3001.894s][info ][safepoint     ] Total time for which application threads were stopped: 0.0009443 seconds, Stopping threads took: 0.0004367 seconds
[2023-10-30T23:30:24.235+0000][3002.894s][debug][safepoint     ] Safepoint synchronization initiated. (188 threads)
[2023-10-30T23:30:24.235+0000][3002.895s][info ][safepoint     ] Application time: 1.0009015 seconds
[2023-10-30T23:30:24.236+0000][3002.896s][info ][safepoint     ] Entering safepoint region: Cleanup
[2023-10-30T23:30:24.236+0000][3002.896s][info ][safepoint     ] Leaving safepoint region
[2023-10-30T23:30:24.237+0000][3002.896s][info ][safepoint     ] Total time for which application threads were stopped: 0.0009758 seconds, Stopping threads took: 0.0004607 seconds
[2023-10-30T23:30:25.238+0000][3003.897s][debug][safepoint     ] Safepoint synchronization initiated. (188 threads)
[2023-10-30T23:30:25.238+0000][3003.898s][info ][safepoint     ] Application time: 1.0009519 seconds
[2023-10-30T23:30:25.239+0000][3003.899s][info ][safepoint     ] Entering safepoint region: Cleanup
[2023-10-30T23:30:25.240+0000][3003.900s][info ][safepoint     ] Leaving safepoint region
[2023-10-30T23:30:25.240+0000][3003.900s][info ][safepoint     ] Total time for which application threads were stopped: 0.0012761 seconds, Stopping threads took: 0.0006051 seconds
[2023-10-30T23:30:26.241+0000][3004.901s][debug][safepoint     ] Safepoint synchronization initiated. (188 threads)
[2023-10-30T23:30:26.241+0000][3004.901s][info ][safepoint     ] Application time: 1.0006455 seconds
[2023-10-30T23:30:26.242+0000][3004.902s][info ][safepoint     ] Entering safepoint region: Cleanup
[2023-10-30T23:30:26.243+0000][3004.902s][info ][safepoint     ] Leaving safepoint region
[2023-10-30T23:30:26.243+0000][3004.903s][info ][safepoint     ] Total time for which application threads were stopped: 0.0009676 seconds, Stopping threads took: 0.0004065 seconds
[2023-10-30T23:30:26.243+0000][3004.902s][debug][safepoint     ] ... found polling page return exception at pc = 0x00007f93492e2b44, stub =0x00007f9340840600
[2023-10-30T23:30:26.243+0000][3004.902s][debug][safepoint     ] ... found polling page return exception at pc = 0x00007f93492e2b44, stub =0x00007f9340840600
[2023-10-30T23:30:26.243+0000][3004.902s][debug][safepoint     ] ... found polling page return exception at pc = 0x00007f93492e2b44, stub =0x00007f9340840600
[2023-10-30T23:30:26.243+0000][3004.902s][debug][safepoint     ] ... found polling page return exception at pc = 0x00007f93492e2b44, stub =0x00007f9340840600
[2023-10-30T23:30:26.243+0000][3004.902s][debug][safepoint     ] ... found polling page return exception at pc = 0x00007f93492e2b44, stub =0x00007f9340840600
[2023-10-30T23:30:26.243+0000][3004.902s][debug][safepoint     ] ... found polling page return exception at pc = 0x00007f93492e2b44, stub =0x00007f9340840600
[2023-10-30T23:30:27.243+0000][3005.903s][debug][safepoint     ] Safepoint synchronization initiated. (188 threads)
[2023-10-30T23:30:27.244+0000][3005.904s][info ][safepoint     ] Application time: 1.0008439 seconds
[2023-10-30T23:30:27.245+0000][3005.904s][info ][safepoint     ] Entering safepoint region: Cleanup
[2023-10-30T23:30:27.245+0000][3005.905s][info ][safepoint     ] Leaving safepoint region
[2023-10-30T23:30:27.246+0000][3005.905s][info ][safepoint     ] Total time for which application threads were stopped: 0.0011070 seconds, Stopping threads took: 0.0004891 seconds
[2023-10-30T23:30:28.246+0000][3006.906s][debug][safepoint     ] Safepoint synchronization initiated. (188 threads)
[2023-10-30T23:30:28.247+0000][3006.907s][info ][safepoint     ] Application time: 1.0009897 seconds
[2023-10-30T23:30:28.248+0000][3006.908s][info ][safepoint     ] Entering safepoint region: Cleanup
[2023-10-30T23:30:28.249+0000][3006.908s][info ][safepoint     ] Leaving safepoint region
[2023-10-30T23:30:28.249+0000][3006.909s][info ][safepoint     ] Total time for which application threads were stopped: 0.0013109 seconds, Stopping threads took: 0.0006065 seconds
[2023-10-30T23:30:29.250+0000][3007.910s][debug][safepoint     ] Safepoint synchronization initiated. (188 threads)
[2023-10-30T23:30:29.250+0000][3007.910s][info ][safepoint     ] Application time: 1.0008947 seconds
[2023-10-30T23:30:29.251+0000][3007.911s][info ][safepoint     ] Entering safepoint region: Cleanup
[2023-10-30T23:30:29.252+0000][3007.912s][info ][safepoint     ] Leaving safepoint region
[2023-10-30T23:30:29.252+0000][3007.912s][info ][safepoint     ] Total time for which application threads were stopped: 0.0012849 seconds, Stopping threads took: 0.0005681 seconds
[2023-10-30T23:30:30.253+0000][3008.913s][debug][safepoint     ] Safepoint synchronization initiated. (188 threads)
[2023-10-30T23:30:30.254+0000][3008.914s][info ][safepoint     ] Application time: 1.0011040 seconds
[2023-10-30T23:30:30.255+0000][3008.914s][info ][safepoint     ] Entering safepoint region: Cleanup
[2023-10-30T23:30:30.255+0000][3008.915s][info ][safepoint     ] Leaving safepoint region
[2023-10-30T23:30:30.256+0000][3008.916s][info ][safepoint     ] Total time for which application threads were stopped: 0.0012862 seconds, Stopping threads took: 0.0005155 seconds
[2023-10-30T23:30:31.256+0000][3009.916s][debug][safepoint     ] Safepoint synchronization initiated. (188 threads)
[2023-10-30T23:30:31.257+0000][3009.917s][info ][safepoint     ] Application time: 1.0006476 seconds
[2023-10-30T23:30:31.257+0000][3009.917s][info ][safepoint     ] Entering safepoint region: Cleanup
[2023-10-30T23:30:31.258+0000][3009.918s][info ][safepoint     ] Leaving safepoint region
[2023-10-30T23:30:31.259+0000][3009.918s][info ][safepoint     ] Total time for which application threads were stopped: 0.0012857 seconds, Stopping threads took: 0.0006631 seconds
[2023-10-30T23:30:32.259+0000][3010.919s][debug][safepoint     ] Safepoint synchronization initiated. (188 threads)
[2023-10-30T23:30:32.260+0000][3010.920s][info ][safepoint     ] Application time: 1.0009831 seconds
[2023-10-30T23:30:32.261+0000][3010.921s][info ][safepoint     ] Entering safepoint region: Cleanup
[2023-10-30T23:30:32.262+0000][3010.921s][info ][safepoint     ] Leaving safepoint region
[2023-10-30T23:30:32.262+0000][3010.922s][info ][safepoint     ] Total time for which application threads were stopped: 0.0012886 seconds, Stopping threads took: 0.0006479 seconds
[2023-10-30T23:30:33.263+0000][3011.923s][debug][safepoint     ] Safepoint synchronization initiated. (188 threads)
[2023-10-30T23:30:33.264+0000][3011.923s][info ][safepoint     ] Application time: 1.0009845 seconds
[2023-10-30T23:30:33.264+0000][3011.924s][info ][safepoint     ] Entering safepoint region: Cleanup
[2023-10-30T23:30:33.265+0000][3011.925s][info ][safepoint     ] Leaving safepoint region
[2023-10-30T23:30:33.265+0000][3011.925s][info ][safepoint     ] Total time for which application threads were stopped: 0.0012859 seconds, Stopping threads took: 0.0006051 seconds
[2023-10-30T23:30:34.266+0000][3012.926s][debug][safepoint     ] Safepoint synchronization initiated. (188 threads)
[2023-10-30T23:30:34.267+0000][3012.927s][info ][safepoint     ] Application time: 1.0012242 seconds
[2023-10-30T23:30:34.268+0000][3012.927s][info ][safepoint     ] Entering safepoint region: Cleanup
[2023-10-30T23:30:34.268+0000][3012.928s][info ][safepoint     ] Leaving safepoint region
[2023-10-30T23:30:34.269+0000][3012.929s][info ][safepoint     ] Total time for which application threads were stopped: 0.0012812 seconds, Stopping threads took: 0.0005681 seconds
[2023-10-30T23:30:35.270+0000][3013.929s][debug][safepoint     ] Safepoint synchronization initiated. (188 threads)
[2023-10-30T23:30:35.271+0000][3013.930s][info ][safepoint     ] Application time: 1.0012081 seconds
[2023-10-30T23:30:35.271+0000][3013.931s][info ][safepoint     ] Entering safepoint region: Cleanup
[2023-10-30T23:30:35.272+0000][3013.932s][info ][safepoint     ] Leaving safepoint region
[2023-10-30T23:30:35.272+0000][3013.932s][info ][safepoint     ] Total time for which application threads were stopped: 0.0012396 seconds, Stopping threads took: 0.0005400 seconds
[2023-10-30T23:30:36.273+0000][3014.933s][debug][safepoint     ] Safepoint synchronization initiated. (188 threads)
[2023-10-30T23:30:36.274+0000][3014.933s][info ][safepoint     ] Application time: 1.0006649 seconds
[2023-10-30T23:30:36.274+0000][3014.934s][info ][safepoint     ] Entering safepoint region: Cleanup
[2023-10-30T23:30:36.275+0000][3014.934s][info ][safepoint     ] Leaving safepoint region
[2023-10-30T23:30:36.275+0000][3014.935s][info ][safepoint     ] Total time for which application threads were stopped: 0.0012614 seconds, Stopping threads took: 0.0005743 seconds
[2023-10-30T23:30:37.276+0000][3015.936s][debug][safepoint     ] Safepoint synchronization initiated. (188 threads)
[2023-10-30T23:30:37.277+0000][3015.937s][info ][safepoint     ] Application time: 1.0011375 seconds
[2023-10-30T23:30:37.277+0000][3015.937s][info ][safepoint     ] Entering safepoint region: Cleanup
[2023-10-30T23:30:37.278+0000][3015.938s][info ][safepoint     ] Leaving safepoint region
[2023-10-30T23:30:37.279+0000][3015.938s][info ][safepoint     ] Total time for which application threads were stopped: 0.0012874 seconds, Stopping threads took: 0.0005681 seconds
[2023-10-30T23:30:38.279+0000][3016.939s][debug][safepoint     ] Safepoint synchronization initiated. (188 threads)
[2023-10-30T23:30:38.280+0000][3016.940s][info ][safepoint     ] Application time: 1.0010096 seconds
[2023-10-30T23:30:38.281+0000][3016.941s][info ][safepoint     ] Entering safepoint region: Cleanup
[2023-10-30T23:30:38.282+0000][3016.941s][info ][safepoint     ] Leaving safepoint region
[2023-10-30T23:30:38.282+0000][3016.942s][info ][safepoint     ] Total time for which application threads were stopped: 0.0014102 seconds, Stopping threads took: 0.0006189 seconds
[2023-10-30T23:30:39.283+0000][3017.943s][debug][safepoint     ] Safepoint synchronization initiated. (188 threads)
[2023-10-30T23:30:39.283+0000][3017.943s][info ][safepoint     ] Application time: 1.0005921 seconds
[2023-10-30T23:30:39.284+0000][3017.944s][info ][safepoint     ] Entering safepoint region: Cleanup
[2023-10-30T23:30:39.284+0000][3017.944s][info ][safepoint     ] Leaving safepoint region
[2023-10-30T23:30:39.285+0000][3017.945s][info ][safepoint     ] Total time for which application threads were stopped: 0.0010481 seconds, Stopping threads took: 0.0004210 seconds
[2023-10-30T23:30:40.285+0000][3018.945s][debug][safepoint     ] Safepoint synchronization initiated. (188 threads)
[2023-10-30T23:30:40.286+0000][3018.946s][info ][safepoint     ] Application time: 1.0010586 seconds
[2023-10-30T23:30:40.287+0000][3018.947s][info ][safepoint     ] Entering safepoint region: Cleanup
[2023-10-30T23:30:40.288+0000][3018.948s][info ][safepoint     ] Leaving safepoint region
[2023-10-30T23:30:40.289+0000][3018.949s][info ][safepoint     ] Total time for which application threads were stopped: 0.0019364 seconds, Stopping threads took: 0.0008670 seconds
[2023-10-30T23:30:41.290+0000][3019.950s][debug][safepoint     ] Safepoint synchronization initiated. (188 threads)
[2023-10-30T23:30:41.291+0000][3019.950s][info ][safepoint     ] Application time: 1.0010466 seconds
[2023-10-30T23:30:41.291+0000][3019.951s][info ][safepoint     ] Entering safepoint region: Cleanup
[2023-10-30T23:30:41.292+0000][3019.952s][info ][safepoint     ] Leaving safepoint region
[2023-10-30T23:30:41.293+0000][3019.952s][info ][safepoint     ] Total time for which application threads were stopped: 0.0014187 seconds, Stopping threads took: 0.0006649 seconds
[2023-10-30T23:30:42.293+0000][3020.953s][debug][safepoint     ] Safepoint synchronization initiated. (188 threads)
[2023-10-30T23:30:42.294+0000][3020.954s][info ][safepoint     ] Application time: 1.0012489 seconds
[2023-10-30T23:30:42.295+0000][3020.955s][info ][safepoint     ] Entering safepoint region: Cleanup
[2023-10-30T23:30:42.296+0000][3020.956s][info ][safepoint     ] Leaving safepoint region
[2023-10-30T23:30:42.297+0000][3020.957s][info ][safepoint     ] Total time for which application threads were stopped: 0.0018971 seconds, Stopping threads took: 0.0008777 seconds
[2023-10-30T23:30:43.298+0000][3021.958s][debug][safepoint     ] Safepoint synchronization initiated. (188 threads)
[2023-10-30T23:30:43.299+0000][3021.959s][info ][safepoint     ] Application time: 1.0011852 seconds
[2023-10-30T23:30:43.300+0000][3021.959s][info ][safepoint     ] Entering safepoint region: Cleanup
[2023-10-30T23:30:43.301+0000][3021.960s][info ][safepoint     ] Leaving safepoint region
[2023-10-30T23:30:43.301+0000][3021.961s][info ][safepoint     ] Total time for which application threads were stopped: 0.0017788 seconds, Stopping threads took: 0.0007506 seconds
[2023-10-30T23:30:44.302+0000][3022.962s][debug][safepoint     ] Safepoint synchronization initiated. (188 threads)
[2023-10-30T23:30:44.304+0000][3022.964s][info ][safepoint     ] Application time: 1.0017195 seconds
[2023-10-30T23:30:44.305+0000][3022.965s][info ][safepoint     ] Entering safepoint region: Cleanup
[2023-10-30T23:30:44.306+0000][3022.966s][info ][safepoint     ] Leaving safepoint region
[2023-10-30T23:30:44.306+0000][3022.966s][info ][safepoint     ] Total time for which application threads were stopped: 0.0010790 seconds, Stopping threads took: 0.0004447 seconds
[2023-10-30T23:30:45.307+0000][3023.967s][debug][safepoint     ] Safepoint synchronization initiated. (188 threads)
[2023-10-30T23:30:45.308+0000][3023.967s][info ][safepoint     ] Application time: 1.0009336 seconds
[2023-10-30T23:30:45.308+0000][3023.968s][info ][safepoint     ] Entering safepoint region: Cleanup
[2023-10-30T23:30:45.309+0000][3023.969s][info ][safepoint     ] Leaving safepoint region
[2023-10-30T23:30:45.310+0000][3023.970s][info ][safepoint     ] Total time for which application threads were stopped: 0.0015230 seconds, Stopping threads took: 0.0006216 seconds
[2023-10-30T23:30:46.311+0000][3024.971s][debug][safepoint     ] Safepoint synchronization initiated. (188 threads)
[2023-10-30T23:30:46.311+0000][3024.971s][info ][safepoint     ] Application time: 1.0009032 seconds
[2023-10-30T23:30:46.312+0000][3024.972s][info ][safepoint     ] Entering safepoint region: Cleanup
[2023-10-30T23:30:46.313+0000][3024.972s][info ][safepoint     ] Leaving safepoint region
[2023-10-30T23:30:46.313+0000][3024.973s][info ][safepoint     ] Total time for which application threads were stopped: 0.0012401 seconds, Stopping threads took: 0.0005427 seconds
[2023-10-30T23:30:47.314+0000][3025.974s][debug][safepoint     ] Safepoint synchronization initiated. (188 threads)
[2023-10-30T23:30:47.315+0000][3025.974s][info ][safepoint     ] Application time: 1.0011118 seconds
[2023-10-30T23:30:47.315+0000][3025.975s][info ][safepoint     ] Entering safepoint region: Cleanup
[2023-10-30T23:30:47.317+0000][3025.977s][info ][safepoint     ] Leaving safepoint region
[2023-10-30T23:30:47.318+0000][3025.978s][info ][safepoint     ] Total time for which application threads were stopped: 0.0024410 seconds, Stopping threads took: 0.0013063 seconds
[2023-10-30T23:30:48.319+0000][3026.978s][debug][safepoint     ] Safepoint synchronization initiated. (188 threads)
[2023-10-30T23:30:48.319+0000][3026.979s][info ][safepoint     ] Application time: 1.0009722 seconds
[2023-10-30T23:30:48.320+0000][3026.980s][info ][safepoint     ] Entering safepoint region: Cleanup
[2023-10-30T23:30:48.321+0000][3026.981s][info ][safepoint     ] Leaving safepoint region
[2023-10-30T23:30:48.322+0000][3026.981s][info ][safepoint     ] Total time for which application threads were stopped: 0.0014400 seconds, Stopping threads took: 0.0006073 seconds
[2023-10-30T23:30:49.322+0000][3027.982s][debug][safepoint     ] Safepoint synchronization initiated. (188 threads)
[2023-10-30T23:30:49.324+0000][3027.983s][info ][safepoint     ] Application time: 1.0013455 seconds
[2023-10-30T23:30:49.325+0000][3027.984s][info ][safepoint     ] Entering safepoint region: Cleanup
[2023-10-30T23:30:49.326+0000][3027.985s][info ][safepoint     ] Leaving safepoint region
[2023-10-30T23:30:49.326+0000][3027.986s][info ][safepoint     ] Total time for which application threads were stopped: 0.0019091 seconds, Stopping threads took: 0.0008817 seconds
[2023-10-30T23:30:50.327+0000][3028.987s][debug][safepoint     ] Safepoint synchronization initiated. (188 threads)
[2023-10-30T23:30:50.328+0000][3028.988s][info ][safepoint     ] Application time: 1.0009197 seconds
[2023-10-30T23:30:50.329+0000][3028.988s][info ][safepoint     ] Entering safepoint region: Cleanup
[2023-10-30T23:30:50.330+0000][3028.989s][info ][safepoint     ] Leaving safepoint region
[2023-10-30T23:30:50.330+0000][3028.990s][info ][safepoint     ] Total time for which application threads were stopped: 0.0015018 seconds, Stopping threads took: 0.0006769 seconds
[2023-10-30T23:30:51.331+0000][3029.990s][debug][safepoint     ] Safepoint synchronization initiated. (188 threads)
[2023-10-30T23:30:51.331+0000][3029.991s][info ][safepoint     ] Application time: 1.0005367 seconds
[2023-10-30T23:30:51.332+0000][3029.991s][info ][safepoint     ] Entering safepoint region: Cleanup
[2023-10-30T23:30:51.333+0000][3029.993s][info ][safepoint     ] Leaving safepoint region
[2023-10-30T23:30:51.333+0000][3029.993s][info ][safepoint     ] Total time for which application threads were stopped: 0.0017397 seconds, Stopping threads took: 0.0010040 seconds
[2023-10-30T23:30:52.334+0000][3030.994s][debug][safepoint     ] Safepoint synchronization initiated. (188 threads)
[2023-10-30T23:30:52.335+0000][3030.995s][info ][safepoint     ] Application time: 1.0013359 seconds
[2023-10-30T23:30:52.336+0000][3030.996s][info ][safepoint     ] Entering safepoint region: Cleanup
[2023-10-30T23:30:52.337+0000][3030.997s][info ][safepoint     ] Leaving safepoint region
[2023-10-30T23:30:52.338+0000][3030.997s][info ][safepoint     ] Total time for which application threads were stopped: 0.0017779 seconds, Stopping threads took: 0.0008366 seconds
[2023-10-30T23:30:53.339+0000][3031.998s][debug][safepoint     ] Safepoint synchronization initiated. (188 threads)
[2023-10-30T23:30:53.340+0000][3031.999s][info ][safepoint     ] Application time: 1.0013348 seconds
[2023-10-30T23:30:53.340+0000][3032.000s][debug][safepoint     ] Waiting for 1 thread(s) to block
[2023-10-30T23:30:53.341+0000][3032.001s][info ][safepoint     ] Entering safepoint region: Cleanup
[2023-10-30T23:30:53.342+0000][3032.002s][info ][safepoint     ] Leaving safepoint region
[2023-10-30T23:30:53.342+0000][3032.002s][info ][safepoint     ] Total time for which application threads were stopped: 0.0020141 seconds, Stopping threads took: 0.0013050 seconds
[2023-10-30T23:30:54.343+0000][3033.003s][debug][safepoint     ] Safepoint synchronization initiated. (188 threads)
[2023-10-30T23:30:54.344+0000][3033.003s][info ][safepoint     ] Application time: 1.0008856 seconds
[2023-10-30T23:30:54.344+0000][3033.004s][info ][safepoint     ] Entering safepoint region: Cleanup
[2023-10-30T23:30:54.345+0000][3033.005s][info ][safepoint     ] Leaving safepoint region
[2023-10-30T23:30:54.346+0000][3033.006s][info ][safepoint     ] Total time for which application threads were stopped: 0.0017820 seconds, Stopping threads took: 0.0007172 seconds
[2023-10-30T23:30:55.347+0000][3034.007s][debug][safepoint     ] Safepoint synchronization initiated. (188 threads)
[2023-10-30T23:30:55.348+0000][3034.008s][info ][safepoint     ] Application time: 1.0013340 seconds
[2023-10-30T23:30:55.349+0000][3034.009s][info ][safepoint     ] Entering safepoint region: Cleanup
[2023-10-30T23:30:55.350+0000][3034.010s][info ][safepoint     ] Leaving safepoint region
[2023-10-30T23:30:55.351+0000][3034.010s][info ][safepoint     ] Total time for which application threads were stopped: 0.0016829 seconds, Stopping threads took: 0.0007402 seconds
[2023-10-30T23:30:56.352+0000][3035.011s][debug][safepoint     ] Safepoint synchronization initiated. (188 threads)
[2023-10-30T23:30:56.352+0000][3035.012s][info ][safepoint     ] Application time: 1.0011254 seconds
[2023-10-30T23:30:56.353+0000][3035.013s][info ][safepoint     ] Entering safepoint region: Cleanup
[2023-10-30T23:30:56.354+0000][3035.014s][info ][safepoint     ] Leaving safepoint region
[2023-10-30T23:30:56.354+0000][3035.014s][info ][safepoint     ] Total time for which application threads were stopped: 0.0014190 seconds, Stopping threads took: 0.0007203 seconds
[2023-10-30T23:30:57.355+0000][3036.015s][debug][safepoint     ] Safepoint synchronization initiated. (188 threads)
[2023-10-30T23:30:57.356+0000][3036.016s][info ][safepoint     ] Application time: 1.0013845 seconds
[2023-10-30T23:30:57.357+0000][3036.017s][info ][safepoint     ] Entering safepoint region: Cleanup
[2023-10-30T23:30:57.358+0000][3036.018s][info ][safepoint     ] Leaving safepoint region
[2023-10-30T23:30:57.359+0000][3036.019s][info ][safepoint     ] Total time for which application threads were stopped: 0.0016884 seconds, Stopping threads took: 0.0008140 seconds
[2023-10-30T23:30:58.360+0000][3037.020s][debug][safepoint     ] Safepoint synchronization initiated. (188 threads)
[2023-10-30T23:30:58.360+0000][3037.020s][info ][safepoint     ] Application time: 1.0006219 seconds
[2023-10-30T23:30:58.361+0000][3037.020s][info ][safepoint     ] Entering safepoint region: Cleanup
[2023-10-30T23:30:58.361+0000][3037.021s][info ][safepoint     ] Leaving safepoint region
[2023-10-30T23:30:58.361+0000][3037.021s][info ][safepoint     ] Total time for which application threads were stopped: 0.0008782 seconds, Stopping threads took: 0.0003457 seconds
[2023-10-30T23:30:59.362+0000][3038.022s][debug][safepoint     ] Safepoint synchronization initiated. (188 threads)
[2023-10-30T23:30:59.363+0000][3038.023s][info ][safepoint     ] Application time: 1.0014007 seconds
[2023-10-30T23:30:59.364+0000][3038.024s][info ][safepoint     ] Entering safepoint region: Cleanup
[2023-10-30T23:30:59.366+0000][3038.025s][info ][safepoint     ] Leaving safepoint region
[2023-10-30T23:30:59.366+0000][3038.026s][info ][safepoint     ] Total time for which application threads were stopped: 0.0022497 seconds, Stopping threads took: 0.0009689 seconds
[2023-10-30T23:31:00.367+0000][3039.027s][debug][safepoint     ] Safepoint synchronization initiated. (188 threads)
[2023-10-30T23:31:00.369+0000][3039.029s][info ][safepoint     ] Application time: 1.0016604 seconds
[2023-10-30T23:31:00.370+0000][3039.030s][info ][safepoint     ] Entering safepoint region: Cleanup
[2023-10-30T23:31:00.371+0000][3039.031s][info ][safepoint     ] Leaving safepoint region
[2023-10-30T23:31:00.372+0000][3039.032s][info ][safepoint     ] Total time for which application threads were stopped: 0.0019090 seconds, Stopping threads took: 0.0008264 seconds
[2023-10-30T23:31:01.373+0000][3040.033s][debug][safepoint     ] Safepoint synchronization initiated. (188 threads)
[2023-10-30T23:31:01.374+0000][3040.034s][info ][safepoint     ] Application time: 1.0013407 seconds
[2023-10-30T23:31:01.375+0000][3040.035s][info ][safepoint     ] Entering safepoint region: Cleanup
[2023-10-30T23:31:01.376+0000][3040.036s][info ][safepoint     ] Leaving safepoint region
[2023-10-30T23:31:01.377+0000][3040.037s][info ][safepoint     ] Total time for which application threads were stopped: 0.0018949 seconds, Stopping threads took: 0.0008739 seconds
[2023-10-30T23:31:02.378+0000][3041.038s][debug][safepoint     ] Safepoint synchronization initiated. (188 threads)
[2023-10-30T23:31:02.379+0000][3041.039s][info ][safepoint     ] Application time: 1.0012408 seconds
[2023-10-30T23:31:02.380+0000][3041.040s][info ][safepoint     ] Entering safepoint region: Cleanup
[2023-10-30T23:31:02.381+0000][3041.041s][info ][safepoint     ] Leaving safepoint region
[2023-10-30T23:31:02.381+0000][3041.041s][info ][safepoint     ] Total time for which application threads were stopped: 0.0018122 seconds, Stopping threads took: 0.0008665 seconds
[2023-10-30T23:31:03.382+0000][3042.042s][debug][safepoint     ] Safepoint synchronization initiated. (189 threads)
[2023-10-30T23:31:03.388+0000][3042.048s][info ][safepoint     ] Application time: 1.0061854 seconds
[2023-10-30T23:31:03.398+0000][3042.057s][info ][safepoint     ] Entering safepoint region: Cleanup
[2023-10-30T23:31:03.399+0000][3042.059s][info ][safepoint     ] Leaving safepoint region
[2023-10-30T23:31:03.401+0000][3042.061s][info ][safepoint     ] Total time for which application threads were stopped: 0.0037532 seconds, Stopping threads took: 0.0013861 seconds
[2023-10-30T23:31:04.407+0000][3043.067s][debug][safepoint     ] Safepoint synchronization initiated. (189 threads)
[2023-10-30T23:31:04.408+0000][3043.068s][info ][safepoint     ] Application time: 1.0014101 seconds
[2023-10-30T23:31:04.409+0000][3043.069s][info ][safepoint     ] Entering safepoint region: Cleanup
[2023-10-30T23:31:04.410+0000][3043.070s][info ][safepoint     ] Leaving safepoint region
[2023-10-30T23:31:04.411+0000][3043.071s][info ][safepoint     ] Total time for which application threads were stopped: 0.0016525 seconds, Stopping threads took: 0.0008179 seconds
[2023-10-30T23:31:05.412+0000][3044.072s][debug][safepoint     ] Safepoint synchronization initiated. (189 threads)
[2023-10-30T23:31:05.412+0000][3044.072s][info ][safepoint     ] Application time: 1.0006604 seconds
[2023-10-30T23:31:05.413+0000][3044.072s][info ][safepoint     ] Entering safepoint region: Cleanup
[2023-10-30T23:31:05.413+0000][3044.073s][info ][safepoint     ] Leaving safepoint region
[2023-10-30T23:31:05.413+0000][3044.073s][info ][safepoint     ] Total time for which application threads were stopped: 0.0007952 seconds, Stopping threads took: 0.0003381 seconds
[2023-10-30T23:31:06.414+0000][3045.074s][debug][safepoint     ] Safepoint synchronization initiated. (189 threads)
[2023-10-30T23:31:06.414+0000][3045.074s][info ][safepoint     ] Application time: 1.0005570 seconds
[2023-10-30T23:31:06.415+0000][3045.074s][debug][safepoint     ] Waiting for 1 thread(s) to block
[2023-10-30T23:31:06.415+0000][3045.075s][info ][safepoint     ] Entering safepoint region: Cleanup
[2023-10-30T23:31:06.415+0000][3045.075s][info ][safepoint     ] Leaving safepoint region
[2023-10-30T23:31:06.416+0000][3045.076s][info ][safepoint     ] Total time for which application threads were stopped: 0.0011892 seconds, Stopping threads took: 0.0007346 seconds
[2023-10-30T23:31:07.416+0000][3046.076s][debug][safepoint     ] Safepoint synchronization initiated. (189 threads)
[2023-10-30T23:31:07.417+0000][3046.077s][info ][safepoint     ] Application time: 1.0008591 seconds
[2023-10-30T23:31:07.417+0000][3046.077s][info ][safepoint     ] Entering safepoint region: Cleanup
[2023-10-30T23:31:07.418+0000][3046.078s][info ][safepoint     ] Leaving safepoint region
[2023-10-30T23:31:07.418+0000][3046.078s][info ][safepoint     ] Total time for which application threads were stopped: 0.0012498 seconds, Stopping threads took: 0.0005393 seconds
[2023-10-30T23:31:08.419+0000][3047.079s][debug][safepoint     ] Safepoint synchronization initiated. (189 threads)
[2023-10-30T23:31:08.420+0000][3047.080s][info ][safepoint     ] Application time: 1.0011825 seconds
[2023-10-30T23:31:08.421+0000][3047.081s][info ][safepoint     ] Entering safepoint region: Cleanup
[2023-10-30T23:31:08.422+0000][3047.082s][info ][safepoint     ] Leaving safepoint region
[2023-10-30T23:31:08.423+0000][3047.082s][info ][safepoint     ] Total time for which application threads were stopped: 0.0015900 seconds, Stopping threads took: 0.0007800 seconds
[2023-10-30T23:31:09.423+0000][3048.083s][debug][safepoint     ] Safepoint synchronization initiated. (189 threads)
[2023-10-30T23:31:09.425+0000][3048.084s][info ][safepoint     ] Application time: 1.0013420 seconds
[2023-10-30T23:31:09.425+0000][3048.085s][info ][safepoint     ] Entering safepoint region: Cleanup
[2023-10-30T23:31:09.426+0000][3048.086s][info ][safepoint     ] Leaving safepoint region
[2023-10-30T23:31:09.427+0000][3048.087s][info ][safepoint     ] Total time for which application threads were stopped: 0.0021230 seconds, Stopping threads took: 0.0008704 seconds
[2023-10-30T23:31:10.428+0000][3049.088s][debug][safepoint     ] Safepoint synchronization initiated. (189 threads)
[2023-10-30T23:31:10.429+0000][3049.089s][info ][safepoint     ] Application time: 1.0010347 seconds
[2023-10-30T23:31:10.429+0000][3049.089s][info ][safepoint     ] Entering safepoint region: Cleanup
[2023-10-30T23:31:10.430+0000][3049.090s][info ][safepoint     ] Leaving safepoint region
[2023-10-30T23:31:10.430+0000][3049.090s][info ][safepoint     ] Total time for which application threads were stopped: 0.0008756 seconds, Stopping threads took: 0.0003495 seconds
[2023-10-30T23:31:11.431+0000][3050.091s][debug][safepoint     ] Safepoint synchronization initiated. (189 threads)
[2023-10-30T23:31:11.432+0000][3050.091s][info ][safepoint     ] Application time: 1.0010279 seconds
[2023-10-30T23:31:11.432+0000][3050.092s][info ][safepoint     ] Entering safepoint region: Cleanup
[2023-10-30T23:31:11.433+0000][3050.093s][info ][safepoint     ] Leaving safepoint region
[2023-10-30T23:31:11.433+0000][3050.093s][info ][safepoint     ] Total time for which application threads were stopped: 0.0012577 seconds, Stopping threads took: 0.0005995 seconds
[2023-10-30T23:31:12.434+0000][3051.094s][debug][safepoint     ] Safepoint synchronization initiated. (189 threads)
[2023-10-30T23:31:12.435+0000][3051.095s][info ][safepoint     ] Application time: 1.0008769 seconds
[2023-10-30T23:31:12.435+0000][3051.095s][info ][safepoint     ] Entering safepoint region: Cleanup
[2023-10-30T23:31:12.436+0000][3051.096s][info ][safepoint     ] Leaving safepoint region
[2023-10-30T23:31:12.436+0000][3051.096s][info ][safepoint     ] Total time for which application threads were stopped: 0.0011825 seconds, Stopping threads took: 0.0005137 seconds
[2023-10-30T23:31:13.437+0000][3052.097s][debug][safepoint     ] Safepoint synchronization initiated. (189 threads)
[2023-10-30T23:31:13.438+0000][3052.098s][info ][safepoint     ] Application time: 1.0010347 seconds
[2023-10-30T23:31:13.439+0000][3052.098s][info ][safepoint     ] Entering safepoint region: Cleanup
[2023-10-30T23:31:13.439+0000][3052.099s][info ][safepoint     ] Leaving safepoint region
[2023-10-30T23:31:13.440+0000][3052.100s][info ][safepoint     ] Total time for which application threads were stopped: 0.0015732 seconds, Stopping threads took: 0.0006567 seconds
[2023-10-30T23:31:14.441+0000][3053.101s][debug][safepoint     ] Safepoint synchronization initiated. (189 threads)
[2023-10-30T23:31:14.442+0000][3053.102s][info ][safepoint     ] Application time: 1.0012024 seconds
[2023-10-30T23:31:14.443+0000][3053.103s][info ][safepoint     ] Entering safepoint region: Cleanup
[2023-10-30T23:31:14.444+0000][3053.104s][info ][safepoint     ] Leaving safepoint region
[2023-10-30T23:31:14.445+0000][3053.104s][info ][safepoint     ] Total time for which application threads were stopped: 0.0016763 seconds, Stopping threads took: 0.0007833 seconds
[2023-10-30T23:31:15.445+0000][3054.105s][debug][safepoint     ] Safepoint synchronization initiated. (189 threads)
[2023-10-30T23:31:15.446+0000][3054.106s][info ][safepoint     ] Application time: 1.0011847 seconds
[2023-10-30T23:31:15.447+0000][3054.107s][info ][safepoint     ] Entering safepoint region: Cleanup
[2023-10-30T23:31:15.448+0000][3054.108s][info ][safepoint     ] Leaving safepoint region
[2023-10-30T23:31:15.448+0000][3054.108s][info ][safepoint     ] Total time for which application threads were stopped: 0.0014466 seconds, Stopping threads took: 0.0006331 seconds
[2023-10-30T23:31:16.449+0000][3055.109s][debug][safepoint     ] Safepoint synchronization initiated. (189 threads)
[2023-10-30T23:31:16.450+0000][3055.110s][info ][safepoint     ] Application time: 1.0010463 seconds
[2023-10-30T23:31:16.451+0000][3055.111s][info ][safepoint     ] Entering safepoint region: Cleanup
[2023-10-30T23:31:16.452+0000][3055.112s][info ][safepoint     ] Leaving safepoint region
[2023-10-30T23:31:16.452+0000][3055.112s][info ][safepoint     ] Total time for which application threads were stopped: 0.0017147 seconds, Stopping threads took: 0.0006935 seconds
[2023-10-30T23:31:17.453+0000][3056.113s][debug][safepoint     ] Safepoint synchronization initiated. (189 threads)
[2023-10-30T23:31:17.454+0000][3056.114s][info ][safepoint     ] Application time: 1.0013051 seconds
[2023-10-30T23:31:17.455+0000][3056.115s][debug][safepoint     ] ... found polling page loop exception at pc = 0x00007f9349402285, stub =0x00007f9340843680
[2023-10-30T23:31:17.456+0000][3056.116s][debug][safepoint     ] Waiting for 1 thread(s) to block
[2023-10-30T23:31:17.457+0000][3056.117s][info ][safepoint     ] Entering safepoint region: Cleanup
[2023-10-30T23:31:17.458+0000][3056.118s][info ][safepoint     ] Leaving safepoint region
[2023-10-30T23:31:17.459+0000][3056.119s][info ][safepoint     ] Total time for which application threads were stopped: 0.0039173 seconds, Stopping threads took: 0.0028304 seconds
[2023-10-30T23:31:18.460+0000][3057.120s][debug][safepoint     ] Safepoint synchronization initiated. (189 threads)
[2023-10-30T23:31:18.462+0000][3057.122s][info ][safepoint     ] Application time: 1.0017990 seconds
[2023-10-30T23:31:18.463+0000][3057.123s][info ][safepoint     ] Entering safepoint region: Cleanup
[2023-10-30T23:31:18.464+0000][3057.124s][info ][safepoint     ] Leaving safepoint region
[2023-10-30T23:31:18.465+0000][3057.125s][info ][safepoint     ] Total time for which application threads were stopped: 0.0019700 seconds, Stopping threads took: 0.0008272 seconds
[2023-10-30T23:31:19.466+0000][3058.125s][debug][safepoint     ] Safepoint synchronization initiated. (189 threads)
[2023-10-30T23:31:19.466+0000][3058.126s][info ][safepoint     ] Application time: 1.0008675 seconds
[2023-10-30T23:31:19.467+0000][3058.127s][info ][safepoint     ] Entering safepoint region: Cleanup
[2023-10-30T23:31:19.468+0000][3058.128s][info ][safepoint     ] Leaving safepoint region
[2023-10-30T23:31:19.468+0000][3058.128s][info ][safepoint     ] Total time for which application threads were stopped: 0.0011724 seconds, Stopping threads took: 0.0005492 seconds
[2023-10-30T23:31:20.469+0000][3059.128s][debug][safepoint     ] Safepoint synchronization initiated. (189 threads)
[2023-10-30T23:31:20.469+0000][3059.129s][info ][safepoint     ] Application time: 1.0008025 seconds
[2023-10-30T23:31:20.470+0000][3059.130s][info ][safepoint     ] Entering safepoint region: Cleanup
[2023-10-30T23:31:20.471+0000][3059.131s][info ][safepoint     ] Leaving safepoint region
[2023-10-30T23:31:20.471+0000][3059.131s][info ][safepoint     ] Total time for which application threads were stopped: 0.0014617 seconds, Stopping threads took: 0.0006368 seconds
[2023-10-30T23:31:21.472+0000][3060.132s][debug][safepoint     ] Safepoint synchronization initiated. (189 threads)
[2023-10-30T23:31:21.473+0000][3060.133s][info ][safepoint     ] Application time: 1.0011307 seconds
[2023-10-30T23:31:21.473+0000][3060.133s][info ][safepoint     ] Entering safepoint region: Cleanup
[2023-10-30T23:31:21.474+0000][3060.134s][info ][safepoint     ] Leaving safepoint region
[2023-10-30T23:31:21.474+0000][3060.134s][info ][safepoint     ] Total time for which application threads were stopped: 0.0010202 seconds, Stopping threads took: 0.0003986 seconds
[2023-10-30T23:31:22.475+0000][3061.135s][debug][safepoint     ] Safepoint synchronization initiated. (189 threads)
[2023-10-30T23:31:22.475+0000][3061.135s][info ][safepoint     ] Application time: 1.0005757 seconds
[2023-10-30T23:31:22.476+0000][3061.135s][info ][safepoint     ] Entering safepoint region: Cleanup
[2023-10-30T23:31:22.476+0000][3061.136s][info ][safepoint     ] Leaving safepoint region
[2023-10-30T23:31:22.477+0000][3061.136s][info ][safepoint     ] Total time for which application threads were stopped: 0.0010278 seconds, Stopping threads took: 0.0003791 seconds
[2023-10-30T23:31:23.477+0000][3062.137s][debug][safepoint     ] Safepoint synchronization initiated. (189 threads)
[2023-10-30T23:31:23.478+0000][3062.138s][info ][safepoint     ] Application time: 1.0010222 seconds
[2023-10-30T23:31:23.479+0000][3062.139s][info ][safepoint     ] Entering safepoint region: Cleanup
[2023-10-30T23:31:23.480+0000][3062.140s][info ][safepoint     ] Leaving safepoint region
[2023-10-30T23:31:23.481+0000][3062.141s][info ][safepoint     ] Total time for which application threads were stopped: 0.0019711 seconds, Stopping threads took: 0.0008227 seconds
[2023-10-30T23:31:24.482+0000][3063.141s][debug][safepoint     ] Safepoint synchronization initiated. (189 threads)
[2023-10-30T23:31:24.482+0000][3063.142s][info ][safepoint     ] Application time: 1.0010422 seconds
[2023-10-30T23:31:24.483+0000][3063.143s][info ][safepoint     ] Entering safepoint region: Cleanup
[2023-10-30T23:31:24.485+0000][3063.144s][info ][safepoint     ] Leaving safepoint region
[2023-10-30T23:31:24.485+0000][3063.145s][info ][safepoint     ] Total time for which application threads were stopped: 0.0021333 seconds, Stopping threads took: 0.0007957 seconds
[2023-10-30T23:31:25.486+0000][3064.146s][debug][safepoint     ] Safepoint synchronization initiated. (189 threads)
[2023-10-30T23:31:25.487+0000][3064.147s][info ][safepoint     ] Application time: 1.0012211 seconds
[2023-10-30T23:31:25.488+0000][3064.148s][info ][safepoint     ] Entering safepoint region: Cleanup
[2023-10-30T23:31:25.489+0000][3064.149s][info ][safepoint     ] Leaving safepoint region
[2023-10-30T23:31:25.490+0000][3064.150s][info ][safepoint     ] Total time for which application threads were stopped: 0.0017431 seconds, Stopping threads took: 0.0006673 seconds
[2023-10-30T23:31:26.491+0000][3065.151s][debug][safepoint     ] Safepoint synchronization initiated. (189 threads)
[2023-10-30T23:31:26.492+0000][3065.152s][info ][safepoint     ] Application time: 1.0011685 seconds
[2023-10-30T23:31:26.492+0000][3065.152s][info ][safepoint     ] Entering safepoint region: Cleanup
[2023-10-30T23:31:26.493+0000][3065.153s][info ][safepoint     ] Leaving safepoint region
[2023-10-30T23:31:26.494+0000][3065.154s][info ][safepoint     ] Total time for which application threads were stopped: 0.0016386 seconds, Stopping threads took: 0.0007400 seconds
[2023-10-30T23:31:27.495+0000][3066.155s][debug][safepoint     ] Safepoint synchronization initiated. (189 threads)
[2023-10-30T23:31:27.495+0000][3066.155s][info ][safepoint     ] Application time: 1.0006791 seconds
[2023-10-30T23:31:27.496+0000][3066.156s][info ][safepoint     ] Entering safepoint region: Cleanup
[2023-10-30T23:31:27.497+0000][3066.156s][info ][safepoint     ] Leaving safepoint region
[2023-10-30T23:31:27.497+0000][3066.157s][info ][safepoint     ] Total time for which application threads were stopped: 0.0011401 seconds, Stopping threads took: 0.0005129 seconds
[2023-10-30T23:31:28.498+0000][3067.157s][debug][safepoint     ] Safepoint synchronization initiated. (189 threads)
[2023-10-30T23:31:28.498+0000][3067.158s][info ][safepoint     ] Application time: 1.0008464 seconds
[2023-10-30T23:31:28.499+0000][3067.159s][info ][safepoint     ] Entering safepoint region: Cleanup
[2023-10-30T23:31:28.499+0000][3067.159s][info ][safepoint     ] Leaving safepoint region
[2023-10-30T23:31:28.500+0000][3067.160s][info ][safepoint     ] Total time for which application threads were stopped: 0.0011165 seconds, Stopping threads took: 0.0004682 seconds
[2023-10-30T23:31:29.500+0000][3068.160s][debug][safepoint     ] Safepoint synchronization initiated. (189 threads)
[2023-10-30T23:31:29.501+0000][3068.161s][info ][safepoint     ] Application time: 1.0009685 seconds
[2023-10-30T23:31:29.502+0000][3068.162s][info ][safepoint     ] Entering safepoint region: Cleanup
[2023-10-30T23:31:29.502+0000][3068.162s][info ][safepoint     ] Leaving safepoint region
[2023-10-30T23:31:29.503+0000][3068.163s][info ][safepoint     ] Total time for which application threads were stopped: 0.0010823 seconds, Stopping threads took: 0.0005071 seconds
[2023-10-30T23:31:30.503+0000][3069.163s][debug][safepoint     ] Safepoint synchronization initiated. (189 threads)
[2023-10-30T23:31:30.505+0000][3069.164s][info ][safepoint     ] Application time: 1.0012880 seconds
[2023-10-30T23:31:30.506+0000][3069.165s][info ][safepoint     ] Entering safepoint region: Cleanup
[2023-10-30T23:31:30.507+0000][3069.167s][info ][safepoint     ] Leaving safepoint region
[2023-10-30T23:31:30.508+0000][3069.167s][info ][safepoint     ] Total time for which application threads were stopped: 0.0020592 seconds, Stopping threads took: 0.0008628 seconds
[2023-10-30T23:31:31.508+0000][3070.168s][debug][safepoint     ] Safepoint synchronization initiated. (189 threads)
[2023-10-30T23:31:31.509+0000][3070.169s][info ][safepoint     ] Application time: 1.0011843 seconds
[2023-10-30T23:31:31.510+0000][3070.170s][info ][safepoint     ] Entering safepoint region: Cleanup
[2023-10-30T23:31:31.511+0000][3070.171s][info ][safepoint     ] Leaving safepoint region
[2023-10-30T23:31:31.512+0000][3070.172s][info ][safepoint     ] Total time for which application threads were stopped: 0.0016491 seconds, Stopping threads took: 0.0006887 seconds
[2023-10-30T23:31:32.513+0000][3071.173s][debug][safepoint     ] Safepoint synchronization initiated. (189 threads)
[2023-10-30T23:31:32.514+0000][3071.174s][info ][safepoint     ] Application time: 1.0011914 seconds
[2023-10-30T23:31:32.514+0000][3071.174s][info ][safepoint     ] Entering safepoint region: Cleanup
[2023-10-30T23:31:32.515+0000][3071.175s][info ][safepoint     ] Leaving safepoint region
[2023-10-30T23:31:32.516+0000][3071.176s][info ][safepoint     ] Total time for which application threads were stopped: 0.0016579 seconds, Stopping threads took: 0.0006893 seconds
[2023-10-30T23:31:33.517+0000][3072.177s][debug][safepoint     ] Safepoint synchronization initiated. (189 threads)
[2023-10-30T23:31:33.517+0000][3072.177s][info ][safepoint     ] Application time: 1.0004744 seconds
[2023-10-30T23:31:33.518+0000][3072.178s][info ][safepoint     ] Entering safepoint region: Cleanup
[2023-10-30T23:31:33.518+0000][3072.178s][info ][safepoint     ] Leaving safepoint region
[2023-10-30T23:31:33.518+0000][3072.178s][info ][safepoint     ] Total time for which application threads were stopped: 0.0007774 seconds, Stopping threads took: 0.0002941 seconds
[2023-10-30T23:31:34.519+0000][3073.179s][debug][safepoint     ] Safepoint synchronization initiated. (189 threads)
[2023-10-30T23:31:34.519+0000][3073.179s][info ][safepoint     ] Application time: 1.0008760 seconds
[2023-10-30T23:31:34.520+0000][3073.180s][info ][safepoint     ] Entering safepoint region: Cleanup
[2023-10-30T23:31:34.521+0000][3073.181s][info ][safepoint     ] Leaving safepoint region
[2023-10-30T23:31:34.521+0000][3073.181s][info ][safepoint     ] Total time for which application threads were stopped: 0.0013366 seconds, Stopping threads took: 0.0005327 seconds
[2023-10-30T23:31:35.522+0000][3074.182s][debug][safepoint     ] Safepoint synchronization initiated. (189 threads)
[2023-10-30T23:31:35.523+0000][3074.183s][info ][safepoint     ] Application time: 1.0007719 seconds
[2023-10-30T23:31:35.523+0000][3074.183s][info ][safepoint     ] Entering safepoint region: Cleanup
[2023-10-30T23:31:35.524+0000][3074.184s][info ][safepoint     ] Leaving safepoint region
[2023-10-30T23:31:35.524+0000][3074.184s][info ][safepoint     ] Total time for which application threads were stopped: 0.0011384 seconds, Stopping threads took: 0.0004886 seconds
[2023-10-30T23:31:36.525+0000][3075.185s][debug][safepoint     ] Safepoint synchronization initiated. (189 threads)
[2023-10-30T23:31:36.525+0000][3075.185s][info ][safepoint     ] Application time: 1.0005770 seconds
[2023-10-30T23:31:36.526+0000][3075.186s][info ][safepoint     ] Entering safepoint region: Cleanup
[2023-10-30T23:31:36.526+0000][3075.186s][info ][safepoint     ] Leaving safepoint region
[2023-10-30T23:31:36.526+0000][3075.186s][info ][safepoint     ] Total time for which application threads were stopped: 0.0008336 seconds, Stopping threads took: 0.0003769 seconds
[2023-10-30T23:31:37.527+0000][3076.187s][debug][safepoint     ] Safepoint synchronization initiated. (189 threads)
[2023-10-30T23:31:37.528+0000][3076.188s][info ][safepoint     ] Application time: 1.0010339 seconds
[2023-10-30T23:31:37.528+0000][3076.188s][info ][safepoint     ] Entering safepoint region: Cleanup
[2023-10-30T23:31:37.529+0000][3076.189s][info ][safepoint     ] Leaving safepoint region
[2023-10-30T23:31:37.530+0000][3076.190s][info ][safepoint     ] Total time for which application threads were stopped: 0.0016944 seconds, Stopping threads took: 0.0007050 seconds
[2023-10-30T23:31:38.531+0000][3077.191s][debug][safepoint     ] Safepoint synchronization initiated. (189 threads)
[2023-10-30T23:31:38.531+0000][3077.191s][info ][safepoint     ] Application time: 1.0006750 seconds
[2023-10-30T23:31:38.532+0000][3077.192s][info ][safepoint     ] Entering safepoint region: Cleanup
[2023-10-30T23:31:38.532+0000][3077.192s][info ][safepoint     ] Leaving safepoint region
[2023-10-30T23:31:38.533+0000][3077.193s][info ][safepoint     ] Total time for which application threads were stopped: 0.0011053 seconds, Stopping threads took: 0.0004710 seconds
[2023-10-30T23:31:39.533+0000][3078.193s][debug][safepoint     ] Safepoint synchronization initiated. (189 threads)
[2023-10-30T23:31:39.534+0000][3078.194s][info ][safepoint     ] Application time: 1.0010523 seconds
[2023-10-30T23:31:39.535+0000][3078.195s][info ][safepoint     ] Entering safepoint region: Cleanup
[2023-10-30T23:31:39.536+0000][3078.196s][info ][safepoint     ] Leaving safepoint region
[2023-10-30T23:31:39.537+0000][3078.197s][info ][safepoint     ] Total time for which application threads were stopped: 0.0017656 seconds, Stopping threads took: 0.0007167 seconds
[2023-10-30T23:31:40.537+0000][3079.197s][debug][safepoint     ] Safepoint synchronization initiated. (189 threads)
[2023-10-30T23:31:40.538+0000][3079.198s][info ][safepoint     ] Application time: 1.0006960 seconds
[2023-10-30T23:31:40.539+0000][3079.198s][info ][safepoint     ] Entering safepoint region: Cleanup
[2023-10-30T23:31:40.539+0000][3079.199s][info ][safepoint     ] Leaving safepoint region
[2023-10-30T23:31:40.540+0000][3079.200s][info ][safepoint     ] Total time for which application threads were stopped: 0.0011176 seconds, Stopping threads took: 0.0004740 seconds
[2023-10-30T23:31:41.540+0000][3080.200s][debug][safepoint     ] Safepoint synchronization initiated. (189 threads)
[2023-10-30T23:31:41.541+0000][3080.201s][info ][safepoint     ] Application time: 1.0006620 seconds
[2023-10-30T23:31:41.541+0000][3080.201s][info ][safepoint     ] Entering safepoint region: Cleanup
[2023-10-30T23:31:41.542+0000][3080.202s][info ][safepoint     ] Leaving safepoint region
[2023-10-30T23:31:41.542+0000][3080.202s][info ][safepoint     ] Total time for which application threads were stopped: 0.0010816 seconds, Stopping threads took: 0.0004333 seconds
[2023-10-30T23:31:41.778+0000][3080.438s][debug][safepoint     ] Safepoint synchronization initiated. (189 threads)
[2023-10-30T23:31:41.779+0000][3080.439s][info ][safepoint     ] Application time: 0.2367985 seconds
[2023-10-30T23:31:41.780+0000][3080.440s][info ][safepoint     ] Entering safepoint region: G1CollectForAllocation
[2023-10-30T23:31:41.781+0000][3080.441s][info ][gc,start      ] GC(91) Pause Young (Prepare Mixed) (G1 Evacuation Pause)
[2023-10-30T23:31:41.782+0000][3080.442s][info ][gc,task       ] GC(91) Using 8 workers of 8 for evacuation
[2023-10-30T23:31:41.788+0000][3080.448s][info ][gc,phases     ] GC(91)   Pre Evacuate Collection Set: 0.1ms
[2023-10-30T23:31:41.788+0000][3080.448s][info ][gc,phases     ] GC(91)   Evacuate Collection Set: 2.5ms
[2023-10-30T23:31:41.789+0000][3080.449s][info ][gc,phases     ] GC(91)   Post Evacuate Collection Set: 2.6ms
[2023-10-30T23:31:41.789+0000][3080.449s][info ][gc,phases     ] GC(91)   Other: 1.5ms
[2023-10-30T23:31:41.790+0000][3080.450s][info ][gc,heap       ] GC(91) Eden regions: 150->0(18)
[2023-10-30T23:31:41.790+0000][3080.450s][info ][gc,heap       ] GC(91) Survivor regions: 2->2(19)
[2023-10-30T23:31:41.791+0000][3080.451s][info ][gc,heap       ] GC(91) Old regions: 144->144
[2023-10-30T23:31:41.791+0000][3080.451s][info ][gc,heap       ] GC(91) Humongous regions: 60->60
[2023-10-30T23:31:41.792+0000][3080.452s][info ][gc,metaspace  ] GC(91) Metaspace: 169658K(176932K)->169658K(176932K) NonClass: 150305K(155044K)->150305K(155044K) Class: 19352K(21888K)->19352K(21888K)
[2023-10-30T23:31:41.792+0000][3080.452s][info ][gc            ] GC(91) Pause Young (Prepare Mixed) (G1 Evacuation Pause) 352M->202M(411M) 10.835ms
[2023-10-30T23:31:41.792+0000][3080.452s][info ][gc,cpu        ] GC(91) User=0.03s Sys=0.00s Real=0.01s
[2023-10-30T23:31:41.793+0000][3080.453s][info ][safepoint     ] Leaving safepoint region
[2023-10-30T23:31:41.793+0000][3080.453s][info ][safepoint     ] Total time for which application threads were stopped: 0.0131928 seconds, Stopping threads took: 0.0008306 seconds
[2023-10-30T23:31:41.794+0000][3080.454s][info ][gc,stringdedup] Concurrent String Deduplication (3080.454s)
[2023-10-30T23:31:41.794+0000][3080.454s][info ][gc,stringdedup] Concurrent String Deduplication 0.0B->0.0B(0.0B) avg 54.4% (3080.454s, 3080.454s) 0.424ms
[2023-10-30T23:31:42.794+0000][3081.454s][debug][safepoint     ] Safepoint synchronization initiated. (189 threads)
[2023-10-30T23:31:42.795+0000][3081.455s][info ][safepoint     ] Application time: 1.0011450 seconds
[2023-10-30T23:31:42.796+0000][3081.456s][info ][safepoint     ] Entering safepoint region: Cleanup
[2023-10-30T23:31:42.797+0000][3081.457s][info ][safepoint     ] Leaving safepoint region
[2023-10-30T23:31:42.798+0000][3081.457s][info ][safepoint     ] Total time for which application threads were stopped: 0.0020168 seconds, Stopping threads took: 0.0010104 seconds
[2023-10-30T23:31:43.798+0000][3082.458s][debug][safepoint     ] Safepoint synchronization initiated. (189 threads)
[2023-10-30T23:31:43.799+0000][3082.459s][info ][safepoint     ] Application time: 1.0009590 seconds
[2023-10-30T23:31:43.800+0000][3082.460s][info ][safepoint     ] Entering safepoint region: Cleanup
[2023-10-30T23:31:43.801+0000][3082.461s][info ][safepoint     ] Leaving safepoint region
[2023-10-30T23:31:43.801+0000][3082.461s][info ][safepoint     ] Total time for which application threads were stopped: 0.0013703 seconds, Stopping threads took: 0.0005680 seconds
[2023-10-30T23:31:44.802+0000][3083.462s][debug][safepoint     ] Safepoint synchronization initiated. (189 threads)
[2023-10-30T23:31:44.803+0000][3083.463s][info ][safepoint     ] Application time: 1.0011529 seconds
[2023-10-30T23:31:44.804+0000][3083.464s][info ][safepoint     ] Entering safepoint region: Cleanup
[2023-10-30T23:31:44.805+0000][3083.465s][info ][safepoint     ] Leaving safepoint region
[2023-10-30T23:31:44.806+0000][3083.466s][info ][safepoint     ] Total time for which application threads were stopped: 0.0019332 seconds, Stopping threads took: 0.0009009 seconds
[2023-10-30T23:31:45.807+0000][3084.467s][debug][safepoint     ] Safepoint synchronization initiated. (189 threads)
[2023-10-30T23:31:45.808+0000][3084.468s][info ][safepoint     ] Application time: 1.0012987 seconds
[2023-10-30T23:31:45.809+0000][3084.469s][info ][safepoint     ] Entering safepoint region: Cleanup
[2023-10-30T23:31:45.810+0000][3084.470s][info ][safepoint     ] Leaving safepoint region
[2023-10-30T23:31:45.811+0000][3084.471s][info ][safepoint     ] Total time for which application threads were stopped: 0.0019836 seconds, Stopping threads took: 0.0008584 seconds
[2023-10-30T23:31:46.811+0000][3085.471s][debug][safepoint     ] Safepoint synchronization initiated. (189 threads)
[2023-10-30T23:31:46.812+0000][3085.472s][info ][safepoint     ] Application time: 1.0010290 seconds
[2023-10-30T23:31:46.813+0000][3085.473s][info ][safepoint     ] Entering safepoint region: Cleanup
[2023-10-30T23:31:46.814+0000][3085.474s][info ][safepoint     ] Leaving safepoint region
[2023-10-30T23:31:46.815+0000][3085.475s][info ][safepoint     ] Total time for which application threads were stopped: 0.0016105 seconds, Stopping threads took: 0.0006178 seconds
[2023-10-30T23:31:47.816+0000][3086.476s][debug][safepoint     ] Safepoint synchronization initiated. (189 threads)
[2023-10-30T23:31:47.816+0000][3086.476s][info ][safepoint     ] Application time: 1.0010171 seconds
[2023-10-30T23:31:47.817+0000][3086.477s][info ][safepoint     ] Entering safepoint region: Cleanup
[2023-10-30T23:31:47.818+0000][3086.478s][info ][safepoint     ] Leaving safepoint region
[2023-10-30T23:31:47.818+0000][3086.478s][info ][safepoint     ] Total time for which application threads were stopped: 0.0012536 seconds, Stopping threads took: 0.0005323 seconds
[2023-10-30T23:31:48.819+0000][3087.479s][debug][safepoint     ] Safepoint synchronization initiated. (189 threads)
[2023-10-30T23:31:48.820+0000][3087.480s][info ][safepoint     ] Application time: 1.0007830 seconds
[2023-10-30T23:31:48.820+0000][3087.480s][info ][safepoint     ] Entering safepoint region: Cleanup
[2023-10-30T23:31:48.821+0000][3087.481s][info ][safepoint     ] Leaving safepoint region
[2023-10-30T23:31:48.821+0000][3087.481s][info ][safepoint     ] Total time for which application threads were stopped: 0.0010933 seconds, Stopping threads took: 0.0004667 seconds
[2023-10-30T23:31:49.822+0000][3088.482s][debug][safepoint     ] Safepoint synchronization initiated. (189 threads)
[2023-10-30T23:31:49.823+0000][3088.483s][info ][safepoint     ] Application time: 1.0014011 seconds
[2023-10-30T23:31:49.824+0000][3088.484s][info ][safepoint     ] Entering safepoint region: Cleanup
[2023-10-30T23:31:49.825+0000][3088.485s][info ][safepoint     ] Leaving safepoint region
[2023-10-30T23:31:49.826+0000][3088.486s][info ][safepoint     ] Total time for which application threads were stopped: 0.0019453 seconds, Stopping threads took: 0.0007730 seconds
[2023-10-30T23:31:50.827+0000][3089.487s][debug][safepoint     ] Safepoint synchronization initiated. (189 threads)
[2023-10-30T23:31:50.827+0000][3089.487s][info ][safepoint     ] Application time: 1.0005908 seconds
[2023-10-30T23:31:50.828+0000][3089.488s][info ][safepoint     ] Entering safepoint region: Cleanup
[2023-10-30T23:31:50.828+0000][3089.488s][info ][safepoint     ] Leaving safepoint region
[2023-10-30T23:31:50.828+0000][3089.488s][info ][safepoint     ] Total time for which application threads were stopped: 0.0008178 seconds, Stopping threads took: 0.0003715 seconds
[2023-10-30T23:31:51.829+0000][3090.489s][debug][safepoint     ] Safepoint synchronization initiated. (189 threads)
[2023-10-30T23:31:51.830+0000][3090.489s][info ][safepoint     ] Application time: 1.0007581 seconds
[2023-10-30T23:31:51.830+0000][3090.490s][info ][safepoint     ] Entering safepoint region: Cleanup
[2023-10-30T23:31:51.831+0000][3090.491s][info ][safepoint     ] Leaving safepoint region
[2023-10-30T23:31:51.831+0000][3090.491s][info ][safepoint     ] Total time for which application threads were stopped: 0.0012366 seconds, Stopping threads took: 0.0004686 seconds
[2023-10-30T23:31:52.832+0000][3091.492s][debug][safepoint     ] Safepoint synchronization initiated. (189 threads)
[2023-10-30T23:31:52.833+0000][3091.493s][info ][safepoint     ] Application time: 1.0011119 seconds
[2023-10-30T23:31:52.833+0000][3091.493s][info ][safepoint     ] Entering safepoint region: Cleanup
[2023-10-30T23:31:52.834+0000][3091.494s][info ][safepoint     ] Leaving safepoint region
[2023-10-30T23:31:52.835+0000][3091.495s][info ][safepoint     ] Total time for which application threads were stopped: 0.0015318 seconds, Stopping threads took: 0.0006861 seconds
[2023-10-30T23:31:53.836+0000][3092.496s][debug][safepoint     ] Safepoint synchronization initiated. (189 threads)
[2023-10-30T23:31:53.836+0000][3092.496s][info ][safepoint     ] Application time: 1.0005564 seconds
[2023-10-30T23:31:53.836+0000][3092.496s][info ][safepoint     ] Entering safepoint region: Cleanup
[2023-10-30T23:31:53.837+0000][3092.497s][info ][safepoint     ] Leaving safepoint region
[2023-10-30T23:31:53.837+0000][3092.497s][info ][safepoint     ] Total time for which application threads were stopped: 0.0009507 seconds, Stopping threads took: 0.0003121 seconds
[2023-10-30T23:31:54.838+0000][3093.498s][debug][safepoint     ] Safepoint synchronization initiated. (189 threads)
[2023-10-30T23:31:54.839+0000][3093.499s][info ][safepoint     ] Application time: 1.0015075 seconds
[2023-10-30T23:31:54.840+0000][3093.500s][info ][safepoint     ] Entering safepoint region: Cleanup
[2023-10-30T23:31:54.841+0000][3093.501s][info ][safepoint     ] Leaving safepoint region
[2023-10-30T23:31:54.842+0000][3093.502s][info ][safepoint     ] Total time for which application threads were stopped: 0.0020686 seconds, Stopping threads took: 0.0009984 seconds
[2023-10-30T23:31:55.843+0000][3094.503s][debug][safepoint     ] Safepoint synchronization initiated. (189 threads)
[2023-10-30T23:31:55.844+0000][3094.504s][info ][safepoint     ] Application time: 1.0012468 seconds
[2023-10-30T23:31:55.845+0000][3094.505s][info ][safepoint     ] Entering safepoint region: Cleanup
[2023-10-30T23:31:55.846+0000][3094.506s][info ][safepoint     ] Leaving safepoint region
[2023-10-30T23:31:55.847+0000][3094.507s][info ][safepoint     ] Total time for which application threads were stopped: 0.0019376 seconds, Stopping threads took: 0.0008743 seconds
[2023-10-30T23:31:56.848+0000][3095.508s][debug][safepoint     ] Safepoint synchronization initiated. (189 threads)
[2023-10-30T23:31:56.850+0000][3095.510s][info ][safepoint     ] Application time: 1.0017602 seconds
[2023-10-30T23:31:56.851+0000][3095.511s][info ][safepoint     ] Entering safepoint region: Cleanup
[2023-10-30T23:31:56.852+0000][3095.512s][info ][safepoint     ] Leaving safepoint region
[2023-10-30T23:31:56.853+0000][3095.513s][info ][safepoint     ] Total time for which application threads were stopped: 0.0025879 seconds, Stopping threads took: 0.0011733 seconds
[2023-10-30T23:31:57.855+0000][3096.515s][debug][safepoint     ] Safepoint synchronization initiated. (189 threads)
[2023-10-30T23:31:57.856+0000][3096.516s][info ][safepoint     ] Application time: 1.0013436 seconds
[2023-10-30T23:31:57.856+0000][3096.516s][info ][safepoint     ] Entering safepoint region: Cleanup
[2023-10-30T23:31:57.858+0000][3096.518s][info ][safepoint     ] Leaving safepoint region
[2023-10-30T23:31:57.858+0000][3096.518s][info ][safepoint     ] Total time for which application threads were stopped: 0.0019254 seconds, Stopping threads took: 0.0009127 seconds
[2023-10-30T23:31:58.859+0000][3097.519s][debug][safepoint     ] Safepoint synchronization initiated. (189 threads)
[2023-10-30T23:31:58.860+0000][3097.520s][info ][safepoint     ] Application time: 1.0011265 seconds
[2023-10-30T23:31:58.861+0000][3097.521s][info ][safepoint     ] Entering safepoint region: Cleanup
[2023-10-30T23:31:58.862+0000][3097.522s][info ][safepoint     ] Leaving safepoint region
[2023-10-30T23:31:58.863+0000][3097.523s][info ][safepoint     ] Total time for which application threads were stopped: 0.0017895 seconds, Stopping threads took: 0.0008123 seconds
[2023-10-30T23:31:59.864+0000][3098.524s][debug][safepoint     ] Safepoint synchronization initiated. (189 threads)
[2023-10-30T23:31:59.865+0000][3098.525s][info ][safepoint     ] Application time: 1.0016813 seconds
[2023-10-30T23:31:59.866+0000][3098.526s][info ][safepoint     ] Entering safepoint region: Cleanup
[2023-10-30T23:31:59.868+0000][3098.528s][info ][safepoint     ] Leaving safepoint region
[2023-10-30T23:31:59.869+0000][3098.529s][info ][safepoint     ] Total time for which application threads were stopped: 0.0022881 seconds, Stopping threads took: 0.0009864 seconds
[2023-10-30T23:32:00.870+0000][3099.530s][debug][safepoint     ] Safepoint synchronization initiated. (189 threads)
[2023-10-30T23:32:00.871+0000][3099.531s][info ][safepoint     ] Application time: 1.0014334 seconds
[2023-10-30T23:32:00.872+0000][3099.532s][info ][safepoint     ] Entering safepoint region: Cleanup
[2023-10-30T23:32:00.873+0000][3099.533s][info ][safepoint     ] Leaving safepoint region
[2023-10-30T23:32:00.874+0000][3099.534s][info ][safepoint     ] Total time for which application threads were stopped: 0.0020592 seconds, Stopping threads took: 0.0008576 seconds
[2023-10-30T23:32:00.884+0000][3099.544s][debug][safepoint     ] Safepoint synchronization initiated. (189 threads)
[2023-10-30T23:32:00.885+0000][3099.545s][info ][safepoint     ] Application time: 0.0103256 seconds
[2023-10-30T23:32:00.886+0000][3099.546s][info ][safepoint     ] Entering safepoint region: G1CollectForAllocation
[2023-10-30T23:32:00.887+0000][3099.547s][info ][gc,start      ] GC(92) Pause Young (Mixed) (G1 Evacuation Pause)
[2023-10-30T23:32:00.888+0000][3099.548s][info ][gc,task       ] GC(92) Using 8 workers of 8 for evacuation
[2023-10-30T23:32:00.894+0000][3099.554s][info ][gc,phases     ] GC(92)   Pre Evacuate Collection Set: 0.1ms
[2023-10-30T23:32:00.895+0000][3099.555s][info ][gc,phases     ] GC(92)   Evacuate Collection Set: 3.4ms
[2023-10-30T23:32:00.896+0000][3099.556s][info ][gc,phases     ] GC(92)   Post Evacuate Collection Set: 2.1ms
[2023-10-30T23:32:00.896+0000][3099.556s][info ][gc,phases     ] GC(92)   Other: 2.1ms
[2023-10-30T23:32:00.897+0000][3099.557s][info ][gc,heap       ] GC(92) Eden regions: 18->0(152)
[2023-10-30T23:32:00.897+0000][3099.557s][info ][gc,heap       ] GC(92) Survivor regions: 2->2(3)
[2023-10-30T23:32:00.898+0000][3099.558s][info ][gc,heap       ] GC(92) Old regions: 144->143
[2023-10-30T23:32:00.898+0000][3099.558s][info ][gc,heap       ] GC(92) Humongous regions: 60->60
[2023-10-30T23:32:00.899+0000][3099.559s][info ][gc,metaspace  ] GC(92) Metaspace: 169658K(176932K)->169658K(176932K) NonClass: 150305K(155044K)->150305K(155044K) Class: 19352K(21888K)->19352K(21888K)
[2023-10-30T23:32:00.899+0000][3099.559s][info ][gc            ] GC(92) Pause Young (Mixed) (G1 Evacuation Pause) 220M->202M(411M) 12.626ms
[2023-10-30T23:32:00.900+0000][3099.560s][info ][gc,cpu        ] GC(92) User=0.03s Sys=0.00s Real=0.02s
[2023-10-30T23:32:00.900+0000][3099.560s][info ][safepoint     ] Leaving safepoint region
[2023-10-30T23:32:00.901+0000][3099.561s][info ][safepoint     ] Total time for which application threads were stopped: 0.0149156 seconds, Stopping threads took: 0.0008175 seconds
[2023-10-30T23:32:00.901+0000][3099.561s][info ][gc,stringdedup] Concurrent String Deduplication (3099.561s)
[2023-10-30T23:32:00.901+0000][3099.561s][info ][gc,stringdedup] Concurrent String Deduplication 0.0B->0.0B(0.0B) avg 54.4% (3099.561s, 3099.561s) 0.401ms
[2023-10-30T23:32:01.901+0000][3100.561s][debug][safepoint     ] Safepoint synchronization initiated. (189 threads)
[2023-10-30T23:32:01.902+0000][3100.562s][info ][safepoint     ] Application time: 1.0009121 seconds
[2023-10-30T23:32:01.902+0000][3100.562s][info ][safepoint     ] Entering safepoint region: Cleanup
[2023-10-30T23:32:01.903+0000][3100.563s][info ][safepoint     ] Leaving safepoint region
[2023-10-30T23:32:01.904+0000][3100.564s][info ][safepoint     ] Total time for which application threads were stopped: 0.0012691 seconds, Stopping threads took: 0.0005938 seconds
[2023-10-30T23:32:02.904+0000][3101.564s][debug][safepoint     ] Safepoint synchronization initiated. (189 threads)
[2023-10-30T23:32:02.905+0000][3101.565s][info ][safepoint     ] Application time: 1.0012600 seconds
[2023-10-30T23:32:02.906+0000][3101.566s][info ][safepoint     ] Entering safepoint region: Cleanup
[2023-10-30T23:32:02.907+0000][3101.567s][info ][safepoint     ] Leaving safepoint region
[2023-10-30T23:32:02.908+0000][3101.568s][info ][safepoint     ] Total time for which application threads were stopped: 0.0016638 seconds, Stopping threads took: 0.0006403 seconds
[2023-10-30T23:32:03.909+0000][3102.569s][debug][safepoint     ] Safepoint synchronization initiated. (189 threads)
[2023-10-30T23:32:03.909+0000][3102.569s][info ][safepoint     ] Application time: 1.0007416 seconds
[2023-10-30T23:32:03.910+0000][3102.570s][info ][safepoint     ] Entering safepoint region: Cleanup
[2023-10-30T23:32:03.912+0000][3102.571s][info ][safepoint     ] Leaving safepoint region
[2023-10-30T23:32:03.912+0000][3102.572s][info ][safepoint     ] Total time for which application threads were stopped: 0.0023324 seconds, Stopping threads took: 0.0009172 seconds
[2023-10-30T23:32:04.913+0000][3103.573s][debug][safepoint     ] Safepoint synchronization initiated. (189 threads)
[2023-10-30T23:32:04.914+0000][3103.573s][info ][safepoint     ] Application time: 1.0009309 seconds
[2023-10-30T23:32:04.914+0000][3103.574s][info ][safepoint     ] Entering safepoint region: Cleanup
[2023-10-30T23:32:04.915+0000][3103.575s][info ][safepoint     ] Leaving safepoint region
[2023-10-30T23:32:04.915+0000][3103.575s][info ][safepoint     ] Total time for which application threads were stopped: 0.0012323 seconds, Stopping threads took: 0.0005367 seconds
[2023-10-30T23:32:05.916+0000][3104.576s][debug][safepoint     ] Safepoint synchronization initiated. (189 threads)
[2023-10-30T23:32:05.917+0000][3104.577s][info ][safepoint     ] Application time: 1.0010964 seconds
[2023-10-30T23:32:05.918+0000][3104.577s][info ][safepoint     ] Entering safepoint region: Cleanup
[2023-10-30T23:32:05.918+0000][3104.578s][info ][safepoint     ] Leaving safepoint region
[2023-10-30T23:32:05.919+0000][3104.579s][info ][safepoint     ] Total time for which application threads were stopped: 0.0013679 seconds, Stopping threads took: 0.0006303 seconds
[2023-10-30T23:32:06.920+0000][3105.579s][debug][safepoint     ] Safepoint synchronization initiated. (189 threads)
[2023-10-30T23:32:06.920+0000][3105.580s][info ][safepoint     ] Application time: 1.0010314 seconds
[2023-10-30T23:32:06.921+0000][3105.581s][info ][safepoint     ] Entering safepoint region: Cleanup
[2023-10-30T23:32:06.922+0000][3105.582s][info ][safepoint     ] Leaving safepoint region
[2023-10-30T23:32:06.923+0000][3105.583s][info ][safepoint     ] Total time for which application threads were stopped: 0.0017859 seconds, Stopping threads took: 0.0008016 seconds
[2023-10-30T23:32:07.924+0000][3106.584s][debug][safepoint     ] Safepoint synchronization initiated. (189 threads)
[2023-10-30T23:32:07.924+0000][3106.584s][info ][safepoint     ] Application time: 1.0006371 seconds
[2023-10-30T23:32:07.925+0000][3106.585s][info ][safepoint     ] Entering safepoint region: Cleanup
[2023-10-30T23:32:07.925+0000][3106.585s][info ][safepoint     ] Leaving safepoint region
[2023-10-30T23:32:07.926+0000][3106.586s][info ][safepoint     ] Total time for which application threads were stopped: 0.0010965 seconds, Stopping threads took: 0.0005245 seconds
[2023-10-30T23:32:08.926+0000][3107.586s][debug][safepoint     ] Safepoint synchronization initiated. (189 threads)
[2023-10-30T23:32:08.927+0000][3107.587s][info ][safepoint     ] Application time: 1.0006393 seconds
[2023-10-30T23:32:08.927+0000][3107.587s][info ][safepoint     ] Entering safepoint region: Cleanup
[2023-10-30T23:32:08.928+0000][3107.588s][info ][safepoint     ] Leaving safepoint region
[2023-10-30T23:32:08.928+0000][3107.588s][info ][safepoint     ] Total time for which application threads were stopped: 0.0010325 seconds, Stopping threads took: 0.0003976 seconds
[2023-10-30T23:32:09.929+0000][3108.589s][debug][safepoint     ] Safepoint synchronization initiated. (189 threads)
[2023-10-30T23:32:09.929+0000][3108.589s][info ][safepoint     ] Application time: 1.0006746 seconds
[2023-10-30T23:32:09.930+0000][3108.590s][info ][safepoint     ] Entering safepoint region: Cleanup
[2023-10-30T23:32:09.930+0000][3108.590s][info ][safepoint     ] Leaving safepoint region
[2023-10-30T23:32:09.931+0000][3108.591s][info ][safepoint     ] Total time for which application threads were stopped: 0.0012112 seconds, Stopping threads took: 0.0005026 seconds
[2023-10-30T23:32:10.932+0000][3109.592s][debug][safepoint     ] Safepoint synchronization initiated. (189 threads)
[2023-10-30T23:32:10.932+0000][3109.592s][info ][safepoint     ] Application time: 1.0009725 seconds
[2023-10-30T23:32:10.933+0000][3109.593s][info ][safepoint     ] Entering safepoint region: Cleanup
[2023-10-30T23:32:10.934+0000][3109.594s][info ][safepoint     ] Leaving safepoint region
[2023-10-30T23:32:10.935+0000][3109.595s][info ][safepoint     ] Total time for which application threads were stopped: 0.0016742 seconds, Stopping threads took: 0.0007365 seconds
[2023-10-30T23:32:11.936+0000][3110.596s][debug][safepoint     ] Safepoint synchronization initiated. (189 threads)
[2023-10-30T23:32:11.937+0000][3110.597s][info ][safepoint     ] Application time: 1.0012338 seconds
[2023-10-30T23:32:11.938+0000][3110.598s][info ][safepoint     ] Entering safepoint region: Cleanup
[2023-10-30T23:32:11.939+0000][3110.599s][info ][safepoint     ] Leaving safepoint region
[2023-10-30T23:32:11.940+0000][3110.600s][info ][safepoint     ] Total time for which application threads were stopped: 0.0029600 seconds, Stopping threads took: 0.0016700 seconds
[2023-10-30T23:32:12.941+0000][3111.601s][debug][safepoint     ] Safepoint synchronization initiated. (189 threads)
[2023-10-30T23:32:12.942+0000][3111.602s][info ][safepoint     ] Application time: 1.0008396 seconds
[2023-10-30T23:32:12.942+0000][3111.602s][info ][safepoint     ] Entering safepoint region: Cleanup
[2023-10-30T23:32:12.943+0000][3111.603s][info ][safepoint     ] Leaving safepoint region
[2023-10-30T23:32:12.944+0000][3111.604s][info ][safepoint     ] Total time for which application threads were stopped: 0.0016188 seconds, Stopping threads took: 0.0006292 seconds
[2023-10-30T23:32:13.945+0000][3112.605s][debug][safepoint     ] Safepoint synchronization initiated. (189 threads)
[2023-10-30T23:32:13.945+0000][3112.606s][info ][safepoint     ] Application time: 1.0006820 seconds
[2023-10-30T23:32:13.946+0000][3112.606s][info ][safepoint     ] Entering safepoint region: Cleanup
[2023-10-30T23:32:13.947+0000][3112.607s][info ][safepoint     ] Leaving safepoint region
[2023-10-30T23:32:13.947+0000][3112.607s][info ][safepoint     ] Total time for which application threads were stopped: 0.0010649 seconds, Stopping threads took: 0.0004558 seconds
[2023-10-30T23:32:14.948+0000][3113.608s][debug][safepoint     ] Safepoint synchronization initiated. (189 threads)
[2023-10-30T23:32:14.954+0000][3113.614s][info ][safepoint     ] Application time: 1.0057878 seconds
[2023-10-30T23:32:14.959+0000][3113.619s][info ][safepoint     ] Entering safepoint region: Cleanup
[2023-10-30T23:32:14.962+0000][3113.622s][info ][safepoint     ] Leaving safepoint region
[2023-10-30T23:32:14.972+0000][3113.632s][info ][safepoint     ] Total time for which application threads were stopped: 0.0132244 seconds, Stopping threads took: 0.0028812 seconds
[2023-10-30T23:32:15.980+0000][3114.640s][debug][safepoint     ] Safepoint synchronization initiated. (189 threads)
[2023-10-30T23:32:15.981+0000][3114.641s][info ][safepoint     ] Application time: 1.0012019 seconds
[2023-10-30T23:32:15.981+0000][3114.641s][info ][safepoint     ] Entering safepoint region: Cleanup
[2023-10-30T23:32:15.982+0000][3114.642s][info ][safepoint     ] Leaving safepoint region
[2023-10-30T23:32:15.983+0000][3114.643s][info ][safepoint     ] Total time for which application threads were stopped: 0.0016364 seconds, Stopping threads took: 0.0007642 seconds
[2023-10-30T23:32:16.984+0000][3115.644s][debug][safepoint     ] Safepoint synchronization initiated. (189 threads)
[2023-10-30T23:32:16.985+0000][3115.645s][info ][safepoint     ] Application time: 1.0010686 seconds
[2023-10-30T23:32:16.986+0000][3115.646s][info ][safepoint     ] Entering safepoint region: Cleanup
[2023-10-30T23:32:16.987+0000][3115.647s][info ][safepoint     ] Leaving safepoint region
[2023-10-30T23:32:16.987+0000][3115.647s][info ][safepoint     ] Total time for which application threads were stopped: 0.0018974 seconds, Stopping threads took: 0.0007184 seconds
[2023-10-30T23:32:17.988+0000][3116.648s][debug][safepoint     ] Safepoint synchronization initiated. (189 threads)
[2023-10-30T23:32:17.989+0000][3116.649s][info ][safepoint     ] Application time: 1.0007042 seconds
[2023-10-30T23:32:17.989+0000][3116.649s][info ][safepoint     ] Entering safepoint region: Cleanup
[2023-10-30T23:32:17.990+0000][3116.650s][info ][safepoint     ] Leaving safepoint region
[2023-10-30T23:32:17.990+0000][3116.650s][info ][safepoint     ] Total time for which application threads were stopped: 0.0011887 seconds, Stopping threads took: 0.0005628 seconds
[2023-10-30T23:32:18.991+0000][3117.651s][debug][safepoint     ] Safepoint synchronization initiated. (189 threads)
[2023-10-30T23:32:18.992+0000][3117.652s][info ][safepoint     ] Application time: 1.0012730 seconds
[2023-10-30T23:32:18.993+0000][3117.653s][info ][safepoint     ] Entering safepoint region: Cleanup
[2023-10-30T23:32:18.994+0000][3117.654s][info ][safepoint     ] Leaving safepoint region
[2023-10-30T23:32:18.995+0000][3117.655s][info ][safepoint     ] Total time for which application threads were stopped: 0.0018847 seconds, Stopping threads took: 0.0008587 seconds
[2023-10-30T23:32:19.996+0000][3118.656s][debug][safepoint     ] Safepoint synchronization initiated. (189 threads)
[2023-10-30T23:32:19.997+0000][3118.657s][info ][safepoint     ] Application time: 1.0011451 seconds
[2023-10-30T23:32:19.998+0000][3118.658s][info ][safepoint     ] Entering safepoint region: Cleanup
[2023-10-30T23:32:19.999+0000][3118.659s][info ][safepoint     ] Leaving safepoint region
[2023-10-30T23:32:20.000+0000][3118.660s][info ][safepoint     ] Total time for which application threads were stopped: 0.0020098 seconds, Stopping threads took: 0.0008043 seconds
[2023-10-30T23:32:21.001+0000][3119.661s][debug][safepoint     ] Safepoint synchronization initiated. (189 threads)
[2023-10-30T23:32:21.002+0000][3119.662s][info ][safepoint     ] Application time: 1.0015577 seconds
[2023-10-30T23:32:21.003+0000][3119.663s][info ][safepoint     ] Entering safepoint region: Cleanup
[2023-10-30T23:32:21.005+0000][3119.665s][info ][safepoint     ] Leaving safepoint region
[2023-10-30T23:32:21.006+0000][3119.666s][info ][safepoint     ] Total time for which application threads were stopped: 0.0024822 seconds, Stopping threads took: 0.0011210 seconds
[2023-10-30T23:32:22.007+0000][3120.667s][debug][safepoint     ] Safepoint synchronization initiated. (189 threads)
[2023-10-30T23:32:22.008+0000][3120.668s][info ][safepoint     ] Application time: 1.0011673 seconds
[2023-10-30T23:32:22.008+0000][3120.668s][info ][safepoint     ] Entering safepoint region: Cleanup
[2023-10-30T23:32:22.009+0000][3120.669s][info ][safepoint     ] Leaving safepoint region
[2023-10-30T23:32:22.010+0000][3120.670s][info ][safepoint     ] Total time for which application threads were stopped: 0.0016191 seconds, Stopping threads took: 0.0006077 seconds
[2023-10-30T23:32:23.011+0000][3121.671s][debug][safepoint     ] Safepoint synchronization initiated. (189 threads)
[2023-10-30T23:32:23.012+0000][3121.672s][info ][safepoint     ] Application time: 1.0009908 seconds
[2023-10-30T23:32:23.012+0000][3121.672s][info ][safepoint     ] Entering safepoint region: Cleanup
[2023-10-30T23:32:23.013+0000][3121.673s][info ][safepoint     ] Leaving safepoint region
[2023-10-30T23:32:23.014+0000][3121.674s][info ][safepoint     ] Total time for which application threads were stopped: 0.0013597 seconds, Stopping threads took: 0.0005366 seconds
[2023-10-30T23:32:24.015+0000][3122.674s][debug][safepoint     ] Safepoint synchronization initiated. (189 threads)
[2023-10-30T23:32:24.015+0000][3122.675s][info ][safepoint     ] Application time: 1.0005494 seconds
[2023-10-30T23:32:24.015+0000][3122.675s][info ][safepoint     ] Entering safepoint region: Cleanup
[2023-10-30T23:32:24.016+0000][3122.675s][info ][safepoint     ] Leaving safepoint region
[2023-10-30T23:32:24.016+0000][3122.676s][info ][safepoint     ] Total time for which application threads were stopped: 0.0008389 seconds, Stopping threads took: 0.0003385 seconds
[2023-10-30T23:32:25.017+0000][3123.676s][debug][safepoint     ] Safepoint synchronization initiated. (189 threads)
[2023-10-30T23:32:25.017+0000][3123.677s][info ][safepoint     ] Application time: 1.0006061 seconds
[2023-10-30T23:32:25.018+0000][3123.677s][info ][safepoint     ] Entering safepoint region: Cleanup
[2023-10-30T23:32:25.018+0000][3123.678s][info ][safepoint     ] Leaving safepoint region
[2023-10-30T23:32:25.019+0000][3123.678s][info ][safepoint     ] Total time for which application threads were stopped: 0.0012153 seconds, Stopping threads took: 0.0004428 seconds
[2023-10-30T23:32:26.019+0000][3124.679s][debug][safepoint     ] Safepoint synchronization initiated. (189 threads)
[2023-10-30T23:32:26.020+0000][3124.680s][info ][safepoint     ] Application time: 1.0009428 seconds
[2023-10-30T23:32:26.021+0000][3124.681s][info ][safepoint     ] Entering safepoint region: Cleanup
[2023-10-30T23:32:26.022+0000][3124.682s][info ][safepoint     ] Leaving safepoint region
[2023-10-30T23:32:26.023+0000][3124.682s][info ][safepoint     ] Total time for which application threads were stopped: 0.0016722 seconds, Stopping threads took: 0.0006865 seconds
[2023-10-30T23:32:27.023+0000][3125.683s][debug][safepoint     ] Safepoint synchronization initiated. (189 threads)
[2023-10-30T23:32:27.025+0000][3125.684s][info ][safepoint     ] Application time: 1.0013693 seconds
[2023-10-30T23:32:27.026+0000][3125.685s][info ][safepoint     ] Entering safepoint region: Cleanup
[2023-10-30T23:32:27.027+0000][3125.686s][info ][safepoint     ] Leaving safepoint region
[2023-10-30T23:32:27.028+0000][3125.687s][info ][safepoint     ] Total time for which application threads were stopped: 0.0021598 seconds, Stopping threads took: 0.0009696 seconds
[2023-10-30T23:32:28.029+0000][3126.688s][debug][safepoint     ] Safepoint synchronization initiated. (189 threads)
[2023-10-30T23:32:28.029+0000][3126.689s][info ][safepoint     ] Application time: 1.0008534 seconds
[2023-10-30T23:32:28.030+0000][3126.690s][info ][safepoint     ] Entering safepoint region: Cleanup
[2023-10-30T23:32:28.031+0000][3126.690s][info ][safepoint     ] Leaving safepoint region
[2023-10-30T23:32:28.031+0000][3126.691s][info ][safepoint     ] Total time for which application threads were stopped: 0.0012637 seconds, Stopping threads took: 0.0005751 seconds
[2023-10-30T23:32:29.032+0000][3127.691s][debug][safepoint     ] Safepoint synchronization initiated. (189 threads)
[2023-10-30T23:32:29.033+0000][3127.692s][info ][safepoint     ] Application time: 1.0009433 seconds
[2023-10-30T23:32:29.033+0000][3127.693s][info ][safepoint     ] Entering safepoint region: Cleanup
[2023-10-30T23:32:29.034+0000][3127.694s][info ][safepoint     ] Leaving safepoint region
[2023-10-30T23:32:29.035+0000][3127.694s][info ][safepoint     ] Total time for which application threads were stopped: 0.0015253 seconds, Stopping threads took: 0.0006651 seconds
[2023-10-30T23:32:30.036+0000][3128.695s][debug][safepoint     ] Safepoint synchronization initiated. (189 threads)
[2023-10-30T23:32:30.037+0000][3128.697s][info ][safepoint     ] Application time: 1.0016157 seconds
[2023-10-30T23:32:30.038+0000][3128.698s][info ][safepoint     ] Entering safepoint region: Cleanup
[2023-10-30T23:32:30.040+0000][3128.699s][info ][safepoint     ] Leaving safepoint region
[2023-10-30T23:32:30.041+0000][3128.700s][info ][safepoint     ] Total time for which application threads were stopped: 0.0024393 seconds, Stopping threads took: 0.0009734 seconds
[2023-10-30T23:32:31.042+0000][3129.701s][debug][safepoint     ] Safepoint synchronization initiated. (189 threads)
[2023-10-30T23:32:31.043+0000][3129.702s][info ][safepoint     ] Application time: 1.0011413 seconds
[2023-10-30T23:32:31.043+0000][3129.703s][info ][safepoint     ] Entering safepoint region: Cleanup
[2023-10-30T23:32:31.044+0000][3129.704s][info ][safepoint     ] Leaving safepoint region
[2023-10-30T23:32:31.045+0000][3129.705s][info ][safepoint     ] Total time for which application threads were stopped: 0.0016404 seconds, Stopping threads took: 0.0007365 seconds
[2023-10-30T23:32:32.046+0000][3130.705s][debug][safepoint     ] Safepoint synchronization initiated. (189 threads)
[2023-10-30T23:32:32.046+0000][3130.706s][info ][safepoint     ] Application time: 1.0007325 seconds
[2023-10-30T23:32:32.047+0000][3130.707s][info ][safepoint     ] Entering safepoint region: Cleanup
[2023-10-30T23:32:32.048+0000][3130.708s][info ][safepoint     ] Leaving safepoint region
[2023-10-30T23:32:32.048+0000][3130.708s][info ][safepoint     ] Total time for which application threads were stopped: 0.0014615 seconds, Stopping threads took: 0.0003688 seconds
[2023-10-30T23:32:33.049+0000][3131.708s][debug][safepoint     ] Safepoint synchronization initiated. (189 threads)
[2023-10-30T23:32:33.049+0000][3131.709s][info ][safepoint     ] Application time: 1.0005838 seconds
[2023-10-30T23:32:33.050+0000][3131.709s][info ][safepoint     ] Entering safepoint region: Cleanup
[2023-10-30T23:32:33.050+0000][3131.710s][info ][safepoint     ] Leaving safepoint region
[2023-10-30T23:32:33.050+0000][3131.710s][info ][safepoint     ] Total time for which application threads were stopped: 0.0008745 seconds, Stopping threads took: 0.0003541 seconds
[2023-10-30T23:32:34.051+0000][3132.710s][debug][safepoint     ] Safepoint synchronization initiated. (189 threads)
[2023-10-30T23:32:34.051+0000][3132.711s][info ][safepoint     ] Application time: 1.0005398 seconds
[2023-10-30T23:32:34.051+0000][3132.711s][info ][safepoint     ] Entering safepoint region: Cleanup
[2023-10-30T23:32:34.052+0000][3132.712s][info ][safepoint     ] Leaving safepoint region
[2023-10-30T23:32:34.052+0000][3132.712s][info ][safepoint     ] Total time for which application threads were stopped: 0.0008357 seconds, Stopping threads took: 0.0003843 seconds
[2023-10-30T23:32:35.053+0000][3133.712s][debug][safepoint     ] Safepoint synchronization initiated. (189 threads)
[2023-10-30T23:32:35.054+0000][3133.713s][info ][safepoint     ] Application time: 1.0010663 seconds
[2023-10-30T23:32:35.054+0000][3133.714s][info ][safepoint     ] Entering safepoint region: Cleanup
[2023-10-30T23:32:35.056+0000][3133.715s][info ][safepoint     ] Leaving safepoint region
[2023-10-30T23:32:35.056+0000][3133.716s][info ][safepoint     ] Total time for which application threads were stopped: 0.0019116 seconds, Stopping threads took: 0.0008481 seconds
[2023-10-30T23:32:36.057+0000][3134.717s][debug][safepoint     ] Safepoint synchronization initiated. (189 threads)
[2023-10-30T23:32:36.058+0000][3134.717s][info ][safepoint     ] Application time: 1.0006401 seconds
[2023-10-30T23:32:36.058+0000][3134.718s][info ][safepoint     ] Entering safepoint region: Cleanup
[2023-10-30T23:32:36.059+0000][3134.718s][info ][safepoint     ] Leaving safepoint region
[2023-10-30T23:32:36.059+0000][3134.719s][info ][safepoint     ] Total time for which application threads were stopped: 0.0011567 seconds, Stopping threads took: 0.0005428 seconds
[2023-10-30T23:32:37.060+0000][3135.719s][debug][safepoint     ] Safepoint synchronization initiated. (189 threads)
[2023-10-30T23:32:37.061+0000][3135.720s][info ][safepoint     ] Application time: 1.0009608 seconds
[2023-10-30T23:32:37.061+0000][3135.721s][info ][safepoint     ] Entering safepoint region: Cleanup
[2023-10-30T23:32:37.062+0000][3135.722s][info ][safepoint     ] Leaving safepoint region
[2023-10-30T23:32:37.062+0000][3135.722s][info ][safepoint     ] Total time for which application threads were stopped: 0.0013205 seconds, Stopping threads took: 0.0006157 seconds
[2023-10-30T23:32:38.063+0000][3136.723s][debug][safepoint     ] Safepoint synchronization initiated. (189 threads)
[2023-10-30T23:32:38.064+0000][3136.723s][info ][safepoint     ] Application time: 1.0009672 seconds
[2023-10-30T23:32:38.064+0000][3136.724s][info ][safepoint     ] Entering safepoint region: Cleanup
[2023-10-30T23:32:38.065+0000][3136.725s][info ][safepoint     ] Leaving safepoint region
[2023-10-30T23:32:38.066+0000][3136.725s][info ][safepoint     ] Total time for which application threads were stopped: 0.0014006 seconds, Stopping threads took: 0.0005668 seconds
[2023-10-30T23:32:39.066+0000][3137.726s][debug][safepoint     ] Safepoint synchronization initiated. (189 threads)
[2023-10-30T23:32:39.067+0000][3137.727s][info ][safepoint     ] Application time: 1.0012471 seconds
[2023-10-30T23:32:39.068+0000][3137.728s][info ][safepoint     ] Entering safepoint region: Cleanup
[2023-10-30T23:32:39.070+0000][3137.729s][info ][safepoint     ] Leaving safepoint region
[2023-10-30T23:32:39.070+0000][3137.730s][info ][safepoint     ] Total time for which application threads were stopped: 0.0021730 seconds, Stopping threads took: 0.0010479 seconds
[2023-10-30T23:32:40.071+0000][3138.731s][debug][safepoint     ] Safepoint synchronization initiated. (189 threads)
[2023-10-30T23:32:40.072+0000][3138.732s][info ][safepoint     ] Application time: 1.0007611 seconds
[2023-10-30T23:32:40.073+0000][3138.732s][info ][safepoint     ] Entering safepoint region: Cleanup
[2023-10-30T23:32:40.073+0000][3138.733s][info ][safepoint     ] Leaving safepoint region
[2023-10-30T23:32:40.074+0000][3138.733s][info ][safepoint     ] Total time for which application threads were stopped: 0.0011832 seconds, Stopping threads took: 0.0005307 seconds
[2023-10-30T23:32:41.075+0000][3139.734s][debug][safepoint     ] Safepoint synchronization initiated. (189 threads)
[2023-10-30T23:32:41.076+0000][3139.735s][info ][safepoint     ] Application time: 1.0013759 seconds
[2023-10-30T23:32:41.077+0000][3139.736s][info ][safepoint     ] Entering safepoint region: Cleanup
[2023-10-30T23:32:41.078+0000][3139.738s][info ][safepoint     ] Leaving safepoint region
[2023-10-30T23:32:41.079+0000][3139.738s][info ][safepoint     ] Total time for which application threads were stopped: 0.0021787 seconds, Stopping threads took: 0.0010397 seconds
[2023-10-30T23:32:42.080+0000][3140.739s][debug][safepoint     ] Safepoint synchronization initiated. (189 threads)
[2023-10-30T23:32:42.081+0000][3140.740s][info ][safepoint     ] Application time: 1.0013437 seconds
[2023-10-30T23:32:42.082+0000][3140.741s][info ][safepoint     ] Entering safepoint region: Cleanup
[2023-10-30T23:32:42.083+0000][3140.743s][info ][safepoint     ] Leaving safepoint region
[2023-10-30T23:32:42.084+0000][3140.743s][info ][safepoint     ] Total time for which application threads were stopped: 0.0021990 seconds, Stopping threads took: 0.0010742 seconds
[2023-10-30T23:32:43.085+0000][3141.744s][debug][safepoint     ] Safepoint synchronization initiated. (189 threads)
[2023-10-30T23:32:43.085+0000][3141.745s][info ][safepoint     ] Application time: 1.0007189 seconds
[2023-10-30T23:32:43.086+0000][3141.745s][info ][safepoint     ] Entering safepoint region: Cleanup
[2023-10-30T23:32:43.086+0000][3141.746s][info ][safepoint     ] Leaving safepoint region
[2023-10-30T23:32:43.087+0000][3141.746s][info ][safepoint     ] Total time for which application threads were stopped: 0.0010167 seconds, Stopping threads took: 0.0003562 seconds
[2023-10-30T23:32:44.087+0000][3142.747s][debug][safepoint     ] Safepoint synchronization initiated. (189 threads)
[2023-10-30T23:32:44.088+0000][3142.747s][info ][safepoint     ] Application time: 1.0005904 seconds
[2023-10-30T23:32:44.088+0000][3142.748s][info ][safepoint     ] Entering safepoint region: Cleanup
[2023-10-30T23:32:44.088+0000][3142.748s][info ][safepoint     ] Leaving safepoint region
[2023-10-30T23:32:44.089+0000][3142.748s][info ][safepoint     ] Total time for which application threads were stopped: 0.0008983 seconds, Stopping threads took: 0.0003770 seconds
[2023-10-30T23:32:45.089+0000][3143.749s][debug][safepoint     ] Safepoint synchronization initiated. (189 threads)
[2023-10-30T23:32:45.090+0000][3143.750s][info ][safepoint     ] Application time: 1.0013297 seconds
[2023-10-30T23:32:45.091+0000][3143.751s][info ][safepoint     ] Entering safepoint region: Cleanup
[2023-10-30T23:32:45.092+0000][3143.752s][info ][safepoint     ] Leaving safepoint region
[2023-10-30T23:32:45.093+0000][3143.753s][info ][safepoint     ] Total time for which application threads were stopped: 0.0018332 seconds, Stopping threads took: 0.0007987 seconds
[2023-10-30T23:32:46.094+0000][3144.754s][debug][safepoint     ] Safepoint synchronization initiated. (189 threads)
[2023-10-30T23:32:46.095+0000][3144.755s][info ][safepoint     ] Application time: 1.0008520 seconds
[2023-10-30T23:32:46.095+0000][3144.755s][info ][safepoint     ] Entering safepoint region: Cleanup
[2023-10-30T23:32:46.096+0000][3144.756s][info ][safepoint     ] Leaving safepoint region
[2023-10-30T23:32:46.096+0000][3144.756s][info ][safepoint     ] Total time for which application threads were stopped: 0.0009917 seconds, Stopping threads took: 0.0004285 seconds
[2023-10-30T23:32:47.097+0000][3145.757s][debug][safepoint     ] Safepoint synchronization initiated. (189 threads)
[2023-10-30T23:32:47.098+0000][3145.758s][info ][safepoint     ] Application time: 1.0013166 seconds
[2023-10-30T23:32:47.099+0000][3145.759s][info ][safepoint     ] Entering safepoint region: Cleanup
[2023-10-30T23:32:47.100+0000][3145.760s][info ][safepoint     ] Leaving safepoint region
[2023-10-30T23:32:47.101+0000][3145.761s][info ][safepoint     ] Total time for which application threads were stopped: 0.0018674 seconds, Stopping threads took: 0.0007169 seconds
[2023-10-30T23:32:48.102+0000][3146.762s][debug][safepoint     ] Safepoint synchronization initiated. (189 threads)
[2023-10-30T23:32:48.103+0000][3146.763s][info ][safepoint     ] Application time: 1.0013223 seconds
[2023-10-30T23:32:48.104+0000][3146.764s][info ][safepoint     ] Entering safepoint region: Cleanup
[2023-10-30T23:32:48.105+0000][3146.765s][info ][safepoint     ] Leaving safepoint region
[2023-10-30T23:32:48.106+0000][3146.765s][info ][safepoint     ] Total time for which application threads were stopped: 0.0019502 seconds, Stopping threads took: 0.0008314 seconds
[2023-10-30T23:32:49.107+0000][3147.767s][debug][safepoint     ] Safepoint synchronization initiated. (189 threads)
[2023-10-30T23:32:49.108+0000][3147.768s][info ][safepoint     ] Application time: 1.0013896 seconds
[2023-10-30T23:32:49.109+0000][3147.769s][info ][safepoint     ] Entering safepoint region: Cleanup
[2023-10-30T23:32:49.110+0000][3147.770s][info ][safepoint     ] Leaving safepoint region
[2023-10-30T23:32:49.111+0000][3147.771s][info ][safepoint     ] Total time for which application threads were stopped: 0.0022365 seconds, Stopping threads took: 0.0011527 seconds
[2023-10-30T23:32:49.110+0000][3147.770s][debug][safepoint     ] ... found polling page return exception at pc = 0x00007f93492e2b44, stub =0x00007f9340840600
[2023-10-30T23:32:49.110+0000][3147.770s][debug][safepoint     ] ... found polling page return exception at pc = 0x00007f93492e2b44, stub =0x00007f9340840600
[2023-10-30T23:32:49.110+0000][3147.770s][debug][safepoint     ] ... found polling page return exception at pc = 0x00007f93492e2b44, stub =0x00007f9340840600
[2023-10-30T23:32:49.110+0000][3147.770s][debug][safepoint     ] ... found polling page return exception at pc = 0x00007f93492e2b44, stub =0x00007f9340840600
[2023-10-30T23:32:49.110+0000][3147.770s][debug][safepoint     ] ... found polling page return exception at pc = 0x00007f93492e2b44, stub =0x00007f9340840600
[2023-10-30T23:32:49.110+0000][3147.770s][debug][safepoint     ] ... found polling page return exception at pc = 0x00007f93492e2b44, stub =0x00007f9340840600
[2023-10-30T23:32:50.112+0000][3148.772s][debug][safepoint     ] Safepoint synchronization initiated. (189 threads)
[2023-10-30T23:32:50.113+0000][3148.772s][info ][safepoint     ] Application time: 1.0010266 seconds
[2023-10-30T23:32:50.113+0000][3148.773s][info ][safepoint     ] Entering safepoint region: Cleanup
[2023-10-30T23:32:50.114+0000][3148.774s][info ][safepoint     ] Leaving safepoint region
[2023-10-30T23:32:50.115+0000][3148.774s][info ][safepoint     ] Total time for which application threads were stopped: 0.0012705 seconds, Stopping threads took: 0.0005531 seconds
[2023-10-30T23:32:51.115+0000][3149.775s][debug][safepoint     ] Safepoint synchronization initiated. (189 threads)
[2023-10-30T23:32:51.116+0000][3149.776s][info ][safepoint     ] Application time: 1.0008839 seconds
[2023-10-30T23:32:51.117+0000][3149.776s][info ][safepoint     ] Entering safepoint region: Cleanup
[2023-10-30T23:32:51.117+0000][3149.777s][info ][safepoint     ] Leaving safepoint region
[2023-10-30T23:32:51.118+0000][3149.777s][info ][safepoint     ] Total time for which application threads were stopped: 0.0012224 seconds, Stopping threads took: 0.0004654 seconds
[2023-10-30T23:32:52.118+0000][3150.778s][debug][safepoint     ] Safepoint synchronization initiated. (189 threads)
[2023-10-30T23:32:52.119+0000][3150.779s][info ][safepoint     ] Application time: 1.0006796 seconds
[2023-10-30T23:32:52.119+0000][3150.779s][info ][safepoint     ] Entering safepoint region: Cleanup
[2023-10-30T23:32:52.120+0000][3150.780s][info ][safepoint     ] Leaving safepoint region
[2023-10-30T23:32:52.120+0000][3150.780s][info ][safepoint     ] Total time for which application threads were stopped: 0.0010645 seconds, Stopping threads took: 0.0005452 seconds
[2023-10-30T23:32:53.121+0000][3151.781s][debug][safepoint     ] Safepoint synchronization initiated. (189 threads)
[2023-10-30T23:32:53.122+0000][3151.782s][info ][safepoint     ] Application time: 1.0012103 seconds
[2023-10-30T23:32:53.123+0000][3151.783s][info ][safepoint     ] Entering safepoint region: Cleanup
[2023-10-30T23:32:53.124+0000][3151.784s][info ][safepoint     ] Leaving safepoint region
[2023-10-30T23:32:53.125+0000][3151.784s][info ][safepoint     ] Total time for which application threads were stopped: 0.0018607 seconds, Stopping threads took: 0.0008184 seconds
[2023-10-30T23:32:54.125+0000][3152.785s][debug][safepoint     ] Safepoint synchronization initiated. (189 threads)
[2023-10-30T23:32:54.126+0000][3152.786s][info ][safepoint     ] Application time: 1.0009128 seconds
[2023-10-30T23:32:54.127+0000][3152.787s][info ][safepoint     ] Entering safepoint region: Cleanup
[2023-10-30T23:32:54.128+0000][3152.788s][info ][safepoint     ] Leaving safepoint region
[2023-10-30T23:32:54.128+0000][3152.788s][info ][safepoint     ] Total time for which application threads were stopped: 0.0013974 seconds, Stopping threads took: 0.0006951 seconds
[2023-10-30T23:32:55.129+0000][3153.789s][debug][safepoint     ] Safepoint synchronization initiated. (189 threads)
[2023-10-30T23:32:55.129+0000][3153.789s][info ][safepoint     ] Application time: 1.0007701 seconds
[2023-10-30T23:32:55.130+0000][3153.790s][info ][safepoint     ] Entering safepoint region: Cleanup
[2023-10-30T23:32:55.131+0000][3153.790s][info ][safepoint     ] Leaving safepoint region
[2023-10-30T23:32:55.131+0000][3153.791s][info ][safepoint     ] Total time for which application threads were stopped: 0.0011809 seconds, Stopping threads took: 0.0004582 seconds
[2023-10-30T23:32:56.132+0000][3154.792s][debug][safepoint     ] Safepoint synchronization initiated. (189 threads)
[2023-10-30T23:32:56.132+0000][3154.792s][info ][safepoint     ] Application time: 1.0006613 seconds
[2023-10-30T23:32:56.133+0000][3154.792s][info ][safepoint     ] Entering safepoint region: Cleanup
[2023-10-30T23:32:56.133+0000][3154.793s][info ][safepoint     ] Leaving safepoint region
[2023-10-30T23:32:56.134+0000][3154.793s][info ][safepoint     ] Total time for which application threads were stopped: 0.0010497 seconds, Stopping threads took: 0.0003858 seconds
[2023-10-30T23:32:57.134+0000][3155.794s][debug][safepoint     ] Safepoint synchronization initiated. (189 threads)
[2023-10-30T23:32:57.135+0000][3155.794s][info ][safepoint     ] Application time: 1.0005709 seconds
[2023-10-30T23:32:57.135+0000][3155.795s][info ][safepoint     ] Entering safepoint region: Cleanup
[2023-10-30T23:32:57.135+0000][3155.795s][info ][safepoint     ] Leaving safepoint region
[2023-10-30T23:32:57.136+0000][3155.796s][info ][safepoint     ] Total time for which application threads were stopped: 0.0010111 seconds, Stopping threads took: 0.0003922 seconds
[2023-10-30T23:32:58.136+0000][3156.796s][debug][safepoint     ] Safepoint synchronization initiated. (189 threads)
[2023-10-30T23:32:58.137+0000][3156.797s][info ][safepoint     ] Application time: 1.0008752 seconds
[2023-10-30T23:32:58.138+0000][3156.798s][info ][safepoint     ] Entering safepoint region: Cleanup
[2023-10-30T23:32:58.139+0000][3156.799s][info ][safepoint     ] Leaving safepoint region
[2023-10-30T23:32:58.139+0000][3156.799s][info ][safepoint     ] Total time for which application threads were stopped: 0.0015445 seconds, Stopping threads took: 0.0006325 seconds
[2023-10-30T23:32:59.140+0000][3157.800s][debug][safepoint     ] Safepoint synchronization initiated. (189 threads)
[2023-10-30T23:32:59.141+0000][3157.801s][info ][safepoint     ] Application time: 1.0011451 seconds
[2023-10-30T23:32:59.142+0000][3157.802s][info ][safepoint     ] Entering safepoint region: Cleanup
[2023-10-30T23:32:59.143+0000][3157.803s][info ][safepoint     ] Leaving safepoint region
[2023-10-30T23:32:59.144+0000][3157.804s][info ][safepoint     ] Total time for which application threads were stopped: 0.0018287 seconds, Stopping threads took: 0.0007604 seconds
[2023-10-30T23:32:59.143+0000][3157.803s][debug][safepoint     ] ... found polling page return exception at pc = 0x00007f93492e2b44, stub =0x00007f9340840600
[2023-10-30T23:32:59.143+0000][3157.803s][debug][safepoint     ] ... found polling page return exception at pc = 0x00007f93492e2b44, stub =0x00007f9340840600
[2023-10-30T23:32:59.143+0000][3157.803s][debug][safepoint     ] ... found polling page return exception at pc = 0x00007f93492e2b44, stub =0x00007f9340840600
[2023-10-30T23:32:59.143+0000][3157.803s][debug][safepoint     ] ... found polling page return exception at pc = 0x00007f93492e2b44, stub =0x00007f9340840600
[2023-10-30T23:32:59.143+0000][3157.803s][debug][safepoint     ] ... found polling page return exception at pc = 0x00007f93492e2b44, stub =0x00007f9340840600
[2023-10-30T23:33:00.145+0000][3158.805s][debug][safepoint     ] Safepoint synchronization initiated. (189 threads)
[2023-10-30T23:33:00.146+0000][3158.806s][info ][safepoint     ] Application time: 1.0012563 seconds
[2023-10-30T23:33:00.147+0000][3158.807s][info ][safepoint     ] Entering safepoint region: Cleanup
[2023-10-30T23:33:00.148+0000][3158.808s][info ][safepoint     ] Leaving safepoint region
[2023-10-30T23:33:00.149+0000][3158.809s][info ][safepoint     ] Total time for which application threads were stopped: 0.0020688 seconds, Stopping threads took: 0.0007506 seconds
[2023-10-30T23:33:01.150+0000][3159.810s][debug][safepoint     ] Safepoint synchronization initiated. (189 threads)
[2023-10-30T23:33:01.150+0000][3159.810s][info ][safepoint     ] Application time: 1.0009149 seconds
[2023-10-30T23:33:01.151+0000][3159.811s][info ][safepoint     ] Entering safepoint region: Cleanup
[2023-10-30T23:33:01.152+0000][3159.812s][info ][safepoint     ] Leaving safepoint region
[2023-10-30T23:33:01.152+0000][3159.812s][info ][safepoint     ] Total time for which application threads were stopped: 0.0013758 seconds, Stopping threads took: 0.0006517 seconds
[2023-10-30T23:33:02.153+0000][3160.813s][debug][safepoint     ] Safepoint synchronization initiated. (189 threads)
[2023-10-30T23:33:02.154+0000][3160.814s][info ][safepoint     ] Application time: 1.0011858 seconds
[2023-10-30T23:33:02.155+0000][3160.815s][info ][safepoint     ] Entering safepoint region: Cleanup
[2023-10-30T23:33:02.156+0000][3160.816s][info ][safepoint     ] Leaving safepoint region
[2023-10-30T23:33:02.157+0000][3160.817s][info ][safepoint     ] Total time for which application threads were stopped: 0.0019540 seconds, Stopping threads took: 0.0008724 seconds
[2023-10-30T23:33:03.158+0000][3161.818s][debug][safepoint     ] Safepoint synchronization initiated. (188 threads)
[2023-10-30T23:33:03.158+0000][3161.818s][info ][safepoint     ] Application time: 1.0005602 seconds
[2023-10-30T23:33:03.159+0000][3161.819s][info ][safepoint     ] Entering safepoint region: Cleanup
[2023-10-30T23:33:03.159+0000][3161.819s][info ][safepoint     ] Leaving safepoint region
[2023-10-30T23:33:03.159+0000][3161.819s][info ][safepoint     ] Total time for which application threads were stopped: 0.0007946 seconds, Stopping threads took: 0.0003548 seconds
[2023-10-30T23:33:04.160+0000][3162.820s][debug][safepoint     ] Safepoint synchronization initiated. (188 threads)
[2023-10-30T23:33:04.161+0000][3162.821s][info ][safepoint     ] Application time: 1.0010949 seconds
[2023-10-30T23:33:04.162+0000][3162.822s][info ][safepoint     ] Entering safepoint region: Cleanup
[2023-10-30T23:33:04.163+0000][3162.823s][info ][safepoint     ] Leaving safepoint region
[2023-10-30T23:33:04.163+0000][3162.823s][info ][safepoint     ] Total time for which application threads were stopped: 0.0018315 seconds, Stopping threads took: 0.0008776 seconds
[2023-10-30T23:33:05.164+0000][3163.824s][debug][safepoint     ] Safepoint synchronization initiated. (188 threads)
[2023-10-30T23:33:05.165+0000][3163.825s][info ][safepoint     ] Application time: 1.0008099 seconds
[2023-10-30T23:33:05.165+0000][3163.825s][info ][safepoint     ] Entering safepoint region: Cleanup
[2023-10-30T23:33:05.166+0000][3163.826s][info ][safepoint     ] Leaving safepoint region
[2023-10-30T23:33:05.167+0000][3163.827s][info ][safepoint     ] Total time for which application threads were stopped: 0.0013494 seconds, Stopping threads took: 0.0006788 seconds
[2023-10-30T23:33:06.167+0000][3164.827s][debug][safepoint     ] Safepoint synchronization initiated. (188 threads)
[2023-10-30T23:33:06.168+0000][3164.828s][info ][safepoint     ] Application time: 1.0007144 seconds
[2023-10-30T23:33:06.168+0000][3164.828s][info ][safepoint     ] Entering safepoint region: Cleanup
[2023-10-30T23:33:06.169+0000][3164.829s][info ][safepoint     ] Leaving safepoint region
[2023-10-30T23:33:06.170+0000][3164.829s][info ][safepoint     ] Total time for which application threads were stopped: 0.0011723 seconds, Stopping threads took: 0.0004874 seconds
[2023-10-30T23:33:07.170+0000][3165.830s][debug][safepoint     ] Safepoint synchronization initiated. (188 threads)
[2023-10-30T23:33:07.171+0000][3165.830s][info ][safepoint     ] Application time: 1.0005322 seconds
[2023-10-30T23:33:07.171+0000][3165.831s][info ][safepoint     ] Entering safepoint region: Cleanup
[2023-10-30T23:33:07.171+0000][3165.831s][info ][safepoint     ] Leaving safepoint region
[2023-10-30T23:33:07.172+0000][3165.832s][info ][safepoint     ] Total time for which application threads were stopped: 0.0008471 seconds, Stopping threads took: 0.0003489 seconds
[2023-10-30T23:33:08.172+0000][3166.832s][debug][safepoint     ] Safepoint synchronization initiated. (188 threads)
[2023-10-30T23:33:08.173+0000][3166.833s][info ][safepoint     ] Application time: 1.0011255 seconds
[2023-10-30T23:33:08.174+0000][3166.834s][info ][safepoint     ] Entering safepoint region: Cleanup
[2023-10-30T23:33:08.175+0000][3166.835s][info ][safepoint     ] Leaving safepoint region
[2023-10-30T23:33:08.176+0000][3166.836s][info ][safepoint     ] Total time for which application threads were stopped: 0.0019836 seconds, Stopping threads took: 0.0008569 seconds
[2023-10-30T23:33:09.177+0000][3167.837s][debug][safepoint     ] Safepoint synchronization initiated. (188 threads)
[2023-10-30T23:33:09.177+0000][3167.837s][info ][safepoint     ] Application time: 1.0004762 seconds
[2023-10-30T23:33:09.178+0000][3167.837s][info ][safepoint     ] Entering safepoint region: Cleanup
[2023-10-30T23:33:09.178+0000][3167.838s][info ][safepoint     ] Leaving safepoint region
[2023-10-30T23:33:09.178+0000][3167.838s][info ][safepoint     ] Total time for which application threads were stopped: 0.0007751 seconds, Stopping threads took: 0.0003238 seconds
[2023-10-30T23:33:10.179+0000][3168.839s][debug][safepoint     ] Safepoint synchronization initiated. (188 threads)
[2023-10-30T23:33:10.179+0000][3168.839s][info ][safepoint     ] Application time: 1.0009313 seconds
[2023-10-30T23:33:10.180+0000][3168.840s][info ][safepoint     ] Entering safepoint region: Cleanup
[2023-10-30T23:33:10.181+0000][3168.840s][info ][safepoint     ] Leaving safepoint region
[2023-10-30T23:33:10.181+0000][3168.841s][info ][safepoint     ] Total time for which application threads were stopped: 0.0010496 seconds, Stopping threads took: 0.0004661 seconds
[2023-10-30T23:33:11.182+0000][3169.842s][debug][safepoint     ] Safepoint synchronization initiated. (188 threads)
[2023-10-30T23:33:11.183+0000][3169.842s][info ][safepoint     ] Application time: 1.0012854 seconds
[2023-10-30T23:33:11.183+0000][3169.843s][info ][safepoint     ] Entering safepoint region: Cleanup
[2023-10-30T23:33:11.184+0000][3169.844s][info ][safepoint     ] Leaving safepoint region
[2023-10-30T23:33:11.185+0000][3169.845s][info ][safepoint     ] Total time for which application threads were stopped: 0.0017458 seconds, Stopping threads took: 0.0006581 seconds
[2023-10-30T23:33:12.186+0000][3170.846s][debug][safepoint     ] Safepoint synchronization initiated. (188 threads)
[2023-10-30T23:33:12.186+0000][3170.846s][info ][safepoint     ] Application time: 1.0005250 seconds
[2023-10-30T23:33:12.186+0000][3170.846s][info ][safepoint     ] Entering safepoint region: Cleanup
[2023-10-30T23:33:12.187+0000][3170.847s][info ][safepoint     ] Leaving safepoint region
[2023-10-30T23:33:12.187+0000][3170.847s][info ][safepoint     ] Total time for which application threads were stopped: 0.0009030 seconds, Stopping threads took: 0.0004510 seconds
[2023-10-30T23:33:13.188+0000][3171.848s][debug][safepoint     ] Safepoint synchronization initiated. (188 threads)
[2023-10-30T23:33:13.189+0000][3171.848s][info ][safepoint     ] Application time: 1.0008591 seconds
[2023-10-30T23:33:13.189+0000][3171.849s][info ][safepoint     ] Entering safepoint region: Cleanup
[2023-10-30T23:33:13.190+0000][3171.850s][info ][safepoint     ] Leaving safepoint region
[2023-10-30T23:33:13.190+0000][3171.850s][info ][safepoint     ] Total time for which application threads were stopped: 0.0012097 seconds, Stopping threads took: 0.0005807 seconds
[2023-10-30T23:33:14.191+0000][3172.851s][debug][safepoint     ] Safepoint synchronization initiated. (188 threads)
[2023-10-30T23:33:14.192+0000][3172.851s][info ][safepoint     ] Application time: 1.0007688 seconds
[2023-10-30T23:33:14.192+0000][3172.852s][info ][safepoint     ] Entering safepoint region: Cleanup
[2023-10-30T23:33:14.193+0000][3172.852s][info ][safepoint     ] Leaving safepoint region
[2023-10-30T23:33:14.193+0000][3172.853s][info ][safepoint     ] Total time for which application threads were stopped: 0.0010654 seconds, Stopping threads took: 0.0005554 seconds
[2023-10-30T23:33:15.193+0000][3173.853s][debug][safepoint     ] Safepoint synchronization initiated. (188 threads)
[2023-10-30T23:33:15.194+0000][3173.854s][info ][safepoint     ] Application time: 1.0009067 seconds
[2023-10-30T23:33:15.195+0000][3173.855s][info ][safepoint     ] Entering safepoint region: Cleanup
[2023-10-30T23:33:15.195+0000][3173.855s][info ][safepoint     ] Leaving safepoint region
[2023-10-30T23:33:15.196+0000][3173.856s][info ][safepoint     ] Total time for which application threads were stopped: 0.0012432 seconds, Stopping threads took: 0.0005252 seconds
[2023-10-30T23:33:16.197+0000][3174.856s][debug][safepoint     ] Safepoint synchronization initiated. (188 threads)
[2023-10-30T23:33:16.197+0000][3174.857s][info ][safepoint     ] Application time: 1.0008239 seconds
[2023-10-30T23:33:16.198+0000][3174.858s][info ][safepoint     ] Entering safepoint region: Cleanup
[2023-10-30T23:33:16.198+0000][3174.858s][info ][safepoint     ] Leaving safepoint region
[2023-10-30T23:33:16.199+0000][3174.858s][info ][safepoint     ] Total time for which application threads were stopped: 0.0009877 seconds, Stopping threads took: 0.0004514 seconds
[2023-10-30T23:33:17.199+0000][3175.859s][debug][safepoint     ] Safepoint synchronization initiated. (188 threads)
[2023-10-30T23:33:17.200+0000][3175.859s][info ][safepoint     ] Application time: 1.0006181 seconds
[2023-10-30T23:33:17.200+0000][3175.860s][info ][safepoint     ] Entering safepoint region: Cleanup
[2023-10-30T23:33:17.201+0000][3175.860s][info ][safepoint     ] Leaving safepoint region
[2023-10-30T23:33:17.201+0000][3175.861s][info ][safepoint     ] Total time for which application threads were stopped: 0.0010932 seconds, Stopping threads took: 0.0004536 seconds
[2023-10-30T23:33:18.202+0000][3176.861s][debug][safepoint     ] Safepoint synchronization initiated. (188 threads)
[2023-10-30T23:33:18.202+0000][3176.862s][info ][safepoint     ] Application time: 1.0006835 seconds
[2023-10-30T23:33:18.203+0000][3176.863s][info ][safepoint     ] Entering safepoint region: Cleanup
[2023-10-30T23:33:18.204+0000][3176.864s][info ][safepoint     ] Leaving safepoint region
[2023-10-30T23:33:18.205+0000][3176.865s][info ][safepoint     ] Total time for which application threads were stopped: 0.0018761 seconds, Stopping threads took: 0.0013433 seconds
[2023-10-30T23:33:18.204+0000][3176.864s][debug][safepoint     ] ... found polling page return exception at pc = 0x00007f93492e2b44, stub =0x00007f9340840600
[2023-10-30T23:33:18.204+0000][3176.864s][debug][safepoint     ] ... found polling page return exception at pc = 0x00007f93492e2b44, stub =0x00007f9340840600
[2023-10-30T23:33:18.204+0000][3176.864s][debug][safepoint     ] ... found polling page return exception at pc = 0x00007f93492e2b44, stub =0x00007f9340840600
[2023-10-30T23:33:19.205+0000][3177.865s][debug][safepoint     ] Safepoint synchronization initiated. (188 threads)
[2023-10-30T23:33:19.206+0000][3177.866s][info ][safepoint     ] Application time: 1.0006346 seconds
[2023-10-30T23:33:19.206+0000][3177.866s][info ][safepoint     ] Entering safepoint region: Cleanup
[2023-10-30T23:33:19.207+0000][3177.867s][info ][safepoint     ] Leaving safepoint region
[2023-10-30T23:33:19.207+0000][3177.867s][info ][safepoint     ] Total time for which application threads were stopped: 0.0010226 seconds, Stopping threads took: 0.0004495 seconds
[2023-10-30T23:33:20.208+0000][3178.867s][debug][safepoint     ] Safepoint synchronization initiated. (188 threads)
[2023-10-30T23:33:20.208+0000][3178.868s][info ][safepoint     ] Application time: 1.0008186 seconds
[2023-10-30T23:33:20.209+0000][3178.869s][info ][safepoint     ] Entering safepoint region: Cleanup
[2023-10-30T23:33:20.210+0000][3178.869s][info ][safepoint     ] Leaving safepoint region
[2023-10-30T23:33:20.210+0000][3178.870s][info ][safepoint     ] Total time for which application threads were stopped: 0.0010648 seconds, Stopping threads took: 0.0005200 seconds
[2023-10-30T23:33:21.210+0000][3179.870s][debug][safepoint     ] Safepoint synchronization initiated. (188 threads)
[2023-10-30T23:33:21.211+0000][3179.871s][info ][safepoint     ] Application time: 1.0006408 seconds
[2023-10-30T23:33:21.211+0000][3179.871s][info ][safepoint     ] Entering safepoint region: Cleanup
[2023-10-30T23:33:21.212+0000][3179.872s][info ][safepoint     ] Leaving safepoint region
[2023-10-30T23:33:21.212+0000][3179.872s][info ][safepoint     ] Total time for which application threads were stopped: 0.0008589 seconds, Stopping threads took: 0.0003225 seconds
[2023-10-30T23:33:22.213+0000][3180.872s][debug][safepoint     ] Safepoint synchronization initiated. (188 threads)
[2023-10-30T23:33:22.213+0000][3180.873s][info ][safepoint     ] Application time: 1.0007536 seconds
[2023-10-30T23:33:22.214+0000][3180.873s][info ][safepoint     ] Entering safepoint region: Cleanup
[2023-10-30T23:33:22.214+0000][3180.874s][info ][safepoint     ] Leaving safepoint region
[2023-10-30T23:33:22.215+0000][3180.874s][info ][safepoint     ] Total time for which application threads were stopped: 0.0010284 seconds, Stopping threads took: 0.0004230 seconds
[2023-10-30T23:33:23.215+0000][3181.875s][debug][safepoint     ] Safepoint synchronization initiated. (188 threads)
[2023-10-30T23:33:23.216+0000][3181.876s][info ][safepoint     ] Application time: 1.0010131 seconds
[2023-10-30T23:33:23.217+0000][3181.876s][info ][safepoint     ] Entering safepoint region: Cleanup
[2023-10-30T23:33:23.217+0000][3181.877s][info ][safepoint     ] Leaving safepoint region
[2023-10-30T23:33:23.218+0000][3181.878s][info ][safepoint     ] Total time for which application threads were stopped: 0.0013099 seconds, Stopping threads took: 0.0004706 seconds
[2023-10-30T23:33:24.218+0000][3182.878s][debug][safepoint     ] Safepoint synchronization initiated. (188 threads)
[2023-10-30T23:33:24.219+0000][3182.880s][info ][safepoint     ] Application time: 1.0013598 seconds
[2023-10-30T23:33:24.220+0000][3182.881s][info ][safepoint     ] Entering safepoint region: Cleanup
[2023-10-30T23:33:24.221+0000][3182.882s][info ][safepoint     ] Leaving safepoint region
[2023-10-30T23:33:24.222+0000][3182.883s][info ][safepoint     ] Total time for which application threads were stopped: 0.0020204 seconds, Stopping threads took: 0.0008788 seconds
[2023-10-30T23:33:25.223+0000][3183.884s][debug][safepoint     ] Safepoint synchronization initiated. (188 threads)
[2023-10-30T23:33:25.224+0000][3183.884s][info ][safepoint     ] Application time: 1.0008388 seconds
[2023-10-30T23:33:25.225+0000][3183.885s][info ][safepoint     ] Entering safepoint region: Cleanup
[2023-10-30T23:33:25.225+0000][3183.886s][info ][safepoint     ] Leaving safepoint region
[2023-10-30T23:33:25.226+0000][3183.886s][info ][safepoint     ] Total time for which application threads were stopped: 0.0011491 seconds, Stopping threads took: 0.0005515 seconds
[2023-10-30T23:33:26.226+0000][3184.887s][debug][safepoint     ] Safepoint synchronization initiated. (188 threads)
[2023-10-30T23:33:26.227+0000][3184.887s][info ][safepoint     ] Application time: 1.0005068 seconds
[2023-10-30T23:33:26.227+0000][3184.887s][info ][safepoint     ] Entering safepoint region: Cleanup
[2023-10-30T23:33:26.227+0000][3184.888s][info ][safepoint     ] Leaving safepoint region
[2023-10-30T23:33:26.228+0000][3184.888s][info ][safepoint     ] Total time for which application threads were stopped: 0.0009193 seconds, Stopping threads took: 0.0003237 seconds
[2023-10-30T23:33:27.228+0000][3185.889s][debug][safepoint     ] Safepoint synchronization initiated. (188 threads)
[2023-10-30T23:33:27.229+0000][3185.889s][info ][safepoint     ] Application time: 1.0005732 seconds
[2023-10-30T23:33:27.229+0000][3185.889s][info ][safepoint     ] Entering safepoint region: Cleanup
[2023-10-30T23:33:27.230+0000][3185.890s][info ][safepoint     ] Leaving safepoint region
[2023-10-30T23:33:27.230+0000][3185.890s][info ][safepoint     ] Total time for which application threads were stopped: 0.0008798 seconds, Stopping threads took: 0.0003836 seconds
[2023-10-30T23:33:28.230+0000][3186.891s][debug][safepoint     ] Safepoint synchronization initiated. (188 threads)
[2023-10-30T23:33:28.231+0000][3186.891s][info ][safepoint     ] Application time: 1.0005573 seconds
[2023-10-30T23:33:28.231+0000][3186.892s][info ][safepoint     ] Entering safepoint region: Cleanup
[2023-10-30T23:33:28.232+0000][3186.892s][info ][safepoint     ] Leaving safepoint region
[2023-10-30T23:33:28.232+0000][3186.892s][info ][safepoint     ] Total time for which application threads were stopped: 0.0008399 seconds, Stopping threads took: 0.0003576 seconds
[2023-10-30T23:33:29.232+0000][3187.893s][debug][safepoint     ] Safepoint synchronization initiated. (188 threads)
[2023-10-30T23:33:29.233+0000][3187.893s][info ][safepoint     ] Application time: 1.0006331 seconds
[2023-10-30T23:33:29.233+0000][3187.894s][info ][safepoint     ] Entering safepoint region: Cleanup
[2023-10-30T23:33:29.234+0000][3187.894s][info ][safepoint     ] Leaving safepoint region
[2023-10-30T23:33:29.234+0000][3187.895s][info ][safepoint     ] Total time for which application threads were stopped: 0.0008839 seconds, Stopping threads took: 0.0003721 seconds
[2023-10-30T23:33:30.235+0000][3188.895s][debug][safepoint     ] Safepoint synchronization initiated. (188 threads)
[2023-10-30T23:33:30.235+0000][3188.896s][info ][safepoint     ] Application time: 1.0007737 seconds
[2023-10-30T23:33:30.236+0000][3188.896s][info ][safepoint     ] Entering safepoint region: Cleanup
[2023-10-30T23:33:30.237+0000][3188.897s][info ][safepoint     ] Leaving safepoint region
[2023-10-30T23:33:30.237+0000][3188.898s][info ][safepoint     ] Total time for which application threads were stopped: 0.0014718 seconds, Stopping threads took: 0.0007277 seconds
[2023-10-30T23:33:31.238+0000][3189.898s][debug][safepoint     ] Safepoint synchronization initiated. (188 threads)
[2023-10-30T23:33:31.239+0000][3189.899s][info ][safepoint     ] Application time: 1.0008650 seconds
[2023-10-30T23:33:31.240+0000][3189.900s][info ][safepoint     ] Entering safepoint region: Cleanup
[2023-10-30T23:33:31.240+0000][3189.901s][info ][safepoint     ] Leaving safepoint region
[2023-10-30T23:33:31.241+0000][3189.901s][info ][safepoint     ] Total time for which application threads were stopped: 0.0013369 seconds, Stopping threads took: 0.0006597 seconds
[2023-10-30T23:33:32.242+0000][3190.902s][debug][safepoint     ] Safepoint synchronization initiated. (188 threads)
[2023-10-30T23:33:32.242+0000][3190.903s][info ][safepoint     ] Application time: 1.0009210 seconds
[2023-10-30T23:33:32.243+0000][3190.903s][info ][safepoint     ] Entering safepoint region: Cleanup
[2023-10-30T23:33:32.244+0000][3190.904s][info ][safepoint     ] Leaving safepoint region
[2023-10-30T23:33:32.244+0000][3190.905s][info ][safepoint     ] Total time for which application threads were stopped: 0.0014001 seconds, Stopping threads took: 0.0006394 seconds
[2023-10-30T23:33:33.245+0000][3191.905s][debug][safepoint     ] Safepoint synchronization initiated. (188 threads)
[2023-10-30T23:33:33.245+0000][3191.906s][info ][safepoint     ] Application time: 1.0006403 seconds
[2023-10-30T23:33:33.246+0000][3191.906s][info ][safepoint     ] Entering safepoint region: Cleanup
[2023-10-30T23:33:33.247+0000][3191.907s][info ][safepoint     ] Leaving safepoint region
[2023-10-30T23:33:33.247+0000][3191.907s][info ][safepoint     ] Total time for which application threads were stopped: 0.0010714 seconds, Stopping threads took: 0.0004793 seconds
[2023-10-30T23:33:34.247+0000][3192.908s][debug][safepoint     ] Safepoint synchronization initiated. (188 threads)
[2023-10-30T23:33:34.248+0000][3192.908s][info ][safepoint     ] Application time: 1.0006524 seconds
[2023-10-30T23:33:34.248+0000][3192.909s][info ][safepoint     ] Entering safepoint region: Cleanup
[2023-10-30T23:33:34.249+0000][3192.909s][info ][safepoint     ] Leaving safepoint region
[2023-10-30T23:33:34.249+0000][3192.910s][info ][safepoint     ] Total time for which application threads were stopped: 0.0010141 seconds, Stopping threads took: 0.0004399 seconds
[2023-10-30T23:33:35.250+0000][3193.910s][debug][safepoint     ] Safepoint synchronization initiated. (188 threads)
[2023-10-30T23:33:35.250+0000][3193.911s][info ][safepoint     ] Application time: 1.0005608 seconds
[2023-10-30T23:33:35.251+0000][3193.911s][info ][safepoint     ] Entering safepoint region: Cleanup
[2023-10-30T23:33:35.251+0000][3193.912s][info ][safepoint     ] Leaving safepoint region
[2023-10-30T23:33:35.252+0000][3193.912s][info ][safepoint     ] Total time for which application threads were stopped: 0.0008623 seconds, Stopping threads took: 0.0003441 seconds
[2023-10-30T23:33:36.252+0000][3194.912s][debug][safepoint     ] Safepoint synchronization initiated. (188 threads)
[2023-10-30T23:33:36.253+0000][3194.913s][info ][safepoint     ] Application time: 1.0006350 seconds
[2023-10-30T23:33:36.253+0000][3194.913s][info ][safepoint     ] Entering safepoint region: Cleanup
[2023-10-30T23:33:36.254+0000][3194.914s][info ][safepoint     ] Leaving safepoint region
[2023-10-30T23:33:36.254+0000][3194.914s][info ][safepoint     ] Total time for which application threads were stopped: 0.0009339 seconds, Stopping threads took: 0.0004151 seconds
[2023-10-30T23:33:37.254+0000][3195.915s][debug][safepoint     ] Safepoint synchronization initiated. (188 threads)
[2023-10-30T23:33:37.255+0000][3195.915s][info ][safepoint     ] Application time: 1.0006586 seconds
[2023-10-30T23:33:37.255+0000][3195.916s][info ][safepoint     ] Entering safepoint region: Cleanup
[2023-10-30T23:33:37.256+0000][3195.916s][info ][safepoint     ] Leaving safepoint region
[2023-10-30T23:33:37.256+0000][3195.917s][info ][safepoint     ] Total time for which application threads were stopped: 0.0010052 seconds, Stopping threads took: 0.0004470 seconds
[2023-10-30T23:33:38.257+0000][3196.917s][debug][safepoint     ] Safepoint synchronization initiated. (188 threads)
[2023-10-30T23:33:38.257+0000][3196.918s][info ][safepoint     ] Application time: 1.0008312 seconds
[2023-10-30T23:33:38.258+0000][3196.918s][info ][safepoint     ] Entering safepoint region: Cleanup
[2023-10-30T23:33:38.259+0000][3196.919s][info ][safepoint     ] Leaving safepoint region
[2023-10-30T23:33:38.259+0000][3196.919s][info ][safepoint     ] Total time for which application threads were stopped: 0.0012495 seconds, Stopping threads took: 0.0005424 seconds
[2023-10-30T23:33:39.260+0000][3197.920s][debug][safepoint     ] Safepoint synchronization initiated. (188 threads)
[2023-10-30T23:33:39.261+0000][3197.921s][info ][safepoint     ] Application time: 1.0011462 seconds
[2023-10-30T23:33:39.261+0000][3197.922s][info ][safepoint     ] Entering safepoint region: Cleanup
[2023-10-30T23:33:39.262+0000][3197.922s][info ][safepoint     ] Leaving safepoint region
[2023-10-30T23:33:39.263+0000][3197.923s][info ][safepoint     ] Total time for which application threads were stopped: 0.0013807 seconds, Stopping threads took: 0.0007192 seconds
[2023-10-30T23:33:40.263+0000][3198.924s][debug][safepoint     ] Safepoint synchronization initiated. (188 threads)
[2023-10-30T23:33:40.264+0000][3198.924s][info ][safepoint     ] Application time: 1.0010195 seconds
[2023-10-30T23:33:40.265+0000][3198.925s][info ][safepoint     ] Entering safepoint region: Cleanup
[2023-10-30T23:33:40.265+0000][3198.926s][info ][safepoint     ] Leaving safepoint region
[2023-10-30T23:33:40.266+0000][3198.926s][info ][safepoint     ] Total time for which application threads were stopped: 0.0011107 seconds, Stopping threads took: 0.0005656 seconds
[2023-10-30T23:33:41.267+0000][3199.927s][debug][safepoint     ] Safepoint synchronization initiated. (188 threads)
[2023-10-30T23:33:41.267+0000][3199.928s][info ][safepoint     ] Application time: 1.0008640 seconds
[2023-10-30T23:33:41.268+0000][3199.928s][info ][safepoint     ] Entering safepoint region: Cleanup
[2023-10-30T23:33:41.268+0000][3199.929s][info ][safepoint     ] Leaving safepoint region
[2023-10-30T23:33:41.269+0000][3199.929s][info ][safepoint     ] Total time for which application threads were stopped: 0.0011405 seconds, Stopping threads took: 0.0004520 seconds
[2023-10-30T23:33:42.270+0000][3200.930s][debug][safepoint     ] Safepoint synchronization initiated. (188 threads)
[2023-10-30T23:33:42.270+0000][3200.931s][info ][safepoint     ] Application time: 1.0010753 seconds
[2023-10-30T23:33:42.271+0000][3200.931s][info ][safepoint     ] Entering safepoint region: Cleanup
[2023-10-30T23:33:42.272+0000][3200.932s][info ][safepoint     ] Leaving safepoint region
[2023-10-30T23:33:42.272+0000][3200.933s][info ][safepoint     ] Total time for which application threads were stopped: 0.0013312 seconds, Stopping threads took: 0.0006677 seconds
[2023-10-30T23:33:43.273+0000][3201.933s][debug][safepoint     ] Safepoint synchronization initiated. (188 threads)
[2023-10-30T23:33:43.274+0000][3201.934s][info ][safepoint     ] Application time: 1.0008345 seconds
[2023-10-30T23:33:43.274+0000][3201.935s][info ][safepoint     ] Entering safepoint region: Cleanup
[2023-10-30T23:33:43.275+0000][3201.935s][info ][safepoint     ] Leaving safepoint region
[2023-10-30T23:33:43.275+0000][3201.936s][info ][safepoint     ] Total time for which application threads were stopped: 0.0012183 seconds, Stopping threads took: 0.0004491 seconds
[2023-10-30T23:33:44.276+0000][3202.937s][debug][safepoint     ] Safepoint synchronization initiated. (188 threads)
[2023-10-30T23:33:44.277+0000][3202.937s][info ][safepoint     ] Application time: 1.0009939 seconds
[2023-10-30T23:33:44.278+0000][3202.938s][info ][safepoint     ] Entering safepoint region: Cleanup
[2023-10-30T23:33:44.279+0000][3202.939s][info ][safepoint     ] Leaving safepoint region
[2023-10-30T23:33:44.280+0000][3202.940s][info ][safepoint     ] Total time for which application threads were stopped: 0.0019400 seconds, Stopping threads took: 0.0005725 seconds
[2023-10-30T23:33:45.280+0000][3203.941s][debug][safepoint     ] Safepoint synchronization initiated. (188 threads)
[2023-10-30T23:33:45.281+0000][3203.941s][info ][safepoint     ] Application time: 1.0008385 seconds
[2023-10-30T23:33:45.281+0000][3203.942s][info ][safepoint     ] Entering safepoint region: Cleanup
[2023-10-30T23:33:45.282+0000][3203.942s][info ][safepoint     ] Leaving safepoint region
[2023-10-30T23:33:45.282+0000][3203.943s][info ][safepoint     ] Total time for which application threads were stopped: 0.0009157 seconds, Stopping threads took: 0.0003593 seconds
[2023-10-30T23:33:46.283+0000][3204.943s][debug][safepoint     ] Safepoint synchronization initiated. (188 threads)
[2023-10-30T23:33:46.283+0000][3204.944s][info ][safepoint     ] Application time: 1.0006888 seconds
[2023-10-30T23:33:46.284+0000][3204.944s][info ][safepoint     ] Entering safepoint region: Cleanup
[2023-10-30T23:33:46.284+0000][3204.945s][info ][safepoint     ] Leaving safepoint region
[2023-10-30T23:33:46.285+0000][3204.945s][info ][safepoint     ] Total time for which application threads were stopped: 0.0011267 seconds, Stopping threads took: 0.0004294 seconds
[2023-10-30T23:33:47.285+0000][3205.946s][debug][safepoint     ] Safepoint synchronization initiated. (188 threads)
[2023-10-30T23:33:47.286+0000][3205.946s][info ][safepoint     ] Application time: 1.0007368 seconds
[2023-10-30T23:33:47.287+0000][3205.947s][info ][safepoint     ] Entering safepoint region: Cleanup
[2023-10-30T23:33:47.288+0000][3205.949s][info ][safepoint     ] Leaving safepoint region
[2023-10-30T23:33:47.289+0000][3205.949s][info ][safepoint     ] Total time for which application threads were stopped: 0.0022187 seconds, Stopping threads took: 0.0014972 seconds
[2023-10-30T23:33:48.289+0000][3206.950s][debug][safepoint     ] Safepoint synchronization initiated. (188 threads)
[2023-10-30T23:33:48.290+0000][3206.950s][info ][safepoint     ] Application time: 1.0004992 seconds
[2023-10-30T23:33:48.290+0000][3206.951s][info ][safepoint     ] Entering safepoint region: Cleanup
[2023-10-30T23:33:48.291+0000][3206.951s][info ][safepoint     ] Leaving safepoint region
[2023-10-30T23:33:48.291+0000][3206.951s][info ][safepoint     ] Total time for which application threads were stopped: 0.0009769 seconds, Stopping threads took: 0.0003577 seconds
[2023-10-30T23:33:49.292+0000][3207.952s][debug][safepoint     ] Safepoint synchronization initiated. (188 threads)
[2023-10-30T23:33:49.292+0000][3207.953s][info ][safepoint     ] Application time: 1.0008754 seconds
[2023-10-30T23:33:49.293+0000][3207.953s][info ][safepoint     ] Entering safepoint region: Cleanup
[2023-10-30T23:33:49.294+0000][3207.954s][info ][safepoint     ] Leaving safepoint region
[2023-10-30T23:33:49.294+0000][3207.955s][info ][safepoint     ] Total time for which application threads were stopped: 0.0012988 seconds, Stopping threads took: 0.0006315 seconds
[2023-10-30T23:33:50.295+0000][3208.955s][debug][safepoint     ] Safepoint synchronization initiated. (188 threads)
[2023-10-30T23:33:50.295+0000][3208.956s][info ][safepoint     ] Application time: 1.0005077 seconds
[2023-10-30T23:33:50.296+0000][3208.956s][info ][safepoint     ] Entering safepoint region: Cleanup
[2023-10-30T23:33:50.296+0000][3208.956s][info ][safepoint     ] Leaving safepoint region
[2023-10-30T23:33:50.296+0000][3208.957s][info ][safepoint     ] Total time for which application threads were stopped: 0.0007963 seconds, Stopping threads took: 0.0003326 seconds
[2023-10-30T23:33:51.297+0000][3209.957s][debug][safepoint     ] Safepoint synchronization initiated. (188 threads)
[2023-10-30T23:33:51.297+0000][3209.957s][info ][safepoint     ] Application time: 1.0005544 seconds
[2023-10-30T23:33:51.297+0000][3209.958s][info ][safepoint     ] Entering safepoint region: Cleanup
[2023-10-30T23:33:51.298+0000][3209.958s][info ][safepoint     ] Leaving safepoint region
[2023-10-30T23:33:51.298+0000][3209.959s][info ][safepoint     ] Total time for which application threads were stopped: 0.0007848 seconds, Stopping threads took: 0.0003079 seconds
[2023-10-30T23:33:52.299+0000][3210.959s][debug][safepoint     ] Safepoint synchronization initiated. (188 threads)
[2023-10-30T23:33:52.299+0000][3210.960s][info ][safepoint     ] Application time: 1.0009094 seconds
[2023-10-30T23:33:52.300+0000][3210.960s][info ][safepoint     ] Entering safepoint region: Cleanup
[2023-10-30T23:33:52.301+0000][3210.961s][info ][safepoint     ] Leaving safepoint region
[2023-10-30T23:33:52.301+0000][3210.962s][info ][safepoint     ] Total time for which application threads were stopped: 0.0012973 seconds, Stopping threads took: 0.0005498 seconds
[2023-10-30T23:33:53.302+0000][3211.962s][debug][safepoint     ] Safepoint synchronization initiated. (188 threads)
[2023-10-30T23:33:53.303+0000][3211.963s][info ][safepoint     ] Application time: 1.0007564 seconds
[2023-10-30T23:33:53.303+0000][3211.963s][info ][safepoint     ] Entering safepoint region: Cleanup
[2023-10-30T23:33:53.304+0000][3211.964s][info ][safepoint     ] Leaving safepoint region
[2023-10-30T23:33:53.304+0000][3211.964s][info ][safepoint     ] Total time for which application threads were stopped: 0.0010930 seconds, Stopping threads took: 0.0004847 seconds
[2023-10-30T23:33:54.304+0000][3212.965s][debug][safepoint     ] Safepoint synchronization initiated. (188 threads)
[2023-10-30T23:33:54.305+0000][3212.966s][info ][safepoint     ] Application time: 1.0009645 seconds
[2023-10-30T23:33:54.305+0000][3212.966s][info ][safepoint     ] Entering safepoint region: Cleanup
[2023-10-30T23:33:54.306+0000][3212.967s][info ][safepoint     ] Leaving safepoint region
[2023-10-30T23:33:54.307+0000][3212.967s][info ][safepoint     ] Total time for which application threads were stopped: 0.0012660 seconds, Stopping threads took: 0.0006202 seconds
[2023-10-30T23:33:54.306+0000][3212.967s][debug][safepoint     ] ... found polling page return exception at pc = 0x00007f93492e2b44, stub =0x00007f9340840600
[2023-10-30T23:33:54.306+0000][3212.967s][debug][safepoint     ] ... found polling page return exception at pc = 0x00007f93492e2b44, stub =0x00007f9340840600
[2023-10-30T23:33:54.306+0000][3212.967s][debug][safepoint     ] ... found polling page return exception at pc = 0x00007f93492e2b44, stub =0x00007f9340840600
[2023-10-30T23:33:54.306+0000][3212.967s][debug][safepoint     ] ... found polling page return exception at pc = 0x00007f93492e2b44, stub =0x00007f9340840600
[2023-10-30T23:33:54.306+0000][3212.967s][debug][safepoint     ] ... found polling page return exception at pc = 0x00007f93492e2b44, stub =0x00007f9340840600
[2023-10-30T23:33:54.306+0000][3212.967s][debug][safepoint     ] ... found polling page return exception at pc = 0x00007f93492e2b44, stub =0x00007f9340840600
[2023-10-30T23:33:54.306+0000][3212.967s][debug][safepoint     ] ... found polling page return exception at pc = 0x00007f93492e2b44, stub =0x00007f9340840600
[2023-10-30T23:33:55.307+0000][3213.968s][debug][safepoint     ] Safepoint synchronization initiated. (188 threads)
[2023-10-30T23:33:55.308+0000][3213.969s][info ][safepoint     ] Application time: 1.0012461 seconds
[2023-10-30T23:33:55.309+0000][3213.970s][info ][safepoint     ] Entering safepoint region: Cleanup
[2023-10-30T23:33:55.311+0000][3213.971s][info ][safepoint     ] Leaving safepoint region
[2023-10-30T23:33:55.313+0000][3213.973s][info ][safepoint     ] Total time for which application threads were stopped: 0.0033664 seconds, Stopping threads took: 0.0008523 seconds
[2023-10-30T23:33:56.314+0000][3214.974s][debug][safepoint     ] Safepoint synchronization initiated. (188 threads)
[2023-10-30T23:33:56.315+0000][3214.975s][info ][safepoint     ] Application time: 1.0011793 seconds
[2023-10-30T23:33:56.316+0000][3214.976s][info ][safepoint     ] Entering safepoint region: Cleanup
[2023-10-30T23:33:56.317+0000][3214.978s][info ][safepoint     ] Leaving safepoint region
[2023-10-30T23:33:56.318+0000][3214.978s][info ][safepoint     ] Total time for which application threads were stopped: 0.0020684 seconds, Stopping threads took: 0.0009184 seconds
[2023-10-30T23:33:57.319+0000][3215.979s][debug][safepoint     ] Safepoint synchronization initiated. (188 threads)
[2023-10-30T23:33:57.319+0000][3215.980s][info ][safepoint     ] Application time: 1.0005893 seconds
[2023-10-30T23:33:57.319+0000][3215.980s][info ][safepoint     ] Entering safepoint region: Cleanup
[2023-10-30T23:33:57.320+0000][3215.981s][info ][safepoint     ] Leaving safepoint region
[2023-10-30T23:33:57.320+0000][3215.981s][info ][safepoint     ] Total time for which application threads were stopped: 0.0008284 seconds, Stopping threads took: 0.0003825 seconds
[2023-10-30T23:33:58.321+0000][3216.981s][debug][safepoint     ] Safepoint synchronization initiated. (188 threads)
[2023-10-30T23:33:58.321+0000][3216.982s][info ][safepoint     ] Application time: 1.0007406 seconds
[2023-10-30T23:33:58.322+0000][3216.983s][info ][safepoint     ] Entering safepoint region: Cleanup
[2023-10-30T23:33:58.323+0000][3216.983s][info ][safepoint     ] Leaving safepoint region
[2023-10-30T23:33:58.323+0000][3216.984s][info ][safepoint     ] Total time for which application threads were stopped: 0.0013124 seconds, Stopping threads took: 0.0006589 seconds
[2023-10-30T23:33:59.323+0000][3217.984s][debug][safepoint     ] Safepoint synchronization initiated. (188 threads)
[2023-10-30T23:33:59.324+0000][3217.985s][info ][safepoint     ] Application time: 1.0006111 seconds
[2023-10-30T23:33:59.324+0000][3217.985s][info ][safepoint     ] Entering safepoint region: Cleanup
[2023-10-30T23:33:59.325+0000][3217.986s][info ][safepoint     ] Leaving safepoint region
[2023-10-30T23:33:59.325+0000][3217.986s][info ][safepoint     ] Total time for which application threads were stopped: 0.0009686 seconds, Stopping threads took: 0.0004013 seconds
[2023-10-30T23:34:00.326+0000][3218.987s][debug][safepoint     ] Safepoint synchronization initiated. (188 threads)
[2023-10-30T23:34:00.326+0000][3218.987s][info ][safepoint     ] Application time: 1.0008694 seconds
[2023-10-30T23:34:00.327+0000][3218.988s][info ][safepoint     ] Entering safepoint region: Cleanup
[2023-10-30T23:34:00.328+0000][3218.988s][info ][safepoint     ] Leaving safepoint region
[2023-10-30T23:34:00.328+0000][3218.989s][info ][safepoint     ] Total time for which application threads were stopped: 0.0011337 seconds, Stopping threads took: 0.0005217 seconds
[2023-10-30T23:34:01.329+0000][3219.989s][debug][safepoint     ] Safepoint synchronization initiated. (188 threads)
[2023-10-30T23:34:01.329+0000][3219.990s][info ][safepoint     ] Application time: 1.0008619 seconds
[2023-10-30T23:34:01.330+0000][3219.991s][info ][safepoint     ] Entering safepoint region: Cleanup
[2023-10-30T23:34:01.330+0000][3219.991s][info ][safepoint     ] Leaving safepoint region
[2023-10-30T23:34:01.331+0000][3219.992s][info ][safepoint     ] Total time for which application threads were stopped: 0.0009567 seconds, Stopping threads took: 0.0003514 seconds
[2023-10-30T23:34:02.331+0000][3220.992s][debug][safepoint     ] Safepoint synchronization initiated. (188 threads)
[2023-10-30T23:34:02.332+0000][3220.992s][info ][safepoint     ] Application time: 1.0005554 seconds
[2023-10-30T23:34:02.332+0000][3220.993s][info ][safepoint     ] Entering safepoint region: Cleanup
[2023-10-30T23:34:02.333+0000][3220.993s][info ][safepoint     ] Leaving safepoint region
[2023-10-30T23:34:02.333+0000][3220.994s][info ][safepoint     ] Total time for which application threads were stopped: 0.0007830 seconds, Stopping threads took: 0.0003259 seconds
[2023-10-30T23:34:03.333+0000][3221.994s][debug][safepoint     ] Safepoint synchronization initiated. (188 threads)
[2023-10-30T23:34:03.353+0000][3222.013s][info ][safepoint     ] Application time: 1.0193236 seconds
[2023-10-30T23:34:03.367+0000][3222.028s][info ][safepoint     ] Entering safepoint region: Cleanup
[2023-10-30T23:34:03.376+0000][3222.037s][info ][safepoint     ] Leaving safepoint region
[2023-10-30T23:34:03.386+0000][3222.047s][info ][safepoint     ] Total time for which application threads were stopped: 0.0192947 seconds, Stopping threads took: 0.0093186 seconds
[2023-10-30T23:34:04.398+0000][3223.059s][debug][safepoint     ] Safepoint synchronization initiated. (188 threads)
[2023-10-30T23:34:04.399+0000][3223.060s][info ][safepoint     ] Application time: 1.0009156 seconds
[2023-10-30T23:34:04.400+0000][3223.060s][info ][safepoint     ] Entering safepoint region: Cleanup
[2023-10-30T23:34:04.400+0000][3223.061s][info ][safepoint     ] Leaving safepoint region
[2023-10-30T23:34:04.401+0000][3223.061s][info ][safepoint     ] Total time for which application threads were stopped: 0.0013053 seconds, Stopping threads took: 0.0005766 seconds
[2023-10-30T23:34:05.401+0000][3224.062s][debug][safepoint     ] Safepoint synchronization initiated. (188 threads)
[2023-10-30T23:34:05.402+0000][3224.063s][info ][safepoint     ] Application time: 1.0009359 seconds
[2023-10-30T23:34:05.403+0000][3224.064s][info ][safepoint     ] Entering safepoint region: Cleanup
[2023-10-30T23:34:05.404+0000][3224.064s][info ][safepoint     ] Leaving safepoint region
[2023-10-30T23:34:05.404+0000][3224.065s][info ][safepoint     ] Total time for which application threads were stopped: 0.0014744 seconds, Stopping threads took: 0.0006374 seconds
[2023-10-30T23:34:06.405+0000][3225.066s][debug][safepoint     ] Safepoint synchronization initiated. (188 threads)
[2023-10-30T23:34:06.406+0000][3225.067s][info ][safepoint     ] Application time: 1.0009509 seconds
[2023-10-30T23:34:06.407+0000][3225.067s][info ][safepoint     ] Entering safepoint region: Cleanup
[2023-10-30T23:34:06.407+0000][3225.068s][info ][safepoint     ] Leaving safepoint region
[2023-10-30T23:34:06.408+0000][3225.068s][info ][safepoint     ] Total time for which application threads were stopped: 0.0012312 seconds, Stopping threads took: 0.0005784 seconds
[2023-10-30T23:34:07.408+0000][3226.069s][debug][safepoint     ] Safepoint synchronization initiated. (188 threads)
[2023-10-30T23:34:07.409+0000][3226.069s][info ][safepoint     ] Application time: 1.0006527 seconds
[2023-10-30T23:34:07.409+0000][3226.070s][info ][safepoint     ] Entering safepoint region: Cleanup
[2023-10-30T23:34:07.410+0000][3226.070s][info ][safepoint     ] Leaving safepoint region
[2023-10-30T23:34:07.410+0000][3226.071s][info ][safepoint     ] Total time for which application threads were stopped: 0.0009938 seconds, Stopping threads took: 0.0004356 seconds
[2023-10-30T23:34:08.411+0000][3227.071s][debug][safepoint     ] Safepoint synchronization initiated. (188 threads)
[2023-10-30T23:34:08.411+0000][3227.072s][info ][safepoint     ] Application time: 1.0005531 seconds
[2023-10-30T23:34:08.411+0000][3227.072s][info ][safepoint     ] Entering safepoint region: Cleanup
[2023-10-30T23:34:08.412+0000][3227.072s][info ][safepoint     ] Leaving safepoint region
[2023-10-30T23:34:08.412+0000][3227.073s][info ][safepoint     ] Total time for which application threads were stopped: 0.0007705 seconds, Stopping threads took: 0.0003380 seconds
[2023-10-30T23:34:09.413+0000][3228.073s][debug][safepoint     ] Safepoint synchronization initiated. (188 threads)
[2023-10-30T23:34:09.413+0000][3228.074s][info ][safepoint     ] Application time: 1.0008156 seconds
[2023-10-30T23:34:09.414+0000][3228.074s][info ][safepoint     ] Entering safepoint region: Cleanup
[2023-10-30T23:34:09.414+0000][3228.075s][info ][safepoint     ] Leaving safepoint region
[2023-10-30T23:34:09.415+0000][3228.075s][info ][safepoint     ] Total time for which application threads were stopped: 0.0011654 seconds, Stopping threads took: 0.0005142 seconds
[2023-10-30T23:34:10.415+0000][3229.076s][debug][safepoint     ] Safepoint synchronization initiated. (188 threads)
[2023-10-30T23:34:10.416+0000][3229.077s][info ][safepoint     ] Application time: 1.0008423 seconds
[2023-10-30T23:34:10.417+0000][3229.077s][info ][safepoint     ] Entering safepoint region: Cleanup
[2023-10-30T23:34:10.417+0000][3229.078s][info ][safepoint     ] Leaving safepoint region
[2023-10-30T23:34:10.418+0000][3229.079s][info ][safepoint     ] Total time for which application threads were stopped: 0.0017893 seconds, Stopping threads took: 0.0007199 seconds
[2023-10-30T23:34:11.421+0000][3230.082s][debug][safepoint     ] Safepoint synchronization initiated. (188 threads)
[2023-10-30T23:34:11.422+0000][3230.082s][info ][safepoint     ] Application time: 1.0007475 seconds
[2023-10-30T23:34:11.423+0000][3230.083s][info ][safepoint     ] Entering safepoint region: Cleanup
[2023-10-30T23:34:11.423+0000][3230.084s][info ][safepoint     ] Leaving safepoint region
[2023-10-30T23:34:11.424+0000][3230.085s][info ][safepoint     ] Total time for which application threads were stopped: 0.0017447 seconds, Stopping threads took: 0.0006095 seconds
[2023-10-30T23:34:12.425+0000][3231.086s][debug][safepoint     ] Safepoint synchronization initiated. (188 threads)
[2023-10-30T23:34:12.435+0000][3231.096s][info ][safepoint     ] Application time: 1.0096788 seconds
[2023-10-30T23:34:12.439+0000][3231.100s][info ][safepoint     ] Entering safepoint region: Cleanup
[2023-10-30T23:34:12.448+0000][3231.108s][info ][safepoint     ] Leaving safepoint region
[2023-10-30T23:34:12.450+0000][3231.111s][info ][safepoint     ] Total time for which application threads were stopped: 0.0109937 seconds, Stopping threads took: 0.0085961 seconds
[2023-10-30T23:34:13.453+0000][3232.114s][debug][safepoint     ] Safepoint synchronization initiated. (188 threads)
[2023-10-30T23:34:13.454+0000][3232.115s][info ][safepoint     ] Application time: 1.0007707 seconds
[2023-10-30T23:34:13.454+0000][3232.115s][info ][safepoint     ] Entering safepoint region: Cleanup
[2023-10-30T23:34:13.455+0000][3232.115s][info ][safepoint     ] Leaving safepoint region
[2023-10-30T23:34:13.455+0000][3232.116s][info ][safepoint     ] Total time for which application threads were stopped: 0.0008457 seconds, Stopping threads took: 0.0003451 seconds
[2023-10-30T23:34:14.456+0000][3233.116s][debug][safepoint     ] Safepoint synchronization initiated. (188 threads)
[2023-10-30T23:34:14.457+0000][3233.117s][info ][safepoint     ] Application time: 1.0011741 seconds
[2023-10-30T23:34:14.457+0000][3233.118s][info ][safepoint     ] Entering safepoint region: Cleanup
[2023-10-30T23:34:14.458+0000][3233.119s][info ][safepoint     ] Leaving safepoint region
[2023-10-30T23:34:14.459+0000][3233.120s][info ][safepoint     ] Total time for which application threads were stopped: 0.0017165 seconds, Stopping threads took: 0.0008000 seconds
[2023-10-30T23:34:15.460+0000][3234.121s][debug][safepoint     ] Safepoint synchronization initiated. (188 threads)
[2023-10-30T23:34:15.461+0000][3234.122s][info ][safepoint     ] Application time: 1.0015734 seconds
[2023-10-30T23:34:15.463+0000][3234.123s][info ][safepoint     ] Entering safepoint region: Cleanup
[2023-10-30T23:34:15.464+0000][3234.124s][info ][safepoint     ] Leaving safepoint region
[2023-10-30T23:34:15.465+0000][3234.125s][info ][safepoint     ] Total time for which application threads were stopped: 0.0019751 seconds, Stopping threads took: 0.0008299 seconds
[2023-10-30T23:34:16.465+0000][3235.126s][debug][safepoint     ] Safepoint synchronization initiated. (188 threads)
[2023-10-30T23:34:16.466+0000][3235.127s][info ][safepoint     ] Application time: 1.0007637 seconds
[2023-10-30T23:34:16.466+0000][3235.127s][info ][safepoint     ] Entering safepoint region: Cleanup
[2023-10-30T23:34:16.467+0000][3235.128s][info ][safepoint     ] Leaving safepoint region
[2023-10-30T23:34:16.468+0000][3235.128s][info ][safepoint     ] Total time for which application threads were stopped: 0.0011177 seconds, Stopping threads took: 0.0005460 seconds
[2023-10-30T23:34:17.468+0000][3236.129s][debug][safepoint     ] Safepoint synchronization initiated. (188 threads)
[2023-10-30T23:34:17.469+0000][3236.130s][info ][safepoint     ] Application time: 1.0010449 seconds
[2023-10-30T23:34:17.470+0000][3236.131s][info ][safepoint     ] Entering safepoint region: Cleanup
[2023-10-30T23:34:17.472+0000][3236.132s][info ][safepoint     ] Leaving safepoint region
[2023-10-30T23:34:17.473+0000][3236.134s][info ][safepoint     ] Total time for which application threads were stopped: 0.0030708 seconds, Stopping threads took: 0.0008189 seconds
[2023-10-30T23:34:18.474+0000][3237.135s][debug][safepoint     ] Safepoint synchronization initiated. (188 threads)
[2023-10-30T23:34:18.475+0000][3237.135s][info ][safepoint     ] Application time: 1.0006816 seconds
[2023-10-30T23:34:18.475+0000][3237.136s][info ][safepoint     ] Entering safepoint region: Cleanup
[2023-10-30T23:34:18.475+0000][3237.136s][info ][safepoint     ] Leaving safepoint region
[2023-10-30T23:34:18.476+0000][3237.136s][info ][safepoint     ] Total time for which application threads were stopped: 0.0008397 seconds, Stopping threads took: 0.0003633 seconds
[2023-10-30T23:34:19.477+0000][3238.137s][debug][safepoint     ] Safepoint synchronization initiated. (188 threads)
[2023-10-30T23:34:19.478+0000][3238.138s][info ][safepoint     ] Application time: 1.0015851 seconds
[2023-10-30T23:34:19.478+0000][3238.139s][info ][safepoint     ] Entering safepoint region: Cleanup
[2023-10-30T23:34:19.479+0000][3238.139s][info ][safepoint     ] Leaving safepoint region
[2023-10-30T23:34:19.479+0000][3238.140s][info ][safepoint     ] Total time for which application threads were stopped: 0.0011764 seconds, Stopping threads took: 0.0004862 seconds
[2023-10-30T23:34:20.480+0000][3239.141s][debug][safepoint     ] Safepoint synchronization initiated. (188 threads)
[2023-10-30T23:34:20.481+0000][3239.142s][info ][safepoint     ] Application time: 1.0015222 seconds
[2023-10-30T23:34:20.482+0000][3239.142s][info ][safepoint     ] Entering safepoint region: Cleanup
[2023-10-30T23:34:20.483+0000][3239.143s][info ][safepoint     ] Leaving safepoint region
[2023-10-30T23:34:20.483+0000][3239.144s][info ][safepoint     ] Total time for which application threads were stopped: 0.0014190 seconds, Stopping threads took: 0.0005529 seconds
[2023-10-30T23:34:21.484+0000][3240.144s][debug][safepoint     ] Safepoint synchronization initiated. (187 threads)
[2023-10-30T23:34:21.489+0000][3240.149s][info ][safepoint     ] Application time: 1.0049893 seconds
[2023-10-30T23:34:21.492+0000][3240.152s][info ][safepoint     ] Entering safepoint region: Cleanup
[2023-10-30T23:34:21.500+0000][3240.160s][info ][safepoint     ] Leaving safepoint region
[2023-10-30T23:34:21.504+0000][3240.164s][info ][safepoint     ] Total time for which application threads were stopped: 0.0120078 seconds, Stopping threads took: 0.0067015 seconds
[2023-10-30T23:34:22.509+0000][3241.170s][debug][safepoint     ] Safepoint synchronization initiated. (187 threads)
[2023-10-30T23:34:22.510+0000][3241.170s][info ][safepoint     ] Application time: 1.0008233 seconds
[2023-10-30T23:34:22.510+0000][3241.171s][info ][safepoint     ] Entering safepoint region: Cleanup
[2023-10-30T23:34:22.511+0000][3241.171s][info ][safepoint     ] Leaving safepoint region
[2023-10-30T23:34:22.511+0000][3241.172s][info ][safepoint     ] Total time for which application threads were stopped: 0.0011455 seconds, Stopping threads took: 0.0004196 seconds
[2023-10-30T23:34:23.512+0000][3242.173s][debug][safepoint     ] Safepoint synchronization initiated. (187 threads)
[2023-10-30T23:34:23.513+0000][3242.173s][info ][safepoint     ] Application time: 1.0008696 seconds
[2023-10-30T23:34:23.513+0000][3242.174s][info ][safepoint     ] Entering safepoint region: Cleanup
[2023-10-30T23:34:23.514+0000][3242.175s][info ][safepoint     ] Leaving safepoint region
[2023-10-30T23:34:23.515+0000][3242.175s][info ][safepoint     ] Total time for which application threads were stopped: 0.0014305 seconds, Stopping threads took: 0.0006651 seconds
[2023-10-30T23:34:24.515+0000][3243.176s][debug][safepoint     ] Safepoint synchronization initiated. (188 threads)
[2023-10-30T23:34:24.516+0000][3243.177s][info ][safepoint     ] Application time: 1.0008657 seconds
[2023-10-30T23:34:24.516+0000][3243.177s][info ][safepoint     ] Entering safepoint region: Cleanup
[2023-10-30T23:34:24.517+0000][3243.178s][info ][safepoint     ] Leaving safepoint region
[2023-10-30T23:34:24.518+0000][3243.179s][info ][safepoint     ] Total time for which application threads were stopped: 0.0015450 seconds, Stopping threads took: 0.0006103 seconds
[2023-10-30T23:34:25.519+0000][3244.180s][debug][safepoint     ] Safepoint synchronization initiated. (188 threads)
[2023-10-30T23:34:25.520+0000][3244.180s][info ][safepoint     ] Application time: 1.0012608 seconds
[2023-10-30T23:34:25.521+0000][3244.181s][info ][safepoint     ] Entering safepoint region: Cleanup
[2023-10-30T23:34:25.522+0000][3244.182s][info ][safepoint     ] Leaving safepoint region
[2023-10-30T23:34:25.522+0000][3244.183s][info ][safepoint     ] Total time for which application threads were stopped: 0.0016639 seconds, Stopping threads took: 0.0007766 seconds
[2023-10-30T23:34:26.523+0000][3245.184s][debug][safepoint     ] Safepoint synchronization initiated. (188 threads)
[2023-10-30T23:34:26.524+0000][3245.185s][info ][safepoint     ] Application time: 1.0012951 seconds
[2023-10-30T23:34:26.525+0000][3245.186s][info ][safepoint     ] Entering safepoint region: Cleanup
[2023-10-30T23:34:26.526+0000][3245.187s][info ][safepoint     ] Leaving safepoint region
[2023-10-30T23:34:26.526+0000][3245.187s][info ][safepoint     ] Total time for which application threads were stopped: 0.0015251 seconds, Stopping threads took: 0.0007840 seconds
[2023-10-30T23:34:27.528+0000][3246.189s][debug][safepoint     ] Safepoint synchronization initiated. (188 threads)
[2023-10-30T23:34:27.529+0000][3246.189s][info ][safepoint     ] Application time: 1.0018762 seconds
[2023-10-30T23:34:27.529+0000][3246.190s][info ][safepoint     ] Entering safepoint region: Cleanup
[2023-10-30T23:34:27.530+0000][3246.191s][info ][safepoint     ] Leaving safepoint region
[2023-10-30T23:34:27.530+0000][3246.191s][info ][safepoint     ] Total time for which application threads were stopped: 0.0012629 seconds, Stopping threads took: 0.0005324 seconds
[2023-10-30T23:34:28.531+0000][3247.192s][debug][safepoint     ] Safepoint synchronization initiated. (188 threads)
[2023-10-30T23:34:28.541+0000][3247.202s][info ][safepoint     ] Application time: 1.0100697 seconds
[2023-10-30T23:34:28.550+0000][3247.211s][info ][safepoint     ] Entering safepoint region: Cleanup
[2023-10-30T23:34:28.554+0000][3247.215s][info ][safepoint     ] Leaving safepoint region
[2023-10-30T23:34:28.560+0000][3247.221s][info ][safepoint     ] Total time for which application threads were stopped: 0.0104446 seconds, Stopping threads took: 0.0043614 seconds
[2023-10-30T23:34:29.566+0000][3248.227s][debug][safepoint     ] Safepoint synchronization initiated. (188 threads)
[2023-10-30T23:34:29.567+0000][3248.228s][info ][safepoint     ] Application time: 1.0018281 seconds
[2023-10-30T23:34:29.567+0000][3248.228s][info ][safepoint     ] Entering safepoint region: Cleanup
[2023-10-30T23:34:29.568+0000][3248.229s][info ][safepoint     ] Leaving safepoint region
[2023-10-30T23:34:29.569+0000][3248.229s][info ][safepoint     ] Total time for which application threads were stopped: 0.0011863 seconds, Stopping threads took: 0.0004071 seconds
[2023-10-30T23:34:30.569+0000][3249.230s][debug][safepoint     ] Safepoint synchronization initiated. (188 threads)
[2023-10-30T23:34:30.570+0000][3249.231s][info ][safepoint     ] Application time: 1.0011937 seconds
[2023-10-30T23:34:30.571+0000][3249.232s][info ][safepoint     ] Entering safepoint region: Cleanup
[2023-10-30T23:34:30.572+0000][3249.233s][info ][safepoint     ] Leaving safepoint region
[2023-10-30T23:34:30.573+0000][3249.234s][info ][safepoint     ] Total time for which application threads were stopped: 0.0020773 seconds, Stopping threads took: 0.0008341 seconds
[2023-10-30T23:34:31.574+0000][3250.235s][debug][safepoint     ] Safepoint synchronization initiated. (188 threads)
[2023-10-30T23:34:31.575+0000][3250.235s][info ][safepoint     ] Application time: 1.0008238 seconds
[2023-10-30T23:34:31.575+0000][3250.236s][info ][safepoint     ] Entering safepoint region: Cleanup
[2023-10-30T23:34:31.576+0000][3250.237s][info ][safepoint     ] Leaving safepoint region
[2023-10-30T23:34:31.576+0000][3250.237s][info ][safepoint     ] Total time for which application threads were stopped: 0.0011915 seconds, Stopping threads took: 0.0004775 seconds
[2023-10-30T23:34:32.577+0000][3251.238s][debug][safepoint     ] Safepoint synchronization initiated. (188 threads)
[2023-10-30T23:34:32.578+0000][3251.239s][info ][safepoint     ] Application time: 1.0014217 seconds
[2023-10-30T23:34:32.580+0000][3251.240s][info ][safepoint     ] Entering safepoint region: Cleanup
[2023-10-30T23:34:32.581+0000][3251.242s][info ][safepoint     ] Leaving safepoint region
[2023-10-30T23:34:32.582+0000][3251.243s][info ][safepoint     ] Total time for which application threads were stopped: 0.0023165 seconds, Stopping threads took: 0.0010634 seconds
[2023-10-30T23:34:33.583+0000][3252.244s][debug][safepoint     ] Safepoint synchronization initiated. (188 threads)
[2023-10-30T23:34:33.583+0000][3252.244s][info ][safepoint     ] Application time: 1.0011222 seconds
[2023-10-30T23:34:33.584+0000][3252.245s][info ][safepoint     ] Entering safepoint region: Cleanup
[2023-10-30T23:34:33.585+0000][3252.246s][info ][safepoint     ] Leaving safepoint region
[2023-10-30T23:34:33.585+0000][3252.246s][info ][safepoint     ] Total time for which application threads were stopped: 0.0011713 seconds, Stopping threads took: 0.0006206 seconds
[2023-10-30T23:34:34.586+0000][3253.246s][debug][safepoint     ] Safepoint synchronization initiated. (188 threads)
[2023-10-30T23:34:34.586+0000][3253.247s][info ][safepoint     ] Application time: 1.0008794 seconds
[2023-10-30T23:34:34.587+0000][3253.248s][info ][safepoint     ] Entering safepoint region: Cleanup
[2023-10-30T23:34:34.588+0000][3253.249s][info ][safepoint     ] Leaving safepoint region
[2023-10-30T23:34:34.588+0000][3253.249s][info ][safepoint     ] Total time for which application threads were stopped: 0.0013633 seconds, Stopping threads took: 0.0006373 seconds
